[7.786s] Invoking command in '/home/zhang/rosprc_ws/build/examples_rclpy_minimal_publisher': PYTHONPATH=/home/zhang/rosprc_ws/build/examples_rclpy_minimal_publisher/prefix_override:/usr/lib/python3/dist-packages/colcon_core/task/python/colcon_distutils_commands:/home/zhang/rosprc_ws/install/examples_rclpy_minimal_publisher/lib/python3.12/site-packages:${PYTHONPATH} /usr/bin/python3 -W ignore:setup.py install is deprecated -W ignore:easy_install command is deprecated setup.py develop --editable --build-directory /home/zhang/rosprc_ws/build/examples_rclpy_minimal_publisher/build --no-deps symlink_data
[13.787s] running develop
[13.787s] running egg_info
[13.787s] creating examples_rclpy_minimal_publisher.egg-info
[13.788s] writing examples_rclpy_minimal_publisher.egg-info/PKG-INFO
[13.788s] writing dependency_links to examples_rclpy_minimal_publisher.egg-info/dependency_links.txt
[13.789s] writing entry points to examples_rclpy_minimal_publisher.egg-info/entry_points.txt
[13.790s] writing requirements to examples_rclpy_minimal_publisher.egg-info/requires.txt
[13.791s] writing top-level names to examples_rclpy_minimal_publisher.egg-info/top_level.txt
[13.795s] writing manifest file 'examples_rclpy_minimal_publisher.egg-info/SOURCES.txt'
[13.799s] reading manifest file 'examples_rclpy_minimal_publisher.egg-info/SOURCES.txt'
[13.800s] writing manifest file 'examples_rclpy_minimal_publisher.egg-info/SOURCES.txt'
[13.801s] running build_ext
[13.801s] Creating /home/zhang/rosprc_ws/install/examples_rclpy_minimal_publisher/lib/python3.12/site-packages/examples-rclpy-minimal-publisher.egg-link (link to .)
[13.802s] Installing publisher_local_function script to /home/zhang/rosprc_ws/install/examples_rclpy_minimal_publisher/lib/examples_rclpy_minimal_publisher
[13.803s] Installing publisher_member_function script to /home/zhang/rosprc_ws/install/examples_rclpy_minimal_publisher/lib/examples_rclpy_minimal_publisher
[13.804s] Installing publisher_member_function_with_wait_for_all_acked script to /home/zhang/rosprc_ws/install/examples_rclpy_minimal_publisher/lib/examples_rclpy_minimal_publisher
[13.805s] Installing publisher_old_school script to /home/zhang/rosprc_ws/install/examples_rclpy_minimal_publisher/lib/examples_rclpy_minimal_publisher
[13.805s] 
[13.806s] Installed /home/zhang/rosprc_ws/build/examples_rclpy_minimal_publisher
[13.806s] running symlink_data
[13.806s] creating /home/zhang/rosprc_ws/install/examples_rclpy_minimal_publisher/share/ament_index
[13.807s] creating /home/zhang/rosprc_ws/install/examples_rclpy_minimal_publisher/share/ament_index/resource_index
[13.807s] creating /home/zhang/rosprc_ws/install/examples_rclpy_minimal_publisher/share/ament_index/resource_index/packages
[13.808s] symbolically linking /home/zhang/rosprc_ws/build/examples_rclpy_minimal_publisher/resource/examples_rclpy_minimal_publisher -> /home/zhang/rosprc_ws/install/examples_rclpy_minimal_publisher/share/ament_index/resource_index/packages
[13.809s] symbolically linking /home/zhang/rosprc_ws/build/examples_rclpy_minimal_publisher/package.xml -> /home/zhang/rosprc_ws/install/examples_rclpy_minimal_publisher/share/examples_rclpy_minimal_publisher
[14.020s] Invoked command in '/home/zhang/rosprc_ws/build/examples_rclpy_minimal_publisher' returned '0': PYTHONPATH=/home/zhang/rosprc_ws/build/examples_rclpy_minimal_publisher/prefix_override:/usr/lib/python3/dist-packages/colcon_core/task/python/colcon_distutils_commands:/home/zhang/rosprc_ws/install/examples_rclpy_minimal_publisher/lib/python3.12/site-packages:${PYTHONPATH} /usr/bin/python3 -W ignore:setup.py install is deprecated -W ignore:easy_install command is deprecated setup.py develop --editable --build-directory /home/zhang/rosprc_ws/build/examples_rclpy_minimal_publisher/build --no-deps symlink_data
