[0.121s] Invoking command in '/home/zhang/rosprc_ws/build/examples_rclcpp_minimal_publisher': CMAKE_PREFIX_PATH=${CMAKE_PREFIX_PATH}:/opt/ros/jazzy /usr/bin/cmake --build /home/zhang/rosprc_ws/build/examples_rclcpp_minimal_publisher -- -j20 -l20
[1.673s] [ 16%] Built target publisher_not_composable
[1.673s] [ 33%] Built target publisher_lambda
[1.673s] [ 75%] Built target publisher_member_function
[1.674s] [ 83%] Built target publisher_member_function_with_type_adapter
[1.674s] [ 83%] Built target publisher_wait_for_all_acked
[1.675s] [100%] Built target publisher_member_function_with_unique_network_flow_endpoints
[1.728s] Invoked command in '/home/zhang/rosprc_ws/build/examples_rclcpp_minimal_publisher' returned '0': CMAKE_PREFIX_PATH=${CMAKE_PREFIX_PATH}:/opt/ros/jazzy /usr/bin/cmake --build /home/zhang/rosprc_ws/build/examples_rclcpp_minimal_publisher -- -j20 -l20
[1.732s] Invoking command in '/home/zhang/rosprc_ws/build/examples_rclcpp_minimal_publisher': CMAKE_PREFIX_PATH=${CMAKE_PREFIX_PATH}:/opt/ros/jazzy /usr/bin/cmake --install /home/zhang/rosprc_ws/build/examples_rclcpp_minimal_publisher
[1.919s] -- Install configuration: ""
[1.919s] -- Execute custom install script
[1.919s] -- Up-to-date symlink: /home/zhang/rosprc_ws/install/examples_rclcpp_minimal_publisher/lib/examples_rclcpp_minimal_publisher/publisher_lambda
[1.920s] -- Up-to-date symlink: /home/zhang/rosprc_ws/install/examples_rclcpp_minimal_publisher/lib/examples_rclcpp_minimal_publisher/publisher_member_function
[1.922s] -- Up-to-date symlink: /home/zhang/rosprc_ws/install/examples_rclcpp_minimal_publisher/lib/examples_rclcpp_minimal_publisher/publisher_member_function_with_type_adapter
[1.922s] -- Up-to-date symlink: /home/zhang/rosprc_ws/install/examples_rclcpp_minimal_publisher/lib/examples_rclcpp_minimal_publisher/publisher_member_function_with_unique_network_flow_endpoints
[1.923s] -- Up-to-date symlink: /home/zhang/rosprc_ws/install/examples_rclcpp_minimal_publisher/lib/examples_rclcpp_minimal_publisher/publisher_wait_for_all_acked
[1.923s] -- Up-to-date symlink: /home/zhang/rosprc_ws/install/examples_rclcpp_minimal_publisher/lib/examples_rclcpp_minimal_publisher/publisher_not_composable
[1.923s] -- Up-to-date symlink: /home/zhang/rosprc_ws/install/examples_rclcpp_minimal_publisher/share/ament_index/resource_index/package_run_dependencies/examples_rclcpp_minimal_publisher
[1.923s] -- Up-to-date symlink: /home/zhang/rosprc_ws/install/examples_rclcpp_minimal_publisher/share/ament_index/resource_index/parent_prefix_path/examples_rclcpp_minimal_publisher
[1.923s] -- Up-to-date symlink: /home/zhang/rosprc_ws/install/examples_rclcpp_minimal_publisher/share/examples_rclcpp_minimal_publisher/environment/ament_prefix_path.sh
[1.924s] -- Up-to-date symlink: /home/zhang/rosprc_ws/install/examples_rclcpp_minimal_publisher/share/examples_rclcpp_minimal_publisher/environment/ament_prefix_path.dsv
[1.925s] -- Up-to-date symlink: /home/zhang/rosprc_ws/install/examples_rclcpp_minimal_publisher/share/examples_rclcpp_minimal_publisher/environment/path.sh
[1.925s] -- Up-to-date symlink: /home/zhang/rosprc_ws/install/examples_rclcpp_minimal_publisher/share/examples_rclcpp_minimal_publisher/environment/path.dsv
[1.926s] -- Up-to-date symlink: /home/zhang/rosprc_ws/install/examples_rclcpp_minimal_publisher/share/examples_rclcpp_minimal_publisher/local_setup.bash
[1.927s] -- Up-to-date symlink: /home/zhang/rosprc_ws/install/examples_rclcpp_minimal_publisher/share/examples_rclcpp_minimal_publisher/local_setup.sh
[1.927s] -- Up-to-date symlink: /home/zhang/rosprc_ws/install/examples_rclcpp_minimal_publisher/share/examples_rclcpp_minimal_publisher/local_setup.zsh
[1.927s] -- Up-to-date symlink: /home/zhang/rosprc_ws/install/examples_rclcpp_minimal_publisher/share/examples_rclcpp_minimal_publisher/local_setup.dsv
[1.929s] -- Symlinking: /home/zhang/rosprc_ws/install/examples_rclcpp_minimal_publisher/share/examples_rclcpp_minimal_publisher/package.dsv
[1.960s] -- Up-to-date symlink: /home/zhang/rosprc_ws/install/examples_rclcpp_minimal_publisher/share/ament_index/resource_index/packages/examples_rclcpp_minimal_publisher
[1.960s] -- Up-to-date symlink: /home/zhang/rosprc_ws/install/examples_rclcpp_minimal_publisher/share/examples_rclcpp_minimal_publisher/cmake/examples_rclcpp_minimal_publisherConfig.cmake
[1.963s] -- Up-to-date symlink: /home/zhang/rosprc_ws/install/examples_rclcpp_minimal_publisher/share/examples_rclcpp_minimal_publisher/cmake/examples_rclcpp_minimal_publisherConfig-version.cmake
[1.963s] -- Up-to-date symlink: /home/zhang/rosprc_ws/install/examples_rclcpp_minimal_publisher/share/examples_rclcpp_minimal_publisher/package.xml
[2.165s] Invoked command in '/home/zhang/rosprc_ws/build/examples_rclcpp_minimal_publisher' returned '0': CMAKE_PREFIX_PATH=${CMAKE_PREFIX_PATH}:/opt/ros/jazzy /usr/bin/cmake --install /home/zhang/rosprc_ws/build/examples_rclcpp_minimal_publisher
