[3.402s] Invoking command in '/home/zhang/rosprc_ws/src/examples/rclpy/executors': PYTHONPATH=/home/zhang/rosprc_ws/build/examples_rclpy_executors/prefix_override:/usr/lib/python3/dist-packages/colcon_core/task/python/colcon_distutils_commands:/home/zhang/rosprc_ws/install/examples_rclpy_executors/lib/python3.12/site-packages:${PYTHONPATH} /usr/bin/python3 -W ignore:setup.py install is deprecated -W ignore:easy_install command is deprecated setup.py egg_info --egg-base ../../../../build/examples_rclpy_executors build --build-base /home/zhang/rosprc_ws/build/examples_rclpy_executors/build install --record /home/zhang/rosprc_ws/build/examples_rclpy_executors/install.log --install-scripts $base/lib/examples_rclpy_executors --single-version-externally-managed install_data
[3.777s] running egg_info
[3.809s] writing ../../../../build/examples_rclpy_executors/examples_rclpy_executors.egg-info/PKG-INFO
[3.815s] writing dependency_links to ../../../../build/examples_rclpy_executors/examples_rclpy_executors.egg-info/dependency_links.txt
[3.815s] writing entry points to ../../../../build/examples_rclpy_executors/examples_rclpy_executors.egg-info/entry_points.txt
[3.815s] writing requirements to ../../../../build/examples_rclpy_executors/examples_rclpy_executors.egg-info/requires.txt
[3.815s] writing top-level names to ../../../../build/examples_rclpy_executors/examples_rclpy_executors.egg-info/top_level.txt
[3.876s] reading manifest file '../../../../build/examples_rclpy_executors/examples_rclpy_executors.egg-info/SOURCES.txt'
[3.878s] writing manifest file '../../../../build/examples_rclpy_executors/examples_rclpy_executors.egg-info/SOURCES.txt'
[3.879s] running build
[3.879s] running build_py
[3.880s] running install
[3.890s] running install_lib
[3.927s] running install_data
[3.927s] running install_egg_info
[3.951s] removing '/home/zhang/rosprc_ws/install/examples_rclpy_executors/lib/python3.12/site-packages/examples_rclpy_executors-0.19.7-py3.12.egg-info' (and everything under it)
[3.951s] Copying ../../../../build/examples_rclpy_executors/examples_rclpy_executors.egg-info to /home/zhang/rosprc_ws/install/examples_rclpy_executors/lib/python3.12/site-packages/examples_rclpy_executors-0.19.7-py3.12.egg-info
[3.956s] running install_scripts
[4.196s] Installing callback_group script to /home/zhang/rosprc_ws/install/examples_rclpy_executors/lib/examples_rclpy_executors
[4.196s] Installing composed script to /home/zhang/rosprc_ws/install/examples_rclpy_executors/lib/examples_rclpy_executors
[4.197s] Installing custom_callback_group script to /home/zhang/rosprc_ws/install/examples_rclpy_executors/lib/examples_rclpy_executors
[4.197s] Installing custom_executor script to /home/zhang/rosprc_ws/install/examples_rclpy_executors/lib/examples_rclpy_executors
[4.200s] Installing listener script to /home/zhang/rosprc_ws/install/examples_rclpy_executors/lib/examples_rclpy_executors
[4.200s] Installing talker script to /home/zhang/rosprc_ws/install/examples_rclpy_executors/lib/examples_rclpy_executors
[4.200s] writing list of installed files to '/home/zhang/rosprc_ws/build/examples_rclpy_executors/install.log'
[4.584s] Invoked command in '/home/zhang/rosprc_ws/src/examples/rclpy/executors' returned '0': PYTHONPATH=/home/zhang/rosprc_ws/build/examples_rclpy_executors/prefix_override:/usr/lib/python3/dist-packages/colcon_core/task/python/colcon_distutils_commands:/home/zhang/rosprc_ws/install/examples_rclpy_executors/lib/python3.12/site-packages:${PYTHONPATH} /usr/bin/python3 -W ignore:setup.py install is deprecated -W ignore:easy_install command is deprecated setup.py egg_info --egg-base ../../../../build/examples_rclpy_executors build --build-base /home/zhang/rosprc_ws/build/examples_rclpy_executors/build install --record /home/zhang/rosprc_ws/build/examples_rclpy_executors/install.log --install-scripts $base/lib/examples_rclpy_executors --single-version-externally-managed install_data
