[3.774s] Invoking command in '/home/zhang/rosprc_ws/build/examples_rclpy_minimal_publisher': PYTHONPATH=/home/zhang/rosprc_ws/build/examples_rclpy_minimal_publisher/prefix_override:/usr/lib/python3/dist-packages/colcon_core/task/python/colcon_distutils_commands:/home/zhang/rosprc_ws/install/examples_rclpy_minimal_publisher/lib/python3.12/site-packages:${PYTHONPATH} /usr/bin/python3 -W ignore:setup.py install is deprecated -W ignore:easy_install command is deprecated setup.py develop --uninstall --editable --build-directory /home/zhang/rosprc_ws/build/examples_rclpy_minimal_publisher/build
[4.600s] running develop
[4.623s] Removing /home/zhang/rosprc_ws/install/examples_rclpy_minimal_publisher/lib/python3.12/site-packages/examples-rclpy-minimal-publisher.egg-link (link to .)
[4.755s] Invoked command in '/home/zhang/rosprc_ws/build/examples_rclpy_minimal_publisher' returned '0': PYTHONPATH=/home/zhang/rosprc_ws/build/examples_rclpy_minimal_publisher/prefix_override:/usr/lib/python3/dist-packages/colcon_core/task/python/colcon_distutils_commands:/home/zhang/rosprc_ws/install/examples_rclpy_minimal_publisher/lib/python3.12/site-packages:${PYTHONPATH} /usr/bin/python3 -W ignore:setup.py install is deprecated -W ignore:easy_install command is deprecated setup.py develop --uninstall --editable --build-directory /home/zhang/rosprc_ws/build/examples_rclpy_minimal_publisher/build
[4.758s] Invoking command in '/home/zhang/rosprc_ws/src/examples/rclpy/topics/minimal_publisher': PYTHONPATH=/home/zhang/rosprc_ws/build/examples_rclpy_minimal_publisher/prefix_override:/usr/lib/python3/dist-packages/colcon_core/task/python/colcon_distutils_commands:/home/zhang/rosprc_ws/install/examples_rclpy_minimal_publisher/lib/python3.12/site-packages:${PYTHONPATH} /usr/bin/python3 -W ignore:setup.py install is deprecated -W ignore:easy_install command is deprecated setup.py egg_info --egg-base ../../../../../build/examples_rclpy_minimal_publisher build --build-base /home/zhang/rosprc_ws/build/examples_rclpy_minimal_publisher/build install --record /home/zhang/rosprc_ws/build/examples_rclpy_minimal_publisher/install.log --install-scripts $base/lib/examples_rclpy_minimal_publisher --single-version-externally-managed install_data --force
[5.279s] running egg_info
[5.308s] writing ../../../../../build/examples_rclpy_minimal_publisher/examples_rclpy_minimal_publisher.egg-info/PKG-INFO
[5.308s] writing dependency_links to ../../../../../build/examples_rclpy_minimal_publisher/examples_rclpy_minimal_publisher.egg-info/dependency_links.txt
[5.309s] writing entry points to ../../../../../build/examples_rclpy_minimal_publisher/examples_rclpy_minimal_publisher.egg-info/entry_points.txt
[5.309s] writing requirements to ../../../../../build/examples_rclpy_minimal_publisher/examples_rclpy_minimal_publisher.egg-info/requires.txt
[5.310s] writing top-level names to ../../../../../build/examples_rclpy_minimal_publisher/examples_rclpy_minimal_publisher.egg-info/top_level.txt
[5.380s] reading manifest file '../../../../../build/examples_rclpy_minimal_publisher/examples_rclpy_minimal_publisher.egg-info/SOURCES.txt'
[5.382s] writing manifest file '../../../../../build/examples_rclpy_minimal_publisher/examples_rclpy_minimal_publisher.egg-info/SOURCES.txt'
[5.382s] running build
[5.383s] running build_py
[5.383s] creating /home/zhang/rosprc_ws/build/examples_rclpy_minimal_publisher/build
[5.383s] creating /home/zhang/rosprc_ws/build/examples_rclpy_minimal_publisher/build/lib
[5.383s] creating /home/zhang/rosprc_ws/build/examples_rclpy_minimal_publisher/build/lib/examples_rclpy_minimal_publisher
[5.383s] copying examples_rclpy_minimal_publisher/publisher_old_school.py -> /home/zhang/rosprc_ws/build/examples_rclpy_minimal_publisher/build/lib/examples_rclpy_minimal_publisher
[5.383s] copying examples_rclpy_minimal_publisher/publisher_member_function.py -> /home/zhang/rosprc_ws/build/examples_rclpy_minimal_publisher/build/lib/examples_rclpy_minimal_publisher
[5.384s] copying examples_rclpy_minimal_publisher/publisher_member_function_with_wait_for_all_acked.py -> /home/zhang/rosprc_ws/build/examples_rclpy_minimal_publisher/build/lib/examples_rclpy_minimal_publisher
[5.384s] copying examples_rclpy_minimal_publisher/publisher_local_function.py -> /home/zhang/rosprc_ws/build/examples_rclpy_minimal_publisher/build/lib/examples_rclpy_minimal_publisher
[5.384s] copying examples_rclpy_minimal_publisher/__init__.py -> /home/zhang/rosprc_ws/build/examples_rclpy_minimal_publisher/build/lib/examples_rclpy_minimal_publisher
[5.384s] running install
[5.390s] running install_lib
[5.418s] creating /home/zhang/rosprc_ws/install/examples_rclpy_minimal_publisher/lib/python3.12/site-packages/examples_rclpy_minimal_publisher
[5.419s] copying /home/zhang/rosprc_ws/build/examples_rclpy_minimal_publisher/build/lib/examples_rclpy_minimal_publisher/publisher_old_school.py -> /home/zhang/rosprc_ws/install/examples_rclpy_minimal_publisher/lib/python3.12/site-packages/examples_rclpy_minimal_publisher
[5.419s] copying /home/zhang/rosprc_ws/build/examples_rclpy_minimal_publisher/build/lib/examples_rclpy_minimal_publisher/publisher_member_function.py -> /home/zhang/rosprc_ws/install/examples_rclpy_minimal_publisher/lib/python3.12/site-packages/examples_rclpy_minimal_publisher
[5.419s] copying /home/zhang/rosprc_ws/build/examples_rclpy_minimal_publisher/build/lib/examples_rclpy_minimal_publisher/publisher_member_function_with_wait_for_all_acked.py -> /home/zhang/rosprc_ws/install/examples_rclpy_minimal_publisher/lib/python3.12/site-packages/examples_rclpy_minimal_publisher
[5.420s] copying /home/zhang/rosprc_ws/build/examples_rclpy_minimal_publisher/build/lib/examples_rclpy_minimal_publisher/publisher_local_function.py -> /home/zhang/rosprc_ws/install/examples_rclpy_minimal_publisher/lib/python3.12/site-packages/examples_rclpy_minimal_publisher
[5.420s] copying /home/zhang/rosprc_ws/build/examples_rclpy_minimal_publisher/build/lib/examples_rclpy_minimal_publisher/__init__.py -> /home/zhang/rosprc_ws/install/examples_rclpy_minimal_publisher/lib/python3.12/site-packages/examples_rclpy_minimal_publisher
[5.420s] byte-compiling /home/zhang/rosprc_ws/install/examples_rclpy_minimal_publisher/lib/python3.12/site-packages/examples_rclpy_minimal_publisher/publisher_old_school.py to publisher_old_school.cpython-312.pyc
[5.421s] byte-compiling /home/zhang/rosprc_ws/install/examples_rclpy_minimal_publisher/lib/python3.12/site-packages/examples_rclpy_minimal_publisher/publisher_member_function.py to publisher_member_function.cpython-312.pyc
[5.422s] byte-compiling /home/zhang/rosprc_ws/install/examples_rclpy_minimal_publisher/lib/python3.12/site-packages/examples_rclpy_minimal_publisher/publisher_member_function_with_wait_for_all_acked.py to publisher_member_function_with_wait_for_all_acked.cpython-312.pyc
[5.424s] byte-compiling /home/zhang/rosprc_ws/install/examples_rclpy_minimal_publisher/lib/python3.12/site-packages/examples_rclpy_minimal_publisher/publisher_local_function.py to publisher_local_function.cpython-312.pyc
[5.425s] byte-compiling /home/zhang/rosprc_ws/install/examples_rclpy_minimal_publisher/lib/python3.12/site-packages/examples_rclpy_minimal_publisher/__init__.py to __init__.cpython-312.pyc
[5.426s] running install_data
[5.426s] copying resource/examples_rclpy_minimal_publisher -> /home/zhang/rosprc_ws/install/examples_rclpy_minimal_publisher/share/ament_index/resource_index/packages
[5.427s] copying package.xml -> /home/zhang/rosprc_ws/install/examples_rclpy_minimal_publisher/share/examples_rclpy_minimal_publisher
[5.429s] running install_egg_info
[5.452s] Copying ../../../../../build/examples_rclpy_minimal_publisher/examples_rclpy_minimal_publisher.egg-info to /home/zhang/rosprc_ws/install/examples_rclpy_minimal_publisher/lib/python3.12/site-packages/examples_rclpy_minimal_publisher-0.19.7-py3.12.egg-info
[5.454s] running install_scripts
[5.630s] Installing publisher_local_function script to /home/zhang/rosprc_ws/install/examples_rclpy_minimal_publisher/lib/examples_rclpy_minimal_publisher
[5.630s] Installing publisher_member_function script to /home/zhang/rosprc_ws/install/examples_rclpy_minimal_publisher/lib/examples_rclpy_minimal_publisher
[5.631s] Installing publisher_member_function_with_wait_for_all_acked script to /home/zhang/rosprc_ws/install/examples_rclpy_minimal_publisher/lib/examples_rclpy_minimal_publisher
[5.631s] Installing publisher_old_school script to /home/zhang/rosprc_ws/install/examples_rclpy_minimal_publisher/lib/examples_rclpy_minimal_publisher
[5.631s] writing list of installed files to '/home/zhang/rosprc_ws/build/examples_rclpy_minimal_publisher/install.log'
[5.938s] Invoked command in '/home/zhang/rosprc_ws/src/examples/rclpy/topics/minimal_publisher' returned '0': PYTHONPATH=/home/zhang/rosprc_ws/build/examples_rclpy_minimal_publisher/prefix_override:/usr/lib/python3/dist-packages/colcon_core/task/python/colcon_distutils_commands:/home/zhang/rosprc_ws/install/examples_rclpy_minimal_publisher/lib/python3.12/site-packages:${PYTHONPATH} /usr/bin/python3 -W ignore:setup.py install is deprecated -W ignore:easy_install command is deprecated setup.py egg_info --egg-base ../../../../../build/examples_rclpy_minimal_publisher build --build-base /home/zhang/rosprc_ws/build/examples_rclpy_minimal_publisher/build install --record /home/zhang/rosprc_ws/build/examples_rclpy_minimal_publisher/install.log --install-scripts $base/lib/examples_rclpy_minimal_publisher --single-version-externally-managed install_data --force
