[3.087s] Invoking command in '/home/zhang/rosprc_ws/build/examples_rclpy_minimal_action_client': PYTHONPATH=/home/zhang/rosprc_ws/build/examples_rclpy_minimal_action_client/prefix_override:/usr/lib/python3/dist-packages/colcon_core/task/python/colcon_distutils_commands:/home/zhang/rosprc_ws/install/examples_rclpy_minimal_action_client/lib/python3.12/site-packages:${PYTHONPATH} /usr/bin/python3 -W ignore:setup.py install is deprecated -W ignore:easy_install command is deprecated setup.py develop --editable --build-directory /home/zhang/rosprc_ws/build/examples_rclpy_minimal_action_client/build --no-deps symlink_data
[3.746s] running develop
[3.987s] running egg_info
[4.011s] writing examples_rclpy_minimal_action_client.egg-info/PKG-INFO
[4.011s] writing dependency_links to examples_rclpy_minimal_action_client.egg-info/dependency_links.txt
[4.012s] writing entry points to examples_rclpy_minimal_action_client.egg-info/entry_points.txt
[4.012s] writing requirements to examples_rclpy_minimal_action_client.egg-info/requires.txt
[4.013s] writing top-level names to examples_rclpy_minimal_action_client.egg-info/top_level.txt
[4.061s] reading manifest file 'examples_rclpy_minimal_action_client.egg-info/SOURCES.txt'
[4.063s] writing manifest file 'examples_rclpy_minimal_action_client.egg-info/SOURCES.txt'
[4.095s] running build_ext
[4.095s] Creating /home/zhang/rosprc_ws/install/examples_rclpy_minimal_action_client/lib/python3.12/site-packages/examples-rclpy-minimal-action-client.egg-link (link to .)
[4.096s] Installing client script to /home/zhang/rosprc_ws/install/examples_rclpy_minimal_action_client/lib/examples_rclpy_minimal_action_client
[4.096s] Installing client_asyncio script to /home/zhang/rosprc_ws/install/examples_rclpy_minimal_action_client/lib/examples_rclpy_minimal_action_client
[4.097s] Installing client_cancel script to /home/zhang/rosprc_ws/install/examples_rclpy_minimal_action_client/lib/examples_rclpy_minimal_action_client
[4.097s] Installing client_not_composable script to /home/zhang/rosprc_ws/install/examples_rclpy_minimal_action_client/lib/examples_rclpy_minimal_action_client
[4.098s] 
[4.098s] Installed /home/zhang/rosprc_ws/build/examples_rclpy_minimal_action_client
[4.098s] running symlink_data
[4.185s] Invoked command in '/home/zhang/rosprc_ws/build/examples_rclpy_minimal_action_client' returned '0': PYTHONPATH=/home/zhang/rosprc_ws/build/examples_rclpy_minimal_action_client/prefix_override:/usr/lib/python3/dist-packages/colcon_core/task/python/colcon_distutils_commands:/home/zhang/rosprc_ws/install/examples_rclpy_minimal_action_client/lib/python3.12/site-packages:${PYTHONPATH} /usr/bin/python3 -W ignore:setup.py install is deprecated -W ignore:easy_install command is deprecated setup.py develop --editable --build-directory /home/zhang/rosprc_ws/build/examples_rclpy_minimal_action_client/build --no-deps symlink_data
