[2.183s] Invoking command in '/home/zhang/rosprc_ws/build/examples_rclpy_pointcloud_publisher': PYTHONPATH=/home/zhang/rosprc_ws/build/examples_rclpy_pointcloud_publisher/prefix_override:/usr/lib/python3/dist-packages/colcon_core/task/python/colcon_distutils_commands:/home/zhang/rosprc_ws/install/examples_rclpy_pointcloud_publisher/lib/python3.12/site-packages:${PYTHONPATH} /usr/bin/python3 -W ignore:setup.py install is deprecated -W ignore:easy_install command is deprecated setup.py develop --editable --build-directory /home/zhang/rosprc_ws/build/examples_rclpy_pointcloud_publisher/build --no-deps symlink_data
[2.590s] running develop
[2.804s] running egg_info
[2.804s] creating examples_rclpy_pointcloud_publisher.egg-info
[2.824s] writing examples_rclpy_pointcloud_publisher.egg-info/PKG-INFO
[2.824s] writing dependency_links to examples_rclpy_pointcloud_publisher.egg-info/dependency_links.txt
[2.825s] writing entry points to examples_rclpy_pointcloud_publisher.egg-info/entry_points.txt
[2.825s] writing requirements to examples_rclpy_pointcloud_publisher.egg-info/requires.txt
[2.826s] writing top-level names to examples_rclpy_pointcloud_publisher.egg-info/top_level.txt
[2.832s] writing manifest file 'examples_rclpy_pointcloud_publisher.egg-info/SOURCES.txt'
[2.877s] reading manifest file 'examples_rclpy_pointcloud_publisher.egg-info/SOURCES.txt'
[2.878s] writing manifest file 'examples_rclpy_pointcloud_publisher.egg-info/SOURCES.txt'
[2.905s] running build_ext
[2.905s] Creating /home/zhang/rosprc_ws/install/examples_rclpy_pointcloud_publisher/lib/python3.12/site-packages/examples-rclpy-pointcloud-publisher.egg-link (link to .)
[2.906s] Installing pointcloud_publisher script to /home/zhang/rosprc_ws/install/examples_rclpy_pointcloud_publisher/lib/examples_rclpy_pointcloud_publisher
[2.907s] 
[2.907s] Installed /home/zhang/rosprc_ws/build/examples_rclpy_pointcloud_publisher
[2.908s] running symlink_data
[2.908s] creating /home/zhang/rosprc_ws/install/examples_rclpy_pointcloud_publisher/share/ament_index
[2.908s] creating /home/zhang/rosprc_ws/install/examples_rclpy_pointcloud_publisher/share/ament_index/resource_index
[2.909s] creating /home/zhang/rosprc_ws/install/examples_rclpy_pointcloud_publisher/share/ament_index/resource_index/packages
[2.909s] symbolically linking /home/zhang/rosprc_ws/build/examples_rclpy_pointcloud_publisher/resource/examples_rclpy_pointcloud_publisher -> /home/zhang/rosprc_ws/install/examples_rclpy_pointcloud_publisher/share/ament_index/resource_index/packages
[2.910s] symbolically linking /home/zhang/rosprc_ws/build/examples_rclpy_pointcloud_publisher/package.xml -> /home/zhang/rosprc_ws/install/examples_rclpy_pointcloud_publisher/share/examples_rclpy_pointcloud_publisher
[2.974s] Invoked command in '/home/zhang/rosprc_ws/build/examples_rclpy_pointcloud_publisher' returned '0': PYTHONPATH=/home/zhang/rosprc_ws/build/examples_rclpy_pointcloud_publisher/prefix_override:/usr/lib/python3/dist-packages/colcon_core/task/python/colcon_distutils_commands:/home/zhang/rosprc_ws/install/examples_rclpy_pointcloud_publisher/lib/python3.12/site-packages:${PYTHONPATH} /usr/bin/python3 -W ignore:setup.py install is deprecated -W ignore:easy_install command is deprecated setup.py develop --editable --build-directory /home/zhang/rosprc_ws/build/examples_rclpy_pointcloud_publisher/build --no-deps symlink_data
