[0.155s] Invoking command in '/home/zhang/rosprc_ws/build/examples_rclcpp_wait_set': CMAKE_PREFIX_PATH=${CMAKE_PREFIX_PATH}:/opt/ros/jazzy /usr/bin/cmake /home/zhang/rosprc_ws/src/examples/rclcpp/wait_set -DCMAKE_INSTALL_PREFIX=/home/zhang/rosprc_ws/install/examples_rclcpp_wait_set
[2.347s] -- Found ament_cmake: 2.5.6 (/opt/ros/jazzy/share/ament_cmake/cmake)
[2.347s] -- Override CMake install command with custom implementation using symlinks instead of copying resources
[2.348s] -- Found example_interfaces: 0.12.1 (/opt/ros/jazzy/share/example_interfaces/cmake)
[3.202s] -- Found rosidl_generator_c: 4.6.9 (/opt/ros/jazzy/share/rosidl_generator_c/cmake)
[3.217s] -- Found rosidl_generator_cpp: 4.6.9 (/opt/ros/jazzy/share/rosidl_generator_cpp/cmake)
[3.238s] -- Using all available rosidl_typesupport_c: rosidl_typesupport_fastrtps_c;rosidl_typesupport_introspection_c
[3.260s] -- Using all available rosidl_typesupport_cpp: rosidl_typesupport_fastrtps_cpp;rosidl_typesupport_introspection_cpp
[3.452s] -- Found rclcpp: 28.1.21 (/opt/ros/jazzy/share/rclcpp/cmake)
[3.562s] -- Found rmw_implementation_cmake: 7.3.3 (/opt/ros/jazzy/share/rmw_implementation_cmake/cmake)
[3.564s] -- Found rmw_fastrtps_cpp: 8.4.4 (/opt/ros/jazzy/share/rmw_fastrtps_cpp/cmake)
[4.025s] -- Using RMW implementation 'rmw_fastrtps_cpp' as default
[4.513s] -- Found rclcpp_components: 28.1.21 (/opt/ros/jazzy/share/rclcpp_components/cmake)
[4.575s] -- Found std_msgs: 5.3.8 (/opt/ros/jazzy/share/std_msgs/cmake)
[4.626s] -- Found ament_lint_auto: 0.17.5 (/opt/ros/jazzy/share/ament_lint_auto/cmake)
[4.885s] -- Added test 'copyright' to check source files copyright and LICENSE
[4.895s] -- Added test 'cppcheck' to perform static code analysis on C / C++ code
[4.895s] -- Configured cppcheck include dirs: /home/zhang/rosprc_ws/src/examples/rclcpp/wait_set/include
[4.896s] -- Configured cppcheck exclude dirs and/or files: 
[4.897s] -- Added test 'cpplint' to check C / C++ code against the Google style
[4.897s] -- Configured cpplint exclude dirs and/or files: 
[4.897s] -- Added test 'lint_cmake' to check CMake code style
[4.897s] -- Added test 'uncrustify' to check C / C++ code style
[4.901s] -- Configured uncrustify additional arguments: 
[4.901s] -- Added test 'xmllint' to check XML markup files
[4.907s] -- Configuring done (4.7s)
[5.137s] -- Generating done (0.2s)
[5.184s] -- Build files have been written to: /home/zhang/rosprc_ws/build/examples_rclcpp_wait_set
[5.854s] Invoked command in '/home/zhang/rosprc_ws/build/examples_rclcpp_wait_set' returned '0': CMAKE_PREFIX_PATH=${CMAKE_PREFIX_PATH}:/opt/ros/jazzy /usr/bin/cmake /home/zhang/rosprc_ws/src/examples/rclcpp/wait_set -DCMAKE_INSTALL_PREFIX=/home/zhang/rosprc_ws/install/examples_rclcpp_wait_set
[5.855s] Invoking command in '/home/zhang/rosprc_ws/build/examples_rclcpp_wait_set': CMAKE_PREFIX_PATH=${CMAKE_PREFIX_PATH}:/opt/ros/jazzy /usr/bin/cmake --build /home/zhang/rosprc_ws/build/examples_rclcpp_wait_set -- -j20 -l20
[5.932s] [  8%] Built target talker
[5.933s] [ 16%] Built target listener
[5.935s] [ 33%] Built target wait_set_listener
[5.935s] [ 37%] Built target static_wait_set
[5.935s] [ 41%] Built target thread_safe_wait_set
[5.938s] [ 50%] Built target wait_set_topics_and_timer
[5.938s] [ 62%] Built target wait_set_random_order
[5.938s] [ 79%] Built target wait_set_talker
[5.938s] [ 83%] Built target wait_set_topics_with_different_rates
[5.938s] [ 70%] Built target wait_set
[5.940s] [ 91%] Built target executor_random_order
[5.971s] [100%] Built target wait_set_composed
[6.127s] Invoked command in '/home/zhang/rosprc_ws/build/examples_rclcpp_wait_set' returned '0': CMAKE_PREFIX_PATH=${CMAKE_PREFIX_PATH}:/opt/ros/jazzy /usr/bin/cmake --build /home/zhang/rosprc_ws/build/examples_rclcpp_wait_set -- -j20 -l20
[6.130s] Invoking command in '/home/zhang/rosprc_ws/build/examples_rclcpp_wait_set': CMAKE_PREFIX_PATH=${CMAKE_PREFIX_PATH}:/opt/ros/jazzy /usr/bin/cmake --install /home/zhang/rosprc_ws/build/examples_rclcpp_wait_set
[6.138s] -- Install configuration: ""
[6.138s] -- Execute custom install script
[6.140s] -- Up-to-date symlink: /home/zhang/rosprc_ws/install/examples_rclcpp_wait_set/lib/examples_rclcpp_wait_set/wait_set_talker
[6.140s] -- Up-to-date symlink: /home/zhang/rosprc_ws/install/examples_rclcpp_wait_set/lib/examples_rclcpp_wait_set/wait_set_listener
[6.141s] -- Up-to-date symlink: /home/zhang/rosprc_ws/install/examples_rclcpp_wait_set/lib/libtalker.so
[6.142s] -- Up-to-date symlink: /home/zhang/rosprc_ws/install/examples_rclcpp_wait_set/lib/liblistener.so
[6.143s] -- Up-to-date symlink: /home/zhang/rosprc_ws/install/examples_rclcpp_wait_set/lib/examples_rclcpp_wait_set/wait_set
[6.144s] -- Up-to-date symlink: /home/zhang/rosprc_ws/install/examples_rclcpp_wait_set/lib/examples_rclcpp_wait_set/static_wait_set
[6.144s] -- Up-to-date symlink: /home/zhang/rosprc_ws/install/examples_rclcpp_wait_set/lib/examples_rclcpp_wait_set/thread_safe_wait_set
[6.145s] -- Up-to-date symlink: /home/zhang/rosprc_ws/install/examples_rclcpp_wait_set/lib/examples_rclcpp_wait_set/wait_set_topics_and_timer
[6.145s] -- Up-to-date symlink: /home/zhang/rosprc_ws/install/examples_rclcpp_wait_set/lib/examples_rclcpp_wait_set/wait_set_random_order
[6.146s] -- Up-to-date symlink: /home/zhang/rosprc_ws/install/examples_rclcpp_wait_set/lib/examples_rclcpp_wait_set/executor_random_order
[6.146s] -- Up-to-date symlink: /home/zhang/rosprc_ws/install/examples_rclcpp_wait_set/lib/examples_rclcpp_wait_set/wait_set_topics_with_different_rates
[6.147s] -- Up-to-date symlink: /home/zhang/rosprc_ws/install/examples_rclcpp_wait_set/lib/examples_rclcpp_wait_set/wait_set_composed
[6.147s] -- Up-to-date symlink: /home/zhang/rosprc_ws/install/examples_rclcpp_wait_set/share/ament_index/resource_index/package_run_dependencies/examples_rclcpp_wait_set
[6.148s] -- Up-to-date symlink: /home/zhang/rosprc_ws/install/examples_rclcpp_wait_set/share/ament_index/resource_index/parent_prefix_path/examples_rclcpp_wait_set
[6.149s] -- Up-to-date symlink: /home/zhang/rosprc_ws/install/examples_rclcpp_wait_set/share/examples_rclcpp_wait_set/environment/ament_prefix_path.sh
[6.149s] -- Up-to-date symlink: /home/zhang/rosprc_ws/install/examples_rclcpp_wait_set/share/examples_rclcpp_wait_set/environment/ament_prefix_path.dsv
[6.150s] -- Up-to-date symlink: /home/zhang/rosprc_ws/install/examples_rclcpp_wait_set/share/examples_rclcpp_wait_set/environment/path.sh
[6.150s] -- Up-to-date symlink: /home/zhang/rosprc_ws/install/examples_rclcpp_wait_set/share/examples_rclcpp_wait_set/environment/path.dsv
[6.151s] -- Up-to-date symlink: /home/zhang/rosprc_ws/install/examples_rclcpp_wait_set/share/examples_rclcpp_wait_set/local_setup.bash
[6.152s] -- Up-to-date symlink: /home/zhang/rosprc_ws/install/examples_rclcpp_wait_set/share/examples_rclcpp_wait_set/local_setup.sh
[6.152s] -- Up-to-date symlink: /home/zhang/rosprc_ws/install/examples_rclcpp_wait_set/share/examples_rclcpp_wait_set/local_setup.zsh
[6.153s] -- Up-to-date symlink: /home/zhang/rosprc_ws/install/examples_rclcpp_wait_set/share/examples_rclcpp_wait_set/local_setup.dsv
[6.153s] -- Symlinking: /home/zhang/rosprc_ws/install/examples_rclcpp_wait_set/share/examples_rclcpp_wait_set/package.dsv
[6.167s] -- Up-to-date symlink: /home/zhang/rosprc_ws/install/examples_rclcpp_wait_set/share/ament_index/resource_index/packages/examples_rclcpp_wait_set
[6.167s] -- Up-to-date symlink: /home/zhang/rosprc_ws/install/examples_rclcpp_wait_set/share/ament_index/resource_index/rclcpp_components/examples_rclcpp_wait_set
[6.168s] -- Up-to-date symlink: /home/zhang/rosprc_ws/install/examples_rclcpp_wait_set/share/examples_rclcpp_wait_set/cmake/examples_rclcpp_wait_setConfig.cmake
[6.168s] -- Up-to-date symlink: /home/zhang/rosprc_ws/install/examples_rclcpp_wait_set/share/examples_rclcpp_wait_set/cmake/examples_rclcpp_wait_setConfig-version.cmake
[6.169s] -- Up-to-date symlink: /home/zhang/rosprc_ws/install/examples_rclcpp_wait_set/share/examples_rclcpp_wait_set/package.xml
[6.171s] Invoked command in '/home/zhang/rosprc_ws/build/examples_rclcpp_wait_set' returned '0': CMAKE_PREFIX_PATH=${CMAKE_PREFIX_PATH}:/opt/ros/jazzy /usr/bin/cmake --install /home/zhang/rosprc_ws/build/examples_rclcpp_wait_set
