[0.023s] Invoking command in '/home/zhang/rosprc_ws/build/cpp_pubsub': CMAKE_PREFIX_PATH=${CMAKE_PREFIX_PATH}:/opt/ros/jazzy /usr/bin/cmake /home/zhang/rosprc_ws/src/cpp_pubsub -DCMAKE_EXPORT_COMPILE_COMMANDS=ON -DCMAKE_INSTALL_PREFIX=/home/zhang/rosprc_ws/install/cpp_pubsub
[0.111s] -- Found ament_cmake: 2.5.6 (/opt/ros/jazzy/share/ament_cmake/cmake)
[0.382s] -- Found rclcpp: 28.1.21 (/opt/ros/jazzy/share/rclcpp/cmake)
[0.967s] -- Found rosidl_generator_c: 4.6.9 (/opt/ros/jazzy/share/rosidl_generator_c/cmake)
[0.980s] -- Found rosidl_generator_cpp: 4.6.9 (/opt/ros/jazzy/share/rosidl_generator_cpp/cmake)
[0.999s] -- Using all available rosidl_typesupport_c: rosidl_typesupport_fastrtps_c;rosidl_typesupport_introspection_c
[1.019s] -- Using all available rosidl_typesupport_cpp: rosidl_typesupport_fastrtps_cpp;rosidl_typesupport_introspection_cpp
[1.109s] -- Found rmw_implementation_cmake: 7.3.3 (/opt/ros/jazzy/share/rmw_implementation_cmake/cmake)
[1.112s] -- Found rmw_fastrtps_cpp: 8.4.4 (/opt/ros/jazzy/share/rmw_fastrtps_cpp/cmake)
[1.249s] -- Using RMW implementation 'rmw_fastrtps_cpp' as default
[1.379s] -- Found std_msgs: 5.3.8 (/opt/ros/jazzy/share/std_msgs/cmake)
[1.401s] -- Found ament_lint_auto: 0.17.5 (/opt/ros/jazzy/share/ament_lint_auto/cmake)
[1.508s] -- Added test 'cppcheck' to perform static code analysis on C / C++ code
[1.508s] -- Configured cppcheck include dirs: 
[1.508s] -- Configured cppcheck exclude dirs and/or files: 
[1.510s] -- Added test 'lint_cmake' to check CMake code style
[1.511s] -- Added test 'uncrustify' to check C / C++ code style
[1.511s] -- Configured uncrustify additional arguments: 
[1.513s] -- Added test 'xmllint' to check XML markup files
[1.515s] -- Configuring done (1.4s)
[1.535s] -- Generating done (0.0s)
[1.540s] -- Build files have been written to: /home/zhang/rosprc_ws/build/cpp_pubsub
[1.547s] Invoked command in '/home/zhang/rosprc_ws/build/cpp_pubsub' returned '0': CMAKE_PREFIX_PATH=${CMAKE_PREFIX_PATH}:/opt/ros/jazzy /usr/bin/cmake /home/zhang/rosprc_ws/src/cpp_pubsub -DCMAKE_EXPORT_COMPILE_COMMANDS=ON -DCMAKE_INSTALL_PREFIX=/home/zhang/rosprc_ws/install/cpp_pubsub
[1.548s] Invoking command in '/home/zhang/rosprc_ws/build/cpp_pubsub': CMAKE_PREFIX_PATH=${CMAKE_PREFIX_PATH}:/opt/ros/jazzy /usr/bin/cmake --build /home/zhang/rosprc_ws/build/cpp_pubsub -- -j20 -l20
[1.602s] [ 50%] Built target talker
[1.603s] [100%] Built target listener
[1.612s] Invoked command in '/home/zhang/rosprc_ws/build/cpp_pubsub' returned '0': CMAKE_PREFIX_PATH=${CMAKE_PREFIX_PATH}:/opt/ros/jazzy /usr/bin/cmake --build /home/zhang/rosprc_ws/build/cpp_pubsub -- -j20 -l20
[1.621s] Invoking command in '/home/zhang/rosprc_ws/build/cpp_pubsub': CMAKE_PREFIX_PATH=${CMAKE_PREFIX_PATH}:/opt/ros/jazzy /usr/bin/cmake --install /home/zhang/rosprc_ws/build/cpp_pubsub
[1.633s] -- Install configuration: ""
[1.633s] -- Up-to-date: /home/zhang/rosprc_ws/install/cpp_pubsub/lib/cpp_pubsub/talker
[1.633s] -- Up-to-date: /home/zhang/rosprc_ws/install/cpp_pubsub/lib/cpp_pubsub/listener
[1.633s] -- Up-to-date: /home/zhang/rosprc_ws/install/cpp_pubsub/lib/cpp_pubsub/talker
[1.633s] -- Up-to-date: /home/zhang/rosprc_ws/install/cpp_pubsub/share/ament_index/resource_index/package_run_dependencies/cpp_pubsub
[1.633s] -- Installing: /home/zhang/rosprc_ws/install/cpp_pubsub/share/ament_index/resource_index/parent_prefix_path/cpp_pubsub
[1.634s] -- Up-to-date: /home/zhang/rosprc_ws/install/cpp_pubsub/share/cpp_pubsub/environment/ament_prefix_path.sh
[1.634s] -- Up-to-date: /home/zhang/rosprc_ws/install/cpp_pubsub/share/cpp_pubsub/environment/ament_prefix_path.dsv
[1.634s] -- Up-to-date: /home/zhang/rosprc_ws/install/cpp_pubsub/share/cpp_pubsub/environment/path.sh
[1.634s] -- Up-to-date: /home/zhang/rosprc_ws/install/cpp_pubsub/share/cpp_pubsub/environment/path.dsv
[1.635s] -- Up-to-date: /home/zhang/rosprc_ws/install/cpp_pubsub/share/cpp_pubsub/local_setup.bash
[1.635s] -- Up-to-date: /home/zhang/rosprc_ws/install/cpp_pubsub/share/cpp_pubsub/local_setup.sh
[1.635s] -- Up-to-date: /home/zhang/rosprc_ws/install/cpp_pubsub/share/cpp_pubsub/local_setup.zsh
[1.635s] -- Up-to-date: /home/zhang/rosprc_ws/install/cpp_pubsub/share/cpp_pubsub/local_setup.dsv
[1.635s] -- Installing: /home/zhang/rosprc_ws/install/cpp_pubsub/share/cpp_pubsub/package.dsv
[1.635s] -- Up-to-date: /home/zhang/rosprc_ws/install/cpp_pubsub/share/ament_index/resource_index/packages/cpp_pubsub
[1.636s] -- Up-to-date: /home/zhang/rosprc_ws/install/cpp_pubsub/share/cpp_pubsub/cmake/cpp_pubsubConfig.cmake
[1.636s] -- Up-to-date: /home/zhang/rosprc_ws/install/cpp_pubsub/share/cpp_pubsub/cmake/cpp_pubsubConfig-version.cmake
[1.636s] -- Up-to-date: /home/zhang/rosprc_ws/install/cpp_pubsub/share/cpp_pubsub/package.xml
[1.636s] Invoked command in '/home/zhang/rosprc_ws/build/cpp_pubsub' returned '0': CMAKE_PREFIX_PATH=${CMAKE_PREFIX_PATH}:/opt/ros/jazzy /usr/bin/cmake --install /home/zhang/rosprc_ws/build/cpp_pubsub
