[1.951s] Invoking command in '/home/zhang/rosprc_ws/src/python_parameters': PYTHONPATH=/home/zhang/rosprc_ws/build/python_parameters/prefix_override:/usr/lib/python3/dist-packages/colcon_core/task/python/colcon_distutils_commands:/home/zhang/rosprc_ws/install/python_parameters/lib/python3.12/site-packages:${PYTHONPATH} /usr/bin/python3 -W ignore:setup.py install is deprecated -W ignore:easy_install command is deprecated setup.py egg_info --egg-base ../../build/python_parameters build --build-base /home/zhang/rosprc_ws/build/python_parameters/build install --record /home/zhang/rosprc_ws/build/python_parameters/install.log --install-scripts $base/lib/python_parameters --single-version-externally-managed install_data
[2.315s] running egg_info
[2.345s] writing ../../build/python_parameters/python_parameters.egg-info/PKG-INFO
[2.345s] writing dependency_links to ../../build/python_parameters/python_parameters.egg-info/dependency_links.txt
[2.346s] writing entry points to ../../build/python_parameters/python_parameters.egg-info/entry_points.txt
[2.346s] writing requirements to ../../build/python_parameters/python_parameters.egg-info/requires.txt
[2.347s] writing top-level names to ../../build/python_parameters/python_parameters.egg-info/top_level.txt
[2.404s] reading manifest file '../../build/python_parameters/python_parameters.egg-info/SOURCES.txt'
[2.406s] adding license file 'LICENSE'
[2.407s] writing manifest file '../../build/python_parameters/python_parameters.egg-info/SOURCES.txt'
[2.407s] running build
[2.407s] running build_py
[2.408s] running install
[2.419s] running install_lib
[2.446s] running install_data
[2.446s] creating /home/zhang/rosprc_ws/install/python_parameters/share/python_parameters/launch
[2.447s] copying launch/python_parameters_launch.py -> /home/zhang/rosprc_ws/install/python_parameters/share/python_parameters/launch
[2.448s] running install_egg_info
[2.475s] removing '/home/zhang/rosprc_ws/install/python_parameters/lib/python3.12/site-packages/python_parameters-0.0.0-py3.12.egg-info' (and everything under it)
[2.476s] Copying ../../build/python_parameters/python_parameters.egg-info to /home/zhang/rosprc_ws/install/python_parameters/lib/python3.12/site-packages/python_parameters-0.0.0-py3.12.egg-info
[2.479s] running install_scripts
[2.661s] Installing minimal_param_node script to /home/zhang/rosprc_ws/install/python_parameters/lib/python_parameters
[2.662s] writing list of installed files to '/home/zhang/rosprc_ws/build/python_parameters/install.log'
[2.696s] Invoked command in '/home/zhang/rosprc_ws/src/python_parameters' returned '0': PYTHONPATH=/home/zhang/rosprc_ws/build/python_parameters/prefix_override:/usr/lib/python3/dist-packages/colcon_core/task/python/colcon_distutils_commands:/home/zhang/rosprc_ws/install/python_parameters/lib/python3.12/site-packages:${PYTHONPATH} /usr/bin/python3 -W ignore:setup.py install is deprecated -W ignore:easy_install command is deprecated setup.py egg_info --egg-base ../../build/python_parameters build --build-base /home/zhang/rosprc_ws/build/python_parameters/build install --record /home/zhang/rosprc_ws/build/python_parameters/install.log --install-scripts $base/lib/python_parameters --single-version-externally-managed install_data
