[3.601s] Invoking command in '/home/zhang/rosprc_ws/src/python_parameters': PYTHONPATH=/home/zhang/rosprc_ws/build/python_parameters/prefix_override:/usr/lib/python3/dist-packages/colcon_core/task/python/colcon_distutils_commands:/home/zhang/rosprc_ws/install/python_parameters/lib/python3.12/site-packages:${PYTHONPATH} /usr/bin/python3 -W ignore:setup.py install is deprecated -W ignore:easy_install command is deprecated setup.py egg_info --egg-base ../../build/python_parameters build --build-base /home/zhang/rosprc_ws/build/python_parameters/build install --record /home/zhang/rosprc_ws/build/python_parameters/install.log --install-scripts $base/lib/python_parameters --single-version-externally-managed install_data
[3.892s] running egg_info
[3.919s] writing ../../build/python_parameters/python_parameters.egg-info/PKG-INFO
[3.919s] writing dependency_links to ../../build/python_parameters/python_parameters.egg-info/dependency_links.txt
[3.919s] writing entry points to ../../build/python_parameters/python_parameters.egg-info/entry_points.txt
[3.920s] writing requirements to ../../build/python_parameters/python_parameters.egg-info/requires.txt
[3.920s] writing top-level names to ../../build/python_parameters/python_parameters.egg-info/top_level.txt
[3.971s] reading manifest file '../../build/python_parameters/python_parameters.egg-info/SOURCES.txt'
[3.973s] adding license file 'LICENSE'
[3.974s] writing manifest file '../../build/python_parameters/python_parameters.egg-info/SOURCES.txt'
[3.974s] running build
[3.974s] running build_py
[3.975s] running install
[3.983s] running install_lib
[4.009s] running install_data
[4.009s] running install_egg_info
[4.033s] removing '/home/zhang/rosprc_ws/install/python_parameters/lib/python3.12/site-packages/python_parameters-0.0.0-py3.12.egg-info' (and everything under it)
[4.035s] Copying ../../build/python_parameters/python_parameters.egg-info to /home/zhang/rosprc_ws/install/python_parameters/lib/python3.12/site-packages/python_parameters-0.0.0-py3.12.egg-info
[4.038s] running install_scripts
[4.202s] Installing minimal_param_node script to /home/zhang/rosprc_ws/install/python_parameters/lib/python_parameters
[4.204s] writing list of installed files to '/home/zhang/rosprc_ws/build/python_parameters/install.log'
[4.269s] Invoked command in '/home/zhang/rosprc_ws/src/python_parameters' returned '0': PYTHONPATH=/home/zhang/rosprc_ws/build/python_parameters/prefix_override:/usr/lib/python3/dist-packages/colcon_core/task/python/colcon_distutils_commands:/home/zhang/rosprc_ws/install/python_parameters/lib/python3.12/site-packages:${PYTHONPATH} /usr/bin/python3 -W ignore:setup.py install is deprecated -W ignore:easy_install command is deprecated setup.py egg_info --egg-base ../../build/python_parameters build --build-base /home/zhang/rosprc_ws/build/python_parameters/build install --record /home/zhang/rosprc_ws/build/python_parameters/install.log --install-scripts $base/lib/python_parameters --single-version-externally-managed install_data
