[0.328s] Invoking command in '/home/zhang/rosprc_ws/build/examples_rclcpp_minimal_timer': CMAKE_PREFIX_PATH=${CMAKE_PREFIX_PATH}:/opt/ros/jazzy /usr/bin/cmake /home/zhang/rosprc_ws/src/examples/rclcpp/timers/minimal_timer -DAMENT_CMAKE_SYMLINK_INSTALL=1 -DCMAKE_INSTALL_PREFIX=/home/zhang/rosprc_ws/install/examples_rclcpp_minimal_timer
[3.445s] -- The C compiler identification is GNU 13.3.0
[3.445s] -- The CXX compiler identification is GNU 13.3.0
[3.546s] -- Detecting C compiler ABI info
[4.372s] -- Detecting C compiler ABI info - done
[4.396s] -- Check for working C compiler: /usr/bin/cc - skipped
[4.397s] -- Detecting C compile features
[4.398s] -- Detecting C compile features - done
[4.595s] -- Detecting CXX compiler ABI info
[5.385s] -- Detecting CXX compiler ABI info - done
[5.432s] -- Check for working CXX compiler: /usr/bin/c++ - skipped
[5.433s] -- Detecting CXX compile features
[5.435s] -- Detecting CXX compile features - done
[5.448s] -- Found ament_cmake: 2.5.6 (/opt/ros/jazzy/share/ament_cmake/cmake)
[6.095s] -- Found Python3: /usr/bin/python3 (found version "3.12.3") found components: Interpreter 
[6.395s] -- Override CMake install command with custom implementation using symlinks instead of copying resources
[6.586s] -- Found rclcpp: 28.1.21 (/opt/ros/jazzy/share/rclcpp/cmake)
[11.393s] -- Found rosidl_generator_c: 4.6.9 (/opt/ros/jazzy/share/rosidl_generator_c/cmake)
[11.434s] -- Found rosidl_generator_cpp: 4.6.9 (/opt/ros/jazzy/share/rosidl_generator_cpp/cmake)
[11.485s] -- Using all available rosidl_typesupport_c: rosidl_typesupport_fastrtps_c;rosidl_typesupport_introspection_c
[11.532s] -- Using all available rosidl_typesupport_cpp: rosidl_typesupport_fastrtps_cpp;rosidl_typesupport_introspection_cpp
[11.785s] -- Found rmw_implementation_cmake: 7.3.3 (/opt/ros/jazzy/share/rmw_implementation_cmake/cmake)
[11.801s] -- Found rmw_fastrtps_cpp: 8.4.4 (/opt/ros/jazzy/share/rmw_fastrtps_cpp/cmake)
[12.165s] -- Found OpenSSL: /usr/lib/x86_64-linux-gnu/libcrypto.so (found version "3.0.13")  
[12.605s] -- Found FastRTPS: /opt/ros/jazzy/include (Required is at least version "2.13") 
[12.873s] -- Using RMW implementation 'rmw_fastrtps_cpp' as default
[13.334s] -- Found ament_lint_auto: 0.17.5 (/opt/ros/jazzy/share/ament_lint_auto/cmake)
[13.715s] -- Added test 'copyright' to check source files copyright and LICENSE
[13.732s] -- Added test 'cppcheck' to perform static code analysis on C / C++ code
[13.733s] -- Configured cppcheck include dirs: 
[13.734s] -- Configured cppcheck exclude dirs and/or files: 
[13.738s] -- Added test 'cpplint' to check C / C++ code against the Google style
[13.741s] -- Configured cpplint exclude dirs and/or files: 
[13.749s] -- Added test 'lint_cmake' to check CMake code style
[13.754s] -- Added test 'uncrustify' to check C / C++ code style
[13.754s] -- Configured uncrustify additional arguments: 
[13.757s] -- Added test 'xmllint' to check XML markup files
[13.759s] -- Configuring done (13.4s)
[13.804s] -- Generating done (0.0s)
[13.821s] -- Build files have been written to: /home/zhang/rosprc_ws/build/examples_rclcpp_minimal_timer
[14.257s] Invoked command in '/home/zhang/rosprc_ws/build/examples_rclcpp_minimal_timer' returned '0': CMAKE_PREFIX_PATH=${CMAKE_PREFIX_PATH}:/opt/ros/jazzy /usr/bin/cmake /home/zhang/rosprc_ws/src/examples/rclcpp/timers/minimal_timer -DAMENT_CMAKE_SYMLINK_INSTALL=1 -DCMAKE_INSTALL_PREFIX=/home/zhang/rosprc_ws/install/examples_rclcpp_minimal_timer
[14.260s] Invoking command in '/home/zhang/rosprc_ws/build/examples_rclcpp_minimal_timer': CMAKE_PREFIX_PATH=${CMAKE_PREFIX_PATH}:/opt/ros/jazzy /usr/bin/cmake --build /home/zhang/rosprc_ws/build/examples_rclcpp_minimal_timer -- -j20 -l20
[14.414s] [ 25%] [32mBuilding CXX object CMakeFiles/timer_lambda.dir/lambda.cpp.o[0m
[14.468s] [ 50%] [32mBuilding CXX object CMakeFiles/timer_member_function.dir/member_function.cpp.o[0m
