[4.294s] Invoking command in '/home/zhang/rosprc_ws/src/python_parameters': PYTHONPATH=/home/zhang/rosprc_ws/build/python_parameters/prefix_override:/usr/lib/python3/dist-packages/colcon_core/task/python/colcon_distutils_commands:/home/zhang/rosprc_ws/install/python_parameters/lib/python3.12/site-packages:${PYTHONPATH} /usr/bin/python3 -W ignore:setup.py install is deprecated -W ignore:easy_install command is deprecated setup.py egg_info --egg-base ../../build/python_parameters build --build-base /home/zhang/rosprc_ws/build/python_parameters/build install --record /home/zhang/rosprc_ws/build/python_parameters/install.log --install-scripts $base/lib/python_parameters --single-version-externally-managed install_data
[4.992s] running egg_info
[4.993s] creating ../../build/python_parameters/python_parameters.egg-info
[5.049s] writing ../../build/python_parameters/python_parameters.egg-info/PKG-INFO
[5.050s] writing dependency_links to ../../build/python_parameters/python_parameters.egg-info/dependency_links.txt
[5.052s] writing requirements to ../../build/python_parameters/python_parameters.egg-info/requires.txt
[5.053s] writing top-level names to ../../build/python_parameters/python_parameters.egg-info/top_level.txt
[5.053s] writing manifest file '../../build/python_parameters/python_parameters.egg-info/SOURCES.txt'
[5.174s] reading manifest file '../../build/python_parameters/python_parameters.egg-info/SOURCES.txt'
[5.175s] adding license file 'LICENSE'
[5.177s] writing manifest file '../../build/python_parameters/python_parameters.egg-info/SOURCES.txt'
[5.177s] running build
[5.178s] running build_py
[5.178s] creating /home/zhang/rosprc_ws/build/python_parameters/build
[5.178s] creating /home/zhang/rosprc_ws/build/python_parameters/build/lib
[5.178s] creating /home/zhang/rosprc_ws/build/python_parameters/build/lib/python_parameters
[5.179s] copying python_parameters/python_parameters_node.py -> /home/zhang/rosprc_ws/build/python_parameters/build/lib/python_parameters
[5.180s] copying python_parameters/__init__.py -> /home/zhang/rosprc_ws/build/python_parameters/build/lib/python_parameters
[5.181s] running install
[5.193s] running install_lib
[5.241s] creating /home/zhang/rosprc_ws/install/python_parameters/lib/python3.12/site-packages/python_parameters
[5.241s] copying /home/zhang/rosprc_ws/build/python_parameters/build/lib/python_parameters/python_parameters_node.py -> /home/zhang/rosprc_ws/install/python_parameters/lib/python3.12/site-packages/python_parameters
[5.241s] copying /home/zhang/rosprc_ws/build/python_parameters/build/lib/python_parameters/__init__.py -> /home/zhang/rosprc_ws/install/python_parameters/lib/python3.12/site-packages/python_parameters
[5.242s] byte-compiling /home/zhang/rosprc_ws/install/python_parameters/lib/python3.12/site-packages/python_parameters/python_parameters_node.py to python_parameters_node.cpython-312.pyc
[5.245s] byte-compiling /home/zhang/rosprc_ws/install/python_parameters/lib/python3.12/site-packages/python_parameters/__init__.py to __init__.cpython-312.pyc
[5.245s] running install_data
[5.246s] creating /home/zhang/rosprc_ws/install/python_parameters/share/ament_index
[5.246s] creating /home/zhang/rosprc_ws/install/python_parameters/share/ament_index/resource_index
[5.247s] creating /home/zhang/rosprc_ws/install/python_parameters/share/ament_index/resource_index/packages
[5.248s] copying resource/python_parameters -> /home/zhang/rosprc_ws/install/python_parameters/share/ament_index/resource_index/packages
[5.250s] copying package.xml -> /home/zhang/rosprc_ws/install/python_parameters/share/python_parameters
[5.250s] running install_egg_info
[5.310s] Copying ../../build/python_parameters/python_parameters.egg-info to /home/zhang/rosprc_ws/install/python_parameters/lib/python3.12/site-packages/python_parameters-0.0.0-py3.12.egg-info
[5.311s] running install_scripts
[5.646s] writing list of installed files to '/home/zhang/rosprc_ws/build/python_parameters/install.log'
[5.723s] Invoked command in '/home/zhang/rosprc_ws/src/python_parameters' returned '0': PYTHONPATH=/home/zhang/rosprc_ws/build/python_parameters/prefix_override:/usr/lib/python3/dist-packages/colcon_core/task/python/colcon_distutils_commands:/home/zhang/rosprc_ws/install/python_parameters/lib/python3.12/site-packages:${PYTHONPATH} /usr/bin/python3 -W ignore:setup.py install is deprecated -W ignore:easy_install command is deprecated setup.py egg_info --egg-base ../../build/python_parameters build --build-base /home/zhang/rosprc_ws/build/python_parameters/build install --record /home/zhang/rosprc_ws/build/python_parameters/install.log --install-scripts $base/lib/python_parameters --single-version-externally-managed install_data
