[0.318s] Invoking command in '/home/zhang/rosprc_ws/build/examples_rclcpp_multithreaded_executor': CMAKE_PREFIX_PATH=${CMAKE_PREFIX_PATH}:/opt/ros/jazzy /usr/bin/cmake /home/zhang/rosprc_ws/src/examples/rclcpp/executors/multithreaded_executor -DAMENT_CMAKE_SYMLINK_INSTALL=1 -DCMAKE_INSTALL_PREFIX=/home/zhang/rosprc_ws/install/examples_rclcpp_multithreaded_executor
[3.436s] -- The C compiler identification is GNU 13.3.0
[3.436s] -- The CXX compiler identification is GNU 13.3.0
[3.437s] -- Detecting C compiler ABI info
[3.944s] -- Detecting C compiler ABI info - done
[3.987s] -- Check for working C compiler: /usr/bin/cc - skipped
[3.997s] -- Detecting C compile features
[3.998s] -- Detecting C compile features - done
[4.297s] -- Detecting CXX compiler ABI info
[4.936s] -- Detecting CXX compiler ABI info - done
[4.970s] -- Check for working CXX compiler: /usr/bin/c++ - skipped
[4.971s] -- Detecting CXX compile features
[4.973s] -- Detecting CXX compile features - done
[5.018s] -- Found ament_cmake: 2.5.6 (/opt/ros/jazzy/share/ament_cmake/cmake)
[5.853s] -- Found Python3: /usr/bin/python3 (found version "3.12.3") found components: Interpreter 
[6.206s] -- Override CMake install command with custom implementation using symlinks instead of copying resources
[6.503s] -- Found rclcpp: 28.1.21 (/opt/ros/jazzy/share/rclcpp/cmake)
[11.377s] -- Found rosidl_generator_c: 4.6.9 (/opt/ros/jazzy/share/rosidl_generator_c/cmake)
[11.418s] -- Found rosidl_generator_cpp: 4.6.9 (/opt/ros/jazzy/share/rosidl_generator_cpp/cmake)
[11.468s] -- Using all available rosidl_typesupport_c: rosidl_typesupport_fastrtps_c;rosidl_typesupport_introspection_c
[11.514s] -- Using all available rosidl_typesupport_cpp: rosidl_typesupport_fastrtps_cpp;rosidl_typesupport_introspection_cpp
[11.767s] -- Found rmw_implementation_cmake: 7.3.3 (/opt/ros/jazzy/share/rmw_implementation_cmake/cmake)
[11.783s] -- Found rmw_fastrtps_cpp: 8.4.4 (/opt/ros/jazzy/share/rmw_fastrtps_cpp/cmake)
[12.150s] -- Found OpenSSL: /usr/lib/x86_64-linux-gnu/libcrypto.so (found version "3.0.13")  
[12.545s] -- Found FastRTPS: /opt/ros/jazzy/include (Required is at least version "2.13") 
[12.750s] -- Using RMW implementation 'rmw_fastrtps_cpp' as default
[13.278s] -- Found std_msgs: 5.3.8 (/opt/ros/jazzy/share/std_msgs/cmake)
[13.318s] -- Found ament_lint_auto: 0.17.5 (/opt/ros/jazzy/share/ament_lint_auto/cmake)
[13.698s] -- Added test 'copyright' to check source files copyright and LICENSE
[13.705s] -- Added test 'cppcheck' to perform static code analysis on C / C++ code
[13.711s] -- Configured cppcheck include dirs: 
[13.712s] -- Configured cppcheck exclude dirs and/or files: 
[13.728s] -- Added test 'cpplint' to check C / C++ code against the Google style
[13.728s] -- Configured cpplint exclude dirs and/or files: 
[13.731s] -- Added test 'lint_cmake' to check CMake code style
[13.733s] -- Added test 'uncrustify' to check C / C++ code style
[13.737s] -- Configured uncrustify additional arguments: 
[13.741s] -- Added test 'xmllint' to check XML markup files
[13.741s] -- Configuring done (13.4s)
[13.780s] -- Generating done (0.0s)
[13.798s] -- Build files have been written to: /home/zhang/rosprc_ws/build/examples_rclcpp_multithreaded_executor
[14.232s] Invoked command in '/home/zhang/rosprc_ws/build/examples_rclcpp_multithreaded_executor' returned '0': CMAKE_PREFIX_PATH=${CMAKE_PREFIX_PATH}:/opt/ros/jazzy /usr/bin/cmake /home/zhang/rosprc_ws/src/examples/rclcpp/executors/multithreaded_executor -DAMENT_CMAKE_SYMLINK_INSTALL=1 -DCMAKE_INSTALL_PREFIX=/home/zhang/rosprc_ws/install/examples_rclcpp_multithreaded_executor
[14.235s] Invoking command in '/home/zhang/rosprc_ws/build/examples_rclcpp_multithreaded_executor': CMAKE_PREFIX_PATH=${CMAKE_PREFIX_PATH}:/opt/ros/jazzy /usr/bin/cmake --build /home/zhang/rosprc_ws/build/examples_rclcpp_multithreaded_executor -- -j20 -l20
[14.384s] [ 50%] [32mBuilding CXX object CMakeFiles/multithreaded_executor.dir/multithreaded_executor.cpp.o[0m
