[0.144s] Invoking command in '/home/zhang/rosprc_ws/build/examples_rclcpp_wait_set': CMAKE_PREFIX_PATH=${CMAKE_PREFIX_PATH}:/opt/ros/jazzy /usr/bin/cmake /home/zhang/rosprc_ws/src/examples/rclcpp/wait_set -DCMAKE_INSTALL_PREFIX=/home/zhang/rosprc_ws/install/examples_rclcpp_wait_set
[2.373s] -- Found ament_cmake: 2.5.6 (/opt/ros/jazzy/share/ament_cmake/cmake)
[2.374s] -- Override CMake install command with custom implementation using symlinks instead of copying resources
[2.374s] -- Found example_interfaces: 0.12.1 (/opt/ros/jazzy/share/example_interfaces/cmake)
[3.697s] -- Found rosidl_generator_c: 4.6.9 (/opt/ros/jazzy/share/rosidl_generator_c/cmake)
[3.724s] -- Found rosidl_generator_cpp: 4.6.9 (/opt/ros/jazzy/share/rosidl_generator_cpp/cmake)
[3.753s] -- Using all available rosidl_typesupport_c: rosidl_typesupport_fastrtps_c;rosidl_typesupport_introspection_c
[3.782s] -- Using all available rosidl_typesupport_cpp: rosidl_typesupport_fastrtps_cpp;rosidl_typesupport_introspection_cpp
[3.963s] -- Found rclcpp: 28.1.21 (/opt/ros/jazzy/share/rclcpp/cmake)
[4.038s] -- Found rmw_implementation_cmake: 7.3.3 (/opt/ros/jazzy/share/rmw_implementation_cmake/cmake)
[4.042s] -- Found rmw_fastrtps_cpp: 8.4.4 (/opt/ros/jazzy/share/rmw_fastrtps_cpp/cmake)
[4.312s] -- Using RMW implementation 'rmw_fastrtps_cpp' as default
[4.490s] -- Found rclcpp_components: 28.1.21 (/opt/ros/jazzy/share/rclcpp_components/cmake)
[4.538s] -- Found std_msgs: 5.3.8 (/opt/ros/jazzy/share/std_msgs/cmake)
[4.583s] -- Found ament_lint_auto: 0.17.5 (/opt/ros/jazzy/share/ament_lint_auto/cmake)
[4.834s] -- Added test 'copyright' to check source files copyright and LICENSE
[4.834s] -- Added test 'cppcheck' to perform static code analysis on C / C++ code
[4.835s] -- Configured cppcheck include dirs: /home/zhang/rosprc_ws/src/examples/rclcpp/wait_set/include
[4.835s] -- Configured cppcheck exclude dirs and/or files: 
[4.835s] -- Added test 'cpplint' to check C / C++ code against the Google style
[4.835s] -- Configured cpplint exclude dirs and/or files: 
[4.836s] -- Added test 'lint_cmake' to check CMake code style
[4.836s] -- Added test 'uncrustify' to check C / C++ code style
[4.836s] -- Configured uncrustify additional arguments: 
[4.836s] -- Added test 'xmllint' to check XML markup files
[4.837s] -- Configuring done (4.6s)
[4.894s] -- Generating done (0.1s)
[4.920s] -- Build files have been written to: /home/zhang/rosprc_ws/build/examples_rclcpp_wait_set
[5.038s] Invoked command in '/home/zhang/rosprc_ws/build/examples_rclcpp_wait_set' returned '0': CMAKE_PREFIX_PATH=${CMAKE_PREFIX_PATH}:/opt/ros/jazzy /usr/bin/cmake /home/zhang/rosprc_ws/src/examples/rclcpp/wait_set -DCMAKE_INSTALL_PREFIX=/home/zhang/rosprc_ws/install/examples_rclcpp_wait_set
[5.039s] Invoking command in '/home/zhang/rosprc_ws/build/examples_rclcpp_wait_set': CMAKE_PREFIX_PATH=${CMAKE_PREFIX_PATH}:/opt/ros/jazzy /usr/bin/cmake --build /home/zhang/rosprc_ws/build/examples_rclcpp_wait_set -- -j20 -l20
[5.539s] [  8%] Built target thread_safe_wait_set
[5.539s] [ 16%] Built target wait_set_topics_and_timer
[5.540s] [ 25%] Built target wait_set_talker
[5.540s] [ 33%] Built target static_wait_set
[5.540s] [ 41%] Built target wait_set
[5.541s] [ 50%] Built target wait_set_listener
[5.541s] [ 58%] Built target listener
[5.541s] [ 66%] Built target talker
[5.542s] [ 75%] Built target wait_set_topics_with_different_rates
[5.542s] [ 83%] Built target wait_set_random_order
[5.542s] [ 91%] Built target executor_random_order
[5.543s] [100%] Built target wait_set_composed
[5.603s] Invoked command in '/home/zhang/rosprc_ws/build/examples_rclcpp_wait_set' returned '0': CMAKE_PREFIX_PATH=${CMAKE_PREFIX_PATH}:/opt/ros/jazzy /usr/bin/cmake --build /home/zhang/rosprc_ws/build/examples_rclcpp_wait_set -- -j20 -l20
[5.608s] Invoking command in '/home/zhang/rosprc_ws/build/examples_rclcpp_wait_set': CMAKE_PREFIX_PATH=${CMAKE_PREFIX_PATH}:/opt/ros/jazzy /usr/bin/cmake --install /home/zhang/rosprc_ws/build/examples_rclcpp_wait_set
[5.717s] -- Install configuration: ""
[5.717s] -- Execute custom install script
[5.718s] -- Up-to-date symlink: /home/zhang/rosprc_ws/install/examples_rclcpp_wait_set/lib/examples_rclcpp_wait_set/wait_set_talker
[5.718s] -- Up-to-date symlink: /home/zhang/rosprc_ws/install/examples_rclcpp_wait_set/lib/examples_rclcpp_wait_set/wait_set_listener
[5.718s] -- Up-to-date symlink: /home/zhang/rosprc_ws/install/examples_rclcpp_wait_set/lib/libtalker.so
[5.718s] -- Up-to-date symlink: /home/zhang/rosprc_ws/install/examples_rclcpp_wait_set/lib/liblistener.so
[5.719s] -- Up-to-date symlink: /home/zhang/rosprc_ws/install/examples_rclcpp_wait_set/lib/examples_rclcpp_wait_set/wait_set
[5.719s] -- Up-to-date symlink: /home/zhang/rosprc_ws/install/examples_rclcpp_wait_set/lib/examples_rclcpp_wait_set/static_wait_set
[5.719s] -- Up-to-date symlink: /home/zhang/rosprc_ws/install/examples_rclcpp_wait_set/lib/examples_rclcpp_wait_set/thread_safe_wait_set
[5.719s] -- Up-to-date symlink: /home/zhang/rosprc_ws/install/examples_rclcpp_wait_set/lib/examples_rclcpp_wait_set/wait_set_topics_and_timer
[5.720s] -- Up-to-date symlink: /home/zhang/rosprc_ws/install/examples_rclcpp_wait_set/lib/examples_rclcpp_wait_set/wait_set_random_order
[5.720s] -- Up-to-date symlink: /home/zhang/rosprc_ws/install/examples_rclcpp_wait_set/lib/examples_rclcpp_wait_set/executor_random_order
[5.720s] -- Up-to-date symlink: /home/zhang/rosprc_ws/install/examples_rclcpp_wait_set/lib/examples_rclcpp_wait_set/wait_set_topics_with_different_rates
[5.720s] -- Up-to-date symlink: /home/zhang/rosprc_ws/install/examples_rclcpp_wait_set/lib/examples_rclcpp_wait_set/wait_set_composed
[5.720s] -- Up-to-date symlink: /home/zhang/rosprc_ws/install/examples_rclcpp_wait_set/share/ament_index/resource_index/package_run_dependencies/examples_rclcpp_wait_set
[5.720s] -- Up-to-date symlink: /home/zhang/rosprc_ws/install/examples_rclcpp_wait_set/share/ament_index/resource_index/parent_prefix_path/examples_rclcpp_wait_set
[5.721s] -- Up-to-date symlink: /home/zhang/rosprc_ws/install/examples_rclcpp_wait_set/share/examples_rclcpp_wait_set/environment/ament_prefix_path.sh
[5.721s] -- Up-to-date symlink: /home/zhang/rosprc_ws/install/examples_rclcpp_wait_set/share/examples_rclcpp_wait_set/environment/ament_prefix_path.dsv
[5.721s] -- Up-to-date symlink: /home/zhang/rosprc_ws/install/examples_rclcpp_wait_set/share/examples_rclcpp_wait_set/environment/path.sh
[5.721s] -- Up-to-date symlink: /home/zhang/rosprc_ws/install/examples_rclcpp_wait_set/share/examples_rclcpp_wait_set/environment/path.dsv
[5.721s] -- Up-to-date symlink: /home/zhang/rosprc_ws/install/examples_rclcpp_wait_set/share/examples_rclcpp_wait_set/local_setup.bash
[5.722s] -- Up-to-date symlink: /home/zhang/rosprc_ws/install/examples_rclcpp_wait_set/share/examples_rclcpp_wait_set/local_setup.sh
[5.722s] -- Up-to-date symlink: /home/zhang/rosprc_ws/install/examples_rclcpp_wait_set/share/examples_rclcpp_wait_set/local_setup.zsh
[5.723s] -- Up-to-date symlink: /home/zhang/rosprc_ws/install/examples_rclcpp_wait_set/share/examples_rclcpp_wait_set/local_setup.dsv
[5.723s] -- Symlinking: /home/zhang/rosprc_ws/install/examples_rclcpp_wait_set/share/examples_rclcpp_wait_set/package.dsv
[5.729s] -- Up-to-date symlink: /home/zhang/rosprc_ws/install/examples_rclcpp_wait_set/share/ament_index/resource_index/packages/examples_rclcpp_wait_set
[5.729s] -- Up-to-date symlink: /home/zhang/rosprc_ws/install/examples_rclcpp_wait_set/share/ament_index/resource_index/rclcpp_components/examples_rclcpp_wait_set
[5.729s] -- Up-to-date symlink: /home/zhang/rosprc_ws/install/examples_rclcpp_wait_set/share/examples_rclcpp_wait_set/cmake/examples_rclcpp_wait_setConfig.cmake
[5.729s] -- Up-to-date symlink: /home/zhang/rosprc_ws/install/examples_rclcpp_wait_set/share/examples_rclcpp_wait_set/cmake/examples_rclcpp_wait_setConfig-version.cmake
[5.729s] -- Up-to-date symlink: /home/zhang/rosprc_ws/install/examples_rclcpp_wait_set/share/examples_rclcpp_wait_set/package.xml
[5.880s] Invoked command in '/home/zhang/rosprc_ws/build/examples_rclcpp_wait_set' returned '0': CMAKE_PREFIX_PATH=${CMAKE_PREFIX_PATH}:/opt/ros/jazzy /usr/bin/cmake --install /home/zhang/rosprc_ws/build/examples_rclcpp_wait_set
