[0.120s] Invoking command in '/home/zhang/rosprc_ws/build/examples_rclcpp_minimal_composition': CMAKE_PREFIX_PATH=${CMAKE_PREFIX_PATH}:/opt/ros/jazzy /usr/bin/cmake --build /home/zhang/rosprc_ws/build/examples_rclcpp_minimal_composition -- -j20 -l20
[1.678s] [ 33%] Built target composition_nodes
[1.678s] [ 66%] Built target composition_composed
[1.678s] [ 77%] Built target composition_subscriber
[1.679s] [100%] Built target composition_publisher
[1.725s] Invoked command in '/home/zhang/rosprc_ws/build/examples_rclcpp_minimal_composition' returned '0': CMAKE_PREFIX_PATH=${CMAKE_PREFIX_PATH}:/opt/ros/jazzy /usr/bin/cmake --build /home/zhang/rosprc_ws/build/examples_rclcpp_minimal_composition -- -j20 -l20
[1.732s] Invoking command in '/home/zhang/rosprc_ws/build/examples_rclcpp_minimal_composition': CMAKE_PREFIX_PATH=${CMAKE_PREFIX_PATH}:/opt/ros/jazzy /usr/bin/cmake --install /home/zhang/rosprc_ws/build/examples_rclcpp_minimal_composition
[1.920s] -- Install configuration: ""
[1.920s] -- Execute custom install script
[1.920s] -- Up-to-date symlink: /home/zhang/rosprc_ws/install/examples_rclcpp_minimal_composition/share/examples_rclcpp_minimal_composition/environment/library_path.sh
[1.920s] -- Up-to-date symlink: /home/zhang/rosprc_ws/install/examples_rclcpp_minimal_composition/share/examples_rclcpp_minimal_composition/environment/library_path.dsv
[1.920s] -- Up-to-date symlink: /home/zhang/rosprc_ws/install/examples_rclcpp_minimal_composition/lib/libcomposition_nodes.so
[1.920s] -- Up-to-date symlink: /home/zhang/rosprc_ws/install/examples_rclcpp_minimal_composition/lib/examples_rclcpp_minimal_composition/composition_publisher
[1.921s] -- Up-to-date symlink: /home/zhang/rosprc_ws/install/examples_rclcpp_minimal_composition/lib/examples_rclcpp_minimal_composition/composition_subscriber
[1.921s] -- Up-to-date symlink: /home/zhang/rosprc_ws/install/examples_rclcpp_minimal_composition/lib/examples_rclcpp_minimal_composition/composition_composed
[1.921s] -- Up-to-date symlink: /home/zhang/rosprc_ws/install/examples_rclcpp_minimal_composition/share/ament_index/resource_index/package_run_dependencies/examples_rclcpp_minimal_composition
[1.921s] -- Up-to-date symlink: /home/zhang/rosprc_ws/install/examples_rclcpp_minimal_composition/share/ament_index/resource_index/parent_prefix_path/examples_rclcpp_minimal_composition
[1.921s] -- Up-to-date symlink: /home/zhang/rosprc_ws/install/examples_rclcpp_minimal_composition/share/examples_rclcpp_minimal_composition/environment/ament_prefix_path.sh
[1.922s] -- Up-to-date symlink: /home/zhang/rosprc_ws/install/examples_rclcpp_minimal_composition/share/examples_rclcpp_minimal_composition/environment/ament_prefix_path.dsv
[1.924s] -- Up-to-date symlink: /home/zhang/rosprc_ws/install/examples_rclcpp_minimal_composition/share/examples_rclcpp_minimal_composition/environment/path.sh
[1.924s] -- Up-to-date symlink: /home/zhang/rosprc_ws/install/examples_rclcpp_minimal_composition/share/examples_rclcpp_minimal_composition/environment/path.dsv
[1.924s] -- Up-to-date symlink: /home/zhang/rosprc_ws/install/examples_rclcpp_minimal_composition/share/examples_rclcpp_minimal_composition/local_setup.bash
[1.941s] -- Up-to-date symlink: /home/zhang/rosprc_ws/install/examples_rclcpp_minimal_composition/share/examples_rclcpp_minimal_composition/local_setup.sh
[1.942s] -- Up-to-date symlink: /home/zhang/rosprc_ws/install/examples_rclcpp_minimal_composition/share/examples_rclcpp_minimal_composition/local_setup.zsh
[1.942s] -- Up-to-date symlink: /home/zhang/rosprc_ws/install/examples_rclcpp_minimal_composition/share/examples_rclcpp_minimal_composition/local_setup.dsv
[1.943s] -- Symlinking: /home/zhang/rosprc_ws/install/examples_rclcpp_minimal_composition/share/examples_rclcpp_minimal_composition/package.dsv
[1.973s] -- Up-to-date symlink: /home/zhang/rosprc_ws/install/examples_rclcpp_minimal_composition/share/ament_index/resource_index/packages/examples_rclcpp_minimal_composition
[1.973s] -- Up-to-date symlink: /home/zhang/rosprc_ws/install/examples_rclcpp_minimal_composition/share/examples_rclcpp_minimal_composition/cmake/examples_rclcpp_minimal_compositionConfig.cmake
[1.974s] -- Up-to-date symlink: /home/zhang/rosprc_ws/install/examples_rclcpp_minimal_composition/share/examples_rclcpp_minimal_composition/cmake/examples_rclcpp_minimal_compositionConfig-version.cmake
[1.974s] -- Up-to-date symlink: /home/zhang/rosprc_ws/install/examples_rclcpp_minimal_composition/share/examples_rclcpp_minimal_composition/package.xml
[2.274s] Invoked command in '/home/zhang/rosprc_ws/build/examples_rclcpp_minimal_composition' returned '0': CMAKE_PREFIX_PATH=${CMAKE_PREFIX_PATH}:/opt/ros/jazzy /usr/bin/cmake --install /home/zhang/rosprc_ws/build/examples_rclcpp_minimal_composition
