-- Found ament_cmake: 2.5.6 (/opt/ros/jazzy/share/ament_cmake/cmake)
-- Found rclcpp: 28.1.21 (/opt/ros/jazzy/share/rclcpp/cmake)
-- Found rosidl_generator_c: 4.6.9 (/opt/ros/jazzy/share/rosidl_generator_c/cmake)
-- Found rosidl_generator_cpp: 4.6.9 (/opt/ros/jazzy/share/rosidl_generator_cpp/cmake)
-- Using all available rosidl_typesupport_c: rosidl_typesupport_fastrtps_c;rosidl_typesupport_introspection_c
-- Using all available rosidl_typesupport_cpp: rosidl_typesupport_fastrtps_cpp;rosidl_typesupport_introspection_cpp
-- Found rmw_implementation_cmake: 7.3.3 (/opt/ros/jazzy/share/rmw_implementation_cmake/cmake)
-- Found rmw_fastrtps_cpp: 8.4.4 (/opt/ros/jazzy/share/rmw_fastrtps_cpp/cmake)
-- Using RMW implementation 'rmw_fastrtps_cpp' as default
-- Found example_interfaces: 0.12.1 (/opt/ros/jazzy/share/example_interfaces/cmake)
-- Found ament_lint_auto: 0.17.5 (/opt/ros/jazzy/share/ament_lint_auto/cmake)
-- Added test 'cppcheck' to perform static code analysis on C / C++ code
-- Configured cppcheck include dirs: 
-- Configured cppcheck exclude dirs and/or files: 
-- Added test 'flake8' to check Python code syntax and style conventions
-- Configured 'flake8' exclude dirs and/or files: 
-- Added test 'lint_cmake' to check CMake code style
-- Added test 'pep257' to check Python code against some of the docstring style conventions in PEP 257
-- Added test 'uncrustify' to check C / C++ code style
-- Configured uncrustify additional arguments: 
-- Added test 'xmllint' to check XML markup files
-- Configuring done (2.0s)
-- Generating done (0.0s)
-- Build files have been written to: /home/zhang/rosprc_ws/build/cpp_srvcli
[ 25%] Building CXX object CMakeFiles/client.dir/src/add_two_ints_client.cpp.o
[ 75%] Built target server
[100%] Linking CXX executable client
[100%] Built target client
-- Install configuration: ""
-- Up-to-date: /home/zhang/rosprc_ws/install/cpp_srvcli/lib/cpp_srvcli/server
-- Installing: /home/zhang/rosprc_ws/install/cpp_srvcli/lib/cpp_srvcli/client
-- Set non-toolchain portion of runtime path of "/home/zhang/rosprc_ws/install/cpp_srvcli/lib/cpp_srvcli/client" to ""
-- Up-to-date: /home/zhang/rosprc_ws/install/cpp_srvcli/share/ament_index/resource_index/package_run_dependencies/cpp_srvcli
-- Up-to-date: /home/zhang/rosprc_ws/install/cpp_srvcli/share/ament_index/resource_index/parent_prefix_path/cpp_srvcli
-- Up-to-date: /home/zhang/rosprc_ws/install/cpp_srvcli/share/cpp_srvcli/environment/ament_prefix_path.sh
-- Up-to-date: /home/zhang/rosprc_ws/install/cpp_srvcli/share/cpp_srvcli/environment/ament_prefix_path.dsv
-- Up-to-date: /home/zhang/rosprc_ws/install/cpp_srvcli/share/cpp_srvcli/environment/path.sh
-- Up-to-date: /home/zhang/rosprc_ws/install/cpp_srvcli/share/cpp_srvcli/environment/path.dsv
-- Up-to-date: /home/zhang/rosprc_ws/install/cpp_srvcli/share/cpp_srvcli/local_setup.bash
-- Up-to-date: /home/zhang/rosprc_ws/install/cpp_srvcli/share/cpp_srvcli/local_setup.sh
-- Up-to-date: /home/zhang/rosprc_ws/install/cpp_srvcli/share/cpp_srvcli/local_setup.zsh
-- Up-to-date: /home/zhang/rosprc_ws/install/cpp_srvcli/share/cpp_srvcli/local_setup.dsv
-- Installing: /home/zhang/rosprc_ws/install/cpp_srvcli/share/cpp_srvcli/package.dsv
-- Up-to-date: /home/zhang/rosprc_ws/install/cpp_srvcli/share/ament_index/resource_index/packages/cpp_srvcli
-- Up-to-date: /home/zhang/rosprc_ws/install/cpp_srvcli/share/cpp_srvcli/cmake/cpp_srvcliConfig.cmake
-- Up-to-date: /home/zhang/rosprc_ws/install/cpp_srvcli/share/cpp_srvcli/cmake/cpp_srvcliConfig-version.cmake
-- Up-to-date: /home/zhang/rosprc_ws/install/cpp_srvcli/share/cpp_srvcli/package.xml
