[0.012s] Invoking command in '/home/zhang/rosprc_ws/build/cpp_srvcli': CMAKE_PREFIX_PATH=${CMAKE_PREFIX_PATH}:/opt/ros/jazzy /usr/bin/cmake --build /home/zhang/rosprc_ws/build/cpp_srvcli -- -j20 -l20
[0.122s] -- Found ament_cmake: 2.5.6 (/opt/ros/jazzy/share/ament_cmake/cmake)
[0.592s] -- Found rclcpp: 28.1.21 (/opt/ros/jazzy/share/rclcpp/cmake)
[1.089s] -- Found rosidl_generator_c: 4.6.9 (/opt/ros/jazzy/share/rosidl_generator_c/cmake)
[1.112s] -- Found rosidl_generator_cpp: 4.6.9 (/opt/ros/jazzy/share/rosidl_generator_cpp/cmake)
[1.147s] -- Using all available rosidl_typesupport_c: rosidl_typesupport_fastrtps_c;rosidl_typesupport_introspection_c
[1.174s] -- Using all available rosidl_typesupport_cpp: rosidl_typesupport_fastrtps_cpp;rosidl_typesupport_introspection_cpp
[1.262s] -- Found rmw_implementation_cmake: 7.3.3 (/opt/ros/jazzy/share/rmw_implementation_cmake/cmake)
[1.265s] -- Found rmw_fastrtps_cpp: 8.4.4 (/opt/ros/jazzy/share/rmw_fastrtps_cpp/cmake)
[1.698s] -- Using RMW implementation 'rmw_fastrtps_cpp' as default
[1.948s] -- Found example_interfaces: 0.12.1 (/opt/ros/jazzy/share/example_interfaces/cmake)
[2.029s] -- Found ament_lint_auto: 0.17.5 (/opt/ros/jazzy/share/ament_lint_auto/cmake)
[2.141s] -- Added test 'cppcheck' to perform static code analysis on C / C++ code
[2.141s] -- Configured cppcheck include dirs: 
[2.141s] -- Configured cppcheck exclude dirs and/or files: 
[2.142s] -- Added test 'flake8' to check Python code syntax and style conventions
[2.143s] -- Configured 'flake8' exclude dirs and/or files: 
[2.144s] -- Added test 'lint_cmake' to check CMake code style
[2.145s] -- Added test 'pep257' to check Python code against some of the docstring style conventions in PEP 257
[2.147s] -- Added test 'uncrustify' to check C / C++ code style
[2.148s] -- Configured uncrustify additional arguments: 
[2.148s] -- Added test 'xmllint' to check XML markup files
[2.151s] -- Configuring done (2.0s)
[2.171s] -- Generating done (0.0s)
[2.178s] -- Build files have been written to: /home/zhang/rosprc_ws/build/cpp_srvcli
[2.212s] [ 25%] Building CXX object CMakeFiles/client.dir/src/add_two_ints_client.cpp.o
[2.220s] [ 75%] Built target server
[6.506s] [100%] Linking CXX executable client
[6.790s] [100%] Built target client
[6.801s] Invoked command in '/home/zhang/rosprc_ws/build/cpp_srvcli' returned '0': CMAKE_PREFIX_PATH=${CMAKE_PREFIX_PATH}:/opt/ros/jazzy /usr/bin/cmake --build /home/zhang/rosprc_ws/build/cpp_srvcli -- -j20 -l20
[6.812s] Invoking command in '/home/zhang/rosprc_ws/build/cpp_srvcli': CMAKE_PREFIX_PATH=${CMAKE_PREFIX_PATH}:/opt/ros/jazzy /usr/bin/cmake --install /home/zhang/rosprc_ws/build/cpp_srvcli
[6.819s] -- Install configuration: ""
[6.820s] -- Up-to-date: /home/zhang/rosprc_ws/install/cpp_srvcli/lib/cpp_srvcli/server
[6.820s] -- Installing: /home/zhang/rosprc_ws/install/cpp_srvcli/lib/cpp_srvcli/client
[6.823s] -- Set non-toolchain portion of runtime path of "/home/zhang/rosprc_ws/install/cpp_srvcli/lib/cpp_srvcli/client" to ""
[6.823s] -- Up-to-date: /home/zhang/rosprc_ws/install/cpp_srvcli/share/ament_index/resource_index/package_run_dependencies/cpp_srvcli
[6.823s] -- Up-to-date: /home/zhang/rosprc_ws/install/cpp_srvcli/share/ament_index/resource_index/parent_prefix_path/cpp_srvcli
[6.823s] -- Up-to-date: /home/zhang/rosprc_ws/install/cpp_srvcli/share/cpp_srvcli/environment/ament_prefix_path.sh
[6.823s] -- Up-to-date: /home/zhang/rosprc_ws/install/cpp_srvcli/share/cpp_srvcli/environment/ament_prefix_path.dsv
[6.823s] -- Up-to-date: /home/zhang/rosprc_ws/install/cpp_srvcli/share/cpp_srvcli/environment/path.sh
[6.824s] -- Up-to-date: /home/zhang/rosprc_ws/install/cpp_srvcli/share/cpp_srvcli/environment/path.dsv
[6.824s] -- Up-to-date: /home/zhang/rosprc_ws/install/cpp_srvcli/share/cpp_srvcli/local_setup.bash
[6.824s] -- Up-to-date: /home/zhang/rosprc_ws/install/cpp_srvcli/share/cpp_srvcli/local_setup.sh
[6.824s] -- Up-to-date: /home/zhang/rosprc_ws/install/cpp_srvcli/share/cpp_srvcli/local_setup.zsh
[6.824s] -- Up-to-date: /home/zhang/rosprc_ws/install/cpp_srvcli/share/cpp_srvcli/local_setup.dsv
[6.824s] -- Installing: /home/zhang/rosprc_ws/install/cpp_srvcli/share/cpp_srvcli/package.dsv
[6.824s] -- Up-to-date: /home/zhang/rosprc_ws/install/cpp_srvcli/share/ament_index/resource_index/packages/cpp_srvcli
[6.824s] -- Up-to-date: /home/zhang/rosprc_ws/install/cpp_srvcli/share/cpp_srvcli/cmake/cpp_srvcliConfig.cmake
[6.824s] -- Up-to-date: /home/zhang/rosprc_ws/install/cpp_srvcli/share/cpp_srvcli/cmake/cpp_srvcliConfig-version.cmake
[6.825s] -- Up-to-date: /home/zhang/rosprc_ws/install/cpp_srvcli/share/cpp_srvcli/package.xml
[6.825s] Invoked command in '/home/zhang/rosprc_ws/build/cpp_srvcli' returned '0': CMAKE_PREFIX_PATH=${CMAKE_PREFIX_PATH}:/opt/ros/jazzy /usr/bin/cmake --install /home/zhang/rosprc_ws/build/cpp_srvcli
