[0.365s] Invoking command in '/home/zhang/rosprc_ws/build/examples_rclcpp_minimal_publisher': CMAKE_PREFIX_PATH=${CMAKE_PREFIX_PATH}:/opt/ros/jazzy /usr/bin/cmake --build /home/zhang/rosprc_ws/build/examples_rclcpp_minimal_publisher -- -j20 -l20
[3.040s] [ 16%] Built target publisher_member_function
[3.040s] [ 33%] Built target publisher_lambda
[3.040s] [ 50%] Built target publisher_not_composable
[3.040s] [ 66%] Built target publisher_wait_for_all_acked
[3.040s] [ 91%] Built target publisher_member_function_with_unique_network_flow_endpoints
[3.040s] [100%] Built target publisher_member_function_with_type_adapter
[3.095s] Invoked command in '/home/zhang/rosprc_ws/build/examples_rclcpp_minimal_publisher' returned '0': CMAKE_PREFIX_PATH=${CMAKE_PREFIX_PATH}:/opt/ros/jazzy /usr/bin/cmake --build /home/zhang/rosprc_ws/build/examples_rclcpp_minimal_publisher -- -j20 -l20
[3.099s] Invoking command in '/home/zhang/rosprc_ws/build/examples_rclcpp_minimal_publisher': CMAKE_PREFIX_PATH=${CMAKE_PREFIX_PATH}:/opt/ros/jazzy /usr/bin/cmake --install /home/zhang/rosprc_ws/build/examples_rclcpp_minimal_publisher
[3.314s] -- Install configuration: ""
[3.314s] -- Execute custom install script
[3.315s] -- Up-to-date symlink: /home/zhang/rosprc_ws/install/examples_rclcpp_minimal_publisher/lib/examples_rclcpp_minimal_publisher/publisher_lambda
[3.315s] -- Up-to-date symlink: /home/zhang/rosprc_ws/install/examples_rclcpp_minimal_publisher/lib/examples_rclcpp_minimal_publisher/publisher_member_function
[3.315s] -- Up-to-date symlink: /home/zhang/rosprc_ws/install/examples_rclcpp_minimal_publisher/lib/examples_rclcpp_minimal_publisher/publisher_member_function_with_type_adapter
[3.316s] -- Up-to-date symlink: /home/zhang/rosprc_ws/install/examples_rclcpp_minimal_publisher/lib/examples_rclcpp_minimal_publisher/publisher_member_function_with_unique_network_flow_endpoints
[3.316s] -- Up-to-date symlink: /home/zhang/rosprc_ws/install/examples_rclcpp_minimal_publisher/lib/examples_rclcpp_minimal_publisher/publisher_wait_for_all_acked
[3.318s] -- Up-to-date symlink: /home/zhang/rosprc_ws/install/examples_rclcpp_minimal_publisher/lib/examples_rclcpp_minimal_publisher/publisher_not_composable
[3.321s] -- Up-to-date symlink: /home/zhang/rosprc_ws/install/examples_rclcpp_minimal_publisher/share/ament_index/resource_index/package_run_dependencies/examples_rclcpp_minimal_publisher
[3.323s] -- Up-to-date symlink: /home/zhang/rosprc_ws/install/examples_rclcpp_minimal_publisher/share/ament_index/resource_index/parent_prefix_path/examples_rclcpp_minimal_publisher
[3.326s] -- Up-to-date symlink: /home/zhang/rosprc_ws/install/examples_rclcpp_minimal_publisher/share/examples_rclcpp_minimal_publisher/environment/ament_prefix_path.sh
[3.327s] -- Up-to-date symlink: /home/zhang/rosprc_ws/install/examples_rclcpp_minimal_publisher/share/examples_rclcpp_minimal_publisher/environment/ament_prefix_path.dsv
[3.327s] -- Up-to-date symlink: /home/zhang/rosprc_ws/install/examples_rclcpp_minimal_publisher/share/examples_rclcpp_minimal_publisher/environment/path.sh
[3.327s] -- Up-to-date symlink: /home/zhang/rosprc_ws/install/examples_rclcpp_minimal_publisher/share/examples_rclcpp_minimal_publisher/environment/path.dsv
[3.328s] -- Up-to-date symlink: /home/zhang/rosprc_ws/install/examples_rclcpp_minimal_publisher/share/examples_rclcpp_minimal_publisher/local_setup.bash
[3.330s] -- Up-to-date symlink: /home/zhang/rosprc_ws/install/examples_rclcpp_minimal_publisher/share/examples_rclcpp_minimal_publisher/local_setup.sh
[3.332s] -- Up-to-date symlink: /home/zhang/rosprc_ws/install/examples_rclcpp_minimal_publisher/share/examples_rclcpp_minimal_publisher/local_setup.zsh
[3.332s] -- Up-to-date symlink: /home/zhang/rosprc_ws/install/examples_rclcpp_minimal_publisher/share/examples_rclcpp_minimal_publisher/local_setup.dsv
[3.332s] -- Symlinking: /home/zhang/rosprc_ws/install/examples_rclcpp_minimal_publisher/share/examples_rclcpp_minimal_publisher/package.dsv
[3.352s] -- Up-to-date symlink: /home/zhang/rosprc_ws/install/examples_rclcpp_minimal_publisher/share/ament_index/resource_index/packages/examples_rclcpp_minimal_publisher
[3.352s] -- Up-to-date symlink: /home/zhang/rosprc_ws/install/examples_rclcpp_minimal_publisher/share/examples_rclcpp_minimal_publisher/cmake/examples_rclcpp_minimal_publisherConfig.cmake
[3.352s] -- Up-to-date symlink: /home/zhang/rosprc_ws/install/examples_rclcpp_minimal_publisher/share/examples_rclcpp_minimal_publisher/cmake/examples_rclcpp_minimal_publisherConfig-version.cmake
[3.352s] -- Up-to-date symlink: /home/zhang/rosprc_ws/install/examples_rclcpp_minimal_publisher/share/examples_rclcpp_minimal_publisher/package.xml
[3.677s] Invoked command in '/home/zhang/rosprc_ws/build/examples_rclcpp_minimal_publisher' returned '0': CMAKE_PREFIX_PATH=${CMAKE_PREFIX_PATH}:/opt/ros/jazzy /usr/bin/cmake --install /home/zhang/rosprc_ws/build/examples_rclcpp_minimal_publisher
