[0.115s] Invoking command in '/home/zhang/rosprc_ws/build/examples_rclcpp_minimal_action_client': CMAKE_PREFIX_PATH=${CMAKE_PREFIX_PATH}:/opt/ros/jazzy /usr/bin/cmake /home/zhang/rosprc_ws/src/examples/rclcpp/actions/minimal_action_client -DCMAKE_EXPORT_COMPILE_COMMANDS=ON -DCMAKE_INSTALL_PREFIX=/home/zhang/rosprc_ws/install/examples_rclcpp_minimal_action_client
[2.397s] -- Found ament_cmake: 2.5.6 (/opt/ros/jazzy/share/ament_cmake/cmake)
[2.397s] -- Override CMake install command with custom implementation using symlinks instead of copying resources
[2.397s] -- Found example_interfaces: 0.12.1 (/opt/ros/jazzy/share/example_interfaces/cmake)
[3.579s] -- Found rosidl_generator_c: 4.6.9 (/opt/ros/jazzy/share/rosidl_generator_c/cmake)
[3.606s] -- Found rosidl_generator_cpp: 4.6.9 (/opt/ros/jazzy/share/rosidl_generator_cpp/cmake)
[3.628s] -- Using all available rosidl_typesupport_c: rosidl_typesupport_fastrtps_c;rosidl_typesupport_introspection_c
[3.656s] -- Using all available rosidl_typesupport_cpp: rosidl_typesupport_fastrtps_cpp;rosidl_typesupport_introspection_cpp
[3.839s] -- Found rclcpp: 28.1.21 (/opt/ros/jazzy/share/rclcpp/cmake)
[3.907s] -- Found rmw_implementation_cmake: 7.3.3 (/opt/ros/jazzy/share/rmw_implementation_cmake/cmake)
[3.908s] -- Found rmw_fastrtps_cpp: 8.4.4 (/opt/ros/jazzy/share/rmw_fastrtps_cpp/cmake)
[4.136s] -- Using RMW implementation 'rmw_fastrtps_cpp' as default
[4.608s] -- Found rclcpp_action: 28.1.21 (/opt/ros/jazzy/share/rclcpp_action/cmake)
[4.608s] -- Found ament_lint_auto: 0.17.5 (/opt/ros/jazzy/share/ament_lint_auto/cmake)
[4.608s] -- Added test 'copyright' to check source files copyright and LICENSE
[4.608s] -- Added test 'cppcheck' to perform static code analysis on C / C++ code
[4.608s] -- Configured cppcheck include dirs: 
[4.609s] -- Configured cppcheck exclude dirs and/or files: 
[4.610s] -- Added test 'cpplint' to check C / C++ code against the Google style
[4.612s] -- Configured cpplint exclude dirs and/or files: 
[4.612s] -- Added test 'lint_cmake' to check CMake code style
[4.615s] -- Added test 'uncrustify' to check C / C++ code style
[4.616s] -- Configured uncrustify additional arguments: 
[4.616s] -- Added test 'xmllint' to check XML markup files
[4.699s] -- Configuring done (4.4s)
[4.699s] -- Generating done (0.0s)
[4.699s] -- Build files have been written to: /home/zhang/rosprc_ws/build/examples_rclcpp_minimal_action_client
[4.711s] Invoked command in '/home/zhang/rosprc_ws/build/examples_rclcpp_minimal_action_client' returned '0': CMAKE_PREFIX_PATH=${CMAKE_PREFIX_PATH}:/opt/ros/jazzy /usr/bin/cmake /home/zhang/rosprc_ws/src/examples/rclcpp/actions/minimal_action_client -DCMAKE_EXPORT_COMPILE_COMMANDS=ON -DCMAKE_INSTALL_PREFIX=/home/zhang/rosprc_ws/install/examples_rclcpp_minimal_action_client
[4.713s] Invoking command in '/home/zhang/rosprc_ws/build/examples_rclcpp_minimal_action_client': CMAKE_PREFIX_PATH=${CMAKE_PREFIX_PATH}:/opt/ros/jazzy /usr/bin/cmake --build /home/zhang/rosprc_ws/build/examples_rclcpp_minimal_action_client -- -j20 -l20
[5.017s] [ 25%] Built target action_client_not_composable_with_cancel
[5.017s] [ 75%] Built target action_client_member_functions
[5.017s] [ 50%] Built target action_client_not_composable
[5.018s] [100%] Built target action_client_not_composable_with_feedback
[5.043s] Invoked command in '/home/zhang/rosprc_ws/build/examples_rclcpp_minimal_action_client' returned '0': CMAKE_PREFIX_PATH=${CMAKE_PREFIX_PATH}:/opt/ros/jazzy /usr/bin/cmake --build /home/zhang/rosprc_ws/build/examples_rclcpp_minimal_action_client -- -j20 -l20
[5.044s] Invoking command in '/home/zhang/rosprc_ws/build/examples_rclcpp_minimal_action_client': CMAKE_PREFIX_PATH=${CMAKE_PREFIX_PATH}:/opt/ros/jazzy /usr/bin/cmake --install /home/zhang/rosprc_ws/build/examples_rclcpp_minimal_action_client
[5.104s] -- Install configuration: ""
[5.104s] -- Execute custom install script
[5.104s] -- Up-to-date symlink: /home/zhang/rosprc_ws/install/examples_rclcpp_minimal_action_client/lib/examples_rclcpp_minimal_action_client/action_client_member_functions
[5.104s] -- Up-to-date symlink: /home/zhang/rosprc_ws/install/examples_rclcpp_minimal_action_client/lib/examples_rclcpp_minimal_action_client/action_client_not_composable
[5.104s] -- Up-to-date symlink: /home/zhang/rosprc_ws/install/examples_rclcpp_minimal_action_client/lib/examples_rclcpp_minimal_action_client/action_client_not_composable_with_cancel
[5.104s] -- Up-to-date symlink: /home/zhang/rosprc_ws/install/examples_rclcpp_minimal_action_client/lib/examples_rclcpp_minimal_action_client/action_client_not_composable_with_feedback
[5.104s] -- Up-to-date symlink: /home/zhang/rosprc_ws/install/examples_rclcpp_minimal_action_client/share/ament_index/resource_index/package_run_dependencies/examples_rclcpp_minimal_action_client
[5.104s] -- Up-to-date symlink: /home/zhang/rosprc_ws/install/examples_rclcpp_minimal_action_client/share/ament_index/resource_index/parent_prefix_path/examples_rclcpp_minimal_action_client
[5.105s] -- Up-to-date symlink: /home/zhang/rosprc_ws/install/examples_rclcpp_minimal_action_client/share/examples_rclcpp_minimal_action_client/environment/ament_prefix_path.sh
[5.105s] -- Up-to-date symlink: /home/zhang/rosprc_ws/install/examples_rclcpp_minimal_action_client/share/examples_rclcpp_minimal_action_client/environment/ament_prefix_path.dsv
[5.105s] -- Up-to-date symlink: /home/zhang/rosprc_ws/install/examples_rclcpp_minimal_action_client/share/examples_rclcpp_minimal_action_client/environment/path.sh
[5.105s] -- Up-to-date symlink: /home/zhang/rosprc_ws/install/examples_rclcpp_minimal_action_client/share/examples_rclcpp_minimal_action_client/environment/path.dsv
[5.106s] -- Up-to-date symlink: /home/zhang/rosprc_ws/install/examples_rclcpp_minimal_action_client/share/examples_rclcpp_minimal_action_client/local_setup.bash
[5.106s] -- Up-to-date symlink: /home/zhang/rosprc_ws/install/examples_rclcpp_minimal_action_client/share/examples_rclcpp_minimal_action_client/local_setup.sh
[5.106s] -- Up-to-date symlink: /home/zhang/rosprc_ws/install/examples_rclcpp_minimal_action_client/share/examples_rclcpp_minimal_action_client/local_setup.zsh
[5.106s] -- Up-to-date symlink: /home/zhang/rosprc_ws/install/examples_rclcpp_minimal_action_client/share/examples_rclcpp_minimal_action_client/local_setup.dsv
[5.106s] -- Symlinking: /home/zhang/rosprc_ws/install/examples_rclcpp_minimal_action_client/share/examples_rclcpp_minimal_action_client/package.dsv
[5.106s] -- Up-to-date symlink: /home/zhang/rosprc_ws/install/examples_rclcpp_minimal_action_client/share/ament_index/resource_index/packages/examples_rclcpp_minimal_action_client
[5.106s] -- Up-to-date symlink: /home/zhang/rosprc_ws/install/examples_rclcpp_minimal_action_client/share/examples_rclcpp_minimal_action_client/cmake/examples_rclcpp_minimal_action_clientConfig.cmake
[5.106s] -- Up-to-date symlink: /home/zhang/rosprc_ws/install/examples_rclcpp_minimal_action_client/share/examples_rclcpp_minimal_action_client/cmake/examples_rclcpp_minimal_action_clientConfig-version.cmake
[5.106s] -- Up-to-date symlink: /home/zhang/rosprc_ws/install/examples_rclcpp_minimal_action_client/share/examples_rclcpp_minimal_action_client/package.xml
[5.191s] Invoked command in '/home/zhang/rosprc_ws/build/examples_rclcpp_minimal_action_client' returned '0': CMAKE_PREFIX_PATH=${CMAKE_PREFIX_PATH}:/opt/ros/jazzy /usr/bin/cmake --install /home/zhang/rosprc_ws/build/examples_rclcpp_minimal_action_client
