[3.353s] Invoking command in '/home/zhang/rosprc_ws/src/examples/rclpy/topics/minimal_publisher': PYTHONPATH=/home/zhang/rosprc_ws/build/examples_rclpy_minimal_publisher/prefix_override:/usr/lib/python3/dist-packages/colcon_core/task/python/colcon_distutils_commands:/home/zhang/rosprc_ws/install/examples_rclpy_minimal_publisher/lib/python3.12/site-packages:${PYTHONPATH} /usr/bin/python3 -W ignore:setup.py install is deprecated -W ignore:easy_install command is deprecated setup.py egg_info --egg-base ../../../../../build/examples_rclpy_minimal_publisher build --build-base /home/zhang/rosprc_ws/build/examples_rclpy_minimal_publisher/build install --record /home/zhang/rosprc_ws/build/examples_rclpy_minimal_publisher/install.log --install-scripts $base/lib/examples_rclpy_minimal_publisher --single-version-externally-managed install_data
[3.752s] running egg_info
[3.792s] writing ../../../../../build/examples_rclpy_minimal_publisher/examples_rclpy_minimal_publisher.egg-info/PKG-INFO
[3.793s] writing dependency_links to ../../../../../build/examples_rclpy_minimal_publisher/examples_rclpy_minimal_publisher.egg-info/dependency_links.txt
[3.793s] writing entry points to ../../../../../build/examples_rclpy_minimal_publisher/examples_rclpy_minimal_publisher.egg-info/entry_points.txt
[3.793s] writing requirements to ../../../../../build/examples_rclpy_minimal_publisher/examples_rclpy_minimal_publisher.egg-info/requires.txt
[3.794s] writing top-level names to ../../../../../build/examples_rclpy_minimal_publisher/examples_rclpy_minimal_publisher.egg-info/top_level.txt
[3.855s] reading manifest file '../../../../../build/examples_rclpy_minimal_publisher/examples_rclpy_minimal_publisher.egg-info/SOURCES.txt'
[3.858s] writing manifest file '../../../../../build/examples_rclpy_minimal_publisher/examples_rclpy_minimal_publisher.egg-info/SOURCES.txt'
[3.859s] running build
[3.859s] running build_py
[3.860s] running install
[3.873s] running install_lib
[3.899s] running install_data
[3.899s] running install_egg_info
[3.937s] removing '/home/zhang/rosprc_ws/install/examples_rclpy_minimal_publisher/lib/python3.12/site-packages/examples_rclpy_minimal_publisher-0.19.7-py3.12.egg-info' (and everything under it)
[3.938s] Copying ../../../../../build/examples_rclpy_minimal_publisher/examples_rclpy_minimal_publisher.egg-info to /home/zhang/rosprc_ws/install/examples_rclpy_minimal_publisher/lib/python3.12/site-packages/examples_rclpy_minimal_publisher-0.19.7-py3.12.egg-info
[3.940s] running install_scripts
[4.171s] Installing publisher_local_function script to /home/zhang/rosprc_ws/install/examples_rclpy_minimal_publisher/lib/examples_rclpy_minimal_publisher
[4.172s] Installing publisher_member_function script to /home/zhang/rosprc_ws/install/examples_rclpy_minimal_publisher/lib/examples_rclpy_minimal_publisher
[4.172s] Installing publisher_member_function_with_wait_for_all_acked script to /home/zhang/rosprc_ws/install/examples_rclpy_minimal_publisher/lib/examples_rclpy_minimal_publisher
[4.173s] Installing publisher_old_school script to /home/zhang/rosprc_ws/install/examples_rclpy_minimal_publisher/lib/examples_rclpy_minimal_publisher
[4.173s] writing list of installed files to '/home/zhang/rosprc_ws/build/examples_rclpy_minimal_publisher/install.log'
[4.561s] Invoked command in '/home/zhang/rosprc_ws/src/examples/rclpy/topics/minimal_publisher' returned '0': PYTHONPATH=/home/zhang/rosprc_ws/build/examples_rclpy_minimal_publisher/prefix_override:/usr/lib/python3/dist-packages/colcon_core/task/python/colcon_distutils_commands:/home/zhang/rosprc_ws/install/examples_rclpy_minimal_publisher/lib/python3.12/site-packages:${PYTHONPATH} /usr/bin/python3 -W ignore:setup.py install is deprecated -W ignore:easy_install command is deprecated setup.py egg_info --egg-base ../../../../../build/examples_rclpy_minimal_publisher build --build-base /home/zhang/rosprc_ws/build/examples_rclpy_minimal_publisher/build install --record /home/zhang/rosprc_ws/build/examples_rclpy_minimal_publisher/install.log --install-scripts $base/lib/examples_rclpy_minimal_publisher --single-version-externally-managed install_data
