[2.363s] Invoking command in '/home/zhang/rosprc_ws/src/python_parameters': PYTHONPATH=/home/zhang/rosprc_ws/build/python_parameters/prefix_override:/usr/lib/python3/dist-packages/colcon_core/task/python/colcon_distutils_commands:/home/zhang/rosprc_ws/install/python_parameters/lib/python3.12/site-packages:${PYTHONPATH} /usr/bin/python3 -W ignore:setup.py install is deprecated -W ignore:easy_install command is deprecated setup.py egg_info --egg-base ../../build/python_parameters build --build-base /home/zhang/rosprc_ws/build/python_parameters/build install --record /home/zhang/rosprc_ws/build/python_parameters/install.log --install-scripts $base/lib/python_parameters --single-version-externally-managed install_data
[2.703s] running egg_info
[2.723s] writing ../../build/python_parameters/python_parameters.egg-info/PKG-INFO
[2.725s] writing dependency_links to ../../build/python_parameters/python_parameters.egg-info/dependency_links.txt
[2.725s] writing entry points to ../../build/python_parameters/python_parameters.egg-info/entry_points.txt
[2.726s] writing requirements to ../../build/python_parameters/python_parameters.egg-info/requires.txt
[2.726s] writing top-level names to ../../build/python_parameters/python_parameters.egg-info/top_level.txt
[2.772s] reading manifest file '../../build/python_parameters/python_parameters.egg-info/SOURCES.txt'
[2.774s] adding license file 'LICENSE'
[2.775s] writing manifest file '../../build/python_parameters/python_parameters.egg-info/SOURCES.txt'
[2.775s] running build
[2.775s] running build_py
[2.776s] running install
[2.783s] running install_lib
[2.805s] running install_data
[2.805s] running install_egg_info
[2.827s] removing '/home/zhang/rosprc_ws/install/python_parameters/lib/python3.12/site-packages/python_parameters-0.0.0-py3.12.egg-info' (and everything under it)
[2.828s] Copying ../../build/python_parameters/python_parameters.egg-info to /home/zhang/rosprc_ws/install/python_parameters/lib/python3.12/site-packages/python_parameters-0.0.0-py3.12.egg-info
[2.830s] running install_scripts
[2.983s] Installing minimal_param_node script to /home/zhang/rosprc_ws/install/python_parameters/lib/python_parameters
[2.984s] writing list of installed files to '/home/zhang/rosprc_ws/build/python_parameters/install.log'
[3.018s] Invoked command in '/home/zhang/rosprc_ws/src/python_parameters' returned '0': PYTHONPATH=/home/zhang/rosprc_ws/build/python_parameters/prefix_override:/usr/lib/python3/dist-packages/colcon_core/task/python/colcon_distutils_commands:/home/zhang/rosprc_ws/install/python_parameters/lib/python3.12/site-packages:${PYTHONPATH} /usr/bin/python3 -W ignore:setup.py install is deprecated -W ignore:easy_install command is deprecated setup.py egg_info --egg-base ../../build/python_parameters build --build-base /home/zhang/rosprc_ws/build/python_parameters/build install --record /home/zhang/rosprc_ws/build/python_parameters/install.log --install-scripts $base/lib/python_parameters --single-version-externally-managed install_data
