[3.623s] Invoking command in '/home/zhang/rosprc_ws/src/examples/rclpy/topics/minimal_publisher': PYTHONPATH=/home/zhang/rosprc_ws/build/examples_rclpy_minimal_publisher/prefix_override:/usr/lib/python3/dist-packages/colcon_core/task/python/colcon_distutils_commands:/home/zhang/rosprc_ws/install/examples_rclpy_minimal_publisher/lib/python3.12/site-packages:${PYTHONPATH} /usr/bin/python3 -W ignore:setup.py install is deprecated -W ignore:easy_install command is deprecated setup.py egg_info --egg-base ../../../../../build/examples_rclpy_minimal_publisher build --build-base /home/zhang/rosprc_ws/build/examples_rclpy_minimal_publisher/build install --record /home/zhang/rosprc_ws/build/examples_rclpy_minimal_publisher/install.log --install-scripts $base/lib/examples_rclpy_minimal_publisher --single-version-externally-managed install_data
[4.031s] running egg_info
[4.057s] writing ../../../../../build/examples_rclpy_minimal_publisher/examples_rclpy_minimal_publisher.egg-info/PKG-INFO
[4.058s] writing dependency_links to ../../../../../build/examples_rclpy_minimal_publisher/examples_rclpy_minimal_publisher.egg-info/dependency_links.txt
[4.058s] writing entry points to ../../../../../build/examples_rclpy_minimal_publisher/examples_rclpy_minimal_publisher.egg-info/entry_points.txt
[4.058s] writing requirements to ../../../../../build/examples_rclpy_minimal_publisher/examples_rclpy_minimal_publisher.egg-info/requires.txt
[4.058s] writing top-level names to ../../../../../build/examples_rclpy_minimal_publisher/examples_rclpy_minimal_publisher.egg-info/top_level.txt
[4.105s] reading manifest file '../../../../../build/examples_rclpy_minimal_publisher/examples_rclpy_minimal_publisher.egg-info/SOURCES.txt'
[4.108s] writing manifest file '../../../../../build/examples_rclpy_minimal_publisher/examples_rclpy_minimal_publisher.egg-info/SOURCES.txt'
[4.108s] running build
[4.108s] running build_py
[4.108s] running install
[4.114s] running install_lib
[4.134s] running install_data
[4.135s] running install_egg_info
[4.161s] removing '/home/zhang/rosprc_ws/install/examples_rclpy_minimal_publisher/lib/python3.12/site-packages/examples_rclpy_minimal_publisher-0.19.7-py3.12.egg-info' (and everything under it)
[4.163s] Copying ../../../../../build/examples_rclpy_minimal_publisher/examples_rclpy_minimal_publisher.egg-info to /home/zhang/rosprc_ws/install/examples_rclpy_minimal_publisher/lib/python3.12/site-packages/examples_rclpy_minimal_publisher-0.19.7-py3.12.egg-info
[4.166s] running install_scripts
[4.334s] Installing publisher_local_function script to /home/zhang/rosprc_ws/install/examples_rclpy_minimal_publisher/lib/examples_rclpy_minimal_publisher
[4.334s] Installing publisher_member_function script to /home/zhang/rosprc_ws/install/examples_rclpy_minimal_publisher/lib/examples_rclpy_minimal_publisher
[4.334s] Installing publisher_member_function_with_wait_for_all_acked script to /home/zhang/rosprc_ws/install/examples_rclpy_minimal_publisher/lib/examples_rclpy_minimal_publisher
[4.335s] Installing publisher_old_school script to /home/zhang/rosprc_ws/install/examples_rclpy_minimal_publisher/lib/examples_rclpy_minimal_publisher
[4.335s] writing list of installed files to '/home/zhang/rosprc_ws/build/examples_rclpy_minimal_publisher/install.log'
[4.385s] Invoked command in '/home/zhang/rosprc_ws/src/examples/rclpy/topics/minimal_publisher' returned '0': PYTHONPATH=/home/zhang/rosprc_ws/build/examples_rclpy_minimal_publisher/prefix_override:/usr/lib/python3/dist-packages/colcon_core/task/python/colcon_distutils_commands:/home/zhang/rosprc_ws/install/examples_rclpy_minimal_publisher/lib/python3.12/site-packages:${PYTHONPATH} /usr/bin/python3 -W ignore:setup.py install is deprecated -W ignore:easy_install command is deprecated setup.py egg_info --egg-base ../../../../../build/examples_rclpy_minimal_publisher build --build-base /home/zhang/rosprc_ws/build/examples_rclpy_minimal_publisher/build install --record /home/zhang/rosprc_ws/build/examples_rclpy_minimal_publisher/install.log --install-scripts $base/lib/examples_rclpy_minimal_publisher --single-version-externally-managed install_data
