[1.365s] Invoking command in '/home/zhang/rosprc_ws/build/my_package': CMAKE_PREFIX_PATH=${CMAKE_PREFIX_PATH}:/opt/ros/jazzy /usr/bin/cmake --build /home/zhang/rosprc_ws/build/my_package -- -j20 -l20
[2.282s] [100%] Built target my_node
[2.319s] Invoked command in '/home/zhang/rosprc_ws/build/my_package' returned '0': CMAKE_PREFIX_PATH=${CMAKE_PREFIX_PATH}:/opt/ros/jazzy /usr/bin/cmake --build /home/zhang/rosprc_ws/build/my_package -- -j20 -l20
[2.327s] Invoking command in '/home/zhang/rosprc_ws/build/my_package': CMAKE_PREFIX_PATH=${CMAKE_PREFIX_PATH}:/opt/ros/jazzy /usr/bin/cmake --install /home/zhang/rosprc_ws/build/my_package
[2.347s] -- Install configuration: ""
[2.350s] -- Up-to-date: /home/zhang/rosprc_ws/install/my_package/lib/my_package/my_node
[2.350s] -- Up-to-date: /home/zhang/rosprc_ws/install/my_package/share/ament_index/resource_index/package_run_dependencies/my_package
[2.351s] -- Up-to-date: /home/zhang/rosprc_ws/install/my_package/share/ament_index/resource_index/parent_prefix_path/my_package
[2.351s] -- Up-to-date: /home/zhang/rosprc_ws/install/my_package/share/my_package/environment/ament_prefix_path.sh
[2.352s] -- Up-to-date: /home/zhang/rosprc_ws/install/my_package/share/my_package/environment/ament_prefix_path.dsv
[2.352s] -- Up-to-date: /home/zhang/rosprc_ws/install/my_package/share/my_package/environment/path.sh
[2.352s] -- Up-to-date: /home/zhang/rosprc_ws/install/my_package/share/my_package/environment/path.dsv
[2.352s] -- Up-to-date: /home/zhang/rosprc_ws/install/my_package/share/my_package/local_setup.bash
[2.352s] -- Up-to-date: /home/zhang/rosprc_ws/install/my_package/share/my_package/local_setup.sh
[2.352s] -- Up-to-date: /home/zhang/rosprc_ws/install/my_package/share/my_package/local_setup.zsh
[2.352s] -- Up-to-date: /home/zhang/rosprc_ws/install/my_package/share/my_package/local_setup.dsv
[2.353s] -- Installing: /home/zhang/rosprc_ws/install/my_package/share/my_package/package.dsv
[2.356s] -- Up-to-date: /home/zhang/rosprc_ws/install/my_package/share/ament_index/resource_index/packages/my_package
[2.356s] -- Up-to-date: /home/zhang/rosprc_ws/install/my_package/share/my_package/cmake/my_packageConfig.cmake
[2.356s] -- Up-to-date: /home/zhang/rosprc_ws/install/my_package/share/my_package/cmake/my_packageConfig-version.cmake
[2.356s] -- Up-to-date: /home/zhang/rosprc_ws/install/my_package/share/my_package/package.xml
[2.423s] Invoked command in '/home/zhang/rosprc_ws/build/my_package' returned '0': CMAKE_PREFIX_PATH=${CMAKE_PREFIX_PATH}:/opt/ros/jazzy /usr/bin/cmake --install /home/zhang/rosprc_ws/build/my_package
