[6.161s] Invoking command in '/home/zhang/rosprc_ws/src/examples/rclpy/services/minimal_client': PYTHONPATH=/home/zhang/rosprc_ws/build/examples_rclpy_minimal_client/prefix_override:/usr/lib/python3/dist-packages/colcon_core/task/python/colcon_distutils_commands:/home/zhang/rosprc_ws/install/examples_rclpy_minimal_client/lib/python3.12/site-packages:${PYTHONPATH} /usr/bin/python3 -W ignore:setup.py install is deprecated -W ignore:easy_install command is deprecated setup.py egg_info --egg-base ../../../../../build/examples_rclpy_minimal_client build --build-base /home/zhang/rosprc_ws/build/examples_rclpy_minimal_client/build install --record /home/zhang/rosprc_ws/build/examples_rclpy_minimal_client/install.log --install-scripts $base/lib/examples_rclpy_minimal_client --single-version-externally-managed install_data
[6.863s] running egg_info
[6.912s] writing ../../../../../build/examples_rclpy_minimal_client/examples_rclpy_minimal_client.egg-info/PKG-INFO
[6.913s] writing dependency_links to ../../../../../build/examples_rclpy_minimal_client/examples_rclpy_minimal_client.egg-info/dependency_links.txt
[6.914s] writing entry points to ../../../../../build/examples_rclpy_minimal_client/examples_rclpy_minimal_client.egg-info/entry_points.txt
[6.914s] writing requirements to ../../../../../build/examples_rclpy_minimal_client/examples_rclpy_minimal_client.egg-info/requires.txt
[6.915s] writing top-level names to ../../../../../build/examples_rclpy_minimal_client/examples_rclpy_minimal_client.egg-info/top_level.txt
[7.034s] reading manifest file '../../../../../build/examples_rclpy_minimal_client/examples_rclpy_minimal_client.egg-info/SOURCES.txt'
[7.036s] writing manifest file '../../../../../build/examples_rclpy_minimal_client/examples_rclpy_minimal_client.egg-info/SOURCES.txt'
[7.036s] running build
[7.041s] running build_py
[7.042s] running install
[7.067s] running install_lib
[7.141s] running install_data
[7.141s] running install_egg_info
[7.295s] removing '/home/zhang/rosprc_ws/install/examples_rclpy_minimal_client/lib/python3.12/site-packages/examples_rclpy_minimal_client-0.19.7-py3.12.egg-info' (and everything under it)
[7.295s] Copying ../../../../../build/examples_rclpy_minimal_client/examples_rclpy_minimal_client.egg-info to /home/zhang/rosprc_ws/install/examples_rclpy_minimal_client/lib/python3.12/site-packages/examples_rclpy_minimal_client-0.19.7-py3.12.egg-info
[7.299s] running install_scripts
[7.687s] Installing client script to /home/zhang/rosprc_ws/install/examples_rclpy_minimal_client/lib/examples_rclpy_minimal_client
[7.713s] Installing client_async script to /home/zhang/rosprc_ws/install/examples_rclpy_minimal_client/lib/examples_rclpy_minimal_client
[7.728s] Installing client_async_callback script to /home/zhang/rosprc_ws/install/examples_rclpy_minimal_client/lib/examples_rclpy_minimal_client
[7.728s] Installing client_async_member_function script to /home/zhang/rosprc_ws/install/examples_rclpy_minimal_client/lib/examples_rclpy_minimal_client
[7.728s] writing list of installed files to '/home/zhang/rosprc_ws/build/examples_rclpy_minimal_client/install.log'
[7.781s] Invoked command in '/home/zhang/rosprc_ws/src/examples/rclpy/services/minimal_client' returned '0': PYTHONPATH=/home/zhang/rosprc_ws/build/examples_rclpy_minimal_client/prefix_override:/usr/lib/python3/dist-packages/colcon_core/task/python/colcon_distutils_commands:/home/zhang/rosprc_ws/install/examples_rclpy_minimal_client/lib/python3.12/site-packages:${PYTHONPATH} /usr/bin/python3 -W ignore:setup.py install is deprecated -W ignore:easy_install command is deprecated setup.py egg_info --egg-base ../../../../../build/examples_rclpy_minimal_client build --build-base /home/zhang/rosprc_ws/build/examples_rclpy_minimal_client/build install --record /home/zhang/rosprc_ws/build/examples_rclpy_minimal_client/install.log --install-scripts $base/lib/examples_rclpy_minimal_client --single-version-externally-managed install_data
