[0.138s] Invoking command in '/home/zhang/rosprc_ws/build/examples_rclcpp_minimal_timer': CMAKE_PREFIX_PATH=${CMAKE_PREFIX_PATH}:/opt/ros/jazzy /usr/bin/cmake /home/zhang/rosprc_ws/src/examples/rclcpp/timers/minimal_timer -DCMAKE_INSTALL_PREFIX=/home/zhang/rosprc_ws/install/examples_rclcpp_minimal_timer
[2.380s] -- Found ament_cmake: 2.5.6 (/opt/ros/jazzy/share/ament_cmake/cmake)
[2.380s] -- Override CMake install command with custom implementation using symlinks instead of copying resources
[2.380s] -- Found rclcpp: 28.1.21 (/opt/ros/jazzy/share/rclcpp/cmake)
[3.715s] -- Found rosidl_generator_c: 4.6.9 (/opt/ros/jazzy/share/rosidl_generator_c/cmake)
[3.735s] -- Found rosidl_generator_cpp: 4.6.9 (/opt/ros/jazzy/share/rosidl_generator_cpp/cmake)
[3.757s] -- Using all available rosidl_typesupport_c: rosidl_typesupport_fastrtps_c;rosidl_typesupport_introspection_c
[3.789s] -- Using all available rosidl_typesupport_cpp: rosidl_typesupport_fastrtps_cpp;rosidl_typesupport_introspection_cpp
[3.924s] -- Found rmw_implementation_cmake: 7.3.3 (/opt/ros/jazzy/share/rmw_implementation_cmake/cmake)
[3.929s] -- Found rmw_fastrtps_cpp: 8.4.4 (/opt/ros/jazzy/share/rmw_fastrtps_cpp/cmake)
[4.248s] -- Using RMW implementation 'rmw_fastrtps_cpp' as default
[4.471s] -- Found ament_lint_auto: 0.17.5 (/opt/ros/jazzy/share/ament_lint_auto/cmake)
[4.643s] -- Added test 'copyright' to check source files copyright and LICENSE
[4.645s] -- Added test 'cppcheck' to perform static code analysis on C / C++ code
[4.645s] -- Configured cppcheck include dirs: 
[4.645s] -- Configured cppcheck exclude dirs and/or files: 
[4.646s] -- Added test 'cpplint' to check C / C++ code against the Google style
[4.647s] -- Configured cpplint exclude dirs and/or files: 
[4.648s] -- Added test 'lint_cmake' to check CMake code style
[4.650s] -- Added test 'uncrustify' to check C / C++ code style
[4.651s] -- Configured uncrustify additional arguments: 
[4.651s] -- Added test 'xmllint' to check XML markup files
[4.659s] -- Configuring done (4.5s)
[4.699s] -- Generating done (0.0s)
[4.712s] -- Build files have been written to: /home/zhang/rosprc_ws/build/examples_rclcpp_minimal_timer
[4.968s] Invoked command in '/home/zhang/rosprc_ws/build/examples_rclcpp_minimal_timer' returned '0': CMAKE_PREFIX_PATH=${CMAKE_PREFIX_PATH}:/opt/ros/jazzy /usr/bin/cmake /home/zhang/rosprc_ws/src/examples/rclcpp/timers/minimal_timer -DCMAKE_INSTALL_PREFIX=/home/zhang/rosprc_ws/install/examples_rclcpp_minimal_timer
[4.968s] Invoking command in '/home/zhang/rosprc_ws/build/examples_rclcpp_minimal_timer': CMAKE_PREFIX_PATH=${CMAKE_PREFIX_PATH}:/opt/ros/jazzy /usr/bin/cmake --build /home/zhang/rosprc_ws/build/examples_rclcpp_minimal_timer -- -j20 -l20
[5.073s] [ 50%] Built target timer_lambda
[5.081s] [100%] Built target timer_member_function
[5.574s] Invoked command in '/home/zhang/rosprc_ws/build/examples_rclcpp_minimal_timer' returned '0': CMAKE_PREFIX_PATH=${CMAKE_PREFIX_PATH}:/opt/ros/jazzy /usr/bin/cmake --build /home/zhang/rosprc_ws/build/examples_rclcpp_minimal_timer -- -j20 -l20
[5.576s] Invoking command in '/home/zhang/rosprc_ws/build/examples_rclcpp_minimal_timer': CMAKE_PREFIX_PATH=${CMAKE_PREFIX_PATH}:/opt/ros/jazzy /usr/bin/cmake --install /home/zhang/rosprc_ws/build/examples_rclcpp_minimal_timer
[5.622s] -- Install configuration: ""
[5.623s] -- Execute custom install script
[5.624s] -- Up-to-date symlink: /home/zhang/rosprc_ws/install/examples_rclcpp_minimal_timer/lib/examples_rclcpp_minimal_timer/timer_lambda
[5.631s] -- Up-to-date symlink: /home/zhang/rosprc_ws/install/examples_rclcpp_minimal_timer/lib/examples_rclcpp_minimal_timer/timer_member_function
[5.632s] -- Up-to-date symlink: /home/zhang/rosprc_ws/install/examples_rclcpp_minimal_timer/share/ament_index/resource_index/package_run_dependencies/examples_rclcpp_minimal_timer
[5.635s] -- Up-to-date symlink: /home/zhang/rosprc_ws/install/examples_rclcpp_minimal_timer/share/ament_index/resource_index/parent_prefix_path/examples_rclcpp_minimal_timer
[5.639s] -- Up-to-date symlink: /home/zhang/rosprc_ws/install/examples_rclcpp_minimal_timer/share/examples_rclcpp_minimal_timer/environment/ament_prefix_path.sh
[5.640s] -- Up-to-date symlink: /home/zhang/rosprc_ws/install/examples_rclcpp_minimal_timer/share/examples_rclcpp_minimal_timer/environment/ament_prefix_path.dsv
[5.640s] -- Up-to-date symlink: /home/zhang/rosprc_ws/install/examples_rclcpp_minimal_timer/share/examples_rclcpp_minimal_timer/environment/path.sh
[5.641s] -- Up-to-date symlink: /home/zhang/rosprc_ws/install/examples_rclcpp_minimal_timer/share/examples_rclcpp_minimal_timer/environment/path.dsv
[5.642s] -- Up-to-date symlink: /home/zhang/rosprc_ws/install/examples_rclcpp_minimal_timer/share/examples_rclcpp_minimal_timer/local_setup.bash
[5.642s] -- Up-to-date symlink: /home/zhang/rosprc_ws/install/examples_rclcpp_minimal_timer/share/examples_rclcpp_minimal_timer/local_setup.sh
[5.642s] -- Up-to-date symlink: /home/zhang/rosprc_ws/install/examples_rclcpp_minimal_timer/share/examples_rclcpp_minimal_timer/local_setup.zsh
[5.642s] -- Up-to-date symlink: /home/zhang/rosprc_ws/install/examples_rclcpp_minimal_timer/share/examples_rclcpp_minimal_timer/local_setup.dsv
[5.644s] -- Symlinking: /home/zhang/rosprc_ws/install/examples_rclcpp_minimal_timer/share/examples_rclcpp_minimal_timer/package.dsv
[5.644s] -- Up-to-date symlink: /home/zhang/rosprc_ws/install/examples_rclcpp_minimal_timer/share/ament_index/resource_index/packages/examples_rclcpp_minimal_timer
[5.646s] -- Up-to-date symlink: /home/zhang/rosprc_ws/install/examples_rclcpp_minimal_timer/share/examples_rclcpp_minimal_timer/cmake/examples_rclcpp_minimal_timerConfig.cmake
[5.647s] -- Up-to-date symlink: /home/zhang/rosprc_ws/install/examples_rclcpp_minimal_timer/share/examples_rclcpp_minimal_timer/cmake/examples_rclcpp_minimal_timerConfig-version.cmake
[5.665s] -- Up-to-date symlink: /home/zhang/rosprc_ws/install/examples_rclcpp_minimal_timer/share/examples_rclcpp_minimal_timer/package.xml
[5.740s] Invoked command in '/home/zhang/rosprc_ws/build/examples_rclcpp_minimal_timer' returned '0': CMAKE_PREFIX_PATH=${CMAKE_PREFIX_PATH}:/opt/ros/jazzy /usr/bin/cmake --install /home/zhang/rosprc_ws/build/examples_rclcpp_minimal_timer
