[4.233s] Invoking command in '/home/zhang/rosprc_ws/src/py_pubsub': PYTHONPATH=/home/zhang/rosprc_ws/build/py_pubsub/prefix_override:/usr/lib/python3/dist-packages/colcon_core/task/python/colcon_distutils_commands:/home/zhang/rosprc_ws/install/py_pubsub/lib/python3.12/site-packages:${PYTHONPATH} /usr/bin/python3 -W ignore:setup.py install is deprecated -W ignore:easy_install command is deprecated setup.py egg_info --egg-base ../../build/py_pubsub build --build-base /home/zhang/rosprc_ws/build/py_pubsub/build install --record /home/zhang/rosprc_ws/build/py_pubsub/install.log --install-scripts $base/lib/py_pubsub --single-version-externally-managed install_data
[4.874s] running egg_info
[4.917s] writing ../../build/py_pubsub/py_pubsub.egg-info/PKG-INFO
[4.919s] writing dependency_links to ../../build/py_pubsub/py_pubsub.egg-info/dependency_links.txt
[4.920s] writing entry points to ../../build/py_pubsub/py_pubsub.egg-info/entry_points.txt
[4.920s] writing requirements to ../../build/py_pubsub/py_pubsub.egg-info/requires.txt
[4.921s] writing top-level names to ../../build/py_pubsub/py_pubsub.egg-info/top_level.txt
[5.018s] reading manifest file '../../build/py_pubsub/py_pubsub.egg-info/SOURCES.txt'
[5.020s] adding license file 'LICENSE'
[5.022s] writing manifest file '../../build/py_pubsub/py_pubsub.egg-info/SOURCES.txt'
[5.022s] running build
[5.023s] running build_py
[5.023s] running install
[5.040s] running install_lib
[5.102s] running install_data
[5.102s] copying package.xml -> /home/zhang/rosprc_ws/install/py_pubsub/share/py_pubsub
[5.103s] running install_egg_info
[5.163s] removing '/home/zhang/rosprc_ws/install/py_pubsub/lib/python3.12/site-packages/py_pubsub-0.0.0-py3.12.egg-info' (and everything under it)
[5.164s] Copying ../../build/py_pubsub/py_pubsub.egg-info to /home/zhang/rosprc_ws/install/py_pubsub/lib/python3.12/site-packages/py_pubsub-0.0.0-py3.12.egg-info
[5.167s] running install_scripts
[5.490s] Installing listener script to /home/zhang/rosprc_ws/install/py_pubsub/lib/py_pubsub
[5.492s] Installing talker script to /home/zhang/rosprc_ws/install/py_pubsub/lib/py_pubsub
[5.492s] writing list of installed files to '/home/zhang/rosprc_ws/build/py_pubsub/install.log'
[5.594s] Invoked command in '/home/zhang/rosprc_ws/src/py_pubsub' returned '0': PYTHONPATH=/home/zhang/rosprc_ws/build/py_pubsub/prefix_override:/usr/lib/python3/dist-packages/colcon_core/task/python/colcon_distutils_commands:/home/zhang/rosprc_ws/install/py_pubsub/lib/python3.12/site-packages:${PYTHONPATH} /usr/bin/python3 -W ignore:setup.py install is deprecated -W ignore:easy_install command is deprecated setup.py egg_info --egg-base ../../build/py_pubsub build --build-base /home/zhang/rosprc_ws/build/py_pubsub/build install --record /home/zhang/rosprc_ws/build/py_pubsub/install.log --install-scripts $base/lib/py_pubsub --single-version-externally-managed install_data
