[7.786s] Invoking command in '/home/zhang/rosprc_ws/build/examples_rclpy_minimal_action_client': PYTHONPATH=/home/zhang/rosprc_ws/build/examples_rclpy_minimal_action_client/prefix_override:/usr/lib/python3/dist-packages/colcon_core/task/python/colcon_distutils_commands:/home/zhang/rosprc_ws/install/examples_rclpy_minimal_action_client/lib/python3.12/site-packages:${PYTHONPATH} /usr/bin/python3 -W ignore:setup.py install is deprecated -W ignore:easy_install command is deprecated setup.py develop --editable --build-directory /home/zhang/rosprc_ws/build/examples_rclpy_minimal_action_client/build --no-deps symlink_data
[13.821s] running develop
[13.821s] running egg_info
[13.822s] creating examples_rclpy_minimal_action_client.egg-info
[13.822s] writing examples_rclpy_minimal_action_client.egg-info/PKG-INFO
[13.823s] writing dependency_links to examples_rclpy_minimal_action_client.egg-info/dependency_links.txt
[13.823s] writing entry points to examples_rclpy_minimal_action_client.egg-info/entry_points.txt
[13.823s] writing requirements to examples_rclpy_minimal_action_client.egg-info/requires.txt
[13.824s] writing top-level names to examples_rclpy_minimal_action_client.egg-info/top_level.txt
[13.824s] writing manifest file 'examples_rclpy_minimal_action_client.egg-info/SOURCES.txt'
[13.825s] reading manifest file 'examples_rclpy_minimal_action_client.egg-info/SOURCES.txt'
[13.825s] writing manifest file 'examples_rclpy_minimal_action_client.egg-info/SOURCES.txt'
[13.825s] running build_ext
[13.826s] Creating /home/zhang/rosprc_ws/install/examples_rclpy_minimal_action_client/lib/python3.12/site-packages/examples-rclpy-minimal-action-client.egg-link (link to .)
[13.826s] Installing client script to /home/zhang/rosprc_ws/install/examples_rclpy_minimal_action_client/lib/examples_rclpy_minimal_action_client
[13.827s] Installing client_asyncio script to /home/zhang/rosprc_ws/install/examples_rclpy_minimal_action_client/lib/examples_rclpy_minimal_action_client
[13.827s] Installing client_cancel script to /home/zhang/rosprc_ws/install/examples_rclpy_minimal_action_client/lib/examples_rclpy_minimal_action_client
[13.828s] Installing client_not_composable script to /home/zhang/rosprc_ws/install/examples_rclpy_minimal_action_client/lib/examples_rclpy_minimal_action_client
[13.828s] 
[13.829s] Installed /home/zhang/rosprc_ws/build/examples_rclpy_minimal_action_client
[13.829s] running symlink_data
[13.829s] creating /home/zhang/rosprc_ws/install/examples_rclpy_minimal_action_client/share/ament_index
[13.830s] creating /home/zhang/rosprc_ws/install/examples_rclpy_minimal_action_client/share/ament_index/resource_index
[13.830s] creating /home/zhang/rosprc_ws/install/examples_rclpy_minimal_action_client/share/ament_index/resource_index/packages
[13.831s] symbolically linking /home/zhang/rosprc_ws/build/examples_rclpy_minimal_action_client/resource/examples_rclpy_minimal_action_client -> /home/zhang/rosprc_ws/install/examples_rclpy_minimal_action_client/share/ament_index/resource_index/packages
[13.831s] symbolically linking /home/zhang/rosprc_ws/build/examples_rclpy_minimal_action_client/package.xml -> /home/zhang/rosprc_ws/install/examples_rclpy_minimal_action_client/share/examples_rclpy_minimal_action_client
[14.039s] Invoked command in '/home/zhang/rosprc_ws/build/examples_rclpy_minimal_action_client' returned '0': PYTHONPATH=/home/zhang/rosprc_ws/build/examples_rclpy_minimal_action_client/prefix_override:/usr/lib/python3/dist-packages/colcon_core/task/python/colcon_distutils_commands:/home/zhang/rosprc_ws/install/examples_rclpy_minimal_action_client/lib/python3.12/site-packages:${PYTHONPATH} /usr/bin/python3 -W ignore:setup.py install is deprecated -W ignore:easy_install command is deprecated setup.py develop --editable --build-directory /home/zhang/rosprc_ws/build/examples_rclpy_minimal_action_client/build --no-deps symlink_data
