[3.797s] Invoking command in '/home/zhang/rosprc_ws/build/examples_rclpy_executors': PYTHONPATH=/home/zhang/rosprc_ws/build/examples_rclpy_executors/prefix_override:/usr/lib/python3/dist-packages/colcon_core/task/python/colcon_distutils_commands:/home/zhang/rosprc_ws/install/examples_rclpy_executors/lib/python3.12/site-packages:${PYTHONPATH} /usr/bin/python3 -W ignore:setup.py install is deprecated -W ignore:easy_install command is deprecated setup.py develop --uninstall --editable --build-directory /home/zhang/rosprc_ws/build/examples_rclpy_executors/build
[4.607s] running develop
[4.619s] Removing /home/zhang/rosprc_ws/install/examples_rclpy_executors/lib/python3.12/site-packages/examples-rclpy-executors.egg-link (link to .)
[4.750s] Invoked command in '/home/zhang/rosprc_ws/build/examples_rclpy_executors' returned '0': PYTHONPATH=/home/zhang/rosprc_ws/build/examples_rclpy_executors/prefix_override:/usr/lib/python3/dist-packages/colcon_core/task/python/colcon_distutils_commands:/home/zhang/rosprc_ws/install/examples_rclpy_executors/lib/python3.12/site-packages:${PYTHONPATH} /usr/bin/python3 -W ignore:setup.py install is deprecated -W ignore:easy_install command is deprecated setup.py develop --uninstall --editable --build-directory /home/zhang/rosprc_ws/build/examples_rclpy_executors/build
[4.751s] Invoking command in '/home/zhang/rosprc_ws/src/examples/rclpy/executors': PYTHONPATH=/home/zhang/rosprc_ws/build/examples_rclpy_executors/prefix_override:/usr/lib/python3/dist-packages/colcon_core/task/python/colcon_distutils_commands:/home/zhang/rosprc_ws/install/examples_rclpy_executors/lib/python3.12/site-packages:${PYTHONPATH} /usr/bin/python3 -W ignore:setup.py install is deprecated -W ignore:easy_install command is deprecated setup.py egg_info --egg-base ../../../../build/examples_rclpy_executors build --build-base /home/zhang/rosprc_ws/build/examples_rclpy_executors/build install --record /home/zhang/rosprc_ws/build/examples_rclpy_executors/install.log --install-scripts $base/lib/examples_rclpy_executors --single-version-externally-managed install_data --force
[5.244s] running egg_info
[5.285s] writing ../../../../build/examples_rclpy_executors/examples_rclpy_executors.egg-info/PKG-INFO
[5.285s] writing dependency_links to ../../../../build/examples_rclpy_executors/examples_rclpy_executors.egg-info/dependency_links.txt
[5.286s] writing entry points to ../../../../build/examples_rclpy_executors/examples_rclpy_executors.egg-info/entry_points.txt
[5.287s] writing requirements to ../../../../build/examples_rclpy_executors/examples_rclpy_executors.egg-info/requires.txt
[5.290s] writing top-level names to ../../../../build/examples_rclpy_executors/examples_rclpy_executors.egg-info/top_level.txt
[5.354s] reading manifest file '../../../../build/examples_rclpy_executors/examples_rclpy_executors.egg-info/SOURCES.txt'
[5.356s] writing manifest file '../../../../build/examples_rclpy_executors/examples_rclpy_executors.egg-info/SOURCES.txt'
[5.356s] running build
[5.357s] running build_py
[5.357s] creating /home/zhang/rosprc_ws/build/examples_rclpy_executors/build
[5.358s] creating /home/zhang/rosprc_ws/build/examples_rclpy_executors/build/lib
[5.359s] creating /home/zhang/rosprc_ws/build/examples_rclpy_executors/build/lib/examples_rclpy_executors
[5.360s] copying examples_rclpy_executors/callback_group.py -> /home/zhang/rosprc_ws/build/examples_rclpy_executors/build/lib/examples_rclpy_executors
[5.360s] copying examples_rclpy_executors/talker.py -> /home/zhang/rosprc_ws/build/examples_rclpy_executors/build/lib/examples_rclpy_executors
[5.361s] copying examples_rclpy_executors/custom_callback_group.py -> /home/zhang/rosprc_ws/build/examples_rclpy_executors/build/lib/examples_rclpy_executors
[5.361s] copying examples_rclpy_executors/__init__.py -> /home/zhang/rosprc_ws/build/examples_rclpy_executors/build/lib/examples_rclpy_executors
[5.361s] copying examples_rclpy_executors/listener.py -> /home/zhang/rosprc_ws/build/examples_rclpy_executors/build/lib/examples_rclpy_executors
[5.362s] copying examples_rclpy_executors/composed.py -> /home/zhang/rosprc_ws/build/examples_rclpy_executors/build/lib/examples_rclpy_executors
[5.363s] copying examples_rclpy_executors/custom_executor.py -> /home/zhang/rosprc_ws/build/examples_rclpy_executors/build/lib/examples_rclpy_executors
[5.363s] running install
[5.371s] running install_lib
[5.399s] creating /home/zhang/rosprc_ws/install/examples_rclpy_executors/lib/python3.12/site-packages/examples_rclpy_executors
[5.400s] copying /home/zhang/rosprc_ws/build/examples_rclpy_executors/build/lib/examples_rclpy_executors/callback_group.py -> /home/zhang/rosprc_ws/install/examples_rclpy_executors/lib/python3.12/site-packages/examples_rclpy_executors
[5.400s] copying /home/zhang/rosprc_ws/build/examples_rclpy_executors/build/lib/examples_rclpy_executors/talker.py -> /home/zhang/rosprc_ws/install/examples_rclpy_executors/lib/python3.12/site-packages/examples_rclpy_executors
[5.401s] copying /home/zhang/rosprc_ws/build/examples_rclpy_executors/build/lib/examples_rclpy_executors/custom_callback_group.py -> /home/zhang/rosprc_ws/install/examples_rclpy_executors/lib/python3.12/site-packages/examples_rclpy_executors
[5.401s] copying /home/zhang/rosprc_ws/build/examples_rclpy_executors/build/lib/examples_rclpy_executors/__init__.py -> /home/zhang/rosprc_ws/install/examples_rclpy_executors/lib/python3.12/site-packages/examples_rclpy_executors
[5.401s] copying /home/zhang/rosprc_ws/build/examples_rclpy_executors/build/lib/examples_rclpy_executors/listener.py -> /home/zhang/rosprc_ws/install/examples_rclpy_executors/lib/python3.12/site-packages/examples_rclpy_executors
[5.402s] copying /home/zhang/rosprc_ws/build/examples_rclpy_executors/build/lib/examples_rclpy_executors/composed.py -> /home/zhang/rosprc_ws/install/examples_rclpy_executors/lib/python3.12/site-packages/examples_rclpy_executors
[5.402s] copying /home/zhang/rosprc_ws/build/examples_rclpy_executors/build/lib/examples_rclpy_executors/custom_executor.py -> /home/zhang/rosprc_ws/install/examples_rclpy_executors/lib/python3.12/site-packages/examples_rclpy_executors
[5.403s] byte-compiling /home/zhang/rosprc_ws/install/examples_rclpy_executors/lib/python3.12/site-packages/examples_rclpy_executors/callback_group.py to callback_group.cpython-312.pyc
[5.408s] byte-compiling /home/zhang/rosprc_ws/install/examples_rclpy_executors/lib/python3.12/site-packages/examples_rclpy_executors/talker.py to talker.cpython-312.pyc
[5.409s] byte-compiling /home/zhang/rosprc_ws/install/examples_rclpy_executors/lib/python3.12/site-packages/examples_rclpy_executors/custom_callback_group.py to custom_callback_group.cpython-312.pyc
[5.412s] byte-compiling /home/zhang/rosprc_ws/install/examples_rclpy_executors/lib/python3.12/site-packages/examples_rclpy_executors/__init__.py to __init__.cpython-312.pyc
[5.413s] byte-compiling /home/zhang/rosprc_ws/install/examples_rclpy_executors/lib/python3.12/site-packages/examples_rclpy_executors/listener.py to listener.cpython-312.pyc
[5.413s] byte-compiling /home/zhang/rosprc_ws/install/examples_rclpy_executors/lib/python3.12/site-packages/examples_rclpy_executors/composed.py to composed.cpython-312.pyc
[5.415s] byte-compiling /home/zhang/rosprc_ws/install/examples_rclpy_executors/lib/python3.12/site-packages/examples_rclpy_executors/custom_executor.py to custom_executor.cpython-312.pyc
[5.417s] running install_data
[5.418s] copying resource/examples_rclpy_executors -> /home/zhang/rosprc_ws/install/examples_rclpy_executors/share/ament_index/resource_index/packages
[5.420s] copying package.xml -> /home/zhang/rosprc_ws/install/examples_rclpy_executors/share/examples_rclpy_executors
[5.420s] running install_egg_info
[5.443s] Copying ../../../../build/examples_rclpy_executors/examples_rclpy_executors.egg-info to /home/zhang/rosprc_ws/install/examples_rclpy_executors/lib/python3.12/site-packages/examples_rclpy_executors-0.19.7-py3.12.egg-info
[5.447s] running install_scripts
[5.610s] Installing callback_group script to /home/zhang/rosprc_ws/install/examples_rclpy_executors/lib/examples_rclpy_executors
[5.611s] Installing composed script to /home/zhang/rosprc_ws/install/examples_rclpy_executors/lib/examples_rclpy_executors
[5.611s] Installing custom_callback_group script to /home/zhang/rosprc_ws/install/examples_rclpy_executors/lib/examples_rclpy_executors
[5.611s] Installing custom_executor script to /home/zhang/rosprc_ws/install/examples_rclpy_executors/lib/examples_rclpy_executors
[5.612s] Installing listener script to /home/zhang/rosprc_ws/install/examples_rclpy_executors/lib/examples_rclpy_executors
[5.612s] Installing talker script to /home/zhang/rosprc_ws/install/examples_rclpy_executors/lib/examples_rclpy_executors
[5.613s] writing list of installed files to '/home/zhang/rosprc_ws/build/examples_rclpy_executors/install.log'
[5.908s] Invoked command in '/home/zhang/rosprc_ws/src/examples/rclpy/executors' returned '0': PYTHONPATH=/home/zhang/rosprc_ws/build/examples_rclpy_executors/prefix_override:/usr/lib/python3/dist-packages/colcon_core/task/python/colcon_distutils_commands:/home/zhang/rosprc_ws/install/examples_rclpy_executors/lib/python3.12/site-packages:${PYTHONPATH} /usr/bin/python3 -W ignore:setup.py install is deprecated -W ignore:easy_install command is deprecated setup.py egg_info --egg-base ../../../../build/examples_rclpy_executors build --build-base /home/zhang/rosprc_ws/build/examples_rclpy_executors/build install --record /home/zhang/rosprc_ws/build/examples_rclpy_executors/install.log --install-scripts $base/lib/examples_rclpy_executors --single-version-externally-managed install_data --force
