[1.843s] Invoking command in '/home/zhang/rosprc_ws/build/examples_rclpy_minimal_publisher': PYTHONPATH=/home/zhang/rosprc_ws/build/examples_rclpy_minimal_publisher/prefix_override:/usr/lib/python3/dist-packages/colcon_core/task/python/colcon_distutils_commands:/home/zhang/rosprc_ws/install/examples_rclpy_minimal_publisher/lib/python3.12/site-packages:${PYTHONPATH} /usr/bin/python3 -W ignore:setup.py install is deprecated -W ignore:easy_install command is deprecated setup.py develop --editable --build-directory /home/zhang/rosprc_ws/build/examples_rclpy_minimal_publisher/build --no-deps symlink_data
[2.249s] running develop
[2.481s] running egg_info
[2.511s] writing examples_rclpy_minimal_publisher.egg-info/PKG-INFO
[2.512s] writing dependency_links to examples_rclpy_minimal_publisher.egg-info/dependency_links.txt
[2.513s] writing entry points to examples_rclpy_minimal_publisher.egg-info/entry_points.txt
[2.513s] writing requirements to examples_rclpy_minimal_publisher.egg-info/requires.txt
[2.513s] writing top-level names to examples_rclpy_minimal_publisher.egg-info/top_level.txt
[2.574s] reading manifest file 'examples_rclpy_minimal_publisher.egg-info/SOURCES.txt'
[2.575s] writing manifest file 'examples_rclpy_minimal_publisher.egg-info/SOURCES.txt'
[2.616s] running build_ext
[2.616s] Creating /home/zhang/rosprc_ws/install/examples_rclpy_minimal_publisher/lib/python3.12/site-packages/examples-rclpy-minimal-publisher.egg-link (link to .)
[2.617s] Installing publisher_local_function script to /home/zhang/rosprc_ws/install/examples_rclpy_minimal_publisher/lib/examples_rclpy_minimal_publisher
[2.618s] Installing publisher_member_function script to /home/zhang/rosprc_ws/install/examples_rclpy_minimal_publisher/lib/examples_rclpy_minimal_publisher
[2.620s] Installing publisher_member_function_with_wait_for_all_acked script to /home/zhang/rosprc_ws/install/examples_rclpy_minimal_publisher/lib/examples_rclpy_minimal_publisher
[2.621s] Installing publisher_old_school script to /home/zhang/rosprc_ws/install/examples_rclpy_minimal_publisher/lib/examples_rclpy_minimal_publisher
[2.621s] 
[2.622s] Installed /home/zhang/rosprc_ws/build/examples_rclpy_minimal_publisher
[2.622s] running symlink_data
[2.711s] Invoked command in '/home/zhang/rosprc_ws/build/examples_rclpy_minimal_publisher' returned '0': PYTHONPATH=/home/zhang/rosprc_ws/build/examples_rclpy_minimal_publisher/prefix_override:/usr/lib/python3/dist-packages/colcon_core/task/python/colcon_distutils_commands:/home/zhang/rosprc_ws/install/examples_rclpy_minimal_publisher/lib/python3.12/site-packages:${PYTHONPATH} /usr/bin/python3 -W ignore:setup.py install is deprecated -W ignore:easy_install command is deprecated setup.py develop --editable --build-directory /home/zhang/rosprc_ws/build/examples_rclpy_minimal_publisher/build --no-deps symlink_data
