[0.119s] Invoking command in '/home/zhang/rosprc_ws/build/examples_rclcpp_minimal_action_server': CMAKE_PREFIX_PATH=${CMAKE_PREFIX_PATH}:/opt/ros/jazzy /usr/bin/cmake --build /home/zhang/rosprc_ws/build/examples_rclcpp_minimal_action_server -- -j20 -l20
[1.688s] [ 50%] Built target action_server_member_functions
[1.689s] [100%] Built target action_server_not_composable
[1.723s] Invoked command in '/home/zhang/rosprc_ws/build/examples_rclcpp_minimal_action_server' returned '0': CMAKE_PREFIX_PATH=${CMAKE_PREFIX_PATH}:/opt/ros/jazzy /usr/bin/cmake --build /home/zhang/rosprc_ws/build/examples_rclcpp_minimal_action_server -- -j20 -l20
[1.727s] Invoking command in '/home/zhang/rosprc_ws/build/examples_rclcpp_minimal_action_server': CMAKE_PREFIX_PATH=${CMAKE_PREFIX_PATH}:/opt/ros/jazzy /usr/bin/cmake --install /home/zhang/rosprc_ws/build/examples_rclcpp_minimal_action_server
[1.926s] -- Install configuration: ""
[1.926s] -- Execute custom install script
[1.926s] -- Up-to-date symlink: /home/zhang/rosprc_ws/install/examples_rclcpp_minimal_action_server/lib/examples_rclcpp_minimal_action_server/action_server_not_composable
[1.926s] -- Up-to-date symlink: /home/zhang/rosprc_ws/install/examples_rclcpp_minimal_action_server/lib/examples_rclcpp_minimal_action_server/action_server_member_functions
[1.926s] -- Up-to-date symlink: /home/zhang/rosprc_ws/install/examples_rclcpp_minimal_action_server/share/ament_index/resource_index/package_run_dependencies/examples_rclcpp_minimal_action_server
[1.926s] -- Up-to-date symlink: /home/zhang/rosprc_ws/install/examples_rclcpp_minimal_action_server/share/ament_index/resource_index/parent_prefix_path/examples_rclcpp_minimal_action_server
[1.927s] -- Up-to-date symlink: /home/zhang/rosprc_ws/install/examples_rclcpp_minimal_action_server/share/examples_rclcpp_minimal_action_server/environment/ament_prefix_path.sh
[1.927s] -- Up-to-date symlink: /home/zhang/rosprc_ws/install/examples_rclcpp_minimal_action_server/share/examples_rclcpp_minimal_action_server/environment/ament_prefix_path.dsv
[1.928s] -- Up-to-date symlink: /home/zhang/rosprc_ws/install/examples_rclcpp_minimal_action_server/share/examples_rclcpp_minimal_action_server/environment/path.sh
[1.929s] -- Up-to-date symlink: /home/zhang/rosprc_ws/install/examples_rclcpp_minimal_action_server/share/examples_rclcpp_minimal_action_server/environment/path.dsv
[1.929s] -- Up-to-date symlink: /home/zhang/rosprc_ws/install/examples_rclcpp_minimal_action_server/share/examples_rclcpp_minimal_action_server/local_setup.bash
[1.929s] -- Up-to-date symlink: /home/zhang/rosprc_ws/install/examples_rclcpp_minimal_action_server/share/examples_rclcpp_minimal_action_server/local_setup.sh
[1.929s] -- Up-to-date symlink: /home/zhang/rosprc_ws/install/examples_rclcpp_minimal_action_server/share/examples_rclcpp_minimal_action_server/local_setup.zsh
[1.929s] -- Up-to-date symlink: /home/zhang/rosprc_ws/install/examples_rclcpp_minimal_action_server/share/examples_rclcpp_minimal_action_server/local_setup.dsv
[1.930s] -- Symlinking: /home/zhang/rosprc_ws/install/examples_rclcpp_minimal_action_server/share/examples_rclcpp_minimal_action_server/package.dsv
[1.930s] -- Up-to-date symlink: /home/zhang/rosprc_ws/install/examples_rclcpp_minimal_action_server/share/ament_index/resource_index/packages/examples_rclcpp_minimal_action_server
[1.930s] -- Up-to-date symlink: /home/zhang/rosprc_ws/install/examples_rclcpp_minimal_action_server/share/examples_rclcpp_minimal_action_server/cmake/examples_rclcpp_minimal_action_serverConfig.cmake
[1.930s] -- Up-to-date symlink: /home/zhang/rosprc_ws/install/examples_rclcpp_minimal_action_server/share/examples_rclcpp_minimal_action_server/cmake/examples_rclcpp_minimal_action_serverConfig-version.cmake
[1.930s] -- Up-to-date symlink: /home/zhang/rosprc_ws/install/examples_rclcpp_minimal_action_server/share/examples_rclcpp_minimal_action_server/package.xml
[2.129s] Invoked command in '/home/zhang/rosprc_ws/build/examples_rclcpp_minimal_action_server' returned '0': CMAKE_PREFIX_PATH=${CMAKE_PREFIX_PATH}:/opt/ros/jazzy /usr/bin/cmake --install /home/zhang/rosprc_ws/build/examples_rclcpp_minimal_action_server
