[3.482s] Invoking command in '/home/zhang/rosprc_ws/src/py_pubsub': PYTHONPATH=/home/zhang/rosprc_ws/build/py_pubsub/prefix_override:/usr/lib/python3/dist-packages/colcon_core/task/python/colcon_distutils_commands:/home/zhang/rosprc_ws/install/py_pubsub/lib/python3.12/site-packages:${PYTHONPATH} /usr/bin/python3 -W ignore:setup.py install is deprecated -W ignore:easy_install command is deprecated setup.py egg_info --egg-base ../../build/py_pubsub build --build-base /home/zhang/rosprc_ws/build/py_pubsub/build install --record /home/zhang/rosprc_ws/build/py_pubsub/install.log --install-scripts $base/lib/py_pubsub --single-version-externally-managed install_data
[3.826s] running egg_info
[3.851s] writing ../../build/py_pubsub/py_pubsub.egg-info/PKG-INFO
[3.851s] writing dependency_links to ../../build/py_pubsub/py_pubsub.egg-info/dependency_links.txt
[3.852s] writing entry points to ../../build/py_pubsub/py_pubsub.egg-info/entry_points.txt
[3.852s] writing requirements to ../../build/py_pubsub/py_pubsub.egg-info/requires.txt
[3.853s] writing top-level names to ../../build/py_pubsub/py_pubsub.egg-info/top_level.txt
[3.903s] reading manifest file '../../build/py_pubsub/py_pubsub.egg-info/SOURCES.txt'
[3.905s] adding license file 'LICENSE'
[3.907s] writing manifest file '../../build/py_pubsub/py_pubsub.egg-info/SOURCES.txt'
[3.907s] running build
[3.907s] running build_py
[3.908s] running install
[3.915s] running install_lib
[3.946s] running install_data
[3.946s] running install_egg_info
[3.972s] removing '/home/zhang/rosprc_ws/install/py_pubsub/lib/python3.12/site-packages/py_pubsub-0.0.0-py3.12.egg-info' (and everything under it)
[3.974s] Copying ../../build/py_pubsub/py_pubsub.egg-info to /home/zhang/rosprc_ws/install/py_pubsub/lib/python3.12/site-packages/py_pubsub-0.0.0-py3.12.egg-info
[3.977s] running install_scripts
[4.136s] Installing listener script to /home/zhang/rosprc_ws/install/py_pubsub/lib/py_pubsub
[4.137s] Installing talker script to /home/zhang/rosprc_ws/install/py_pubsub/lib/py_pubsub
[4.137s] writing list of installed files to '/home/zhang/rosprc_ws/build/py_pubsub/install.log'
[4.180s] Invoked command in '/home/zhang/rosprc_ws/src/py_pubsub' returned '0': PYTHONPATH=/home/zhang/rosprc_ws/build/py_pubsub/prefix_override:/usr/lib/python3/dist-packages/colcon_core/task/python/colcon_distutils_commands:/home/zhang/rosprc_ws/install/py_pubsub/lib/python3.12/site-packages:${PYTHONPATH} /usr/bin/python3 -W ignore:setup.py install is deprecated -W ignore:easy_install command is deprecated setup.py egg_info --egg-base ../../build/py_pubsub build --build-base /home/zhang/rosprc_ws/build/py_pubsub/build install --record /home/zhang/rosprc_ws/build/py_pubsub/install.log --install-scripts $base/lib/py_pubsub --single-version-externally-managed install_data
