[0.108s] Invoking command in '/home/zhang/rosprc_ws/build/examples_rclcpp_async_client': CMAKE_PREFIX_PATH=${CMAKE_PREFIX_PATH}:/opt/ros/jazzy /usr/bin/cmake /home/zhang/rosprc_ws/src/examples/rclcpp/services/async_client -DCMAKE_INSTALL_PREFIX=/home/zhang/rosprc_ws/install/examples_rclcpp_async_client
[2.404s] -- Found ament_cmake: 2.5.6 (/opt/ros/jazzy/share/ament_cmake/cmake)
[2.406s] -- Override CMake install command with custom implementation using symlinks instead of copying resources
[2.408s] -- Found example_interfaces: 0.12.1 (/opt/ros/jazzy/share/example_interfaces/cmake)
[3.749s] -- Found rosidl_generator_c: 4.6.9 (/opt/ros/jazzy/share/rosidl_generator_c/cmake)
[3.771s] -- Found rosidl_generator_cpp: 4.6.9 (/opt/ros/jazzy/share/rosidl_generator_cpp/cmake)
[3.797s] -- Using all available rosidl_typesupport_c: rosidl_typesupport_fastrtps_c;rosidl_typesupport_introspection_c
[3.829s] -- Using all available rosidl_typesupport_cpp: rosidl_typesupport_fastrtps_cpp;rosidl_typesupport_introspection_cpp
[4.012s] -- Found rclcpp: 28.1.21 (/opt/ros/jazzy/share/rclcpp/cmake)
[4.092s] -- Found rmw_implementation_cmake: 7.3.3 (/opt/ros/jazzy/share/rmw_implementation_cmake/cmake)
[4.095s] -- Found rmw_fastrtps_cpp: 8.4.4 (/opt/ros/jazzy/share/rmw_fastrtps_cpp/cmake)
[4.406s] -- Using RMW implementation 'rmw_fastrtps_cpp' as default
[4.615s] -- Found ament_lint_auto: 0.17.5 (/opt/ros/jazzy/share/ament_lint_auto/cmake)
[4.877s] -- Added test 'copyright' to check source files copyright and LICENSE
[4.877s] -- Added test 'cppcheck' to perform static code analysis on C / C++ code
[4.877s] -- Configured cppcheck include dirs: 
[4.878s] -- Configured cppcheck exclude dirs and/or files: 
[4.878s] -- Added test 'cpplint' to check C / C++ code against the Google style
[4.879s] -- Configured cpplint exclude dirs and/or files: 
[4.880s] -- Added test 'lint_cmake' to check CMake code style
[4.880s] -- Added test 'uncrustify' to check C / C++ code style
[4.881s] -- Configured uncrustify additional arguments: 
[4.881s] -- Added test 'xmllint' to check XML markup files
[4.881s] -- Configuring done (4.6s)
[4.885s] -- Generating done (0.0s)
[4.885s] -- Build files have been written to: /home/zhang/rosprc_ws/build/examples_rclcpp_async_client
[5.039s] Invoked command in '/home/zhang/rosprc_ws/build/examples_rclcpp_async_client' returned '0': CMAKE_PREFIX_PATH=${CMAKE_PREFIX_PATH}:/opt/ros/jazzy /usr/bin/cmake /home/zhang/rosprc_ws/src/examples/rclcpp/services/async_client -DCMAKE_INSTALL_PREFIX=/home/zhang/rosprc_ws/install/examples_rclcpp_async_client
[5.044s] Invoking command in '/home/zhang/rosprc_ws/build/examples_rclcpp_async_client': CMAKE_PREFIX_PATH=${CMAKE_PREFIX_PATH}:/opt/ros/jazzy /usr/bin/cmake --build /home/zhang/rosprc_ws/build/examples_rclcpp_async_client -- -j20 -l20
[5.142s] [100%] Built target client_main
[5.618s] Invoked command in '/home/zhang/rosprc_ws/build/examples_rclcpp_async_client' returned '0': CMAKE_PREFIX_PATH=${CMAKE_PREFIX_PATH}:/opt/ros/jazzy /usr/bin/cmake --build /home/zhang/rosprc_ws/build/examples_rclcpp_async_client -- -j20 -l20
[5.619s] Invoking command in '/home/zhang/rosprc_ws/build/examples_rclcpp_async_client': CMAKE_PREFIX_PATH=${CMAKE_PREFIX_PATH}:/opt/ros/jazzy /usr/bin/cmake --install /home/zhang/rosprc_ws/build/examples_rclcpp_async_client
[5.700s] -- Install configuration: ""
[5.701s] -- Execute custom install script
[5.701s] -- Up-to-date symlink: /home/zhang/rosprc_ws/install/examples_rclcpp_async_client/lib/examples_rclcpp_async_client/client_main
[5.701s] -- Up-to-date symlink: /home/zhang/rosprc_ws/install/examples_rclcpp_async_client/share/ament_index/resource_index/package_run_dependencies/examples_rclcpp_async_client
[5.702s] -- Up-to-date symlink: /home/zhang/rosprc_ws/install/examples_rclcpp_async_client/share/ament_index/resource_index/parent_prefix_path/examples_rclcpp_async_client
[5.702s] -- Up-to-date symlink: /home/zhang/rosprc_ws/install/examples_rclcpp_async_client/share/examples_rclcpp_async_client/environment/ament_prefix_path.sh
[5.703s] -- Up-to-date symlink: /home/zhang/rosprc_ws/install/examples_rclcpp_async_client/share/examples_rclcpp_async_client/environment/ament_prefix_path.dsv
[5.703s] -- Up-to-date symlink: /home/zhang/rosprc_ws/install/examples_rclcpp_async_client/share/examples_rclcpp_async_client/environment/path.sh
[5.704s] -- Up-to-date symlink: /home/zhang/rosprc_ws/install/examples_rclcpp_async_client/share/examples_rclcpp_async_client/environment/path.dsv
[5.705s] -- Up-to-date symlink: /home/zhang/rosprc_ws/install/examples_rclcpp_async_client/share/examples_rclcpp_async_client/local_setup.bash
[5.705s] -- Up-to-date symlink: /home/zhang/rosprc_ws/install/examples_rclcpp_async_client/share/examples_rclcpp_async_client/local_setup.sh
[5.705s] -- Up-to-date symlink: /home/zhang/rosprc_ws/install/examples_rclcpp_async_client/share/examples_rclcpp_async_client/local_setup.zsh
[5.706s] -- Up-to-date symlink: /home/zhang/rosprc_ws/install/examples_rclcpp_async_client/share/examples_rclcpp_async_client/local_setup.dsv
[5.706s] -- Symlinking: /home/zhang/rosprc_ws/install/examples_rclcpp_async_client/share/examples_rclcpp_async_client/package.dsv
[5.707s] -- Up-to-date symlink: /home/zhang/rosprc_ws/install/examples_rclcpp_async_client/share/ament_index/resource_index/packages/examples_rclcpp_async_client
[5.708s] -- Up-to-date symlink: /home/zhang/rosprc_ws/install/examples_rclcpp_async_client/share/examples_rclcpp_async_client/cmake/examples_rclcpp_async_clientConfig.cmake
[5.713s] -- Up-to-date symlink: /home/zhang/rosprc_ws/install/examples_rclcpp_async_client/share/examples_rclcpp_async_client/cmake/examples_rclcpp_async_clientConfig-version.cmake
[5.714s] -- Up-to-date symlink: /home/zhang/rosprc_ws/install/examples_rclcpp_async_client/share/examples_rclcpp_async_client/package.xml
[5.790s] Invoked command in '/home/zhang/rosprc_ws/build/examples_rclcpp_async_client' returned '0': CMAKE_PREFIX_PATH=${CMAKE_PREFIX_PATH}:/opt/ros/jazzy /usr/bin/cmake --install /home/zhang/rosprc_ws/build/examples_rclcpp_async_client
