[7.761s] Invoking command in '/home/zhang/rosprc_ws/build/examples_rclpy_minimal_client': PYTHONPATH=/home/zhang/rosprc_ws/build/examples_rclpy_minimal_client/prefix_override:/usr/lib/python3/dist-packages/colcon_core/task/python/colcon_distutils_commands:/home/zhang/rosprc_ws/install/examples_rclpy_minimal_client/lib/python3.12/site-packages:${PYTHONPATH} /usr/bin/python3 -W ignore:setup.py install is deprecated -W ignore:easy_install command is deprecated setup.py develop --editable --build-directory /home/zhang/rosprc_ws/build/examples_rclpy_minimal_client/build --no-deps symlink_data
[13.788s] running develop
[13.789s] running egg_info
[13.789s] creating examples_rclpy_minimal_client.egg-info
[13.791s] writing examples_rclpy_minimal_client.egg-info/PKG-INFO
[13.791s] writing dependency_links to examples_rclpy_minimal_client.egg-info/dependency_links.txt
[13.792s] writing entry points to examples_rclpy_minimal_client.egg-info/entry_points.txt
[13.792s] writing requirements to examples_rclpy_minimal_client.egg-info/requires.txt
[13.792s] writing top-level names to examples_rclpy_minimal_client.egg-info/top_level.txt
[13.793s] writing manifest file 'examples_rclpy_minimal_client.egg-info/SOURCES.txt'
[13.793s] reading manifest file 'examples_rclpy_minimal_client.egg-info/SOURCES.txt'
[13.793s] writing manifest file 'examples_rclpy_minimal_client.egg-info/SOURCES.txt'
[13.794s] running build_ext
[13.794s] Creating /home/zhang/rosprc_ws/install/examples_rclpy_minimal_client/lib/python3.12/site-packages/examples-rclpy-minimal-client.egg-link (link to .)
[13.794s] Installing client script to /home/zhang/rosprc_ws/install/examples_rclpy_minimal_client/lib/examples_rclpy_minimal_client
[13.796s] Installing client_async script to /home/zhang/rosprc_ws/install/examples_rclpy_minimal_client/lib/examples_rclpy_minimal_client
[13.797s] Installing client_async_callback script to /home/zhang/rosprc_ws/install/examples_rclpy_minimal_client/lib/examples_rclpy_minimal_client
[13.798s] Installing client_async_member_function script to /home/zhang/rosprc_ws/install/examples_rclpy_minimal_client/lib/examples_rclpy_minimal_client
[13.799s] 
[13.800s] Installed /home/zhang/rosprc_ws/build/examples_rclpy_minimal_client
[13.801s] running symlink_data
[13.803s] creating /home/zhang/rosprc_ws/install/examples_rclpy_minimal_client/share/ament_index
[13.803s] creating /home/zhang/rosprc_ws/install/examples_rclpy_minimal_client/share/ament_index/resource_index
[13.804s] creating /home/zhang/rosprc_ws/install/examples_rclpy_minimal_client/share/ament_index/resource_index/packages
[13.805s] symbolically linking /home/zhang/rosprc_ws/build/examples_rclpy_minimal_client/resource/examples_rclpy_minimal_client -> /home/zhang/rosprc_ws/install/examples_rclpy_minimal_client/share/ament_index/resource_index/packages
[13.805s] symbolically linking /home/zhang/rosprc_ws/build/examples_rclpy_minimal_client/package.xml -> /home/zhang/rosprc_ws/install/examples_rclpy_minimal_client/share/examples_rclpy_minimal_client
[14.019s] Invoked command in '/home/zhang/rosprc_ws/build/examples_rclpy_minimal_client' returned '0': PYTHONPATH=/home/zhang/rosprc_ws/build/examples_rclpy_minimal_client/prefix_override:/usr/lib/python3/dist-packages/colcon_core/task/python/colcon_distutils_commands:/home/zhang/rosprc_ws/install/examples_rclpy_minimal_client/lib/python3.12/site-packages:${PYTHONPATH} /usr/bin/python3 -W ignore:setup.py install is deprecated -W ignore:easy_install command is deprecated setup.py develop --editable --build-directory /home/zhang/rosprc_ws/build/examples_rclpy_minimal_client/build --no-deps symlink_data
