[2.142s] Invoking command in '/home/zhang/rosprc_ws/src/python_parameters': PYTHONPATH=/home/zhang/rosprc_ws/build/python_parameters/prefix_override:/usr/lib/python3/dist-packages/colcon_core/task/python/colcon_distutils_commands:/home/zhang/rosprc_ws/install/python_parameters/lib/python3.12/site-packages:${PYTHONPATH} /usr/bin/python3 -W ignore:setup.py install is deprecated -W ignore:easy_install command is deprecated setup.py egg_info --egg-base ../../build/python_parameters build --build-base /home/zhang/rosprc_ws/build/python_parameters/build install --record /home/zhang/rosprc_ws/build/python_parameters/install.log --install-scripts $base/lib/python_parameters --single-version-externally-managed install_data
[2.511s] running egg_info
[2.538s] writing ../../build/python_parameters/python_parameters.egg-info/PKG-INFO
[2.540s] writing dependency_links to ../../build/python_parameters/python_parameters.egg-info/dependency_links.txt
[2.540s] writing entry points to ../../build/python_parameters/python_parameters.egg-info/entry_points.txt
[2.541s] writing requirements to ../../build/python_parameters/python_parameters.egg-info/requires.txt
[2.541s] writing top-level names to ../../build/python_parameters/python_parameters.egg-info/top_level.txt
[2.598s] reading manifest file '../../build/python_parameters/python_parameters.egg-info/SOURCES.txt'
[2.600s] adding license file 'LICENSE'
[2.600s] writing manifest file '../../build/python_parameters/python_parameters.egg-info/SOURCES.txt'
[2.601s] running build
[2.601s] running build_py
[2.601s] running install
[2.609s] running install_lib
[2.637s] running install_data
[2.638s] running install_egg_info
[2.673s] removing '/home/zhang/rosprc_ws/install/python_parameters/lib/python3.12/site-packages/python_parameters-0.0.0-py3.12.egg-info' (and everything under it)
[2.674s] Copying ../../build/python_parameters/python_parameters.egg-info to /home/zhang/rosprc_ws/install/python_parameters/lib/python3.12/site-packages/python_parameters-0.0.0-py3.12.egg-info
[2.677s] running install_scripts
[2.909s] Installing minimal_param_node script to /home/zhang/rosprc_ws/install/python_parameters/lib/python_parameters
[2.909s] writing list of installed files to '/home/zhang/rosprc_ws/build/python_parameters/install.log'
[2.961s] Invoked command in '/home/zhang/rosprc_ws/src/python_parameters' returned '0': PYTHONPATH=/home/zhang/rosprc_ws/build/python_parameters/prefix_override:/usr/lib/python3/dist-packages/colcon_core/task/python/colcon_distutils_commands:/home/zhang/rosprc_ws/install/python_parameters/lib/python3.12/site-packages:${PYTHONPATH} /usr/bin/python3 -W ignore:setup.py install is deprecated -W ignore:easy_install command is deprecated setup.py egg_info --egg-base ../../build/python_parameters build --build-base /home/zhang/rosprc_ws/build/python_parameters/build install --record /home/zhang/rosprc_ws/build/python_parameters/install.log --install-scripts $base/lib/python_parameters --single-version-externally-managed install_data
