[3.939s] Invoking command in '/home/zhang/rosprc_ws/src/py_srvcli': PYTHONPATH=/home/zhang/rosprc_ws/build/py_srvcli/prefix_override:/usr/lib/python3/dist-packages/colcon_core/task/python/colcon_distutils_commands:/home/zhang/rosprc_ws/install/py_srvcli/lib/python3.12/site-packages:${PYTHONPATH} /usr/bin/python3 -W ignore:setup.py install is deprecated -W ignore:easy_install command is deprecated setup.py egg_info --egg-base ../../build/py_srvcli build --build-base /home/zhang/rosprc_ws/build/py_srvcli/build install --record /home/zhang/rosprc_ws/build/py_srvcli/install.log --install-scripts $base/lib/py_srvcli --single-version-externally-managed install_data
[4.607s] running egg_info
[4.651s] writing ../../build/py_srvcli/py_srvcli.egg-info/PKG-INFO
[4.652s] writing dependency_links to ../../build/py_srvcli/py_srvcli.egg-info/dependency_links.txt
[4.653s] writing entry points to ../../build/py_srvcli/py_srvcli.egg-info/entry_points.txt
[4.653s] writing requirements to ../../build/py_srvcli/py_srvcli.egg-info/requires.txt
[4.654s] writing top-level names to ../../build/py_srvcli/py_srvcli.egg-info/top_level.txt
[4.745s] reading manifest file '../../build/py_srvcli/py_srvcli.egg-info/SOURCES.txt'
[4.747s] adding license file 'LICENSE'
[4.748s] writing manifest file '../../build/py_srvcli/py_srvcli.egg-info/SOURCES.txt'
[4.750s] running build
[4.751s] running build_py
[4.751s] running install
[4.764s] running install_lib
[4.817s] running install_data
[4.819s] running install_egg_info
[4.863s] removing '/home/zhang/rosprc_ws/install/py_srvcli/lib/python3.12/site-packages/py_srvcli-0.0.0-py3.12.egg-info' (and everything under it)
[4.864s] Copying ../../build/py_srvcli/py_srvcli.egg-info to /home/zhang/rosprc_ws/install/py_srvcli/lib/python3.12/site-packages/py_srvcli-0.0.0-py3.12.egg-info
[4.865s] running install_scripts
[5.215s] Installing client script to /home/zhang/rosprc_ws/install/py_srvcli/lib/py_srvcli
[5.215s] Installing service script to /home/zhang/rosprc_ws/install/py_srvcli/lib/py_srvcli
[5.216s] writing list of installed files to '/home/zhang/rosprc_ws/build/py_srvcli/install.log'
[5.320s] Invoked command in '/home/zhang/rosprc_ws/src/py_srvcli' returned '0': PYTHONPATH=/home/zhang/rosprc_ws/build/py_srvcli/prefix_override:/usr/lib/python3/dist-packages/colcon_core/task/python/colcon_distutils_commands:/home/zhang/rosprc_ws/install/py_srvcli/lib/python3.12/site-packages:${PYTHONPATH} /usr/bin/python3 -W ignore:setup.py install is deprecated -W ignore:easy_install command is deprecated setup.py egg_info --egg-base ../../build/py_srvcli build --build-base /home/zhang/rosprc_ws/build/py_srvcli/build install --record /home/zhang/rosprc_ws/build/py_srvcli/install.log --install-scripts $base/lib/py_srvcli --single-version-externally-managed install_data
