[4.597s] Invoking command in '/home/zhang/rosprc_ws/src/examples/rclpy/services/minimal_client': PYTHONPATH=/home/zhang/rosprc_ws/build/examples_rclpy_minimal_client/prefix_override:/usr/lib/python3/dist-packages/colcon_core/task/python/colcon_distutils_commands:/home/zhang/rosprc_ws/install/examples_rclpy_minimal_client/lib/python3.12/site-packages:${PYTHONPATH} /usr/bin/python3 -W ignore:setup.py install is deprecated -W ignore:easy_install command is deprecated setup.py egg_info --egg-base ../../../../../build/examples_rclpy_minimal_client build --build-base /home/zhang/rosprc_ws/build/examples_rclpy_minimal_client/build install --record /home/zhang/rosprc_ws/build/examples_rclpy_minimal_client/install.log --install-scripts $base/lib/examples_rclpy_minimal_client --single-version-externally-managed install_data
[5.166s] running egg_info
[5.208s] writing ../../../../../build/examples_rclpy_minimal_client/examples_rclpy_minimal_client.egg-info/PKG-INFO
[5.211s] writing dependency_links to ../../../../../build/examples_rclpy_minimal_client/examples_rclpy_minimal_client.egg-info/dependency_links.txt
[5.211s] writing entry points to ../../../../../build/examples_rclpy_minimal_client/examples_rclpy_minimal_client.egg-info/entry_points.txt
[5.211s] writing requirements to ../../../../../build/examples_rclpy_minimal_client/examples_rclpy_minimal_client.egg-info/requires.txt
[5.212s] writing top-level names to ../../../../../build/examples_rclpy_minimal_client/examples_rclpy_minimal_client.egg-info/top_level.txt
[5.277s] reading manifest file '../../../../../build/examples_rclpy_minimal_client/examples_rclpy_minimal_client.egg-info/SOURCES.txt'
[5.279s] writing manifest file '../../../../../build/examples_rclpy_minimal_client/examples_rclpy_minimal_client.egg-info/SOURCES.txt'
[5.282s] running build
[5.283s] running build_py
[5.283s] running install
[5.289s] running install_lib
[5.318s] running install_data
[5.319s] running install_egg_info
[5.349s] removing '/home/zhang/rosprc_ws/install/examples_rclpy_minimal_client/lib/python3.12/site-packages/examples_rclpy_minimal_client-0.19.7-py3.12.egg-info' (and everything under it)
[5.355s] Copying ../../../../../build/examples_rclpy_minimal_client/examples_rclpy_minimal_client.egg-info to /home/zhang/rosprc_ws/install/examples_rclpy_minimal_client/lib/python3.12/site-packages/examples_rclpy_minimal_client-0.19.7-py3.12.egg-info
[5.356s] running install_scripts
[5.631s] Installing client script to /home/zhang/rosprc_ws/install/examples_rclpy_minimal_client/lib/examples_rclpy_minimal_client
[5.632s] Installing client_async script to /home/zhang/rosprc_ws/install/examples_rclpy_minimal_client/lib/examples_rclpy_minimal_client
[5.634s] Installing client_async_callback script to /home/zhang/rosprc_ws/install/examples_rclpy_minimal_client/lib/examples_rclpy_minimal_client
[5.637s] Installing client_async_member_function script to /home/zhang/rosprc_ws/install/examples_rclpy_minimal_client/lib/examples_rclpy_minimal_client
[5.638s] writing list of installed files to '/home/zhang/rosprc_ws/build/examples_rclpy_minimal_client/install.log'
[5.698s] Invoked command in '/home/zhang/rosprc_ws/src/examples/rclpy/services/minimal_client' returned '0': PYTHONPATH=/home/zhang/rosprc_ws/build/examples_rclpy_minimal_client/prefix_override:/usr/lib/python3/dist-packages/colcon_core/task/python/colcon_distutils_commands:/home/zhang/rosprc_ws/install/examples_rclpy_minimal_client/lib/python3.12/site-packages:${PYTHONPATH} /usr/bin/python3 -W ignore:setup.py install is deprecated -W ignore:easy_install command is deprecated setup.py egg_info --egg-base ../../../../../build/examples_rclpy_minimal_client build --build-base /home/zhang/rosprc_ws/build/examples_rclpy_minimal_client/build install --record /home/zhang/rosprc_ws/build/examples_rclpy_minimal_client/install.log --install-scripts $base/lib/examples_rclpy_minimal_client --single-version-externally-managed install_data
