[5.684s] Invoking command in '/home/zhang/rosprc_ws/src/examples/rclpy/services/minimal_service': PYTHONPATH=/home/zhang/rosprc_ws/build/examples_rclpy_minimal_service/prefix_override:/usr/lib/python3/dist-packages/colcon_core/task/python/colcon_distutils_commands:/home/zhang/rosprc_ws/install/examples_rclpy_minimal_service/lib/python3.12/site-packages:${PYTHONPATH} /usr/bin/python3 -W ignore:setup.py install is deprecated -W ignore:easy_install command is deprecated setup.py egg_info --egg-base ../../../../../build/examples_rclpy_minimal_service build --build-base /home/zhang/rosprc_ws/build/examples_rclpy_minimal_service/build install --record /home/zhang/rosprc_ws/build/examples_rclpy_minimal_service/install.log --install-scripts $base/lib/examples_rclpy_minimal_service --single-version-externally-managed install_data
[6.329s] running egg_info
[6.374s] writing ../../../../../build/examples_rclpy_minimal_service/examples_rclpy_minimal_service.egg-info/PKG-INFO
[6.375s] writing dependency_links to ../../../../../build/examples_rclpy_minimal_service/examples_rclpy_minimal_service.egg-info/dependency_links.txt
[6.376s] writing entry points to ../../../../../build/examples_rclpy_minimal_service/examples_rclpy_minimal_service.egg-info/entry_points.txt
[6.377s] writing requirements to ../../../../../build/examples_rclpy_minimal_service/examples_rclpy_minimal_service.egg-info/requires.txt
[6.377s] writing top-level names to ../../../../../build/examples_rclpy_minimal_service/examples_rclpy_minimal_service.egg-info/top_level.txt
[6.471s] reading manifest file '../../../../../build/examples_rclpy_minimal_service/examples_rclpy_minimal_service.egg-info/SOURCES.txt'
[6.474s] writing manifest file '../../../../../build/examples_rclpy_minimal_service/examples_rclpy_minimal_service.egg-info/SOURCES.txt'
[6.475s] running build
[6.475s] running build_py
[6.476s] running install
[6.490s] running install_lib
[6.536s] running install_data
[6.536s] running install_egg_info
[6.578s] removing '/home/zhang/rosprc_ws/install/examples_rclpy_minimal_service/lib/python3.12/site-packages/examples_rclpy_minimal_service-0.19.7-py3.12.egg-info' (and everything under it)
[6.580s] Copying ../../../../../build/examples_rclpy_minimal_service/examples_rclpy_minimal_service.egg-info to /home/zhang/rosprc_ws/install/examples_rclpy_minimal_service/lib/python3.12/site-packages/examples_rclpy_minimal_service-0.19.7-py3.12.egg-info
[6.586s] running install_scripts
[6.963s] Installing service script to /home/zhang/rosprc_ws/install/examples_rclpy_minimal_service/lib/examples_rclpy_minimal_service
[6.964s] Installing service_member_function script to /home/zhang/rosprc_ws/install/examples_rclpy_minimal_service/lib/examples_rclpy_minimal_service
[6.964s] writing list of installed files to '/home/zhang/rosprc_ws/build/examples_rclpy_minimal_service/install.log'
[7.030s] Invoked command in '/home/zhang/rosprc_ws/src/examples/rclpy/services/minimal_service' returned '0': PYTHONPATH=/home/zhang/rosprc_ws/build/examples_rclpy_minimal_service/prefix_override:/usr/lib/python3/dist-packages/colcon_core/task/python/colcon_distutils_commands:/home/zhang/rosprc_ws/install/examples_rclpy_minimal_service/lib/python3.12/site-packages:${PYTHONPATH} /usr/bin/python3 -W ignore:setup.py install is deprecated -W ignore:easy_install command is deprecated setup.py egg_info --egg-base ../../../../../build/examples_rclpy_minimal_service build --build-base /home/zhang/rosprc_ws/build/examples_rclpy_minimal_service/build install --record /home/zhang/rosprc_ws/build/examples_rclpy_minimal_service/install.log --install-scripts $base/lib/examples_rclpy_minimal_service --single-version-externally-managed install_data
