-- Found ament_cmake: 2.5.6 (/opt/ros/jazzy/share/ament_cmake/cmake)
-- Found rclcpp: 28.1.21 (/opt/ros/jazzy/share/rclcpp/cmake)
-- Found rosidl_generator_c: 4.6.9 (/opt/ros/jazzy/share/rosidl_generator_c/cmake)
-- Found rosidl_generator_cpp: 4.6.9 (/opt/ros/jazzy/share/rosidl_generator_cpp/cmake)
-- Using all available rosidl_typesupport_c: rosidl_typesupport_fastrtps_c;rosidl_typesupport_introspection_c
-- Using all available rosidl_typesupport_cpp: rosidl_typesupport_fastrtps_cpp;rosidl_typesupport_introspection_cpp
-- Found rmw_implementation_cmake: 7.3.3 (/opt/ros/jazzy/share/rmw_implementation_cmake/cmake)
-- Found rmw_fastrtps_cpp: 8.4.4 (/opt/ros/jazzy/share/rmw_fastrtps_cpp/cmake)
-- Using RMW implementation 'rmw_fastrtps_cpp' as default
-- Found rosidl_default_generators: 1.6.1 (/opt/ros/jazzy/share/rosidl_default_generators/cmake)
-- Found rosidl_adapter: 4.6.9 (/opt/ros/jazzy/share/rosidl_adapter/cmake)
-- Found ament_cmake_ros: 0.12.1 (/opt/ros/jazzy/share/ament_cmake_ros/cmake)
-- Using all available rosidl_typesupport_c: rosidl_typesupport_fastrtps_c;rosidl_typesupport_introspection_c
-- Using all available rosidl_typesupport_cpp: rosidl_typesupport_fastrtps_cpp;rosidl_typesupport_introspection_cpp
-- Found python_cmake_module: 0.11.1 (/opt/ros/jazzy/share/python_cmake_module/cmake)
-- Found Python3: /usr/bin/python3 (found version "3.12.3") found components: Interpreter Development NumPy Development.Module Development.Embed 
-- Found Python3: /usr/bin/python3 (found version "3.12.3") found components: Interpreter 
-- Found ament_lint_auto: 0.17.5 (/opt/ros/jazzy/share/ament_lint_auto/cmake)
-- Added test 'cppcheck' to perform static code analysis on C / C++ code
-- Configured cppcheck include dirs: 
-- Configured cppcheck exclude dirs and/or files: 
-- Added test 'lint_cmake' to check CMake code style
-- Added test 'uncrustify' to check C / C++ code style
-- Configured uncrustify additional arguments: 
-- Added test 'xmllint' to check XML markup files
-- Configuring done (1.7s)
-- Generating done (0.0s)
-- Build files have been written to: /home/zhang/rosprc_ws/build/more_interfaces
[  2%] Built target more_interfaces__rosidl_generator_type_description
[  5%] Built target more_interfaces__rs
[  5%] Built target ament_cmake_python_copy_more_interfaces
[  8%] Built target more_interfaces__cpp
[ 21%] Built target more_interfaces__rosidl_generator_c
[ 29%] Built target more_interfaces__rosidl_typesupport_fastrtps_c
[ 37%] Built target more_interfaces__rosidl_typesupport_introspection_c
[ 45%] Built target more_interfaces__rosidl_typesupport_fastrtps_cpp
[ 59%] Built target more_interfaces__rosidl_typesupport_c
[ 62%] Built target more_interfaces__rosidl_typesupport_cpp
[ 70%] Built target more_interfaces__rosidl_typesupport_introspection_cpp
[ 70%] Built target more_interfaces
[ 75%] Built target publish_address_book
[ 78%] Built target more_interfaces__py
[ 83%] Built target more_interfaces__rosidl_generator_py
[ 94%] Built target more_interfaces_s__rosidl_typesupport_introspection_c
[ 97%] Built target more_interfaces_s__rosidl_typesupport_fastrtps_c
[100%] Built target more_interfaces_s__rosidl_typesupport_c
running egg_info
writing more_interfaces.egg-info/PKG-INFO
writing dependency_links to more_interfaces.egg-info/dependency_links.txt
writing top-level names to more_interfaces.egg-info/top_level.txt
reading manifest file 'more_interfaces.egg-info/SOURCES.txt'
writing manifest file 'more_interfaces.egg-info/SOURCES.txt'
[100%] Built target ament_cmake_python_build_more_interfaces_egg
-- Install configuration: ""
-- Up-to-date: /home/zhang/rosprc_ws/install/more_interfaces/share/ament_index/resource_index/rosidl_interfaces/more_interfaces
-- Up-to-date: /home/zhang/rosprc_ws/install/more_interfaces/share/more_interfaces/msg/AddressBook.json
-- Up-to-date: /home/zhang/rosprc_ws/install/more_interfaces/include/more_interfaces/more_interfaces
-- Up-to-date: /home/zhang/rosprc_ws/install/more_interfaces/include/more_interfaces/more_interfaces/msg
-- Up-to-date: /home/zhang/rosprc_ws/install/more_interfaces/include/more_interfaces/more_interfaces/msg/detail
-- Up-to-date: /home/zhang/rosprc_ws/install/more_interfaces/include/more_interfaces/more_interfaces/msg/detail/address_book__type_support.h
-- Up-to-date: /home/zhang/rosprc_ws/install/more_interfaces/include/more_interfaces/more_interfaces/msg/detail/address_book__functions.c
-- Up-to-date: /home/zhang/rosprc_ws/install/more_interfaces/include/more_interfaces/more_interfaces/msg/detail/address_book__struct.h
-- Up-to-date: /home/zhang/rosprc_ws/install/more_interfaces/include/more_interfaces/more_interfaces/msg/detail/address_book__description.c
-- Up-to-date: /home/zhang/rosprc_ws/install/more_interfaces/include/more_interfaces/more_interfaces/msg/detail/address_book__type_support.c
-- Up-to-date: /home/zhang/rosprc_ws/install/more_interfaces/include/more_interfaces/more_interfaces/msg/detail/address_book__functions.h
-- Up-to-date: /home/zhang/rosprc_ws/install/more_interfaces/include/more_interfaces/more_interfaces/msg/rosidl_generator_c__visibility_control.h
-- Up-to-date: /home/zhang/rosprc_ws/install/more_interfaces/include/more_interfaces/more_interfaces/msg/address_book.h
-- Up-to-date: /home/zhang/rosprc_ws/install/more_interfaces/share/more_interfaces/environment/library_path.sh
-- Up-to-date: /home/zhang/rosprc_ws/install/more_interfaces/share/more_interfaces/environment/library_path.dsv
-- Up-to-date: /home/zhang/rosprc_ws/install/more_interfaces/lib/libmore_interfaces__rosidl_generator_c.so
-- Up-to-date: /home/zhang/rosprc_ws/install/more_interfaces/include/more_interfaces/more_interfaces
-- Up-to-date: /home/zhang/rosprc_ws/install/more_interfaces/include/more_interfaces/more_interfaces/msg
-- Up-to-date: /home/zhang/rosprc_ws/install/more_interfaces/include/more_interfaces/more_interfaces/msg/rosidl_typesupport_fastrtps_c__visibility_control.h
-- Up-to-date: /home/zhang/rosprc_ws/install/more_interfaces/include/more_interfaces/more_interfaces/msg/detail
-- Up-to-date: /home/zhang/rosprc_ws/install/more_interfaces/include/more_interfaces/more_interfaces/msg/detail/address_book__rosidl_typesupport_fastrtps_c.h
-- Up-to-date: /home/zhang/rosprc_ws/install/more_interfaces/lib/libmore_interfaces__rosidl_typesupport_fastrtps_c.so
-- Up-to-date: /home/zhang/rosprc_ws/install/more_interfaces/include/more_interfaces/more_interfaces
-- Up-to-date: /home/zhang/rosprc_ws/install/more_interfaces/include/more_interfaces/more_interfaces/msg
-- Up-to-date: /home/zhang/rosprc_ws/install/more_interfaces/include/more_interfaces/more_interfaces/msg/detail
-- Up-to-date: /home/zhang/rosprc_ws/install/more_interfaces/include/more_interfaces/more_interfaces/msg/detail/address_book__builder.hpp
-- Up-to-date: /home/zhang/rosprc_ws/install/more_interfaces/include/more_interfaces/more_interfaces/msg/detail/address_book__struct.hpp
-- Up-to-date: /home/zhang/rosprc_ws/install/more_interfaces/include/more_interfaces/more_interfaces/msg/detail/address_book__type_support.hpp
-- Up-to-date: /home/zhang/rosprc_ws/install/more_interfaces/include/more_interfaces/more_interfaces/msg/detail/address_book__traits.hpp
-- Up-to-date: /home/zhang/rosprc_ws/install/more_interfaces/include/more_interfaces/more_interfaces/msg/rosidl_generator_cpp__visibility_control.hpp
-- Up-to-date: /home/zhang/rosprc_ws/install/more_interfaces/include/more_interfaces/more_interfaces/msg/address_book.hpp
-- Up-to-date: /home/zhang/rosprc_ws/install/more_interfaces/include/more_interfaces/more_interfaces
-- Up-to-date: /home/zhang/rosprc_ws/install/more_interfaces/include/more_interfaces/more_interfaces/msg
-- Up-to-date: /home/zhang/rosprc_ws/install/more_interfaces/include/more_interfaces/more_interfaces/msg/detail
-- Up-to-date: /home/zhang/rosprc_ws/install/more_interfaces/include/more_interfaces/more_interfaces/msg/detail/address_book__rosidl_typesupport_fastrtps_cpp.hpp
-- Up-to-date: /home/zhang/rosprc_ws/install/more_interfaces/include/more_interfaces/more_interfaces/msg/detail/dds_fastrtps
-- Up-to-date: /home/zhang/rosprc_ws/install/more_interfaces/include/more_interfaces/more_interfaces/msg/rosidl_typesupport_fastrtps_cpp__visibility_control.h
-- Up-to-date: /home/zhang/rosprc_ws/install/more_interfaces/lib/libmore_interfaces__rosidl_typesupport_fastrtps_cpp.so
-- Up-to-date: /home/zhang/rosprc_ws/install/more_interfaces/include/more_interfaces/more_interfaces
-- Up-to-date: /home/zhang/rosprc_ws/install/more_interfaces/include/more_interfaces/more_interfaces/msg
-- Up-to-date: /home/zhang/rosprc_ws/install/more_interfaces/include/more_interfaces/more_interfaces/msg/detail
-- Up-to-date: /home/zhang/rosprc_ws/install/more_interfaces/include/more_interfaces/more_interfaces/msg/detail/address_book__rosidl_typesupport_introspection_c.h
-- Up-to-date: /home/zhang/rosprc_ws/install/more_interfaces/include/more_interfaces/more_interfaces/msg/detail/address_book__type_support.c
-- Up-to-date: /home/zhang/rosprc_ws/install/more_interfaces/include/more_interfaces/more_interfaces/msg/rosidl_typesupport_introspection_c__visibility_control.h
-- Up-to-date: /home/zhang/rosprc_ws/install/more_interfaces/lib/libmore_interfaces__rosidl_typesupport_introspection_c.so
-- Up-to-date: /home/zhang/rosprc_ws/install/more_interfaces/lib/libmore_interfaces__rosidl_typesupport_c.so
-- Up-to-date: /home/zhang/rosprc_ws/install/more_interfaces/include/more_interfaces/more_interfaces
-- Up-to-date: /home/zhang/rosprc_ws/install/more_interfaces/include/more_interfaces/more_interfaces/msg
-- Up-to-date: /home/zhang/rosprc_ws/install/more_interfaces/include/more_interfaces/more_interfaces/msg/detail
-- Up-to-date: /home/zhang/rosprc_ws/install/more_interfaces/include/more_interfaces/more_interfaces/msg/detail/address_book__type_support.cpp
-- Up-to-date: /home/zhang/rosprc_ws/install/more_interfaces/include/more_interfaces/more_interfaces/msg/detail/address_book__rosidl_typesupport_introspection_cpp.hpp
-- Up-to-date: /home/zhang/rosprc_ws/install/more_interfaces/lib/libmore_interfaces__rosidl_typesupport_introspection_cpp.so
-- Up-to-date: /home/zhang/rosprc_ws/install/more_interfaces/lib/libmore_interfaces__rosidl_typesupport_cpp.so
-- Up-to-date: /home/zhang/rosprc_ws/install/more_interfaces/share/more_interfaces/environment/pythonpath.sh
-- Up-to-date: /home/zhang/rosprc_ws/install/more_interfaces/share/more_interfaces/environment/pythonpath.dsv
-- Up-to-date: /home/zhang/rosprc_ws/install/more_interfaces/lib/python3.12/site-packages/more_interfaces-0.0.0-py3.12.egg-info
-- Installing: /home/zhang/rosprc_ws/install/more_interfaces/lib/python3.12/site-packages/more_interfaces-0.0.0-py3.12.egg-info/PKG-INFO
-- Installing: /home/zhang/rosprc_ws/install/more_interfaces/lib/python3.12/site-packages/more_interfaces-0.0.0-py3.12.egg-info/top_level.txt
-- Installing: /home/zhang/rosprc_ws/install/more_interfaces/lib/python3.12/site-packages/more_interfaces-0.0.0-py3.12.egg-info/dependency_links.txt
-- Installing: /home/zhang/rosprc_ws/install/more_interfaces/lib/python3.12/site-packages/more_interfaces-0.0.0-py3.12.egg-info/SOURCES.txt
-- Up-to-date: /home/zhang/rosprc_ws/install/more_interfaces/lib/python3.12/site-packages/more_interfaces
-- Up-to-date: /home/zhang/rosprc_ws/install/more_interfaces/lib/python3.12/site-packages/more_interfaces/msg
-- Up-to-date: /home/zhang/rosprc_ws/install/more_interfaces/lib/python3.12/site-packages/more_interfaces/msg/_address_book_s.c
-- Up-to-date: /home/zhang/rosprc_ws/install/more_interfaces/lib/python3.12/site-packages/more_interfaces/msg/__init__.py
-- Up-to-date: /home/zhang/rosprc_ws/install/more_interfaces/lib/python3.12/site-packages/more_interfaces/msg/_address_book.py
-- Up-to-date: /home/zhang/rosprc_ws/install/more_interfaces/lib/python3.12/site-packages/more_interfaces/_more_interfaces_s.ep.rosidl_typesupport_fastrtps_c.c
-- Up-to-date: /home/zhang/rosprc_ws/install/more_interfaces/lib/python3.12/site-packages/more_interfaces/more_interfaces_s__rosidl_typesupport_fastrtps_c.so
-- Up-to-date: /home/zhang/rosprc_ws/install/more_interfaces/lib/python3.12/site-packages/more_interfaces/more_interfaces_s__rosidl_typesupport_c.so
-- Up-to-date: /home/zhang/rosprc_ws/install/more_interfaces/lib/python3.12/site-packages/more_interfaces/_more_interfaces_s.ep.rosidl_typesupport_introspection_c.c
-- Up-to-date: /home/zhang/rosprc_ws/install/more_interfaces/lib/python3.12/site-packages/more_interfaces/_more_interfaces_s.ep.rosidl_typesupport_c.c
-- Installing: /home/zhang/rosprc_ws/install/more_interfaces/lib/python3.12/site-packages/more_interfaces/__init__.py
-- Up-to-date: /home/zhang/rosprc_ws/install/more_interfaces/lib/python3.12/site-packages/more_interfaces/more_interfaces_s__rosidl_typesupport_introspection_c.so
Listing '/home/zhang/rosprc_ws/install/more_interfaces/lib/python3.12/site-packages/more_interfaces'...
Compiling '/home/zhang/rosprc_ws/install/more_interfaces/lib/python3.12/site-packages/more_interfaces/__init__.py'...
Listing '/home/zhang/rosprc_ws/install/more_interfaces/lib/python3.12/site-packages/more_interfaces/msg'...
-- Up-to-date: /home/zhang/rosprc_ws/install/more_interfaces/lib/python3.12/site-packages/more_interfaces/more_interfaces_s__rosidl_typesupport_fastrtps_c.so
-- Up-to-date: /home/zhang/rosprc_ws/install/more_interfaces/lib/python3.12/site-packages/more_interfaces/more_interfaces_s__rosidl_typesupport_introspection_c.so
-- Up-to-date: /home/zhang/rosprc_ws/install/more_interfaces/lib/python3.12/site-packages/more_interfaces/more_interfaces_s__rosidl_typesupport_c.so
-- Up-to-date: /home/zhang/rosprc_ws/install/more_interfaces/lib/libmore_interfaces__rosidl_generator_py.so
-- Up-to-date: /home/zhang/rosprc_ws/install/more_interfaces/share/ament_index/resource_index/rust_packages/more_interfaces
-- Up-to-date: /home/zhang/rosprc_ws/install/more_interfaces/share/more_interfaces/rust
-- Up-to-date: /home/zhang/rosprc_ws/install/more_interfaces/share/more_interfaces/rust/Cargo.toml
-- Up-to-date: /home/zhang/rosprc_ws/install/more_interfaces/share/more_interfaces/rust/src
-- Up-to-date: /home/zhang/rosprc_ws/install/more_interfaces/share/more_interfaces/rust/src/msg
-- Up-to-date: /home/zhang/rosprc_ws/install/more_interfaces/share/more_interfaces/rust/src/msg/rmw.rs
-- Up-to-date: /home/zhang/rosprc_ws/install/more_interfaces/share/more_interfaces/rust/src/lib.rs
-- Up-to-date: /home/zhang/rosprc_ws/install/more_interfaces/share/more_interfaces/rust/src/msg.rs
-- Up-to-date: /home/zhang/rosprc_ws/install/more_interfaces/share/more_interfaces/rust/build.rs
-- Up-to-date: /home/zhang/rosprc_ws/install/more_interfaces/share/more_interfaces/msg/AddressBook.idl
-- Up-to-date: /home/zhang/rosprc_ws/install/more_interfaces/share/more_interfaces/msg/AddressBook.msg
-- Up-to-date: /home/zhang/rosprc_ws/install/more_interfaces/lib/more_interfaces/publish_address_book
-- Up-to-date: /home/zhang/rosprc_ws/install/more_interfaces/share/ament_index/resource_index/package_run_dependencies/more_interfaces
-- Up-to-date: /home/zhang/rosprc_ws/install/more_interfaces/share/ament_index/resource_index/parent_prefix_path/more_interfaces
-- Up-to-date: /home/zhang/rosprc_ws/install/more_interfaces/share/more_interfaces/environment/ament_prefix_path.sh
-- Up-to-date: /home/zhang/rosprc_ws/install/more_interfaces/share/more_interfaces/environment/ament_prefix_path.dsv
-- Up-to-date: /home/zhang/rosprc_ws/install/more_interfaces/share/more_interfaces/environment/path.sh
-- Up-to-date: /home/zhang/rosprc_ws/install/more_interfaces/share/more_interfaces/environment/path.dsv
-- Up-to-date: /home/zhang/rosprc_ws/install/more_interfaces/share/more_interfaces/local_setup.bash
-- Up-to-date: /home/zhang/rosprc_ws/install/more_interfaces/share/more_interfaces/local_setup.sh
-- Up-to-date: /home/zhang/rosprc_ws/install/more_interfaces/share/more_interfaces/local_setup.zsh
-- Up-to-date: /home/zhang/rosprc_ws/install/more_interfaces/share/more_interfaces/local_setup.dsv
-- Installing: /home/zhang/rosprc_ws/install/more_interfaces/share/more_interfaces/package.dsv
-- Up-to-date: /home/zhang/rosprc_ws/install/more_interfaces/share/ament_index/resource_index/packages/more_interfaces
-- Up-to-date: /home/zhang/rosprc_ws/install/more_interfaces/share/more_interfaces/cmake/export_more_interfaces__rosidl_generator_cExport.cmake
-- Up-to-date: /home/zhang/rosprc_ws/install/more_interfaces/share/more_interfaces/cmake/export_more_interfaces__rosidl_generator_cExport-noconfig.cmake
-- Up-to-date: /home/zhang/rosprc_ws/install/more_interfaces/share/more_interfaces/cmake/export_more_interfaces__rosidl_typesupport_fastrtps_cExport.cmake
-- Up-to-date: /home/zhang/rosprc_ws/install/more_interfaces/share/more_interfaces/cmake/export_more_interfaces__rosidl_typesupport_fastrtps_cExport-noconfig.cmake
-- Up-to-date: /home/zhang/rosprc_ws/install/more_interfaces/share/more_interfaces/cmake/export_more_interfaces__rosidl_generator_cppExport.cmake
-- Up-to-date: /home/zhang/rosprc_ws/install/more_interfaces/share/more_interfaces/cmake/export_more_interfaces__rosidl_typesupport_fastrtps_cppExport.cmake
-- Up-to-date: /home/zhang/rosprc_ws/install/more_interfaces/share/more_interfaces/cmake/export_more_interfaces__rosidl_typesupport_fastrtps_cppExport-noconfig.cmake
-- Up-to-date: /home/zhang/rosprc_ws/install/more_interfaces/share/more_interfaces/cmake/more_interfaces__rosidl_typesupport_introspection_cExport.cmake
-- Up-to-date: /home/zhang/rosprc_ws/install/more_interfaces/share/more_interfaces/cmake/more_interfaces__rosidl_typesupport_introspection_cExport-noconfig.cmake
-- Up-to-date: /home/zhang/rosprc_ws/install/more_interfaces/share/more_interfaces/cmake/more_interfaces__rosidl_typesupport_cExport.cmake
-- Up-to-date: /home/zhang/rosprc_ws/install/more_interfaces/share/more_interfaces/cmake/more_interfaces__rosidl_typesupport_cExport-noconfig.cmake
-- Up-to-date: /home/zhang/rosprc_ws/install/more_interfaces/share/more_interfaces/cmake/more_interfaces__rosidl_typesupport_introspection_cppExport.cmake
-- Up-to-date: /home/zhang/rosprc_ws/install/more_interfaces/share/more_interfaces/cmake/more_interfaces__rosidl_typesupport_introspection_cppExport-noconfig.cmake
-- Up-to-date: /home/zhang/rosprc_ws/install/more_interfaces/share/more_interfaces/cmake/more_interfaces__rosidl_typesupport_cppExport.cmake
-- Up-to-date: /home/zhang/rosprc_ws/install/more_interfaces/share/more_interfaces/cmake/more_interfaces__rosidl_typesupport_cppExport-noconfig.cmake
-- Up-to-date: /home/zhang/rosprc_ws/install/more_interfaces/share/more_interfaces/cmake/export_more_interfaces__rosidl_generator_pyExport.cmake
-- Up-to-date: /home/zhang/rosprc_ws/install/more_interfaces/share/more_interfaces/cmake/export_more_interfaces__rosidl_generator_pyExport-noconfig.cmake
-- Up-to-date: /home/zhang/rosprc_ws/install/more_interfaces/share/more_interfaces/cmake/rosidl_cmake-extras.cmake
-- Up-to-date: /home/zhang/rosprc_ws/install/more_interfaces/share/more_interfaces/cmake/ament_cmake_export_include_directories-extras.cmake
-- Up-to-date: /home/zhang/rosprc_ws/install/more_interfaces/share/more_interfaces/cmake/ament_cmake_export_libraries-extras.cmake
-- Up-to-date: /home/zhang/rosprc_ws/install/more_interfaces/share/more_interfaces/cmake/ament_cmake_export_targets-extras.cmake
-- Up-to-date: /home/zhang/rosprc_ws/install/more_interfaces/share/more_interfaces/cmake/rosidl_cmake_export_typesupport_targets-extras.cmake
-- Up-to-date: /home/zhang/rosprc_ws/install/more_interfaces/share/more_interfaces/cmake/ament_cmake_export_dependencies-extras.cmake
-- Up-to-date: /home/zhang/rosprc_ws/install/more_interfaces/share/more_interfaces/cmake/rosidl_cmake_export_typesupport_libraries-extras.cmake
-- Up-to-date: /home/zhang/rosprc_ws/install/more_interfaces/share/more_interfaces/cmake/rosidl_cmake_aggregate_target-extras.cmake
-- Up-to-date: /home/zhang/rosprc_ws/install/more_interfaces/share/more_interfaces/cmake/more_interfacesConfig.cmake
-- Up-to-date: /home/zhang/rosprc_ws/install/more_interfaces/share/more_interfaces/cmake/more_interfacesConfig-version.cmake
-- Up-to-date: /home/zhang/rosprc_ws/install/more_interfaces/share/more_interfaces/package.xml
