[0.008s] Invoking command in '/home/zhang/rosprc_ws/build/more_interfaces': CMAKE_PREFIX_PATH=${CMAKE_PREFIX_PATH}:/opt/ros/jazzy /usr/bin/cmake /home/zhang/rosprc_ws/src/more_interfaces -DCMAKE_INSTALL_PREFIX=/home/zhang/rosprc_ws/install/more_interfaces
[0.027s] -- Found ament_cmake: 2.5.6 (/opt/ros/jazzy/share/ament_cmake/cmake)
[0.134s] -- Found rclcpp: 28.1.21 (/opt/ros/jazzy/share/rclcpp/cmake)
[0.450s] -- Found rosidl_generator_c: 4.6.9 (/opt/ros/jazzy/share/rosidl_generator_c/cmake)
[0.463s] -- Found rosidl_generator_cpp: 4.6.9 (/opt/ros/jazzy/share/rosidl_generator_cpp/cmake)
[0.476s] -- Using all available rosidl_typesupport_c: rosidl_typesupport_fastrtps_c;rosidl_typesupport_introspection_c
[0.488s] -- Using all available rosidl_typesupport_cpp: rosidl_typesupport_fastrtps_cpp;rosidl_typesupport_introspection_cpp
[0.547s] -- Found rmw_implementation_cmake: 7.3.3 (/opt/ros/jazzy/share/rmw_implementation_cmake/cmake)
[0.549s] -- Found rmw_fastrtps_cpp: 8.4.4 (/opt/ros/jazzy/share/rmw_fastrtps_cpp/cmake)
[0.769s] -- Using RMW implementation 'rmw_fastrtps_cpp' as default
[0.949s] -- Found rosidl_default_generators: 1.6.1 (/opt/ros/jazzy/share/rosidl_default_generators/cmake)
[0.959s] -- Found rosidl_adapter: 4.6.9 (/opt/ros/jazzy/share/rosidl_adapter/cmake)
[1.195s] -- Found ament_cmake_ros: 0.12.1 (/opt/ros/jazzy/share/ament_cmake_ros/cmake)
[1.339s] -- Using all available rosidl_typesupport_c: rosidl_typesupport_fastrtps_c;rosidl_typesupport_introspection_c
[1.394s] -- Using all available rosidl_typesupport_cpp: rosidl_typesupport_fastrtps_cpp;rosidl_typesupport_introspection_cpp
[1.395s] -- Found python_cmake_module: 0.11.1 (/opt/ros/jazzy/share/python_cmake_module/cmake)
[1.661s] -- Found Python3: /usr/bin/python3 (found version "3.12.3") found components: Interpreter Development NumPy Development.Module Development.Embed 
[1.698s] -- Found Python3: /usr/bin/python3 (found version "3.12.3") found components: Interpreter 
[1.700s] -- Found ament_lint_auto: 0.17.5 (/opt/ros/jazzy/share/ament_lint_auto/cmake)
[1.711s] -- Added test 'cppcheck' to perform static code analysis on C / C++ code
[1.711s] -- Configured cppcheck include dirs: 
[1.711s] -- Configured cppcheck exclude dirs and/or files: 
[1.712s] -- Added test 'lint_cmake' to check CMake code style
[1.712s] -- Added test 'uncrustify' to check C / C++ code style
[1.713s] -- Configured uncrustify additional arguments: 
[1.713s] -- Added test 'xmllint' to check XML markup files
[1.715s] -- Configuring done (1.7s)
[1.759s] -- Generating done (0.0s)
[1.774s] -- Build files have been written to: /home/zhang/rosprc_ws/build/more_interfaces
[1.787s] Invoked command in '/home/zhang/rosprc_ws/build/more_interfaces' returned '0': CMAKE_PREFIX_PATH=${CMAKE_PREFIX_PATH}:/opt/ros/jazzy /usr/bin/cmake /home/zhang/rosprc_ws/src/more_interfaces -DCMAKE_INSTALL_PREFIX=/home/zhang/rosprc_ws/install/more_interfaces
[1.788s] Invoking command in '/home/zhang/rosprc_ws/build/more_interfaces': CMAKE_PREFIX_PATH=${CMAKE_PREFIX_PATH}:/opt/ros/jazzy /usr/bin/cmake --build /home/zhang/rosprc_ws/build/more_interfaces -- -j20 -l20
[1.833s] [  2%] Built target more_interfaces__rosidl_generator_type_description
[1.833s] [  5%] Built target more_interfaces__rs
[1.840s] [  5%] Built target ament_cmake_python_copy_more_interfaces
[1.850s] [  8%] Built target more_interfaces__cpp
[1.852s] [ 21%] Built target more_interfaces__rosidl_generator_c
[1.875s] [ 29%] Built target more_interfaces__rosidl_typesupport_fastrtps_c
[1.876s] [ 37%] Built target more_interfaces__rosidl_typesupport_introspection_c
[1.878s] [ 45%] Built target more_interfaces__rosidl_typesupport_fastrtps_cpp
[1.880s] [ 59%] Built target more_interfaces__rosidl_typesupport_c
[1.880s] [ 62%] Built target more_interfaces__rosidl_typesupport_cpp
[1.884s] [ 70%] Built target more_interfaces__rosidl_typesupport_introspection_cpp
[1.902s] [ 70%] Built target more_interfaces
[1.905s] [ 75%] Built target publish_address_book
[1.921s] [ 78%] Built target more_interfaces__py
[1.942s] [ 83%] Built target more_interfaces__rosidl_generator_py
[1.963s] [ 94%] Built target more_interfaces_s__rosidl_typesupport_introspection_c
[1.963s] [ 97%] Built target more_interfaces_s__rosidl_typesupport_fastrtps_c
[1.963s] [100%] Built target more_interfaces_s__rosidl_typesupport_c
[2.035s] running egg_info
[2.052s] writing more_interfaces.egg-info/PKG-INFO
[2.052s] writing dependency_links to more_interfaces.egg-info/dependency_links.txt
[2.052s] writing top-level names to more_interfaces.egg-info/top_level.txt
[2.099s] reading manifest file 'more_interfaces.egg-info/SOURCES.txt'
[2.100s] writing manifest file 'more_interfaces.egg-info/SOURCES.txt'
[2.124s] [100%] Built target ament_cmake_python_build_more_interfaces_egg
[2.134s] Invoked command in '/home/zhang/rosprc_ws/build/more_interfaces' returned '0': CMAKE_PREFIX_PATH=${CMAKE_PREFIX_PATH}:/opt/ros/jazzy /usr/bin/cmake --build /home/zhang/rosprc_ws/build/more_interfaces -- -j20 -l20
[2.144s] Invoking command in '/home/zhang/rosprc_ws/build/more_interfaces': CMAKE_PREFIX_PATH=${CMAKE_PREFIX_PATH}:/opt/ros/jazzy /usr/bin/cmake --install /home/zhang/rosprc_ws/build/more_interfaces
[2.151s] -- Install configuration: ""
[2.152s] -- Up-to-date: /home/zhang/rosprc_ws/install/more_interfaces/share/ament_index/resource_index/rosidl_interfaces/more_interfaces
[2.152s] -- Up-to-date: /home/zhang/rosprc_ws/install/more_interfaces/share/more_interfaces/msg/AddressBook.json
[2.152s] -- Up-to-date: /home/zhang/rosprc_ws/install/more_interfaces/include/more_interfaces/more_interfaces
[2.152s] -- Up-to-date: /home/zhang/rosprc_ws/install/more_interfaces/include/more_interfaces/more_interfaces/msg
[2.153s] -- Up-to-date: /home/zhang/rosprc_ws/install/more_interfaces/include/more_interfaces/more_interfaces/msg/detail
[2.153s] -- Up-to-date: /home/zhang/rosprc_ws/install/more_interfaces/include/more_interfaces/more_interfaces/msg/detail/address_book__type_support.h
[2.153s] -- Up-to-date: /home/zhang/rosprc_ws/install/more_interfaces/include/more_interfaces/more_interfaces/msg/detail/address_book__functions.c
[2.153s] -- Up-to-date: /home/zhang/rosprc_ws/install/more_interfaces/include/more_interfaces/more_interfaces/msg/detail/address_book__struct.h
[2.153s] -- Up-to-date: /home/zhang/rosprc_ws/install/more_interfaces/include/more_interfaces/more_interfaces/msg/detail/address_book__description.c
[2.153s] -- Up-to-date: /home/zhang/rosprc_ws/install/more_interfaces/include/more_interfaces/more_interfaces/msg/detail/address_book__type_support.c
[2.154s] -- Up-to-date: /home/zhang/rosprc_ws/install/more_interfaces/include/more_interfaces/more_interfaces/msg/detail/address_book__functions.h
[2.154s] -- Up-to-date: /home/zhang/rosprc_ws/install/more_interfaces/include/more_interfaces/more_interfaces/msg/rosidl_generator_c__visibility_control.h
[2.154s] -- Up-to-date: /home/zhang/rosprc_ws/install/more_interfaces/include/more_interfaces/more_interfaces/msg/address_book.h
[2.154s] -- Up-to-date: /home/zhang/rosprc_ws/install/more_interfaces/share/more_interfaces/environment/library_path.sh
[2.154s] -- Up-to-date: /home/zhang/rosprc_ws/install/more_interfaces/share/more_interfaces/environment/library_path.dsv
[2.155s] -- Up-to-date: /home/zhang/rosprc_ws/install/more_interfaces/lib/libmore_interfaces__rosidl_generator_c.so
[2.155s] -- Up-to-date: /home/zhang/rosprc_ws/install/more_interfaces/include/more_interfaces/more_interfaces
[2.155s] -- Up-to-date: /home/zhang/rosprc_ws/install/more_interfaces/include/more_interfaces/more_interfaces/msg
[2.155s] -- Up-to-date: /home/zhang/rosprc_ws/install/more_interfaces/include/more_interfaces/more_interfaces/msg/rosidl_typesupport_fastrtps_c__visibility_control.h
[2.155s] -- Up-to-date: /home/zhang/rosprc_ws/install/more_interfaces/include/more_interfaces/more_interfaces/msg/detail
[2.155s] -- Up-to-date: /home/zhang/rosprc_ws/install/more_interfaces/include/more_interfaces/more_interfaces/msg/detail/address_book__rosidl_typesupport_fastrtps_c.h
[2.155s] -- Up-to-date: /home/zhang/rosprc_ws/install/more_interfaces/lib/libmore_interfaces__rosidl_typesupport_fastrtps_c.so
[2.156s] -- Up-to-date: /home/zhang/rosprc_ws/install/more_interfaces/include/more_interfaces/more_interfaces
[2.156s] -- Up-to-date: /home/zhang/rosprc_ws/install/more_interfaces/include/more_interfaces/more_interfaces/msg
[2.156s] -- Up-to-date: /home/zhang/rosprc_ws/install/more_interfaces/include/more_interfaces/more_interfaces/msg/detail
[2.156s] -- Up-to-date: /home/zhang/rosprc_ws/install/more_interfaces/include/more_interfaces/more_interfaces/msg/detail/address_book__builder.hpp
[2.156s] -- Up-to-date: /home/zhang/rosprc_ws/install/more_interfaces/include/more_interfaces/more_interfaces/msg/detail/address_book__struct.hpp
[2.156s] -- Up-to-date: /home/zhang/rosprc_ws/install/more_interfaces/include/more_interfaces/more_interfaces/msg/detail/address_book__type_support.hpp
[2.156s] -- Up-to-date: /home/zhang/rosprc_ws/install/more_interfaces/include/more_interfaces/more_interfaces/msg/detail/address_book__traits.hpp
[2.156s] -- Up-to-date: /home/zhang/rosprc_ws/install/more_interfaces/include/more_interfaces/more_interfaces/msg/rosidl_generator_cpp__visibility_control.hpp
[2.156s] -- Up-to-date: /home/zhang/rosprc_ws/install/more_interfaces/include/more_interfaces/more_interfaces/msg/address_book.hpp
[2.156s] -- Up-to-date: /home/zhang/rosprc_ws/install/more_interfaces/include/more_interfaces/more_interfaces
[2.157s] -- Up-to-date: /home/zhang/rosprc_ws/install/more_interfaces/include/more_interfaces/more_interfaces/msg
[2.157s] -- Up-to-date: /home/zhang/rosprc_ws/install/more_interfaces/include/more_interfaces/more_interfaces/msg/detail
[2.157s] -- Up-to-date: /home/zhang/rosprc_ws/install/more_interfaces/include/more_interfaces/more_interfaces/msg/detail/address_book__rosidl_typesupport_fastrtps_cpp.hpp
[2.157s] -- Up-to-date: /home/zhang/rosprc_ws/install/more_interfaces/include/more_interfaces/more_interfaces/msg/detail/dds_fastrtps
[2.157s] -- Up-to-date: /home/zhang/rosprc_ws/install/more_interfaces/include/more_interfaces/more_interfaces/msg/rosidl_typesupport_fastrtps_cpp__visibility_control.h
[2.157s] -- Up-to-date: /home/zhang/rosprc_ws/install/more_interfaces/lib/libmore_interfaces__rosidl_typesupport_fastrtps_cpp.so
[2.157s] -- Up-to-date: /home/zhang/rosprc_ws/install/more_interfaces/include/more_interfaces/more_interfaces
[2.158s] -- Up-to-date: /home/zhang/rosprc_ws/install/more_interfaces/include/more_interfaces/more_interfaces/msg
[2.158s] -- Up-to-date: /home/zhang/rosprc_ws/install/more_interfaces/include/more_interfaces/more_interfaces/msg/detail
[2.158s] -- Up-to-date: /home/zhang/rosprc_ws/install/more_interfaces/include/more_interfaces/more_interfaces/msg/detail/address_book__rosidl_typesupport_introspection_c.h
[2.158s] -- Up-to-date: /home/zhang/rosprc_ws/install/more_interfaces/include/more_interfaces/more_interfaces/msg/detail/address_book__type_support.c
[2.158s] -- Up-to-date: /home/zhang/rosprc_ws/install/more_interfaces/include/more_interfaces/more_interfaces/msg/rosidl_typesupport_introspection_c__visibility_control.h
[2.158s] -- Up-to-date: /home/zhang/rosprc_ws/install/more_interfaces/lib/libmore_interfaces__rosidl_typesupport_introspection_c.so
[2.159s] -- Up-to-date: /home/zhang/rosprc_ws/install/more_interfaces/lib/libmore_interfaces__rosidl_typesupport_c.so
[2.159s] -- Up-to-date: /home/zhang/rosprc_ws/install/more_interfaces/include/more_interfaces/more_interfaces
[2.159s] -- Up-to-date: /home/zhang/rosprc_ws/install/more_interfaces/include/more_interfaces/more_interfaces/msg
[2.159s] -- Up-to-date: /home/zhang/rosprc_ws/install/more_interfaces/include/more_interfaces/more_interfaces/msg/detail
[2.159s] -- Up-to-date: /home/zhang/rosprc_ws/install/more_interfaces/include/more_interfaces/more_interfaces/msg/detail/address_book__type_support.cpp
[2.159s] -- Up-to-date: /home/zhang/rosprc_ws/install/more_interfaces/include/more_interfaces/more_interfaces/msg/detail/address_book__rosidl_typesupport_introspection_cpp.hpp
[2.159s] -- Up-to-date: /home/zhang/rosprc_ws/install/more_interfaces/lib/libmore_interfaces__rosidl_typesupport_introspection_cpp.so
[2.159s] -- Up-to-date: /home/zhang/rosprc_ws/install/more_interfaces/lib/libmore_interfaces__rosidl_typesupport_cpp.so
[2.159s] -- Up-to-date: /home/zhang/rosprc_ws/install/more_interfaces/share/more_interfaces/environment/pythonpath.sh
[2.159s] -- Up-to-date: /home/zhang/rosprc_ws/install/more_interfaces/share/more_interfaces/environment/pythonpath.dsv
[2.159s] -- Up-to-date: /home/zhang/rosprc_ws/install/more_interfaces/lib/python3.12/site-packages/more_interfaces-0.0.0-py3.12.egg-info
[2.159s] -- Installing: /home/zhang/rosprc_ws/install/more_interfaces/lib/python3.12/site-packages/more_interfaces-0.0.0-py3.12.egg-info/PKG-INFO
[2.159s] -- Installing: /home/zhang/rosprc_ws/install/more_interfaces/lib/python3.12/site-packages/more_interfaces-0.0.0-py3.12.egg-info/top_level.txt
[2.159s] -- Installing: /home/zhang/rosprc_ws/install/more_interfaces/lib/python3.12/site-packages/more_interfaces-0.0.0-py3.12.egg-info/dependency_links.txt
[2.159s] -- Installing: /home/zhang/rosprc_ws/install/more_interfaces/lib/python3.12/site-packages/more_interfaces-0.0.0-py3.12.egg-info/SOURCES.txt
[2.160s] -- Up-to-date: /home/zhang/rosprc_ws/install/more_interfaces/lib/python3.12/site-packages/more_interfaces
[2.160s] -- Up-to-date: /home/zhang/rosprc_ws/install/more_interfaces/lib/python3.12/site-packages/more_interfaces/msg
[2.160s] -- Up-to-date: /home/zhang/rosprc_ws/install/more_interfaces/lib/python3.12/site-packages/more_interfaces/msg/_address_book_s.c
[2.160s] -- Up-to-date: /home/zhang/rosprc_ws/install/more_interfaces/lib/python3.12/site-packages/more_interfaces/msg/__init__.py
[2.160s] -- Up-to-date: /home/zhang/rosprc_ws/install/more_interfaces/lib/python3.12/site-packages/more_interfaces/msg/_address_book.py
[2.160s] -- Up-to-date: /home/zhang/rosprc_ws/install/more_interfaces/lib/python3.12/site-packages/more_interfaces/_more_interfaces_s.ep.rosidl_typesupport_fastrtps_c.c
[2.160s] -- Up-to-date: /home/zhang/rosprc_ws/install/more_interfaces/lib/python3.12/site-packages/more_interfaces/more_interfaces_s__rosidl_typesupport_fastrtps_c.so
[2.160s] -- Up-to-date: /home/zhang/rosprc_ws/install/more_interfaces/lib/python3.12/site-packages/more_interfaces/more_interfaces_s__rosidl_typesupport_c.so
[2.161s] -- Up-to-date: /home/zhang/rosprc_ws/install/more_interfaces/lib/python3.12/site-packages/more_interfaces/_more_interfaces_s.ep.rosidl_typesupport_introspection_c.c
[2.161s] -- Up-to-date: /home/zhang/rosprc_ws/install/more_interfaces/lib/python3.12/site-packages/more_interfaces/_more_interfaces_s.ep.rosidl_typesupport_c.c
[2.161s] -- Installing: /home/zhang/rosprc_ws/install/more_interfaces/lib/python3.12/site-packages/more_interfaces/__init__.py
[2.161s] -- Up-to-date: /home/zhang/rosprc_ws/install/more_interfaces/lib/python3.12/site-packages/more_interfaces/more_interfaces_s__rosidl_typesupport_introspection_c.so
[2.195s] Listing '/home/zhang/rosprc_ws/install/more_interfaces/lib/python3.12/site-packages/more_interfaces'...
[2.195s] Compiling '/home/zhang/rosprc_ws/install/more_interfaces/lib/python3.12/site-packages/more_interfaces/__init__.py'...
[2.195s] Listing '/home/zhang/rosprc_ws/install/more_interfaces/lib/python3.12/site-packages/more_interfaces/msg'...
[2.200s] -- Up-to-date: /home/zhang/rosprc_ws/install/more_interfaces/lib/python3.12/site-packages/more_interfaces/more_interfaces_s__rosidl_typesupport_fastrtps_c.so
[2.200s] -- Up-to-date: /home/zhang/rosprc_ws/install/more_interfaces/lib/python3.12/site-packages/more_interfaces/more_interfaces_s__rosidl_typesupport_introspection_c.so
[2.200s] -- Up-to-date: /home/zhang/rosprc_ws/install/more_interfaces/lib/python3.12/site-packages/more_interfaces/more_interfaces_s__rosidl_typesupport_c.so
[2.201s] -- Up-to-date: /home/zhang/rosprc_ws/install/more_interfaces/lib/libmore_interfaces__rosidl_generator_py.so
[2.201s] -- Up-to-date: /home/zhang/rosprc_ws/install/more_interfaces/share/ament_index/resource_index/rust_packages/more_interfaces
[2.202s] -- Up-to-date: /home/zhang/rosprc_ws/install/more_interfaces/share/more_interfaces/rust
[2.202s] -- Up-to-date: /home/zhang/rosprc_ws/install/more_interfaces/share/more_interfaces/rust/Cargo.toml
[2.202s] -- Up-to-date: /home/zhang/rosprc_ws/install/more_interfaces/share/more_interfaces/rust/src
[2.202s] -- Up-to-date: /home/zhang/rosprc_ws/install/more_interfaces/share/more_interfaces/rust/src/msg
[2.203s] -- Up-to-date: /home/zhang/rosprc_ws/install/more_interfaces/share/more_interfaces/rust/src/msg/rmw.rs
[2.203s] -- Up-to-date: /home/zhang/rosprc_ws/install/more_interfaces/share/more_interfaces/rust/src/lib.rs
[2.203s] -- Up-to-date: /home/zhang/rosprc_ws/install/more_interfaces/share/more_interfaces/rust/src/msg.rs
[2.203s] -- Up-to-date: /home/zhang/rosprc_ws/install/more_interfaces/share/more_interfaces/rust/build.rs
[2.203s] -- Up-to-date: /home/zhang/rosprc_ws/install/more_interfaces/share/more_interfaces/msg/AddressBook.idl
[2.204s] -- Up-to-date: /home/zhang/rosprc_ws/install/more_interfaces/share/more_interfaces/msg/AddressBook.msg
[2.204s] -- Up-to-date: /home/zhang/rosprc_ws/install/more_interfaces/lib/more_interfaces/publish_address_book
[2.204s] -- Up-to-date: /home/zhang/rosprc_ws/install/more_interfaces/share/ament_index/resource_index/package_run_dependencies/more_interfaces
[2.204s] -- Up-to-date: /home/zhang/rosprc_ws/install/more_interfaces/share/ament_index/resource_index/parent_prefix_path/more_interfaces
[2.204s] -- Up-to-date: /home/zhang/rosprc_ws/install/more_interfaces/share/more_interfaces/environment/ament_prefix_path.sh
[2.205s] -- Up-to-date: /home/zhang/rosprc_ws/install/more_interfaces/share/more_interfaces/environment/ament_prefix_path.dsv
[2.205s] -- Up-to-date: /home/zhang/rosprc_ws/install/more_interfaces/share/more_interfaces/environment/path.sh
[2.205s] -- Up-to-date: /home/zhang/rosprc_ws/install/more_interfaces/share/more_interfaces/environment/path.dsv
[2.205s] -- Up-to-date: /home/zhang/rosprc_ws/install/more_interfaces/share/more_interfaces/local_setup.bash
[2.205s] -- Up-to-date: /home/zhang/rosprc_ws/install/more_interfaces/share/more_interfaces/local_setup.sh
[2.206s] -- Up-to-date: /home/zhang/rosprc_ws/install/more_interfaces/share/more_interfaces/local_setup.zsh
[2.206s] -- Up-to-date: /home/zhang/rosprc_ws/install/more_interfaces/share/more_interfaces/local_setup.dsv
[2.206s] -- Installing: /home/zhang/rosprc_ws/install/more_interfaces/share/more_interfaces/package.dsv
[2.206s] -- Up-to-date: /home/zhang/rosprc_ws/install/more_interfaces/share/ament_index/resource_index/packages/more_interfaces
[2.206s] -- Up-to-date: /home/zhang/rosprc_ws/install/more_interfaces/share/more_interfaces/cmake/export_more_interfaces__rosidl_generator_cExport.cmake
[2.206s] -- Up-to-date: /home/zhang/rosprc_ws/install/more_interfaces/share/more_interfaces/cmake/export_more_interfaces__rosidl_generator_cExport-noconfig.cmake
[2.206s] -- Up-to-date: /home/zhang/rosprc_ws/install/more_interfaces/share/more_interfaces/cmake/export_more_interfaces__rosidl_typesupport_fastrtps_cExport.cmake
[2.206s] -- Up-to-date: /home/zhang/rosprc_ws/install/more_interfaces/share/more_interfaces/cmake/export_more_interfaces__rosidl_typesupport_fastrtps_cExport-noconfig.cmake
[2.206s] -- Up-to-date: /home/zhang/rosprc_ws/install/more_interfaces/share/more_interfaces/cmake/export_more_interfaces__rosidl_generator_cppExport.cmake
[2.206s] -- Up-to-date: /home/zhang/rosprc_ws/install/more_interfaces/share/more_interfaces/cmake/export_more_interfaces__rosidl_typesupport_fastrtps_cppExport.cmake
[2.206s] -- Up-to-date: /home/zhang/rosprc_ws/install/more_interfaces/share/more_interfaces/cmake/export_more_interfaces__rosidl_typesupport_fastrtps_cppExport-noconfig.cmake
[2.206s] -- Up-to-date: /home/zhang/rosprc_ws/install/more_interfaces/share/more_interfaces/cmake/more_interfaces__rosidl_typesupport_introspection_cExport.cmake
[2.206s] -- Up-to-date: /home/zhang/rosprc_ws/install/more_interfaces/share/more_interfaces/cmake/more_interfaces__rosidl_typesupport_introspection_cExport-noconfig.cmake
[2.206s] -- Up-to-date: /home/zhang/rosprc_ws/install/more_interfaces/share/more_interfaces/cmake/more_interfaces__rosidl_typesupport_cExport.cmake
[2.206s] -- Up-to-date: /home/zhang/rosprc_ws/install/more_interfaces/share/more_interfaces/cmake/more_interfaces__rosidl_typesupport_cExport-noconfig.cmake
[2.206s] -- Up-to-date: /home/zhang/rosprc_ws/install/more_interfaces/share/more_interfaces/cmake/more_interfaces__rosidl_typesupport_introspection_cppExport.cmake
[2.207s] -- Up-to-date: /home/zhang/rosprc_ws/install/more_interfaces/share/more_interfaces/cmake/more_interfaces__rosidl_typesupport_introspection_cppExport-noconfig.cmake
[2.208s] -- Up-to-date: /home/zhang/rosprc_ws/install/more_interfaces/share/more_interfaces/cmake/more_interfaces__rosidl_typesupport_cppExport.cmake
[2.209s] -- Up-to-date: /home/zhang/rosprc_ws/install/more_interfaces/share/more_interfaces/cmake/more_interfaces__rosidl_typesupport_cppExport-noconfig.cmake
[2.209s] -- Up-to-date: /home/zhang/rosprc_ws/install/more_interfaces/share/more_interfaces/cmake/export_more_interfaces__rosidl_generator_pyExport.cmake
[2.209s] -- Up-to-date: /home/zhang/rosprc_ws/install/more_interfaces/share/more_interfaces/cmake/export_more_interfaces__rosidl_generator_pyExport-noconfig.cmake
[2.210s] -- Up-to-date: /home/zhang/rosprc_ws/install/more_interfaces/share/more_interfaces/cmake/rosidl_cmake-extras.cmake
[2.210s] -- Up-to-date: /home/zhang/rosprc_ws/install/more_interfaces/share/more_interfaces/cmake/ament_cmake_export_include_directories-extras.cmake
[2.210s] -- Up-to-date: /home/zhang/rosprc_ws/install/more_interfaces/share/more_interfaces/cmake/ament_cmake_export_libraries-extras.cmake
[2.210s] -- Up-to-date: /home/zhang/rosprc_ws/install/more_interfaces/share/more_interfaces/cmake/ament_cmake_export_targets-extras.cmake
[2.211s] -- Up-to-date: /home/zhang/rosprc_ws/install/more_interfaces/share/more_interfaces/cmake/rosidl_cmake_export_typesupport_targets-extras.cmake
[2.211s] -- Up-to-date: /home/zhang/rosprc_ws/install/more_interfaces/share/more_interfaces/cmake/ament_cmake_export_dependencies-extras.cmake
[2.212s] -- Up-to-date: /home/zhang/rosprc_ws/install/more_interfaces/share/more_interfaces/cmake/rosidl_cmake_export_typesupport_libraries-extras.cmake
[2.213s] -- Up-to-date: /home/zhang/rosprc_ws/install/more_interfaces/share/more_interfaces/cmake/rosidl_cmake_aggregate_target-extras.cmake
[2.213s] -- Up-to-date: /home/zhang/rosprc_ws/install/more_interfaces/share/more_interfaces/cmake/more_interfacesConfig.cmake
[2.214s] -- Up-to-date: /home/zhang/rosprc_ws/install/more_interfaces/share/more_interfaces/cmake/more_interfacesConfig-version.cmake
[2.214s] -- Up-to-date: /home/zhang/rosprc_ws/install/more_interfaces/share/more_interfaces/package.xml
[2.214s] Invoked command in '/home/zhang/rosprc_ws/build/more_interfaces' returned '0': CMAKE_PREFIX_PATH=${CMAKE_PREFIX_PATH}:/opt/ros/jazzy /usr/bin/cmake --install /home/zhang/rosprc_ws/build/more_interfaces
