[2.532s] Invoking command in '/home/zhang/rosprc_ws/src/examples/rclpy/topics/pointcloud_publisher': PYTHONPATH=/home/zhang/rosprc_ws/build/examples_rclpy_pointcloud_publisher/prefix_override:/usr/lib/python3/dist-packages/colcon_core/task/python/colcon_distutils_commands:/home/zhang/rosprc_ws/install/examples_rclpy_pointcloud_publisher/lib/python3.12/site-packages:${PYTHONPATH} /usr/bin/python3 -W ignore:setup.py install is deprecated -W ignore:easy_install command is deprecated setup.py egg_info --egg-base ../../../../../build/examples_rclpy_pointcloud_publisher build --build-base /home/zhang/rosprc_ws/build/examples_rclpy_pointcloud_publisher/build install --record /home/zhang/rosprc_ws/build/examples_rclpy_pointcloud_publisher/install.log --install-scripts $base/lib/examples_rclpy_pointcloud_publisher --single-version-externally-managed install_data
[3.143s] running egg_info
[3.176s] writing ../../../../../build/examples_rclpy_pointcloud_publisher/examples_rclpy_pointcloud_publisher.egg-info/PKG-INFO
[3.177s] writing dependency_links to ../../../../../build/examples_rclpy_pointcloud_publisher/examples_rclpy_pointcloud_publisher.egg-info/dependency_links.txt
[3.178s] writing entry points to ../../../../../build/examples_rclpy_pointcloud_publisher/examples_rclpy_pointcloud_publisher.egg-info/entry_points.txt
[3.179s] writing requirements to ../../../../../build/examples_rclpy_pointcloud_publisher/examples_rclpy_pointcloud_publisher.egg-info/requires.txt
[3.180s] writing top-level names to ../../../../../build/examples_rclpy_pointcloud_publisher/examples_rclpy_pointcloud_publisher.egg-info/top_level.txt
[3.251s] reading manifest file '../../../../../build/examples_rclpy_pointcloud_publisher/examples_rclpy_pointcloud_publisher.egg-info/SOURCES.txt'
[3.252s] writing manifest file '../../../../../build/examples_rclpy_pointcloud_publisher/examples_rclpy_pointcloud_publisher.egg-info/SOURCES.txt'
[3.253s] running build
[3.253s] running build_py
[3.253s] running install
[3.260s] running install_lib
[3.292s] running install_data
[3.292s] running install_egg_info
[3.349s] removing '/home/zhang/rosprc_ws/install/examples_rclpy_pointcloud_publisher/lib/python3.12/site-packages/examples_rclpy_pointcloud_publisher-0.19.7-py3.12.egg-info' (and everything under it)
[3.350s] Copying ../../../../../build/examples_rclpy_pointcloud_publisher/examples_rclpy_pointcloud_publisher.egg-info to /home/zhang/rosprc_ws/install/examples_rclpy_pointcloud_publisher/lib/python3.12/site-packages/examples_rclpy_pointcloud_publisher-0.19.7-py3.12.egg-info
[3.354s] running install_scripts
[3.532s] Installing pointcloud_publisher script to /home/zhang/rosprc_ws/install/examples_rclpy_pointcloud_publisher/lib/examples_rclpy_pointcloud_publisher
[3.533s] writing list of installed files to '/home/zhang/rosprc_ws/build/examples_rclpy_pointcloud_publisher/install.log'
[3.579s] Invoked command in '/home/zhang/rosprc_ws/src/examples/rclpy/topics/pointcloud_publisher' returned '0': PYTHONPATH=/home/zhang/rosprc_ws/build/examples_rclpy_pointcloud_publisher/prefix_override:/usr/lib/python3/dist-packages/colcon_core/task/python/colcon_distutils_commands:/home/zhang/rosprc_ws/install/examples_rclpy_pointcloud_publisher/lib/python3.12/site-packages:${PYTHONPATH} /usr/bin/python3 -W ignore:setup.py install is deprecated -W ignore:easy_install command is deprecated setup.py egg_info --egg-base ../../../../../build/examples_rclpy_pointcloud_publisher build --build-base /home/zhang/rosprc_ws/build/examples_rclpy_pointcloud_publisher/build install --record /home/zhang/rosprc_ws/build/examples_rclpy_pointcloud_publisher/install.log --install-scripts $base/lib/examples_rclpy_pointcloud_publisher --single-version-externally-managed install_data
