[0.200s] Invoking command in '/home/zhang/rosprc_ws/build/examples_rclcpp_minimal_subscriber': CMAKE_PREFIX_PATH=${CMAKE_PREFIX_PATH}:/opt/ros/jazzy /usr/bin/cmake --build /home/zhang/rosprc_ws/build/examples_rclcpp_minimal_subscriber -- -j20 -l20
[3.677s] [  8%] Built target subscriber_lambda
[3.677s] [ 16%] Built target subscriber_member_function
[3.677s] [ 25%] Built target subscriber_member_function_with_unique_network_flow_endpoints
[3.677s] [ 41%] Built target wait_set_subscriber_library
[3.677s] [ 50%] Built target subscriber_member_function_with_topic_statistics
[3.678s] [ 58%] Built target subscriber_content_filtering
[3.678s] [ 66%] Built target wait_set_subscriber
[3.678s] [ 75%] Built target subscriber_not_composable
[3.678s] [ 83%] Built target subscriber_member_function_with_type_adapter
[3.678s] [ 91%] Built target static_wait_set_subscriber
[3.678s] [100%] Built target time_triggered_wait_set_subscriber
[3.731s] Invoked command in '/home/zhang/rosprc_ws/build/examples_rclcpp_minimal_subscriber' returned '0': CMAKE_PREFIX_PATH=${CMAKE_PREFIX_PATH}:/opt/ros/jazzy /usr/bin/cmake --build /home/zhang/rosprc_ws/build/examples_rclcpp_minimal_subscriber -- -j20 -l20
[3.733s] Invoking command in '/home/zhang/rosprc_ws/build/examples_rclcpp_minimal_subscriber': CMAKE_PREFIX_PATH=${CMAKE_PREFIX_PATH}:/opt/ros/jazzy /usr/bin/cmake --install /home/zhang/rosprc_ws/build/examples_rclcpp_minimal_subscriber
[3.887s] -- Install configuration: ""
[3.894s] -- Execute custom install script
[3.894s] -- Up-to-date symlink: /home/zhang/rosprc_ws/install/examples_rclcpp_minimal_subscriber/lib/examples_rclcpp_minimal_subscriber/wait_set_subscriber
[3.895s] -- Up-to-date symlink: /home/zhang/rosprc_ws/install/examples_rclcpp_minimal_subscriber/lib/examples_rclcpp_minimal_subscriber/static_wait_set_subscriber
[3.897s] -- Up-to-date symlink: /home/zhang/rosprc_ws/install/examples_rclcpp_minimal_subscriber/lib/examples_rclcpp_minimal_subscriber/time_triggered_wait_set_subscriber
[3.898s] -- Up-to-date symlink: /home/zhang/rosprc_ws/install/examples_rclcpp_minimal_subscriber/lib/libwait_set_subscriber_library.so
[3.899s] -- Up-to-date symlink: /home/zhang/rosprc_ws/install/examples_rclcpp_minimal_subscriber/lib/examples_rclcpp_minimal_subscriber/subscriber_lambda
[3.900s] -- Up-to-date symlink: /home/zhang/rosprc_ws/install/examples_rclcpp_minimal_subscriber/lib/examples_rclcpp_minimal_subscriber/subscriber_member_function
[3.901s] -- Up-to-date symlink: /home/zhang/rosprc_ws/install/examples_rclcpp_minimal_subscriber/lib/examples_rclcpp_minimal_subscriber/subscriber_member_function_with_topic_statistics
[3.902s] -- Up-to-date symlink: /home/zhang/rosprc_ws/install/examples_rclcpp_minimal_subscriber/lib/examples_rclcpp_minimal_subscriber/subscriber_member_function_with_type_adapter
[3.903s] -- Up-to-date symlink: /home/zhang/rosprc_ws/install/examples_rclcpp_minimal_subscriber/lib/examples_rclcpp_minimal_subscriber/subscriber_member_function_with_unique_network_flow_endpoints
[3.905s] -- Up-to-date symlink: /home/zhang/rosprc_ws/install/examples_rclcpp_minimal_subscriber/lib/examples_rclcpp_minimal_subscriber/subscriber_not_composable
[3.906s] -- Up-to-date symlink: /home/zhang/rosprc_ws/install/examples_rclcpp_minimal_subscriber/lib/examples_rclcpp_minimal_subscriber/subscriber_content_filtering
[3.908s] -- Up-to-date symlink: /home/zhang/rosprc_ws/install/examples_rclcpp_minimal_subscriber/share/ament_index/resource_index/package_run_dependencies/examples_rclcpp_minimal_subscriber
[3.909s] -- Up-to-date symlink: /home/zhang/rosprc_ws/install/examples_rclcpp_minimal_subscriber/share/ament_index/resource_index/parent_prefix_path/examples_rclcpp_minimal_subscriber
[3.909s] -- Up-to-date symlink: /home/zhang/rosprc_ws/install/examples_rclcpp_minimal_subscriber/share/examples_rclcpp_minimal_subscriber/environment/ament_prefix_path.sh
[3.910s] -- Up-to-date symlink: /home/zhang/rosprc_ws/install/examples_rclcpp_minimal_subscriber/share/examples_rclcpp_minimal_subscriber/environment/ament_prefix_path.dsv
[3.910s] -- Up-to-date symlink: /home/zhang/rosprc_ws/install/examples_rclcpp_minimal_subscriber/share/examples_rclcpp_minimal_subscriber/environment/path.sh
[3.911s] -- Up-to-date symlink: /home/zhang/rosprc_ws/install/examples_rclcpp_minimal_subscriber/share/examples_rclcpp_minimal_subscriber/environment/path.dsv
[3.911s] -- Up-to-date symlink: /home/zhang/rosprc_ws/install/examples_rclcpp_minimal_subscriber/share/examples_rclcpp_minimal_subscriber/local_setup.bash
[3.912s] -- Up-to-date symlink: /home/zhang/rosprc_ws/install/examples_rclcpp_minimal_subscriber/share/examples_rclcpp_minimal_subscriber/local_setup.sh
[3.913s] -- Up-to-date symlink: /home/zhang/rosprc_ws/install/examples_rclcpp_minimal_subscriber/share/examples_rclcpp_minimal_subscriber/local_setup.zsh
[3.914s] -- Up-to-date symlink: /home/zhang/rosprc_ws/install/examples_rclcpp_minimal_subscriber/share/examples_rclcpp_minimal_subscriber/local_setup.dsv
[3.915s] -- Symlinking: /home/zhang/rosprc_ws/install/examples_rclcpp_minimal_subscriber/share/examples_rclcpp_minimal_subscriber/package.dsv
[3.960s] -- Up-to-date symlink: /home/zhang/rosprc_ws/install/examples_rclcpp_minimal_subscriber/share/ament_index/resource_index/packages/examples_rclcpp_minimal_subscriber
[3.962s] -- Up-to-date symlink: /home/zhang/rosprc_ws/install/examples_rclcpp_minimal_subscriber/share/ament_index/resource_index/rclcpp_components/examples_rclcpp_minimal_subscriber
[3.963s] -- Up-to-date symlink: /home/zhang/rosprc_ws/install/examples_rclcpp_minimal_subscriber/share/examples_rclcpp_minimal_subscriber/cmake/examples_rclcpp_minimal_subscriberConfig.cmake
[3.964s] -- Up-to-date symlink: /home/zhang/rosprc_ws/install/examples_rclcpp_minimal_subscriber/share/examples_rclcpp_minimal_subscriber/cmake/examples_rclcpp_minimal_subscriberConfig-version.cmake
[3.971s] -- Up-to-date symlink: /home/zhang/rosprc_ws/install/examples_rclcpp_minimal_subscriber/share/examples_rclcpp_minimal_subscriber/package.xml
[4.211s] Invoked command in '/home/zhang/rosprc_ws/build/examples_rclcpp_minimal_subscriber' returned '0': CMAKE_PREFIX_PATH=${CMAKE_PREFIX_PATH}:/opt/ros/jazzy /usr/bin/cmake --install /home/zhang/rosprc_ws/build/examples_rclcpp_minimal_subscriber
