[0.158s] Invoking command in '/home/zhang/rosprc_ws/build/examples_rclcpp_minimal_action_client': CMAKE_PREFIX_PATH=${CMAKE_PREFIX_PATH}:/opt/ros/jazzy /usr/bin/cmake /home/zhang/rosprc_ws/src/examples/rclcpp/actions/minimal_action_client -DCMAKE_INSTALL_PREFIX=/home/zhang/rosprc_ws/install/examples_rclcpp_minimal_action_client
[2.378s] -- Found ament_cmake: 2.5.6 (/opt/ros/jazzy/share/ament_cmake/cmake)
[2.383s] -- Override CMake install command with custom implementation using symlinks instead of copying resources
[2.384s] -- Found example_interfaces: 0.12.1 (/opt/ros/jazzy/share/example_interfaces/cmake)
[3.185s] -- Found rosidl_generator_c: 4.6.9 (/opt/ros/jazzy/share/rosidl_generator_c/cmake)
[3.200s] -- Found rosidl_generator_cpp: 4.6.9 (/opt/ros/jazzy/share/rosidl_generator_cpp/cmake)
[3.234s] -- Using all available rosidl_typesupport_c: rosidl_typesupport_fastrtps_c;rosidl_typesupport_introspection_c
[3.270s] -- Using all available rosidl_typesupport_cpp: rosidl_typesupport_fastrtps_cpp;rosidl_typesupport_introspection_cpp
[3.497s] -- Found rclcpp: 28.1.21 (/opt/ros/jazzy/share/rclcpp/cmake)
[3.611s] -- Found rmw_implementation_cmake: 7.3.3 (/opt/ros/jazzy/share/rmw_implementation_cmake/cmake)
[3.613s] -- Found rmw_fastrtps_cpp: 8.4.4 (/opt/ros/jazzy/share/rmw_fastrtps_cpp/cmake)
[4.073s] -- Using RMW implementation 'rmw_fastrtps_cpp' as default
[4.381s] -- Found rclcpp_action: 28.1.21 (/opt/ros/jazzy/share/rclcpp_action/cmake)
[4.405s] -- Found ament_lint_auto: 0.17.5 (/opt/ros/jazzy/share/ament_lint_auto/cmake)
[4.637s] -- Added test 'copyright' to check source files copyright and LICENSE
[4.638s] -- Added test 'cppcheck' to perform static code analysis on C / C++ code
[4.642s] -- Configured cppcheck include dirs: 
[4.642s] -- Configured cppcheck exclude dirs and/or files: 
[4.642s] -- Added test 'cpplint' to check C / C++ code against the Google style
[4.642s] -- Configured cpplint exclude dirs and/or files: 
[4.642s] -- Added test 'lint_cmake' to check CMake code style
[4.642s] -- Added test 'uncrustify' to check C / C++ code style
[4.642s] -- Configured uncrustify additional arguments: 
[4.644s] -- Added test 'xmllint' to check XML markup files
[4.663s] -- Configuring done (4.4s)
[4.836s] -- Generating done (0.2s)
[4.899s] -- Build files have been written to: /home/zhang/rosprc_ws/build/examples_rclcpp_minimal_action_client
[4.986s] Invoked command in '/home/zhang/rosprc_ws/build/examples_rclcpp_minimal_action_client' returned '0': CMAKE_PREFIX_PATH=${CMAKE_PREFIX_PATH}:/opt/ros/jazzy /usr/bin/cmake /home/zhang/rosprc_ws/src/examples/rclcpp/actions/minimal_action_client -DCMAKE_INSTALL_PREFIX=/home/zhang/rosprc_ws/install/examples_rclcpp_minimal_action_client
[4.987s] Invoking command in '/home/zhang/rosprc_ws/build/examples_rclcpp_minimal_action_client': CMAKE_PREFIX_PATH=${CMAKE_PREFIX_PATH}:/opt/ros/jazzy /usr/bin/cmake --build /home/zhang/rosprc_ws/build/examples_rclcpp_minimal_action_client -- -j20 -l20
[5.169s] [ 25%] Built target action_client_not_composable_with_cancel
[5.169s] [ 50%] Built target action_client_not_composable_with_feedback
[5.169s] [ 75%] Built target action_client_not_composable
[5.169s] [100%] Built target action_client_member_functions
[5.908s] Invoked command in '/home/zhang/rosprc_ws/build/examples_rclcpp_minimal_action_client' returned '0': CMAKE_PREFIX_PATH=${CMAKE_PREFIX_PATH}:/opt/ros/jazzy /usr/bin/cmake --build /home/zhang/rosprc_ws/build/examples_rclcpp_minimal_action_client -- -j20 -l20
[5.909s] Invoking command in '/home/zhang/rosprc_ws/build/examples_rclcpp_minimal_action_client': CMAKE_PREFIX_PATH=${CMAKE_PREFIX_PATH}:/opt/ros/jazzy /usr/bin/cmake --install /home/zhang/rosprc_ws/build/examples_rclcpp_minimal_action_client
[5.928s] -- Install configuration: ""
[5.930s] -- Execute custom install script
[5.930s] -- Up-to-date symlink: /home/zhang/rosprc_ws/install/examples_rclcpp_minimal_action_client/lib/examples_rclcpp_minimal_action_client/action_client_member_functions
[5.932s] -- Up-to-date symlink: /home/zhang/rosprc_ws/install/examples_rclcpp_minimal_action_client/lib/examples_rclcpp_minimal_action_client/action_client_not_composable
[5.932s] -- Up-to-date symlink: /home/zhang/rosprc_ws/install/examples_rclcpp_minimal_action_client/lib/examples_rclcpp_minimal_action_client/action_client_not_composable_with_cancel
[5.933s] -- Up-to-date symlink: /home/zhang/rosprc_ws/install/examples_rclcpp_minimal_action_client/lib/examples_rclcpp_minimal_action_client/action_client_not_composable_with_feedback
[5.934s] -- Up-to-date symlink: /home/zhang/rosprc_ws/install/examples_rclcpp_minimal_action_client/share/ament_index/resource_index/package_run_dependencies/examples_rclcpp_minimal_action_client
[5.934s] -- Up-to-date symlink: /home/zhang/rosprc_ws/install/examples_rclcpp_minimal_action_client/share/ament_index/resource_index/parent_prefix_path/examples_rclcpp_minimal_action_client
[5.934s] -- Up-to-date symlink: /home/zhang/rosprc_ws/install/examples_rclcpp_minimal_action_client/share/examples_rclcpp_minimal_action_client/environment/ament_prefix_path.sh
[5.935s] -- Up-to-date symlink: /home/zhang/rosprc_ws/install/examples_rclcpp_minimal_action_client/share/examples_rclcpp_minimal_action_client/environment/ament_prefix_path.dsv
[5.935s] -- Up-to-date symlink: /home/zhang/rosprc_ws/install/examples_rclcpp_minimal_action_client/share/examples_rclcpp_minimal_action_client/environment/path.sh
[5.935s] -- Up-to-date symlink: /home/zhang/rosprc_ws/install/examples_rclcpp_minimal_action_client/share/examples_rclcpp_minimal_action_client/environment/path.dsv
[5.937s] -- Up-to-date symlink: /home/zhang/rosprc_ws/install/examples_rclcpp_minimal_action_client/share/examples_rclcpp_minimal_action_client/local_setup.bash
[5.937s] -- Up-to-date symlink: /home/zhang/rosprc_ws/install/examples_rclcpp_minimal_action_client/share/examples_rclcpp_minimal_action_client/local_setup.sh
[5.938s] -- Up-to-date symlink: /home/zhang/rosprc_ws/install/examples_rclcpp_minimal_action_client/share/examples_rclcpp_minimal_action_client/local_setup.zsh
[5.938s] -- Up-to-date symlink: /home/zhang/rosprc_ws/install/examples_rclcpp_minimal_action_client/share/examples_rclcpp_minimal_action_client/local_setup.dsv
[5.939s] -- Symlinking: /home/zhang/rosprc_ws/install/examples_rclcpp_minimal_action_client/share/examples_rclcpp_minimal_action_client/package.dsv
[5.947s] -- Up-to-date symlink: /home/zhang/rosprc_ws/install/examples_rclcpp_minimal_action_client/share/ament_index/resource_index/packages/examples_rclcpp_minimal_action_client
[5.948s] -- Up-to-date symlink: /home/zhang/rosprc_ws/install/examples_rclcpp_minimal_action_client/share/examples_rclcpp_minimal_action_client/cmake/examples_rclcpp_minimal_action_clientConfig.cmake
[5.949s] -- Up-to-date symlink: /home/zhang/rosprc_ws/install/examples_rclcpp_minimal_action_client/share/examples_rclcpp_minimal_action_client/cmake/examples_rclcpp_minimal_action_clientConfig-version.cmake
[5.951s] -- Up-to-date symlink: /home/zhang/rosprc_ws/install/examples_rclcpp_minimal_action_client/share/examples_rclcpp_minimal_action_client/package.xml
[6.141s] Invoked command in '/home/zhang/rosprc_ws/build/examples_rclcpp_minimal_action_client' returned '0': CMAKE_PREFIX_PATH=${CMAKE_PREFIX_PATH}:/opt/ros/jazzy /usr/bin/cmake --install /home/zhang/rosprc_ws/build/examples_rclcpp_minimal_action_client
