[7.882s] Invoking command in '/home/zhang/rosprc_ws/build/examples_rclpy_guard_conditions': PYTHONPATH=/home/zhang/rosprc_ws/build/examples_rclpy_guard_conditions/prefix_override:/usr/lib/python3/dist-packages/colcon_core/task/python/colcon_distutils_commands:/home/zhang/rosprc_ws/install/examples_rclpy_guard_conditions/lib/python3.12/site-packages:${PYTHONPATH} /usr/bin/python3 -W ignore:setup.py install is deprecated -W ignore:easy_install command is deprecated setup.py develop --editable --build-directory /home/zhang/rosprc_ws/build/examples_rclpy_guard_conditions/build --no-deps symlink_data
[13.905s] running develop
[13.905s] running egg_info
[13.906s] creating examples_rclpy_guard_conditions.egg-info
[13.907s] writing examples_rclpy_guard_conditions.egg-info/PKG-INFO
[13.907s] writing dependency_links to examples_rclpy_guard_conditions.egg-info/dependency_links.txt
[13.907s] writing entry points to examples_rclpy_guard_conditions.egg-info/entry_points.txt
[13.908s] writing requirements to examples_rclpy_guard_conditions.egg-info/requires.txt
[13.908s] writing top-level names to examples_rclpy_guard_conditions.egg-info/top_level.txt
[13.909s] writing manifest file 'examples_rclpy_guard_conditions.egg-info/SOURCES.txt'
[13.909s] reading manifest file 'examples_rclpy_guard_conditions.egg-info/SOURCES.txt'
[13.909s] writing manifest file 'examples_rclpy_guard_conditions.egg-info/SOURCES.txt'
[13.910s] running build_ext
[13.910s] Creating /home/zhang/rosprc_ws/install/examples_rclpy_guard_conditions/lib/python3.12/site-packages/examples-rclpy-guard-conditions.egg-link (link to .)
[13.910s] Installing trigger_guard_condition script to /home/zhang/rosprc_ws/install/examples_rclpy_guard_conditions/lib/examples_rclpy_guard_conditions
[13.911s] 
[13.913s] Installed /home/zhang/rosprc_ws/build/examples_rclpy_guard_conditions
[13.913s] running symlink_data
[13.914s] creating /home/zhang/rosprc_ws/install/examples_rclpy_guard_conditions/share/ament_index
[13.915s] creating /home/zhang/rosprc_ws/install/examples_rclpy_guard_conditions/share/ament_index/resource_index
[13.916s] creating /home/zhang/rosprc_ws/install/examples_rclpy_guard_conditions/share/ament_index/resource_index/packages
[13.916s] symbolically linking /home/zhang/rosprc_ws/build/examples_rclpy_guard_conditions/resource/examples_rclpy_guard_conditions -> /home/zhang/rosprc_ws/install/examples_rclpy_guard_conditions/share/ament_index/resource_index/packages
[13.916s] symbolically linking /home/zhang/rosprc_ws/build/examples_rclpy_guard_conditions/package.xml -> /home/zhang/rosprc_ws/install/examples_rclpy_guard_conditions/share/examples_rclpy_guard_conditions
[14.123s] Invoked command in '/home/zhang/rosprc_ws/build/examples_rclpy_guard_conditions' returned '0': PYTHONPATH=/home/zhang/rosprc_ws/build/examples_rclpy_guard_conditions/prefix_override:/usr/lib/python3/dist-packages/colcon_core/task/python/colcon_distutils_commands:/home/zhang/rosprc_ws/install/examples_rclpy_guard_conditions/lib/python3.12/site-packages:${PYTHONPATH} /usr/bin/python3 -W ignore:setup.py install is deprecated -W ignore:easy_install command is deprecated setup.py develop --editable --build-directory /home/zhang/rosprc_ws/build/examples_rclpy_guard_conditions/build --no-deps symlink_data
