[0.015s] Invoking command in '/home/zhang/rosprc_ws/build/more_interfaces': CMAKE_PREFIX_PATH=${CMAKE_PREFIX_PATH}:/opt/ros/jazzy /usr/bin/cmake /home/zhang/rosprc_ws/src/more_interfaces -DCMAKE_INSTALL_PREFIX=/home/zhang/rosprc_ws/install/more_interfaces
[0.259s] -- The C compiler identification is GNU 13.3.0
[0.681s] -- The CXX compiler identification is GNU 13.3.0
[0.963s] -- Detecting C compiler ABI info
[1.169s] -- Detecting C compiler ABI info - done
[1.177s] -- Check for working C compiler: /usr/bin/cc - skipped
[1.183s] -- Detecting C compile features
[1.184s] -- Detecting C compile features - done
[1.251s] -- Detecting CXX compiler ABI info
[1.405s] -- Detecting CXX compiler ABI info - done
[1.413s] -- Check for working CXX compiler: /usr/bin/c++ - skipped
[1.414s] -- Detecting CXX compile features
[1.414s] -- Detecting CXX compile features - done
[1.443s] -- Found ament_cmake: 2.5.6 (/opt/ros/jazzy/share/ament_cmake/cmake)
[1.598s] -- Found Python3: /usr/bin/python3 (found version "3.12.3") found components: Interpreter 
[1.755s] -- Found rosidl_default_generators: 1.6.1 (/opt/ros/jazzy/share/rosidl_default_generators/cmake)
[1.766s] -- Using all available rosidl_typesupport_c: rosidl_typesupport_fastrtps_c;rosidl_typesupport_introspection_c
[2.100s] -- Using all available rosidl_typesupport_cpp: rosidl_typesupport_fastrtps_cpp;rosidl_typesupport_introspection_cpp
[2.174s] -- Found rosidl_adapter: 4.6.9 (/opt/ros/jazzy/share/rosidl_adapter/cmake)
[2.178s] [31mCMake Error at /opt/ros/jazzy/share/rosidl_cmake/cmake/rosidl_generate_interfaces.cmake:59 (message):
[2.178s]   rosidl_generate_interfaces() called without any interface files
[2.178s] Call Stack (most recent call first):
[2.178s]   CMakeLists.txt:14 (rosidl_generate_interfaces)
[2.178s] 
[2.178s] [0m
[2.179s] -- Configuring incomplete, errors occurred!
[2.185s] Invoked command in '/home/zhang/rosprc_ws/build/more_interfaces' returned '1': CMAKE_PREFIX_PATH=${CMAKE_PREFIX_PATH}:/opt/ros/jazzy /usr/bin/cmake /home/zhang/rosprc_ws/src/more_interfaces -DCMAKE_INSTALL_PREFIX=/home/zhang/rosprc_ws/install/more_interfaces
