[5.719s] Invoking command in '/home/zhang/rosprc_ws/src/examples/rclpy/actions/minimal_action_server': PYTHONPATH=/home/zhang/rosprc_ws/build/examples_rclpy_minimal_action_server/prefix_override:/usr/lib/python3/dist-packages/colcon_core/task/python/colcon_distutils_commands:/home/zhang/rosprc_ws/install/examples_rclpy_minimal_action_server/lib/python3.12/site-packages:${PYTHONPATH} /usr/bin/python3 -W ignore:setup.py install is deprecated -W ignore:easy_install command is deprecated setup.py egg_info --egg-base ../../../../../build/examples_rclpy_minimal_action_server build --build-base /home/zhang/rosprc_ws/build/examples_rclpy_minimal_action_server/build install --record /home/zhang/rosprc_ws/build/examples_rclpy_minimal_action_server/install.log --install-scripts $base/lib/examples_rclpy_minimal_action_server --single-version-externally-managed install_data
[6.354s] running egg_info
[6.408s] writing ../../../../../build/examples_rclpy_minimal_action_server/examples_rclpy_minimal_action_server.egg-info/PKG-INFO
[6.409s] writing dependency_links to ../../../../../build/examples_rclpy_minimal_action_server/examples_rclpy_minimal_action_server.egg-info/dependency_links.txt
[6.409s] writing entry points to ../../../../../build/examples_rclpy_minimal_action_server/examples_rclpy_minimal_action_server.egg-info/entry_points.txt
[6.410s] writing requirements to ../../../../../build/examples_rclpy_minimal_action_server/examples_rclpy_minimal_action_server.egg-info/requires.txt
[6.410s] writing top-level names to ../../../../../build/examples_rclpy_minimal_action_server/examples_rclpy_minimal_action_server.egg-info/top_level.txt
[6.502s] reading manifest file '../../../../../build/examples_rclpy_minimal_action_server/examples_rclpy_minimal_action_server.egg-info/SOURCES.txt'
[6.505s] writing manifest file '../../../../../build/examples_rclpy_minimal_action_server/examples_rclpy_minimal_action_server.egg-info/SOURCES.txt'
[6.506s] running build
[6.506s] running build_py
[6.507s] running install
[6.523s] running install_lib
[6.573s] running install_data
[6.573s] running install_egg_info
[6.620s] removing '/home/zhang/rosprc_ws/install/examples_rclpy_minimal_action_server/lib/python3.12/site-packages/examples_rclpy_minimal_action_server-0.19.7-py3.12.egg-info' (and everything under it)
[6.624s] Copying ../../../../../build/examples_rclpy_minimal_action_server/examples_rclpy_minimal_action_server.egg-info to /home/zhang/rosprc_ws/install/examples_rclpy_minimal_action_server/lib/python3.12/site-packages/examples_rclpy_minimal_action_server-0.19.7-py3.12.egg-info
[6.626s] running install_scripts
[7.002s] Installing server script to /home/zhang/rosprc_ws/install/examples_rclpy_minimal_action_server/lib/examples_rclpy_minimal_action_server
[7.003s] Installing server_defer script to /home/zhang/rosprc_ws/install/examples_rclpy_minimal_action_server/lib/examples_rclpy_minimal_action_server
[7.003s] Installing server_not_composable script to /home/zhang/rosprc_ws/install/examples_rclpy_minimal_action_server/lib/examples_rclpy_minimal_action_server
[7.004s] Installing server_queue_goals script to /home/zhang/rosprc_ws/install/examples_rclpy_minimal_action_server/lib/examples_rclpy_minimal_action_server
[7.005s] Installing server_single_goal script to /home/zhang/rosprc_ws/install/examples_rclpy_minimal_action_server/lib/examples_rclpy_minimal_action_server
[7.006s] writing list of installed files to '/home/zhang/rosprc_ws/build/examples_rclpy_minimal_action_server/install.log'
[7.082s] Invoked command in '/home/zhang/rosprc_ws/src/examples/rclpy/actions/minimal_action_server' returned '0': PYTHONPATH=/home/zhang/rosprc_ws/build/examples_rclpy_minimal_action_server/prefix_override:/usr/lib/python3/dist-packages/colcon_core/task/python/colcon_distutils_commands:/home/zhang/rosprc_ws/install/examples_rclpy_minimal_action_server/lib/python3.12/site-packages:${PYTHONPATH} /usr/bin/python3 -W ignore:setup.py install is deprecated -W ignore:easy_install command is deprecated setup.py egg_info --egg-base ../../../../../build/examples_rclpy_minimal_action_server build --build-base /home/zhang/rosprc_ws/build/examples_rclpy_minimal_action_server/build install --record /home/zhang/rosprc_ws/build/examples_rclpy_minimal_action_server/install.log --install-scripts $base/lib/examples_rclpy_minimal_action_server --single-version-externally-managed install_data
