[0.359s] Invoking command in '/home/zhang/rosprc_ws/build/examples_rclcpp_minimal_action_server': CMAKE_PREFIX_PATH=${CMAKE_PREFIX_PATH}:/opt/ros/jazzy /usr/bin/cmake --build /home/zhang/rosprc_ws/build/examples_rclcpp_minimal_action_server -- -j20 -l20
[3.064s] [ 50%] Built target action_server_not_composable
[3.064s] [100%] Built target action_server_member_functions
[3.105s] Invoked command in '/home/zhang/rosprc_ws/build/examples_rclcpp_minimal_action_server' returned '0': CMAKE_PREFIX_PATH=${CMAKE_PREFIX_PATH}:/opt/ros/jazzy /usr/bin/cmake --build /home/zhang/rosprc_ws/build/examples_rclcpp_minimal_action_server -- -j20 -l20
[3.109s] Invoking command in '/home/zhang/rosprc_ws/build/examples_rclcpp_minimal_action_server': CMAKE_PREFIX_PATH=${CMAKE_PREFIX_PATH}:/opt/ros/jazzy /usr/bin/cmake --install /home/zhang/rosprc_ws/build/examples_rclcpp_minimal_action_server
[3.294s] -- Install configuration: ""
[3.295s] -- Execute custom install script
[3.295s] -- Up-to-date symlink: /home/zhang/rosprc_ws/install/examples_rclcpp_minimal_action_server/lib/examples_rclcpp_minimal_action_server/action_server_not_composable
[3.295s] -- Up-to-date symlink: /home/zhang/rosprc_ws/install/examples_rclcpp_minimal_action_server/lib/examples_rclcpp_minimal_action_server/action_server_member_functions
[3.296s] -- Up-to-date symlink: /home/zhang/rosprc_ws/install/examples_rclcpp_minimal_action_server/share/ament_index/resource_index/package_run_dependencies/examples_rclcpp_minimal_action_server
[3.297s] -- Up-to-date symlink: /home/zhang/rosprc_ws/install/examples_rclcpp_minimal_action_server/share/ament_index/resource_index/parent_prefix_path/examples_rclcpp_minimal_action_server
[3.299s] -- Up-to-date symlink: /home/zhang/rosprc_ws/install/examples_rclcpp_minimal_action_server/share/examples_rclcpp_minimal_action_server/environment/ament_prefix_path.sh
[3.303s] -- Up-to-date symlink: /home/zhang/rosprc_ws/install/examples_rclcpp_minimal_action_server/share/examples_rclcpp_minimal_action_server/environment/ament_prefix_path.dsv
[3.303s] -- Up-to-date symlink: /home/zhang/rosprc_ws/install/examples_rclcpp_minimal_action_server/share/examples_rclcpp_minimal_action_server/environment/path.sh
[3.305s] -- Up-to-date symlink: /home/zhang/rosprc_ws/install/examples_rclcpp_minimal_action_server/share/examples_rclcpp_minimal_action_server/environment/path.dsv
[3.306s] -- Up-to-date symlink: /home/zhang/rosprc_ws/install/examples_rclcpp_minimal_action_server/share/examples_rclcpp_minimal_action_server/local_setup.bash
[3.307s] -- Up-to-date symlink: /home/zhang/rosprc_ws/install/examples_rclcpp_minimal_action_server/share/examples_rclcpp_minimal_action_server/local_setup.sh
[3.307s] -- Up-to-date symlink: /home/zhang/rosprc_ws/install/examples_rclcpp_minimal_action_server/share/examples_rclcpp_minimal_action_server/local_setup.zsh
[3.308s] -- Up-to-date symlink: /home/zhang/rosprc_ws/install/examples_rclcpp_minimal_action_server/share/examples_rclcpp_minimal_action_server/local_setup.dsv
[3.309s] -- Symlinking: /home/zhang/rosprc_ws/install/examples_rclcpp_minimal_action_server/share/examples_rclcpp_minimal_action_server/package.dsv
[3.309s] -- Up-to-date symlink: /home/zhang/rosprc_ws/install/examples_rclcpp_minimal_action_server/share/ament_index/resource_index/packages/examples_rclcpp_minimal_action_server
[3.311s] -- Up-to-date symlink: /home/zhang/rosprc_ws/install/examples_rclcpp_minimal_action_server/share/examples_rclcpp_minimal_action_server/cmake/examples_rclcpp_minimal_action_serverConfig.cmake
[3.312s] -- Up-to-date symlink: /home/zhang/rosprc_ws/install/examples_rclcpp_minimal_action_server/share/examples_rclcpp_minimal_action_server/cmake/examples_rclcpp_minimal_action_serverConfig-version.cmake
[3.313s] -- Up-to-date symlink: /home/zhang/rosprc_ws/install/examples_rclcpp_minimal_action_server/share/examples_rclcpp_minimal_action_server/package.xml
[3.588s] Invoked command in '/home/zhang/rosprc_ws/build/examples_rclcpp_minimal_action_server' returned '0': CMAKE_PREFIX_PATH=${CMAKE_PREFIX_PATH}:/opt/ros/jazzy /usr/bin/cmake --install /home/zhang/rosprc_ws/build/examples_rclcpp_minimal_action_server
