[0.241s] Invoking command in '/home/zhang/rosprc_ws/build/examples_rclcpp_wait_set': CMAKE_PREFIX_PATH=${CMAKE_PREFIX_PATH}:/opt/ros/jazzy /usr/bin/cmake --build /home/zhang/rosprc_ws/build/examples_rclcpp_wait_set -- -j20 -l20
[3.224s] [  8%] Built target talker
[3.225s] [ 16%] Built target wait_set_listener
[3.225s] [ 25%] Built target thread_safe_wait_set
[3.225s] [ 33%] Built target wait_set_talker
[3.225s] [ 41%] Built target wait_set_random_order
[3.225s] [ 50%] Built target wait_set
[3.225s] [ 58%] Built target wait_set_topics_and_timer
[3.226s] [ 66%] Built target listener
[3.226s] [ 75%] Built target static_wait_set
[3.226s] [ 83%] Built target executor_random_order
[3.226s] [ 91%] Built target wait_set_topics_with_different_rates
[3.226s] [100%] Built target wait_set_composed
[3.313s] Invoked command in '/home/zhang/rosprc_ws/build/examples_rclcpp_wait_set' returned '0': CMAKE_PREFIX_PATH=${CMAKE_PREFIX_PATH}:/opt/ros/jazzy /usr/bin/cmake --build /home/zhang/rosprc_ws/build/examples_rclcpp_wait_set -- -j20 -l20
[3.316s] Invoking command in '/home/zhang/rosprc_ws/build/examples_rclcpp_wait_set': CMAKE_PREFIX_PATH=${CMAKE_PREFIX_PATH}:/opt/ros/jazzy /usr/bin/cmake --install /home/zhang/rosprc_ws/build/examples_rclcpp_wait_set
[3.586s] -- Install configuration: ""
[3.587s] -- Execute custom install script
[3.588s] -- Up-to-date symlink: /home/zhang/rosprc_ws/install/examples_rclcpp_wait_set/lib/examples_rclcpp_wait_set/wait_set_talker
[3.588s] -- Up-to-date symlink: /home/zhang/rosprc_ws/install/examples_rclcpp_wait_set/lib/examples_rclcpp_wait_set/wait_set_listener
[3.590s] -- Up-to-date symlink: /home/zhang/rosprc_ws/install/examples_rclcpp_wait_set/lib/libtalker.so
[3.591s] -- Up-to-date symlink: /home/zhang/rosprc_ws/install/examples_rclcpp_wait_set/lib/liblistener.so
[3.592s] -- Up-to-date symlink: /home/zhang/rosprc_ws/install/examples_rclcpp_wait_set/lib/examples_rclcpp_wait_set/wait_set
[3.595s] -- Up-to-date symlink: /home/zhang/rosprc_ws/install/examples_rclcpp_wait_set/lib/examples_rclcpp_wait_set/static_wait_set
[3.596s] -- Up-to-date symlink: /home/zhang/rosprc_ws/install/examples_rclcpp_wait_set/lib/examples_rclcpp_wait_set/thread_safe_wait_set
[3.596s] -- Up-to-date symlink: /home/zhang/rosprc_ws/install/examples_rclcpp_wait_set/lib/examples_rclcpp_wait_set/wait_set_topics_and_timer
[3.597s] -- Up-to-date symlink: /home/zhang/rosprc_ws/install/examples_rclcpp_wait_set/lib/examples_rclcpp_wait_set/wait_set_random_order
[3.597s] -- Up-to-date symlink: /home/zhang/rosprc_ws/install/examples_rclcpp_wait_set/lib/examples_rclcpp_wait_set/executor_random_order
[3.597s] -- Up-to-date symlink: /home/zhang/rosprc_ws/install/examples_rclcpp_wait_set/lib/examples_rclcpp_wait_set/wait_set_topics_with_different_rates
[3.597s] -- Up-to-date symlink: /home/zhang/rosprc_ws/install/examples_rclcpp_wait_set/lib/examples_rclcpp_wait_set/wait_set_composed
[3.598s] -- Up-to-date symlink: /home/zhang/rosprc_ws/install/examples_rclcpp_wait_set/share/ament_index/resource_index/package_run_dependencies/examples_rclcpp_wait_set
[3.599s] -- Up-to-date symlink: /home/zhang/rosprc_ws/install/examples_rclcpp_wait_set/share/ament_index/resource_index/parent_prefix_path/examples_rclcpp_wait_set
[3.599s] -- Up-to-date symlink: /home/zhang/rosprc_ws/install/examples_rclcpp_wait_set/share/examples_rclcpp_wait_set/environment/ament_prefix_path.sh
[3.599s] -- Up-to-date symlink: /home/zhang/rosprc_ws/install/examples_rclcpp_wait_set/share/examples_rclcpp_wait_set/environment/ament_prefix_path.dsv
[3.599s] -- Up-to-date symlink: /home/zhang/rosprc_ws/install/examples_rclcpp_wait_set/share/examples_rclcpp_wait_set/environment/path.sh
[3.600s] -- Up-to-date symlink: /home/zhang/rosprc_ws/install/examples_rclcpp_wait_set/share/examples_rclcpp_wait_set/environment/path.dsv
[3.600s] -- Up-to-date symlink: /home/zhang/rosprc_ws/install/examples_rclcpp_wait_set/share/examples_rclcpp_wait_set/local_setup.bash
[3.600s] -- Up-to-date symlink: /home/zhang/rosprc_ws/install/examples_rclcpp_wait_set/share/examples_rclcpp_wait_set/local_setup.sh
[3.600s] -- Up-to-date symlink: /home/zhang/rosprc_ws/install/examples_rclcpp_wait_set/share/examples_rclcpp_wait_set/local_setup.zsh
[3.601s] -- Up-to-date symlink: /home/zhang/rosprc_ws/install/examples_rclcpp_wait_set/share/examples_rclcpp_wait_set/local_setup.dsv
[3.602s] -- Symlinking: /home/zhang/rosprc_ws/install/examples_rclcpp_wait_set/share/examples_rclcpp_wait_set/package.dsv
[3.804s] -- Up-to-date symlink: /home/zhang/rosprc_ws/install/examples_rclcpp_wait_set/share/ament_index/resource_index/packages/examples_rclcpp_wait_set
[3.805s] -- Up-to-date symlink: /home/zhang/rosprc_ws/install/examples_rclcpp_wait_set/share/ament_index/resource_index/rclcpp_components/examples_rclcpp_wait_set
[3.805s] -- Up-to-date symlink: /home/zhang/rosprc_ws/install/examples_rclcpp_wait_set/share/examples_rclcpp_wait_set/cmake/examples_rclcpp_wait_setConfig.cmake
[3.805s] -- Up-to-date symlink: /home/zhang/rosprc_ws/install/examples_rclcpp_wait_set/share/examples_rclcpp_wait_set/cmake/examples_rclcpp_wait_setConfig-version.cmake
[3.805s] -- Up-to-date symlink: /home/zhang/rosprc_ws/install/examples_rclcpp_wait_set/share/examples_rclcpp_wait_set/package.xml
[3.964s] Invoked command in '/home/zhang/rosprc_ws/build/examples_rclcpp_wait_set' returned '0': CMAKE_PREFIX_PATH=${CMAKE_PREFIX_PATH}:/opt/ros/jazzy /usr/bin/cmake --install /home/zhang/rosprc_ws/build/examples_rclcpp_wait_set
