[0.136s] Invoking command in '/home/zhang/rosprc_ws/build/examples_rclcpp_minimal_subscriber': CMAKE_PREFIX_PATH=${CMAKE_PREFIX_PATH}:/opt/ros/jazzy /usr/bin/cmake /home/zhang/rosprc_ws/src/examples/rclcpp/topics/minimal_subscriber -DCMAKE_EXPORT_COMPILE_COMMANDS=ON -DCMAKE_INSTALL_PREFIX=/home/zhang/rosprc_ws/install/examples_rclcpp_minimal_subscriber
[2.380s] -- Found ament_cmake: 2.5.6 (/opt/ros/jazzy/share/ament_cmake/cmake)
[2.381s] -- Override CMake install command with custom implementation using symlinks instead of copying resources
[2.381s] -- Found rclcpp: 28.1.21 (/opt/ros/jazzy/share/rclcpp/cmake)
[3.589s] -- Found rosidl_generator_c: 4.6.9 (/opt/ros/jazzy/share/rosidl_generator_c/cmake)
[3.606s] -- Found rosidl_generator_cpp: 4.6.9 (/opt/ros/jazzy/share/rosidl_generator_cpp/cmake)
[3.629s] -- Using all available rosidl_typesupport_c: rosidl_typesupport_fastrtps_c;rosidl_typesupport_introspection_c
[3.660s] -- Using all available rosidl_typesupport_cpp: rosidl_typesupport_fastrtps_cpp;rosidl_typesupport_introspection_cpp
[3.812s] -- Found rmw_implementation_cmake: 7.3.3 (/opt/ros/jazzy/share/rmw_implementation_cmake/cmake)
[3.814s] -- Found rmw_fastrtps_cpp: 8.4.4 (/opt/ros/jazzy/share/rmw_fastrtps_cpp/cmake)
[4.081s] -- Using RMW implementation 'rmw_fastrtps_cpp' as default
[4.579s] -- Found rclcpp_components: 28.1.21 (/opt/ros/jazzy/share/rclcpp_components/cmake)
[4.579s] -- Found std_msgs: 5.3.8 (/opt/ros/jazzy/share/std_msgs/cmake)
[4.579s] -- Found ament_lint_auto: 0.17.5 (/opt/ros/jazzy/share/ament_lint_auto/cmake)
[4.579s] -- Added test 'copyright' to check source files copyright and LICENSE
[4.613s] -- Added test 'cppcheck' to perform static code analysis on C / C++ code
[4.613s] -- Configured cppcheck include dirs: 
[4.613s] -- Configured cppcheck exclude dirs and/or files: 
[4.681s] -- Added test 'cpplint' to check C / C++ code against the Google style
[4.681s] -- Configured cpplint exclude dirs and/or files: 
[4.682s] -- Added test 'lint_cmake' to check CMake code style
[4.682s] -- Added test 'uncrustify' to check C / C++ code style
[4.682s] -- Configured uncrustify additional arguments: 
[4.682s] -- Added test 'xmllint' to check XML markup files
[4.682s] -- Configuring done (4.4s)
[4.682s] -- Generating done (0.1s)
[4.683s] -- Build files have been written to: /home/zhang/rosprc_ws/build/examples_rclcpp_minimal_subscriber
[4.708s] Invoked command in '/home/zhang/rosprc_ws/build/examples_rclcpp_minimal_subscriber' returned '0': CMAKE_PREFIX_PATH=${CMAKE_PREFIX_PATH}:/opt/ros/jazzy /usr/bin/cmake /home/zhang/rosprc_ws/src/examples/rclcpp/topics/minimal_subscriber -DCMAKE_EXPORT_COMPILE_COMMANDS=ON -DCMAKE_INSTALL_PREFIX=/home/zhang/rosprc_ws/install/examples_rclcpp_minimal_subscriber
[4.710s] Invoking command in '/home/zhang/rosprc_ws/build/examples_rclcpp_minimal_subscriber': CMAKE_PREFIX_PATH=${CMAKE_PREFIX_PATH}:/opt/ros/jazzy /usr/bin/cmake --build /home/zhang/rosprc_ws/build/examples_rclcpp_minimal_subscriber -- -j20 -l20
[5.004s] [  8%] Built target subscriber_member_function_with_topic_statistics
[5.004s] [ 33%] Built target subscriber_member_function_with_type_adapter
[5.004s] [ 33%] Built target subscriber_lambda
[5.004s] [ 41%] Built target subscriber_member_function
[5.004s] [ 62%] Built target subscriber_not_composable
[5.004s] [ 62%] Built target subscriber_content_filtering
[5.004s] [ 70%] Built target subscriber_member_function_with_unique_network_flow_endpoints
[5.004s] [ 75%] Built target wait_set_subscriber_library
[5.004s] [ 83%] Built target wait_set_subscriber
[5.004s] [ 91%] Built target time_triggered_wait_set_subscriber
[5.004s] [100%] Built target static_wait_set_subscriber
[5.030s] Invoked command in '/home/zhang/rosprc_ws/build/examples_rclcpp_minimal_subscriber' returned '0': CMAKE_PREFIX_PATH=${CMAKE_PREFIX_PATH}:/opt/ros/jazzy /usr/bin/cmake --build /home/zhang/rosprc_ws/build/examples_rclcpp_minimal_subscriber -- -j20 -l20
[5.031s] Invoking command in '/home/zhang/rosprc_ws/build/examples_rclcpp_minimal_subscriber': CMAKE_PREFIX_PATH=${CMAKE_PREFIX_PATH}:/opt/ros/jazzy /usr/bin/cmake --install /home/zhang/rosprc_ws/build/examples_rclcpp_minimal_subscriber
[5.112s] -- Install configuration: ""
[5.112s] -- Execute custom install script
[5.112s] -- Up-to-date symlink: /home/zhang/rosprc_ws/install/examples_rclcpp_minimal_subscriber/lib/examples_rclcpp_minimal_subscriber/wait_set_subscriber
[5.112s] -- Up-to-date symlink: /home/zhang/rosprc_ws/install/examples_rclcpp_minimal_subscriber/lib/examples_rclcpp_minimal_subscriber/static_wait_set_subscriber
[5.112s] -- Up-to-date symlink: /home/zhang/rosprc_ws/install/examples_rclcpp_minimal_subscriber/lib/examples_rclcpp_minimal_subscriber/time_triggered_wait_set_subscriber
[5.113s] -- Up-to-date symlink: /home/zhang/rosprc_ws/install/examples_rclcpp_minimal_subscriber/lib/libwait_set_subscriber_library.so
[5.113s] -- Up-to-date symlink: /home/zhang/rosprc_ws/install/examples_rclcpp_minimal_subscriber/lib/examples_rclcpp_minimal_subscriber/subscriber_lambda
[5.113s] -- Up-to-date symlink: /home/zhang/rosprc_ws/install/examples_rclcpp_minimal_subscriber/lib/examples_rclcpp_minimal_subscriber/subscriber_member_function
[5.113s] -- Up-to-date symlink: /home/zhang/rosprc_ws/install/examples_rclcpp_minimal_subscriber/lib/examples_rclcpp_minimal_subscriber/subscriber_member_function_with_topic_statistics
[5.113s] -- Up-to-date symlink: /home/zhang/rosprc_ws/install/examples_rclcpp_minimal_subscriber/lib/examples_rclcpp_minimal_subscriber/subscriber_member_function_with_type_adapter
[5.114s] -- Up-to-date symlink: /home/zhang/rosprc_ws/install/examples_rclcpp_minimal_subscriber/lib/examples_rclcpp_minimal_subscriber/subscriber_member_function_with_unique_network_flow_endpoints
[5.114s] -- Up-to-date symlink: /home/zhang/rosprc_ws/install/examples_rclcpp_minimal_subscriber/lib/examples_rclcpp_minimal_subscriber/subscriber_not_composable
[5.115s] -- Up-to-date symlink: /home/zhang/rosprc_ws/install/examples_rclcpp_minimal_subscriber/lib/examples_rclcpp_minimal_subscriber/subscriber_content_filtering
[5.116s] -- Up-to-date symlink: /home/zhang/rosprc_ws/install/examples_rclcpp_minimal_subscriber/share/ament_index/resource_index/package_run_dependencies/examples_rclcpp_minimal_subscriber
[5.116s] -- Up-to-date symlink: /home/zhang/rosprc_ws/install/examples_rclcpp_minimal_subscriber/share/ament_index/resource_index/parent_prefix_path/examples_rclcpp_minimal_subscriber
[5.116s] -- Up-to-date symlink: /home/zhang/rosprc_ws/install/examples_rclcpp_minimal_subscriber/share/examples_rclcpp_minimal_subscriber/environment/ament_prefix_path.sh
[5.117s] -- Up-to-date symlink: /home/zhang/rosprc_ws/install/examples_rclcpp_minimal_subscriber/share/examples_rclcpp_minimal_subscriber/environment/ament_prefix_path.dsv
[5.117s] -- Up-to-date symlink: /home/zhang/rosprc_ws/install/examples_rclcpp_minimal_subscriber/share/examples_rclcpp_minimal_subscriber/environment/path.sh
[5.118s] -- Up-to-date symlink: /home/zhang/rosprc_ws/install/examples_rclcpp_minimal_subscriber/share/examples_rclcpp_minimal_subscriber/environment/path.dsv
[5.118s] -- Up-to-date symlink: /home/zhang/rosprc_ws/install/examples_rclcpp_minimal_subscriber/share/examples_rclcpp_minimal_subscriber/local_setup.bash
[5.118s] -- Up-to-date symlink: /home/zhang/rosprc_ws/install/examples_rclcpp_minimal_subscriber/share/examples_rclcpp_minimal_subscriber/local_setup.sh
[5.118s] -- Up-to-date symlink: /home/zhang/rosprc_ws/install/examples_rclcpp_minimal_subscriber/share/examples_rclcpp_minimal_subscriber/local_setup.zsh
[5.118s] -- Up-to-date symlink: /home/zhang/rosprc_ws/install/examples_rclcpp_minimal_subscriber/share/examples_rclcpp_minimal_subscriber/local_setup.dsv
[5.118s] -- Symlinking: /home/zhang/rosprc_ws/install/examples_rclcpp_minimal_subscriber/share/examples_rclcpp_minimal_subscriber/package.dsv
[5.244s] -- Up-to-date symlink: /home/zhang/rosprc_ws/install/examples_rclcpp_minimal_subscriber/share/ament_index/resource_index/packages/examples_rclcpp_minimal_subscriber
[5.245s] -- Up-to-date symlink: /home/zhang/rosprc_ws/install/examples_rclcpp_minimal_subscriber/share/ament_index/resource_index/rclcpp_components/examples_rclcpp_minimal_subscriber
[5.245s] -- Up-to-date symlink: /home/zhang/rosprc_ws/install/examples_rclcpp_minimal_subscriber/share/examples_rclcpp_minimal_subscriber/cmake/examples_rclcpp_minimal_subscriberConfig.cmake
[5.246s] -- Up-to-date symlink: /home/zhang/rosprc_ws/install/examples_rclcpp_minimal_subscriber/share/examples_rclcpp_minimal_subscriber/cmake/examples_rclcpp_minimal_subscriberConfig-version.cmake
[5.247s] -- Up-to-date symlink: /home/zhang/rosprc_ws/install/examples_rclcpp_minimal_subscriber/share/examples_rclcpp_minimal_subscriber/package.xml
[5.269s] Invoked command in '/home/zhang/rosprc_ws/build/examples_rclcpp_minimal_subscriber' returned '0': CMAKE_PREFIX_PATH=${CMAKE_PREFIX_PATH}:/opt/ros/jazzy /usr/bin/cmake --install /home/zhang/rosprc_ws/build/examples_rclcpp_minimal_subscriber
