[1.483s] Invoking command in '/home/zhang/rosprc_ws/build/more_interfaces': CMAKE_PREFIX_PATH=${CMAKE_PREFIX_PATH}:/opt/ros/jazzy /usr/bin/cmake --build /home/zhang/rosprc_ws/build/more_interfaces -- -j20 -l20
[2.352s] [  2%] Built target more_interfaces__rs
[2.352s] [  5%] Built target more_interfaces__rosidl_generator_type_description
[2.352s] [  5%] Built target ament_cmake_python_copy_more_interfaces
[2.353s] [  8%] Built target more_interfaces__cpp
[2.355s] [ 21%] Built target more_interfaces__rosidl_generator_c
[2.355s] [ 29%] Built target more_interfaces__rosidl_typesupport_introspection_c
[2.357s] [ 37%] Built target more_interfaces__rosidl_typesupport_c
[2.357s] [ 45%] Built target more_interfaces__rosidl_typesupport_fastrtps_cpp
[2.357s] [ 54%] Built target more_interfaces__rosidl_typesupport_cpp
[2.359s] [ 62%] Built target more_interfaces__rosidl_typesupport_introspection_cpp
[2.361s] [ 70%] Built target more_interfaces__rosidl_typesupport_fastrtps_c
[2.361s] [ 70%] Built target more_interfaces
[2.361s] [ 75%] Built target publish_address_book
[2.362s] [ 78%] Built target more_interfaces__py
[2.362s] [ 83%] Built target more_interfaces__rosidl_generator_py
[2.363s] [ 94%] Built target more_interfaces_s__rosidl_typesupport_fastrtps_c
[2.365s] [ 94%] Built target more_interfaces_s__rosidl_typesupport_introspection_c
[2.365s] [100%] Built target more_interfaces_s__rosidl_typesupport_c
[2.366s] running egg_info
[2.366s] writing more_interfaces.egg-info/PKG-INFO
[2.366s] writing dependency_links to more_interfaces.egg-info/dependency_links.txt
[2.367s] writing top-level names to more_interfaces.egg-info/top_level.txt
[2.368s] reading manifest file 'more_interfaces.egg-info/SOURCES.txt'
[2.369s] writing manifest file 'more_interfaces.egg-info/SOURCES.txt'
[2.370s] [100%] Built target ament_cmake_python_build_more_interfaces_egg
[2.394s] Invoked command in '/home/zhang/rosprc_ws/build/more_interfaces' returned '0': CMAKE_PREFIX_PATH=${CMAKE_PREFIX_PATH}:/opt/ros/jazzy /usr/bin/cmake --build /home/zhang/rosprc_ws/build/more_interfaces -- -j20 -l20
[2.394s] Invoking command in '/home/zhang/rosprc_ws/build/more_interfaces': CMAKE_PREFIX_PATH=${CMAKE_PREFIX_PATH}:/opt/ros/jazzy /usr/bin/cmake --install /home/zhang/rosprc_ws/build/more_interfaces
[2.430s] -- Install configuration: ""
[2.430s] -- Up-to-date: /home/zhang/rosprc_ws/install/more_interfaces/share/ament_index/resource_index/rosidl_interfaces/more_interfaces
[2.430s] -- Up-to-date: /home/zhang/rosprc_ws/install/more_interfaces/share/more_interfaces/msg/AddressBook.json
[2.431s] -- Up-to-date: /home/zhang/rosprc_ws/install/more_interfaces/include/more_interfaces/more_interfaces
[2.431s] -- Up-to-date: /home/zhang/rosprc_ws/install/more_interfaces/include/more_interfaces/more_interfaces/msg
[2.431s] -- Up-to-date: /home/zhang/rosprc_ws/install/more_interfaces/include/more_interfaces/more_interfaces/msg/detail
[2.431s] -- Up-to-date: /home/zhang/rosprc_ws/install/more_interfaces/include/more_interfaces/more_interfaces/msg/detail/address_book__type_support.h
[2.431s] -- Up-to-date: /home/zhang/rosprc_ws/install/more_interfaces/include/more_interfaces/more_interfaces/msg/detail/address_book__functions.c
[2.431s] -- Up-to-date: /home/zhang/rosprc_ws/install/more_interfaces/include/more_interfaces/more_interfaces/msg/detail/address_book__struct.h
[2.431s] -- Up-to-date: /home/zhang/rosprc_ws/install/more_interfaces/include/more_interfaces/more_interfaces/msg/detail/address_book__description.c
[2.432s] -- Up-to-date: /home/zhang/rosprc_ws/install/more_interfaces/include/more_interfaces/more_interfaces/msg/detail/address_book__type_support.c
[2.432s] -- Up-to-date: /home/zhang/rosprc_ws/install/more_interfaces/include/more_interfaces/more_interfaces/msg/detail/address_book__functions.h
[2.432s] -- Up-to-date: /home/zhang/rosprc_ws/install/more_interfaces/include/more_interfaces/more_interfaces/msg/rosidl_generator_c__visibility_control.h
[2.432s] -- Up-to-date: /home/zhang/rosprc_ws/install/more_interfaces/include/more_interfaces/more_interfaces/msg/address_book.h
[2.432s] -- Up-to-date: /home/zhang/rosprc_ws/install/more_interfaces/share/more_interfaces/environment/library_path.sh
[2.432s] -- Up-to-date: /home/zhang/rosprc_ws/install/more_interfaces/share/more_interfaces/environment/library_path.dsv
[2.432s] -- Up-to-date: /home/zhang/rosprc_ws/install/more_interfaces/lib/libmore_interfaces__rosidl_generator_c.so
[2.433s] -- Up-to-date: /home/zhang/rosprc_ws/install/more_interfaces/include/more_interfaces/more_interfaces
[2.433s] -- Up-to-date: /home/zhang/rosprc_ws/install/more_interfaces/include/more_interfaces/more_interfaces/msg
[2.439s] -- Up-to-date: /home/zhang/rosprc_ws/install/more_interfaces/include/more_interfaces/more_interfaces/msg/rosidl_typesupport_fastrtps_c__visibility_control.h
[2.439s] -- Up-to-date: /home/zhang/rosprc_ws/install/more_interfaces/include/more_interfaces/more_interfaces/msg/detail
[2.439s] -- Up-to-date: /home/zhang/rosprc_ws/install/more_interfaces/include/more_interfaces/more_interfaces/msg/detail/address_book__rosidl_typesupport_fastrtps_c.h
[2.442s] -- Up-to-date: /home/zhang/rosprc_ws/install/more_interfaces/lib/libmore_interfaces__rosidl_typesupport_fastrtps_c.so
[2.443s] -- Up-to-date: /home/zhang/rosprc_ws/install/more_interfaces/include/more_interfaces/more_interfaces
[2.447s] -- Up-to-date: /home/zhang/rosprc_ws/install/more_interfaces/include/more_interfaces/more_interfaces/msg
[2.447s] -- Up-to-date: /home/zhang/rosprc_ws/install/more_interfaces/include/more_interfaces/more_interfaces/msg/detail
[2.447s] -- Up-to-date: /home/zhang/rosprc_ws/install/more_interfaces/include/more_interfaces/more_interfaces/msg/detail/address_book__builder.hpp
[2.448s] -- Up-to-date: /home/zhang/rosprc_ws/install/more_interfaces/include/more_interfaces/more_interfaces/msg/detail/address_book__struct.hpp
[2.448s] -- Up-to-date: /home/zhang/rosprc_ws/install/more_interfaces/include/more_interfaces/more_interfaces/msg/detail/address_book__type_support.hpp
[2.448s] -- Up-to-date: /home/zhang/rosprc_ws/install/more_interfaces/include/more_interfaces/more_interfaces/msg/detail/address_book__traits.hpp
[2.448s] -- Up-to-date: /home/zhang/rosprc_ws/install/more_interfaces/include/more_interfaces/more_interfaces/msg/rosidl_generator_cpp__visibility_control.hpp
[2.449s] -- Up-to-date: /home/zhang/rosprc_ws/install/more_interfaces/include/more_interfaces/more_interfaces/msg/address_book.hpp
[2.449s] -- Up-to-date: /home/zhang/rosprc_ws/install/more_interfaces/include/more_interfaces/more_interfaces
[2.449s] -- Up-to-date: /home/zhang/rosprc_ws/install/more_interfaces/include/more_interfaces/more_interfaces/msg
[2.449s] -- Up-to-date: /home/zhang/rosprc_ws/install/more_interfaces/include/more_interfaces/more_interfaces/msg/detail
[2.449s] -- Up-to-date: /home/zhang/rosprc_ws/install/more_interfaces/include/more_interfaces/more_interfaces/msg/detail/address_book__rosidl_typesupport_fastrtps_cpp.hpp
[2.450s] -- Up-to-date: /home/zhang/rosprc_ws/install/more_interfaces/include/more_interfaces/more_interfaces/msg/detail/dds_fastrtps
[2.450s] -- Up-to-date: /home/zhang/rosprc_ws/install/more_interfaces/include/more_interfaces/more_interfaces/msg/rosidl_typesupport_fastrtps_cpp__visibility_control.h
[2.459s] -- Up-to-date: /home/zhang/rosprc_ws/install/more_interfaces/lib/libmore_interfaces__rosidl_typesupport_fastrtps_cpp.so
[2.459s] -- Up-to-date: /home/zhang/rosprc_ws/install/more_interfaces/include/more_interfaces/more_interfaces
[2.463s] -- Up-to-date: /home/zhang/rosprc_ws/install/more_interfaces/include/more_interfaces/more_interfaces/msg
[2.463s] -- Up-to-date: /home/zhang/rosprc_ws/install/more_interfaces/include/more_interfaces/more_interfaces/msg/detail
[2.463s] -- Up-to-date: /home/zhang/rosprc_ws/install/more_interfaces/include/more_interfaces/more_interfaces/msg/detail/address_book__rosidl_typesupport_introspection_c.h
[2.463s] -- Up-to-date: /home/zhang/rosprc_ws/install/more_interfaces/include/more_interfaces/more_interfaces/msg/detail/address_book__type_support.c
[2.464s] -- Up-to-date: /home/zhang/rosprc_ws/install/more_interfaces/include/more_interfaces/more_interfaces/msg/rosidl_typesupport_introspection_c__visibility_control.h
[2.464s] -- Up-to-date: /home/zhang/rosprc_ws/install/more_interfaces/lib/libmore_interfaces__rosidl_typesupport_introspection_c.so
[2.464s] -- Up-to-date: /home/zhang/rosprc_ws/install/more_interfaces/lib/libmore_interfaces__rosidl_typesupport_c.so
[2.464s] -- Up-to-date: /home/zhang/rosprc_ws/install/more_interfaces/include/more_interfaces/more_interfaces
[2.465s] -- Up-to-date: /home/zhang/rosprc_ws/install/more_interfaces/include/more_interfaces/more_interfaces/msg
[2.465s] -- Up-to-date: /home/zhang/rosprc_ws/install/more_interfaces/include/more_interfaces/more_interfaces/msg/detail
[2.465s] -- Up-to-date: /home/zhang/rosprc_ws/install/more_interfaces/include/more_interfaces/more_interfaces/msg/detail/address_book__type_support.cpp
[2.466s] -- Up-to-date: /home/zhang/rosprc_ws/install/more_interfaces/include/more_interfaces/more_interfaces/msg/detail/address_book__rosidl_typesupport_introspection_cpp.hpp
[2.466s] -- Up-to-date: /home/zhang/rosprc_ws/install/more_interfaces/lib/libmore_interfaces__rosidl_typesupport_introspection_cpp.so
[2.466s] -- Up-to-date: /home/zhang/rosprc_ws/install/more_interfaces/lib/libmore_interfaces__rosidl_typesupport_cpp.so
[2.470s] -- Up-to-date: /home/zhang/rosprc_ws/install/more_interfaces/share/more_interfaces/environment/pythonpath.sh
[2.471s] -- Up-to-date: /home/zhang/rosprc_ws/install/more_interfaces/share/more_interfaces/environment/pythonpath.dsv
[2.471s] -- Up-to-date: /home/zhang/rosprc_ws/install/more_interfaces/lib/python3.12/site-packages/more_interfaces-0.0.0-py3.12.egg-info
[2.471s] -- Installing: /home/zhang/rosprc_ws/install/more_interfaces/lib/python3.12/site-packages/more_interfaces-0.0.0-py3.12.egg-info/PKG-INFO
[2.471s] -- Installing: /home/zhang/rosprc_ws/install/more_interfaces/lib/python3.12/site-packages/more_interfaces-0.0.0-py3.12.egg-info/top_level.txt
[2.472s] -- Installing: /home/zhang/rosprc_ws/install/more_interfaces/lib/python3.12/site-packages/more_interfaces-0.0.0-py3.12.egg-info/dependency_links.txt
[2.472s] -- Installing: /home/zhang/rosprc_ws/install/more_interfaces/lib/python3.12/site-packages/more_interfaces-0.0.0-py3.12.egg-info/SOURCES.txt
[2.472s] -- Up-to-date: /home/zhang/rosprc_ws/install/more_interfaces/lib/python3.12/site-packages/more_interfaces
[2.472s] -- Up-to-date: /home/zhang/rosprc_ws/install/more_interfaces/lib/python3.12/site-packages/more_interfaces/msg
[2.472s] -- Up-to-date: /home/zhang/rosprc_ws/install/more_interfaces/lib/python3.12/site-packages/more_interfaces/msg/_address_book_s.c
[2.472s] -- Up-to-date: /home/zhang/rosprc_ws/install/more_interfaces/lib/python3.12/site-packages/more_interfaces/msg/__init__.py
[2.473s] -- Up-to-date: /home/zhang/rosprc_ws/install/more_interfaces/lib/python3.12/site-packages/more_interfaces/msg/_address_book.py
[2.473s] -- Up-to-date: /home/zhang/rosprc_ws/install/more_interfaces/lib/python3.12/site-packages/more_interfaces/_more_interfaces_s.ep.rosidl_typesupport_fastrtps_c.c
[2.473s] -- Up-to-date: /home/zhang/rosprc_ws/install/more_interfaces/lib/python3.12/site-packages/more_interfaces/more_interfaces_s__rosidl_typesupport_fastrtps_c.so
[2.473s] -- Up-to-date: /home/zhang/rosprc_ws/install/more_interfaces/lib/python3.12/site-packages/more_interfaces/more_interfaces_s__rosidl_typesupport_c.so
[2.473s] -- Up-to-date: /home/zhang/rosprc_ws/install/more_interfaces/lib/python3.12/site-packages/more_interfaces/_more_interfaces_s.ep.rosidl_typesupport_introspection_c.c
[2.473s] -- Up-to-date: /home/zhang/rosprc_ws/install/more_interfaces/lib/python3.12/site-packages/more_interfaces/_more_interfaces_s.ep.rosidl_typesupport_c.c
[2.474s] -- Up-to-date: /home/zhang/rosprc_ws/install/more_interfaces/lib/python3.12/site-packages/more_interfaces/__init__.py
[2.474s] -- Up-to-date: /home/zhang/rosprc_ws/install/more_interfaces/lib/python3.12/site-packages/more_interfaces/more_interfaces_s__rosidl_typesupport_introspection_c.so
[2.529s] Listing '/home/zhang/rosprc_ws/install/more_interfaces/lib/python3.12/site-packages/more_interfaces'...
[2.531s] Listing '/home/zhang/rosprc_ws/install/more_interfaces/lib/python3.12/site-packages/more_interfaces/msg'...
[2.532s] -- Up-to-date: /home/zhang/rosprc_ws/install/more_interfaces/lib/python3.12/site-packages/more_interfaces/more_interfaces_s__rosidl_typesupport_fastrtps_c.so
[2.532s] -- Up-to-date: /home/zhang/rosprc_ws/install/more_interfaces/lib/python3.12/site-packages/more_interfaces/more_interfaces_s__rosidl_typesupport_introspection_c.so
[2.533s] -- Up-to-date: /home/zhang/rosprc_ws/install/more_interfaces/lib/python3.12/site-packages/more_interfaces/more_interfaces_s__rosidl_typesupport_c.so
[2.533s] -- Up-to-date: /home/zhang/rosprc_ws/install/more_interfaces/lib/libmore_interfaces__rosidl_generator_py.so
[2.533s] -- Up-to-date: /home/zhang/rosprc_ws/install/more_interfaces/share/ament_index/resource_index/rust_packages/more_interfaces
[2.533s] -- Up-to-date: /home/zhang/rosprc_ws/install/more_interfaces/share/more_interfaces/rust
[2.533s] -- Up-to-date: /home/zhang/rosprc_ws/install/more_interfaces/share/more_interfaces/rust/Cargo.toml
[2.534s] -- Up-to-date: /home/zhang/rosprc_ws/install/more_interfaces/share/more_interfaces/rust/src
[2.534s] -- Up-to-date: /home/zhang/rosprc_ws/install/more_interfaces/share/more_interfaces/rust/src/msg
[2.534s] -- Up-to-date: /home/zhang/rosprc_ws/install/more_interfaces/share/more_interfaces/rust/src/msg/rmw.rs
[2.534s] -- Up-to-date: /home/zhang/rosprc_ws/install/more_interfaces/share/more_interfaces/rust/src/lib.rs
[2.534s] -- Up-to-date: /home/zhang/rosprc_ws/install/more_interfaces/share/more_interfaces/rust/src/msg.rs
[2.534s] -- Up-to-date: /home/zhang/rosprc_ws/install/more_interfaces/share/more_interfaces/rust/build.rs
[2.535s] -- Up-to-date: /home/zhang/rosprc_ws/install/more_interfaces/share/more_interfaces/msg/AddressBook.idl
[2.535s] -- Up-to-date: /home/zhang/rosprc_ws/install/more_interfaces/share/more_interfaces/msg/AddressBook.msg
[2.535s] -- Up-to-date: /home/zhang/rosprc_ws/install/more_interfaces/lib/more_interfaces/publish_address_book
[2.535s] -- Up-to-date: /home/zhang/rosprc_ws/install/more_interfaces/share/ament_index/resource_index/package_run_dependencies/more_interfaces
[2.535s] -- Up-to-date: /home/zhang/rosprc_ws/install/more_interfaces/share/ament_index/resource_index/parent_prefix_path/more_interfaces
[2.535s] -- Up-to-date: /home/zhang/rosprc_ws/install/more_interfaces/share/more_interfaces/environment/ament_prefix_path.sh
[2.536s] -- Up-to-date: /home/zhang/rosprc_ws/install/more_interfaces/share/more_interfaces/environment/ament_prefix_path.dsv
[2.536s] -- Up-to-date: /home/zhang/rosprc_ws/install/more_interfaces/share/more_interfaces/environment/path.sh
[2.536s] -- Up-to-date: /home/zhang/rosprc_ws/install/more_interfaces/share/more_interfaces/environment/path.dsv
[2.542s] -- Up-to-date: /home/zhang/rosprc_ws/install/more_interfaces/share/more_interfaces/local_setup.bash
[2.543s] -- Up-to-date: /home/zhang/rosprc_ws/install/more_interfaces/share/more_interfaces/local_setup.sh
[2.543s] -- Up-to-date: /home/zhang/rosprc_ws/install/more_interfaces/share/more_interfaces/local_setup.zsh
[2.543s] -- Up-to-date: /home/zhang/rosprc_ws/install/more_interfaces/share/more_interfaces/local_setup.dsv
[2.543s] -- Installing: /home/zhang/rosprc_ws/install/more_interfaces/share/more_interfaces/package.dsv
[2.544s] -- Up-to-date: /home/zhang/rosprc_ws/install/more_interfaces/share/ament_index/resource_index/packages/more_interfaces
[2.544s] -- Up-to-date: /home/zhang/rosprc_ws/install/more_interfaces/share/more_interfaces/cmake/export_more_interfaces__rosidl_generator_cExport.cmake
[2.544s] -- Up-to-date: /home/zhang/rosprc_ws/install/more_interfaces/share/more_interfaces/cmake/export_more_interfaces__rosidl_generator_cExport-noconfig.cmake
[2.544s] -- Up-to-date: /home/zhang/rosprc_ws/install/more_interfaces/share/more_interfaces/cmake/export_more_interfaces__rosidl_typesupport_fastrtps_cExport.cmake
[2.544s] -- Up-to-date: /home/zhang/rosprc_ws/install/more_interfaces/share/more_interfaces/cmake/export_more_interfaces__rosidl_typesupport_fastrtps_cExport-noconfig.cmake
[2.544s] -- Up-to-date: /home/zhang/rosprc_ws/install/more_interfaces/share/more_interfaces/cmake/export_more_interfaces__rosidl_generator_cppExport.cmake
[2.545s] -- Up-to-date: /home/zhang/rosprc_ws/install/more_interfaces/share/more_interfaces/cmake/export_more_interfaces__rosidl_typesupport_fastrtps_cppExport.cmake
[2.545s] -- Up-to-date: /home/zhang/rosprc_ws/install/more_interfaces/share/more_interfaces/cmake/export_more_interfaces__rosidl_typesupport_fastrtps_cppExport-noconfig.cmake
[2.545s] -- Up-to-date: /home/zhang/rosprc_ws/install/more_interfaces/share/more_interfaces/cmake/more_interfaces__rosidl_typesupport_introspection_cExport.cmake
[2.545s] -- Up-to-date: /home/zhang/rosprc_ws/install/more_interfaces/share/more_interfaces/cmake/more_interfaces__rosidl_typesupport_introspection_cExport-noconfig.cmake
[2.547s] -- Up-to-date: /home/zhang/rosprc_ws/install/more_interfaces/share/more_interfaces/cmake/more_interfaces__rosidl_typesupport_cExport.cmake
[2.547s] -- Up-to-date: /home/zhang/rosprc_ws/install/more_interfaces/share/more_interfaces/cmake/more_interfaces__rosidl_typesupport_cExport-noconfig.cmake
[2.549s] -- Up-to-date: /home/zhang/rosprc_ws/install/more_interfaces/share/more_interfaces/cmake/more_interfaces__rosidl_typesupport_introspection_cppExport.cmake
[2.556s] -- Up-to-date: /home/zhang/rosprc_ws/install/more_interfaces/share/more_interfaces/cmake/more_interfaces__rosidl_typesupport_introspection_cppExport-noconfig.cmake
[2.557s] -- Up-to-date: /home/zhang/rosprc_ws/install/more_interfaces/share/more_interfaces/cmake/more_interfaces__rosidl_typesupport_cppExport.cmake
[2.557s] -- Up-to-date: /home/zhang/rosprc_ws/install/more_interfaces/share/more_interfaces/cmake/more_interfaces__rosidl_typesupport_cppExport-noconfig.cmake
[2.558s] -- Up-to-date: /home/zhang/rosprc_ws/install/more_interfaces/share/more_interfaces/cmake/export_more_interfaces__rosidl_generator_pyExport.cmake
[2.558s] -- Up-to-date: /home/zhang/rosprc_ws/install/more_interfaces/share/more_interfaces/cmake/export_more_interfaces__rosidl_generator_pyExport-noconfig.cmake
[2.558s] -- Up-to-date: /home/zhang/rosprc_ws/install/more_interfaces/share/more_interfaces/cmake/rosidl_cmake-extras.cmake
[2.558s] -- Up-to-date: /home/zhang/rosprc_ws/install/more_interfaces/share/more_interfaces/cmake/ament_cmake_export_include_directories-extras.cmake
[2.559s] -- Up-to-date: /home/zhang/rosprc_ws/install/more_interfaces/share/more_interfaces/cmake/ament_cmake_export_libraries-extras.cmake
[2.559s] -- Up-to-date: /home/zhang/rosprc_ws/install/more_interfaces/share/more_interfaces/cmake/ament_cmake_export_targets-extras.cmake
[2.559s] -- Up-to-date: /home/zhang/rosprc_ws/install/more_interfaces/share/more_interfaces/cmake/rosidl_cmake_export_typesupport_targets-extras.cmake
[2.559s] -- Up-to-date: /home/zhang/rosprc_ws/install/more_interfaces/share/more_interfaces/cmake/ament_cmake_export_dependencies-extras.cmake
[2.560s] -- Up-to-date: /home/zhang/rosprc_ws/install/more_interfaces/share/more_interfaces/cmake/rosidl_cmake_export_typesupport_libraries-extras.cmake
[2.561s] -- Up-to-date: /home/zhang/rosprc_ws/install/more_interfaces/share/more_interfaces/cmake/rosidl_cmake_aggregate_target-extras.cmake
[2.572s] -- Up-to-date: /home/zhang/rosprc_ws/install/more_interfaces/share/more_interfaces/cmake/more_interfacesConfig.cmake
[2.572s] -- Up-to-date: /home/zhang/rosprc_ws/install/more_interfaces/share/more_interfaces/cmake/more_interfacesConfig-version.cmake
[2.573s] -- Up-to-date: /home/zhang/rosprc_ws/install/more_interfaces/share/more_interfaces/package.xml
[2.574s] Invoked command in '/home/zhang/rosprc_ws/build/more_interfaces' returned '0': CMAKE_PREFIX_PATH=${CMAKE_PREFIX_PATH}:/opt/ros/jazzy /usr/bin/cmake --install /home/zhang/rosprc_ws/build/more_interfaces
