[2.308s] Invoking command in '/home/zhang/rosprc_ws/build/turtlesim': CMAKE_PREFIX_PATH=${CMAKE_PREFIX_PATH}:/opt/ros/jazzy /usr/bin/cmake --build /home/zhang/rosprc_ws/build/turtlesim -- -j20 -l20
[2.477s] [  1%] Built target turtlesim__rosidl_generator_type_description
[2.488s] [  2%] Built target turtlesim__rs
[2.489s] [  2%] Built target ament_cmake_python_copy_turtlesim
[2.630s] [ 25%] Built target turtlesim__rosidl_generator_c
[2.631s] [ 25%] Built target turtlesim__cpp
[2.632s] [ 34%] Built target turtlesim__rosidl_typesupport_c
[2.642s] [ 43%] Built target turtlesim__rosidl_typesupport_introspection_c
[2.643s] [ 52%] Built target turtlesim__rosidl_typesupport_fastrtps_c
[2.662s] [ 61%] Built target turtlesim__rosidl_typesupport_fastrtps_cpp
[2.662s] [ 68%] Built target turtlesim__rosidl_typesupport_introspection_cpp
[2.755s] [ 76%] Built target turtlesim__rosidl_typesupport_cpp
[2.817s] [ 76%] Built target turtlesim
[2.859s] [ 78%] Built target turtle_teleop_key
[2.864s] [ 79%] Built target draw_square
[2.885s] [ 84%] Built target turtlesim_node
[2.885s] [ 86%] Built target mimic
[2.937s] [ 87%] Built target turtlesim__py
[3.020s] running egg_info
[3.040s] [ 94%] Built target turtlesim__rosidl_generator_py
[3.070s] writing turtlesim.egg-info/PKG-INFO
[3.071s] writing dependency_links to turtlesim.egg-info/dependency_links.txt
[3.072s] writing top-level names to turtlesim.egg-info/top_level.txt
[3.127s] [ 96%] Built target turtlesim_s__rosidl_typesupport_introspection_c
[3.154s] [ 98%] Built target turtlesim_s__rosidl_typesupport_fastrtps_c
[3.159s] [100%] Built target turtlesim_s__rosidl_typesupport_c
[3.234s] reading manifest file 'turtlesim.egg-info/SOURCES.txt'
[3.242s] writing manifest file 'turtlesim.egg-info/SOURCES.txt'
[3.316s] [100%] Built target ament_cmake_python_build_turtlesim_egg
[3.340s] Invoked command in '/home/zhang/rosprc_ws/build/turtlesim' returned '0': CMAKE_PREFIX_PATH=${CMAKE_PREFIX_PATH}:/opt/ros/jazzy /usr/bin/cmake --build /home/zhang/rosprc_ws/build/turtlesim -- -j20 -l20
[3.352s] Invoking command in '/home/zhang/rosprc_ws/build/turtlesim': CMAKE_PREFIX_PATH=${CMAKE_PREFIX_PATH}:/opt/ros/jazzy /usr/bin/cmake --install /home/zhang/rosprc_ws/build/turtlesim
[3.393s] -- Install configuration: ""
[3.399s] -- Up-to-date: /home/zhang/rosprc_ws/install/turtlesim/share/ament_index/resource_index/rosidl_interfaces/turtlesim
[3.400s] -- Up-to-date: /home/zhang/rosprc_ws/install/turtlesim/share/turtlesim/action/RotateAbsolute.json
[3.401s] -- Up-to-date: /home/zhang/rosprc_ws/install/turtlesim/share/turtlesim/msg/Color.json
[3.401s] -- Up-to-date: /home/zhang/rosprc_ws/install/turtlesim/share/turtlesim/msg/Pose.json
[3.401s] -- Up-to-date: /home/zhang/rosprc_ws/install/turtlesim/share/turtlesim/srv/Kill.json
[3.402s] -- Up-to-date: /home/zhang/rosprc_ws/install/turtlesim/share/turtlesim/srv/SetPen.json
[3.403s] -- Up-to-date: /home/zhang/rosprc_ws/install/turtlesim/share/turtlesim/srv/Spawn.json
[3.403s] -- Up-to-date: /home/zhang/rosprc_ws/install/turtlesim/share/turtlesim/srv/TeleportAbsolute.json
[3.403s] -- Up-to-date: /home/zhang/rosprc_ws/install/turtlesim/share/turtlesim/srv/TeleportRelative.json
[3.404s] -- Up-to-date: /home/zhang/rosprc_ws/install/turtlesim/include/turtlesim/turtlesim
[3.404s] -- Up-to-date: /home/zhang/rosprc_ws/install/turtlesim/include/turtlesim/turtlesim/msg
[3.404s] -- Up-to-date: /home/zhang/rosprc_ws/install/turtlesim/include/turtlesim/turtlesim/msg/color.h
[3.405s] -- Up-to-date: /home/zhang/rosprc_ws/install/turtlesim/include/turtlesim/turtlesim/msg/pose.h
[3.405s] -- Up-to-date: /home/zhang/rosprc_ws/install/turtlesim/include/turtlesim/turtlesim/msg/detail
[3.405s] -- Up-to-date: /home/zhang/rosprc_ws/install/turtlesim/include/turtlesim/turtlesim/msg/detail/color__functions.c
[3.406s] -- Up-to-date: /home/zhang/rosprc_ws/install/turtlesim/include/turtlesim/turtlesim/msg/detail/color__struct.h
[3.407s] -- Up-to-date: /home/zhang/rosprc_ws/install/turtlesim/include/turtlesim/turtlesim/msg/detail/color__type_support.h
[3.407s] -- Up-to-date: /home/zhang/rosprc_ws/install/turtlesim/include/turtlesim/turtlesim/msg/detail/color__functions.h
[3.408s] -- Up-to-date: /home/zhang/rosprc_ws/install/turtlesim/include/turtlesim/turtlesim/msg/detail/pose__struct.h
[3.419s] -- Installing: /home/zhang/rosprc_ws/install/turtlesim/include/turtlesim/turtlesim/msg/detail/color__type_support.c
[3.420s] -- Up-to-date: /home/zhang/rosprc_ws/install/turtlesim/include/turtlesim/turtlesim/msg/detail/pose__description.c
[3.421s] -- Up-to-date: /home/zhang/rosprc_ws/install/turtlesim/include/turtlesim/turtlesim/msg/detail/pose__type_support.h
[3.421s] -- Installing: /home/zhang/rosprc_ws/install/turtlesim/include/turtlesim/turtlesim/msg/detail/pose__type_support.c
[3.421s] -- Up-to-date: /home/zhang/rosprc_ws/install/turtlesim/include/turtlesim/turtlesim/msg/detail/pose__functions.h
[3.422s] -- Up-to-date: /home/zhang/rosprc_ws/install/turtlesim/include/turtlesim/turtlesim/msg/detail/pose__functions.c
[3.422s] -- Up-to-date: /home/zhang/rosprc_ws/install/turtlesim/include/turtlesim/turtlesim/msg/detail/color__description.c
[3.422s] -- Up-to-date: /home/zhang/rosprc_ws/install/turtlesim/include/turtlesim/turtlesim/msg/rosidl_generator_c__visibility_control.h
[3.422s] -- Up-to-date: /home/zhang/rosprc_ws/install/turtlesim/include/turtlesim/turtlesim/action
[3.422s] -- Up-to-date: /home/zhang/rosprc_ws/install/turtlesim/include/turtlesim/turtlesim/action/detail
[3.422s] -- Up-to-date: /home/zhang/rosprc_ws/install/turtlesim/include/turtlesim/turtlesim/action/detail/rotate_absolute__description.c
[3.423s] -- Up-to-date: /home/zhang/rosprc_ws/install/turtlesim/include/turtlesim/turtlesim/action/detail/rotate_absolute__struct.h
[3.423s] -- Up-to-date: /home/zhang/rosprc_ws/install/turtlesim/include/turtlesim/turtlesim/action/detail/rotate_absolute__type_support.h
[3.424s] -- Up-to-date: /home/zhang/rosprc_ws/install/turtlesim/include/turtlesim/turtlesim/action/detail/rotate_absolute__functions.h
[3.424s] -- Up-to-date: /home/zhang/rosprc_ws/install/turtlesim/include/turtlesim/turtlesim/action/detail/rotate_absolute__functions.c
[3.435s] -- Installing: /home/zhang/rosprc_ws/install/turtlesim/include/turtlesim/turtlesim/action/detail/rotate_absolute__type_support.c
[3.440s] -- Up-to-date: /home/zhang/rosprc_ws/install/turtlesim/include/turtlesim/turtlesim/action/rotate_absolute.h
[3.441s] -- Up-to-date: /home/zhang/rosprc_ws/install/turtlesim/include/turtlesim/turtlesim/srv
[3.441s] -- Up-to-date: /home/zhang/rosprc_ws/install/turtlesim/include/turtlesim/turtlesim/srv/kill.h
[3.452s] -- Up-to-date: /home/zhang/rosprc_ws/install/turtlesim/include/turtlesim/turtlesim/srv/teleport_relative.h
[3.452s] -- Up-to-date: /home/zhang/rosprc_ws/install/turtlesim/include/turtlesim/turtlesim/srv/set_pen.h
[3.453s] -- Up-to-date: /home/zhang/rosprc_ws/install/turtlesim/include/turtlesim/turtlesim/srv/detail
[3.453s] -- Up-to-date: /home/zhang/rosprc_ws/install/turtlesim/include/turtlesim/turtlesim/srv/detail/set_pen__description.c
[3.454s] -- Up-to-date: /home/zhang/rosprc_ws/install/turtlesim/include/turtlesim/turtlesim/srv/detail/kill__functions.c
[3.455s] -- Up-to-date: /home/zhang/rosprc_ws/install/turtlesim/include/turtlesim/turtlesim/srv/detail/spawn__functions.h
[3.455s] -- Up-to-date: /home/zhang/rosprc_ws/install/turtlesim/include/turtlesim/turtlesim/srv/detail/set_pen__struct.h
[3.456s] -- Up-to-date: /home/zhang/rosprc_ws/install/turtlesim/include/turtlesim/turtlesim/srv/detail/teleport_relative__type_support.h
[3.456s] -- Up-to-date: /home/zhang/rosprc_ws/install/turtlesim/include/turtlesim/turtlesim/srv/detail/set_pen__type_support.h
[3.457s] -- Up-to-date: /home/zhang/rosprc_ws/install/turtlesim/include/turtlesim/turtlesim/srv/detail/teleport_relative__functions.h
[3.457s] -- Installing: /home/zhang/rosprc_ws/install/turtlesim/include/turtlesim/turtlesim/srv/detail/kill__type_support.c
[3.466s] -- Up-to-date: /home/zhang/rosprc_ws/install/turtlesim/include/turtlesim/turtlesim/srv/detail/kill__functions.h
[3.468s] -- Up-to-date: /home/zhang/rosprc_ws/install/turtlesim/include/turtlesim/turtlesim/srv/detail/teleport_relative__functions.c
[3.469s] -- Up-to-date: /home/zhang/rosprc_ws/install/turtlesim/include/turtlesim/turtlesim/srv/detail/kill__struct.h
[3.470s] -- Installing: /home/zhang/rosprc_ws/install/turtlesim/include/turtlesim/turtlesim/srv/detail/spawn__type_support.c
[3.470s] -- Up-to-date: /home/zhang/rosprc_ws/install/turtlesim/include/turtlesim/turtlesim/srv/detail/teleport_absolute__functions.c
[3.472s] -- Up-to-date: /home/zhang/rosprc_ws/install/turtlesim/include/turtlesim/turtlesim/srv/detail/kill__description.c
[3.472s] -- Up-to-date: /home/zhang/rosprc_ws/install/turtlesim/include/turtlesim/turtlesim/srv/detail/teleport_relative__description.c
[3.473s] -- Up-to-date: /home/zhang/rosprc_ws/install/turtlesim/include/turtlesim/turtlesim/srv/detail/teleport_absolute__struct.h
[3.473s] -- Up-to-date: /home/zhang/rosprc_ws/install/turtlesim/include/turtlesim/turtlesim/srv/detail/spawn__type_support.h
[3.473s] -- Up-to-date: /home/zhang/rosprc_ws/install/turtlesim/include/turtlesim/turtlesim/srv/detail/teleport_absolute__type_support.h
[3.473s] -- Up-to-date: /home/zhang/rosprc_ws/install/turtlesim/include/turtlesim/turtlesim/srv/detail/set_pen__functions.c
[3.474s] -- Up-to-date: /home/zhang/rosprc_ws/install/turtlesim/include/turtlesim/turtlesim/srv/detail/spawn__description.c
[3.474s] -- Up-to-date: /home/zhang/rosprc_ws/install/turtlesim/include/turtlesim/turtlesim/srv/detail/kill__type_support.h
[3.474s] -- Installing: /home/zhang/rosprc_ws/install/turtlesim/include/turtlesim/turtlesim/srv/detail/set_pen__type_support.c
[3.475s] -- Up-to-date: /home/zhang/rosprc_ws/install/turtlesim/include/turtlesim/turtlesim/srv/detail/teleport_relative__struct.h
[3.476s] -- Up-to-date: /home/zhang/rosprc_ws/install/turtlesim/include/turtlesim/turtlesim/srv/detail/spawn__functions.c
[3.476s] -- Up-to-date: /home/zhang/rosprc_ws/install/turtlesim/include/turtlesim/turtlesim/srv/detail/teleport_absolute__description.c
[3.477s] -- Up-to-date: /home/zhang/rosprc_ws/install/turtlesim/include/turtlesim/turtlesim/srv/detail/spawn__struct.h
[3.478s] -- Up-to-date: /home/zhang/rosprc_ws/install/turtlesim/include/turtlesim/turtlesim/srv/detail/set_pen__functions.h
[3.478s] -- Installing: /home/zhang/rosprc_ws/install/turtlesim/include/turtlesim/turtlesim/srv/detail/teleport_absolute__type_support.c
[3.478s] -- Up-to-date: /home/zhang/rosprc_ws/install/turtlesim/include/turtlesim/turtlesim/srv/detail/teleport_absolute__functions.h
[3.479s] -- Installing: /home/zhang/rosprc_ws/install/turtlesim/include/turtlesim/turtlesim/srv/detail/teleport_relative__type_support.c
[3.489s] -- Up-to-date: /home/zhang/rosprc_ws/install/turtlesim/include/turtlesim/turtlesim/srv/spawn.h
[3.490s] -- Up-to-date: /home/zhang/rosprc_ws/install/turtlesim/include/turtlesim/turtlesim/srv/teleport_absolute.h
[3.490s] -- Up-to-date: /home/zhang/rosprc_ws/install/turtlesim/share/turtlesim/environment/library_path.sh
[3.490s] -- Up-to-date: /home/zhang/rosprc_ws/install/turtlesim/share/turtlesim/environment/library_path.dsv
[3.491s] -- Up-to-date: /home/zhang/rosprc_ws/install/turtlesim/lib/libturtlesim__rosidl_generator_c.so
[3.491s] -- Up-to-date: /home/zhang/rosprc_ws/install/turtlesim/include/turtlesim/turtlesim
[3.491s] -- Up-to-date: /home/zhang/rosprc_ws/install/turtlesim/include/turtlesim/turtlesim/msg
[3.491s] -- Up-to-date: /home/zhang/rosprc_ws/install/turtlesim/include/turtlesim/turtlesim/msg/rosidl_typesupport_fastrtps_c__visibility_control.h
[3.491s] -- Up-to-date: /home/zhang/rosprc_ws/install/turtlesim/include/turtlesim/turtlesim/msg/detail
[3.492s] -- Up-to-date: /home/zhang/rosprc_ws/install/turtlesim/include/turtlesim/turtlesim/msg/detail/color__rosidl_typesupport_fastrtps_c.h
[3.492s] -- Up-to-date: /home/zhang/rosprc_ws/install/turtlesim/include/turtlesim/turtlesim/msg/detail/pose__rosidl_typesupport_fastrtps_c.h
[3.492s] -- Up-to-date: /home/zhang/rosprc_ws/install/turtlesim/include/turtlesim/turtlesim/action
[3.492s] -- Up-to-date: /home/zhang/rosprc_ws/install/turtlesim/include/turtlesim/turtlesim/action/detail
[3.492s] -- Up-to-date: /home/zhang/rosprc_ws/install/turtlesim/include/turtlesim/turtlesim/action/detail/rotate_absolute__rosidl_typesupport_fastrtps_c.h
[3.493s] -- Up-to-date: /home/zhang/rosprc_ws/install/turtlesim/include/turtlesim/turtlesim/srv
[3.493s] -- Up-to-date: /home/zhang/rosprc_ws/install/turtlesim/include/turtlesim/turtlesim/srv/detail
[3.493s] -- Up-to-date: /home/zhang/rosprc_ws/install/turtlesim/include/turtlesim/turtlesim/srv/detail/spawn__rosidl_typesupport_fastrtps_c.h
[3.493s] -- Up-to-date: /home/zhang/rosprc_ws/install/turtlesim/include/turtlesim/turtlesim/srv/detail/set_pen__rosidl_typesupport_fastrtps_c.h
[3.493s] -- Up-to-date: /home/zhang/rosprc_ws/install/turtlesim/include/turtlesim/turtlesim/srv/detail/teleport_relative__rosidl_typesupport_fastrtps_c.h
[3.494s] -- Up-to-date: /home/zhang/rosprc_ws/install/turtlesim/include/turtlesim/turtlesim/srv/detail/teleport_absolute__rosidl_typesupport_fastrtps_c.h
[3.494s] -- Up-to-date: /home/zhang/rosprc_ws/install/turtlesim/include/turtlesim/turtlesim/srv/detail/kill__rosidl_typesupport_fastrtps_c.h
[3.494s] -- Up-to-date: /home/zhang/rosprc_ws/install/turtlesim/lib/libturtlesim__rosidl_typesupport_fastrtps_c.so
[3.495s] -- Up-to-date: /home/zhang/rosprc_ws/install/turtlesim/include/turtlesim/turtlesim
[3.495s] -- Up-to-date: /home/zhang/rosprc_ws/install/turtlesim/include/turtlesim/turtlesim/msg
[3.496s] -- Up-to-date: /home/zhang/rosprc_ws/install/turtlesim/include/turtlesim/turtlesim/msg/pose.hpp
[3.496s] -- Up-to-date: /home/zhang/rosprc_ws/install/turtlesim/include/turtlesim/turtlesim/msg/detail
[3.496s] -- Up-to-date: /home/zhang/rosprc_ws/install/turtlesim/include/turtlesim/turtlesim/msg/detail/color__builder.hpp
[3.496s] -- Up-to-date: /home/zhang/rosprc_ws/install/turtlesim/include/turtlesim/turtlesim/msg/detail/color__type_support.hpp
[3.496s] -- Up-to-date: /home/zhang/rosprc_ws/install/turtlesim/include/turtlesim/turtlesim/msg/detail/pose__builder.hpp
[3.497s] -- Up-to-date: /home/zhang/rosprc_ws/install/turtlesim/include/turtlesim/turtlesim/msg/detail/pose__type_support.hpp
[3.497s] -- Up-to-date: /home/zhang/rosprc_ws/install/turtlesim/include/turtlesim/turtlesim/msg/detail/pose__traits.hpp
[3.497s] -- Up-to-date: /home/zhang/rosprc_ws/install/turtlesim/include/turtlesim/turtlesim/msg/detail/pose__struct.hpp
[3.497s] -- Up-to-date: /home/zhang/rosprc_ws/install/turtlesim/include/turtlesim/turtlesim/msg/detail/color__struct.hpp
[3.498s] -- Up-to-date: /home/zhang/rosprc_ws/install/turtlesim/include/turtlesim/turtlesim/msg/detail/color__traits.hpp
[3.498s] -- Up-to-date: /home/zhang/rosprc_ws/install/turtlesim/include/turtlesim/turtlesim/msg/rosidl_generator_cpp__visibility_control.hpp
[3.498s] -- Up-to-date: /home/zhang/rosprc_ws/install/turtlesim/include/turtlesim/turtlesim/msg/color.hpp
[3.498s] -- Up-to-date: /home/zhang/rosprc_ws/install/turtlesim/include/turtlesim/turtlesim/action
[3.499s] -- Up-to-date: /home/zhang/rosprc_ws/install/turtlesim/include/turtlesim/turtlesim/action/detail
[3.499s] -- Up-to-date: /home/zhang/rosprc_ws/install/turtlesim/include/turtlesim/turtlesim/action/detail/rotate_absolute__type_support.hpp
[3.503s] -- Up-to-date: /home/zhang/rosprc_ws/install/turtlesim/include/turtlesim/turtlesim/action/detail/rotate_absolute__builder.hpp
[3.504s] -- Up-to-date: /home/zhang/rosprc_ws/install/turtlesim/include/turtlesim/turtlesim/action/detail/rotate_absolute__traits.hpp
[3.510s] -- Up-to-date: /home/zhang/rosprc_ws/install/turtlesim/include/turtlesim/turtlesim/action/detail/rotate_absolute__struct.hpp
[3.512s] -- Up-to-date: /home/zhang/rosprc_ws/install/turtlesim/include/turtlesim/turtlesim/action/rotate_absolute.hpp
[3.512s] -- Up-to-date: /home/zhang/rosprc_ws/install/turtlesim/include/turtlesim/turtlesim/srv
[3.513s] -- Up-to-date: /home/zhang/rosprc_ws/install/turtlesim/include/turtlesim/turtlesim/srv/set_pen.hpp
[3.513s] -- Up-to-date: /home/zhang/rosprc_ws/install/turtlesim/include/turtlesim/turtlesim/srv/detail
[3.513s] -- Up-to-date: /home/zhang/rosprc_ws/install/turtlesim/include/turtlesim/turtlesim/srv/detail/teleport_absolute__traits.hpp
[3.513s] -- Up-to-date: /home/zhang/rosprc_ws/install/turtlesim/include/turtlesim/turtlesim/srv/detail/teleport_absolute__struct.hpp
[3.513s] -- Up-to-date: /home/zhang/rosprc_ws/install/turtlesim/include/turtlesim/turtlesim/srv/detail/teleport_relative__type_support.hpp
[3.514s] -- Up-to-date: /home/zhang/rosprc_ws/install/turtlesim/include/turtlesim/turtlesim/srv/detail/kill__struct.hpp
[3.514s] -- Up-to-date: /home/zhang/rosprc_ws/install/turtlesim/include/turtlesim/turtlesim/srv/detail/spawn__type_support.hpp
[3.514s] -- Up-to-date: /home/zhang/rosprc_ws/install/turtlesim/include/turtlesim/turtlesim/srv/detail/spawn__struct.hpp
[3.514s] -- Up-to-date: /home/zhang/rosprc_ws/install/turtlesim/include/turtlesim/turtlesim/srv/detail/spawn__builder.hpp
[3.515s] -- Up-to-date: /home/zhang/rosprc_ws/install/turtlesim/include/turtlesim/turtlesim/srv/detail/teleport_absolute__builder.hpp
[3.515s] -- Up-to-date: /home/zhang/rosprc_ws/install/turtlesim/include/turtlesim/turtlesim/srv/detail/set_pen__traits.hpp
[3.515s] -- Up-to-date: /home/zhang/rosprc_ws/install/turtlesim/include/turtlesim/turtlesim/srv/detail/kill__type_support.hpp
[3.515s] -- Up-to-date: /home/zhang/rosprc_ws/install/turtlesim/include/turtlesim/turtlesim/srv/detail/kill__builder.hpp
[3.515s] -- Up-to-date: /home/zhang/rosprc_ws/install/turtlesim/include/turtlesim/turtlesim/srv/detail/teleport_relative__struct.hpp
[3.516s] -- Up-to-date: /home/zhang/rosprc_ws/install/turtlesim/include/turtlesim/turtlesim/srv/detail/kill__traits.hpp
[3.516s] -- Up-to-date: /home/zhang/rosprc_ws/install/turtlesim/include/turtlesim/turtlesim/srv/detail/teleport_absolute__type_support.hpp
[3.516s] -- Up-to-date: /home/zhang/rosprc_ws/install/turtlesim/include/turtlesim/turtlesim/srv/detail/teleport_relative__traits.hpp
[3.516s] -- Up-to-date: /home/zhang/rosprc_ws/install/turtlesim/include/turtlesim/turtlesim/srv/detail/set_pen__type_support.hpp
[3.517s] -- Up-to-date: /home/zhang/rosprc_ws/install/turtlesim/include/turtlesim/turtlesim/srv/detail/spawn__traits.hpp
[3.517s] -- Up-to-date: /home/zhang/rosprc_ws/install/turtlesim/include/turtlesim/turtlesim/srv/detail/teleport_relative__builder.hpp
[3.517s] -- Up-to-date: /home/zhang/rosprc_ws/install/turtlesim/include/turtlesim/turtlesim/srv/detail/set_pen__builder.hpp
[3.517s] -- Up-to-date: /home/zhang/rosprc_ws/install/turtlesim/include/turtlesim/turtlesim/srv/detail/set_pen__struct.hpp
[3.517s] -- Up-to-date: /home/zhang/rosprc_ws/install/turtlesim/include/turtlesim/turtlesim/srv/teleport_absolute.hpp
[3.517s] -- Up-to-date: /home/zhang/rosprc_ws/install/turtlesim/include/turtlesim/turtlesim/srv/kill.hpp
[3.518s] -- Up-to-date: /home/zhang/rosprc_ws/install/turtlesim/include/turtlesim/turtlesim/srv/teleport_relative.hpp
[3.518s] -- Up-to-date: /home/zhang/rosprc_ws/install/turtlesim/include/turtlesim/turtlesim/srv/spawn.hpp
[3.518s] -- Up-to-date: /home/zhang/rosprc_ws/install/turtlesim/include/turtlesim/turtlesim
[3.518s] -- Up-to-date: /home/zhang/rosprc_ws/install/turtlesim/include/turtlesim/turtlesim/msg
[3.518s] -- Up-to-date: /home/zhang/rosprc_ws/install/turtlesim/include/turtlesim/turtlesim/msg/detail
[3.525s] -- Up-to-date: /home/zhang/rosprc_ws/install/turtlesim/include/turtlesim/turtlesim/msg/detail/dds_fastrtps
[3.525s] -- Up-to-date: /home/zhang/rosprc_ws/install/turtlesim/include/turtlesim/turtlesim/msg/detail/pose__rosidl_typesupport_fastrtps_cpp.hpp
[3.530s] -- Up-to-date: /home/zhang/rosprc_ws/install/turtlesim/include/turtlesim/turtlesim/msg/detail/color__rosidl_typesupport_fastrtps_cpp.hpp
[3.531s] -- Up-to-date: /home/zhang/rosprc_ws/install/turtlesim/include/turtlesim/turtlesim/msg/rosidl_typesupport_fastrtps_cpp__visibility_control.h
[3.531s] -- Up-to-date: /home/zhang/rosprc_ws/install/turtlesim/include/turtlesim/turtlesim/action
[3.532s] -- Up-to-date: /home/zhang/rosprc_ws/install/turtlesim/include/turtlesim/turtlesim/action/detail
[3.532s] -- Up-to-date: /home/zhang/rosprc_ws/install/turtlesim/include/turtlesim/turtlesim/action/detail/dds_fastrtps
[3.533s] -- Up-to-date: /home/zhang/rosprc_ws/install/turtlesim/include/turtlesim/turtlesim/action/detail/rotate_absolute__rosidl_typesupport_fastrtps_cpp.hpp
[3.533s] -- Up-to-date: /home/zhang/rosprc_ws/install/turtlesim/include/turtlesim/turtlesim/srv
[3.534s] -- Up-to-date: /home/zhang/rosprc_ws/install/turtlesim/include/turtlesim/turtlesim/srv/detail
[3.534s] -- Up-to-date: /home/zhang/rosprc_ws/install/turtlesim/include/turtlesim/turtlesim/srv/detail/teleport_relative__rosidl_typesupport_fastrtps_cpp.hpp
[3.535s] -- Up-to-date: /home/zhang/rosprc_ws/install/turtlesim/include/turtlesim/turtlesim/srv/detail/kill__rosidl_typesupport_fastrtps_cpp.hpp
[3.535s] -- Up-to-date: /home/zhang/rosprc_ws/install/turtlesim/include/turtlesim/turtlesim/srv/detail/set_pen__rosidl_typesupport_fastrtps_cpp.hpp
[3.536s] -- Up-to-date: /home/zhang/rosprc_ws/install/turtlesim/include/turtlesim/turtlesim/srv/detail/dds_fastrtps
[3.536s] -- Up-to-date: /home/zhang/rosprc_ws/install/turtlesim/include/turtlesim/turtlesim/srv/detail/spawn__rosidl_typesupport_fastrtps_cpp.hpp
[3.536s] -- Up-to-date: /home/zhang/rosprc_ws/install/turtlesim/include/turtlesim/turtlesim/srv/detail/teleport_absolute__rosidl_typesupport_fastrtps_cpp.hpp
[3.536s] -- Up-to-date: /home/zhang/rosprc_ws/install/turtlesim/lib/libturtlesim__rosidl_typesupport_fastrtps_cpp.so
[3.537s] -- Up-to-date: /home/zhang/rosprc_ws/install/turtlesim/include/turtlesim/turtlesim
[3.537s] -- Up-to-date: /home/zhang/rosprc_ws/install/turtlesim/include/turtlesim/turtlesim/msg
[3.538s] -- Up-to-date: /home/zhang/rosprc_ws/install/turtlesim/include/turtlesim/turtlesim/msg/detail
[3.541s] -- Installing: /home/zhang/rosprc_ws/install/turtlesim/include/turtlesim/turtlesim/msg/detail/color__type_support.c
[3.542s] -- Up-to-date: /home/zhang/rosprc_ws/install/turtlesim/include/turtlesim/turtlesim/msg/detail/pose__rosidl_typesupport_introspection_c.h
[3.542s] -- Installing: /home/zhang/rosprc_ws/install/turtlesim/include/turtlesim/turtlesim/msg/detail/pose__type_support.c
[3.542s] -- Up-to-date: /home/zhang/rosprc_ws/install/turtlesim/include/turtlesim/turtlesim/msg/detail/color__rosidl_typesupport_introspection_c.h
[3.543s] -- Up-to-date: /home/zhang/rosprc_ws/install/turtlesim/include/turtlesim/turtlesim/msg/rosidl_typesupport_introspection_c__visibility_control.h
[3.544s] -- Up-to-date: /home/zhang/rosprc_ws/install/turtlesim/include/turtlesim/turtlesim/action
[3.545s] -- Up-to-date: /home/zhang/rosprc_ws/install/turtlesim/include/turtlesim/turtlesim/action/detail
[3.545s] -- Up-to-date: /home/zhang/rosprc_ws/install/turtlesim/include/turtlesim/turtlesim/action/detail/rotate_absolute__rosidl_typesupport_introspection_c.h
[3.546s] -- Installing: /home/zhang/rosprc_ws/install/turtlesim/include/turtlesim/turtlesim/action/detail/rotate_absolute__type_support.c
[3.546s] -- Up-to-date: /home/zhang/rosprc_ws/install/turtlesim/include/turtlesim/turtlesim/srv
[3.546s] -- Up-to-date: /home/zhang/rosprc_ws/install/turtlesim/include/turtlesim/turtlesim/srv/detail
[3.546s] -- Installing: /home/zhang/rosprc_ws/install/turtlesim/include/turtlesim/turtlesim/srv/detail/kill__type_support.c
[3.547s] -- Up-to-date: /home/zhang/rosprc_ws/install/turtlesim/include/turtlesim/turtlesim/srv/detail/teleport_relative__rosidl_typesupport_introspection_c.h
[3.547s] -- Installing: /home/zhang/rosprc_ws/install/turtlesim/include/turtlesim/turtlesim/srv/detail/spawn__type_support.c
[3.547s] -- Up-to-date: /home/zhang/rosprc_ws/install/turtlesim/include/turtlesim/turtlesim/srv/detail/kill__rosidl_typesupport_introspection_c.h
[3.547s] -- Up-to-date: /home/zhang/rosprc_ws/install/turtlesim/include/turtlesim/turtlesim/srv/detail/spawn__rosidl_typesupport_introspection_c.h
[3.547s] -- Installing: /home/zhang/rosprc_ws/install/turtlesim/include/turtlesim/turtlesim/srv/detail/set_pen__type_support.c
[3.547s] -- Installing: /home/zhang/rosprc_ws/install/turtlesim/include/turtlesim/turtlesim/srv/detail/teleport_absolute__type_support.c
[3.548s] -- Up-to-date: /home/zhang/rosprc_ws/install/turtlesim/include/turtlesim/turtlesim/srv/detail/teleport_absolute__rosidl_typesupport_introspection_c.h
[3.548s] -- Up-to-date: /home/zhang/rosprc_ws/install/turtlesim/include/turtlesim/turtlesim/srv/detail/set_pen__rosidl_typesupport_introspection_c.h
[3.548s] -- Installing: /home/zhang/rosprc_ws/install/turtlesim/include/turtlesim/turtlesim/srv/detail/teleport_relative__type_support.c
[3.548s] -- Up-to-date: /home/zhang/rosprc_ws/install/turtlesim/lib/libturtlesim__rosidl_typesupport_introspection_c.so
[3.548s] -- Up-to-date: /home/zhang/rosprc_ws/install/turtlesim/lib/libturtlesim__rosidl_typesupport_c.so
[3.548s] -- Up-to-date: /home/zhang/rosprc_ws/install/turtlesim/include/turtlesim/turtlesim
[3.549s] -- Up-to-date: /home/zhang/rosprc_ws/install/turtlesim/include/turtlesim/turtlesim/msg
[3.549s] -- Up-to-date: /home/zhang/rosprc_ws/install/turtlesim/include/turtlesim/turtlesim/msg/detail
[3.549s] -- Up-to-date: /home/zhang/rosprc_ws/install/turtlesim/include/turtlesim/turtlesim/msg/detail/color__rosidl_typesupport_introspection_cpp.hpp
[3.549s] -- Up-to-date: /home/zhang/rosprc_ws/install/turtlesim/include/turtlesim/turtlesim/msg/detail/pose__rosidl_typesupport_introspection_cpp.hpp
[3.550s] -- Up-to-date: /home/zhang/rosprc_ws/install/turtlesim/include/turtlesim/turtlesim/msg/detail/color__type_support.cpp
[3.550s] -- Up-to-date: /home/zhang/rosprc_ws/install/turtlesim/include/turtlesim/turtlesim/msg/detail/pose__type_support.cpp
[3.550s] -- Up-to-date: /home/zhang/rosprc_ws/install/turtlesim/include/turtlesim/turtlesim/action
[3.550s] -- Up-to-date: /home/zhang/rosprc_ws/install/turtlesim/include/turtlesim/turtlesim/action/detail
[3.550s] -- Up-to-date: /home/zhang/rosprc_ws/install/turtlesim/include/turtlesim/turtlesim/action/detail/rotate_absolute__rosidl_typesupport_introspection_cpp.hpp
[3.551s] -- Up-to-date: /home/zhang/rosprc_ws/install/turtlesim/include/turtlesim/turtlesim/action/detail/rotate_absolute__type_support.cpp
[3.551s] -- Up-to-date: /home/zhang/rosprc_ws/install/turtlesim/include/turtlesim/turtlesim/srv
[3.551s] -- Up-to-date: /home/zhang/rosprc_ws/install/turtlesim/include/turtlesim/turtlesim/srv/detail
[3.551s] -- Up-to-date: /home/zhang/rosprc_ws/install/turtlesim/include/turtlesim/turtlesim/srv/detail/spawn__type_support.cpp
[3.551s] -- Up-to-date: /home/zhang/rosprc_ws/install/turtlesim/include/turtlesim/turtlesim/srv/detail/kill__type_support.cpp
[3.552s] -- Up-to-date: /home/zhang/rosprc_ws/install/turtlesim/include/turtlesim/turtlesim/srv/detail/teleport_absolute__rosidl_typesupport_introspection_cpp.hpp
[3.552s] -- Up-to-date: /home/zhang/rosprc_ws/install/turtlesim/include/turtlesim/turtlesim/srv/detail/set_pen__rosidl_typesupport_introspection_cpp.hpp
[3.552s] -- Up-to-date: /home/zhang/rosprc_ws/install/turtlesim/include/turtlesim/turtlesim/srv/detail/teleport_absolute__type_support.cpp
[3.552s] -- Up-to-date: /home/zhang/rosprc_ws/install/turtlesim/include/turtlesim/turtlesim/srv/detail/set_pen__type_support.cpp
[3.552s] -- Up-to-date: /home/zhang/rosprc_ws/install/turtlesim/include/turtlesim/turtlesim/srv/detail/spawn__rosidl_typesupport_introspection_cpp.hpp
[3.555s] -- Up-to-date: /home/zhang/rosprc_ws/install/turtlesim/include/turtlesim/turtlesim/srv/detail/teleport_relative__type_support.cpp
[3.556s] -- Up-to-date: /home/zhang/rosprc_ws/install/turtlesim/include/turtlesim/turtlesim/srv/detail/kill__rosidl_typesupport_introspection_cpp.hpp
[3.556s] -- Up-to-date: /home/zhang/rosprc_ws/install/turtlesim/include/turtlesim/turtlesim/srv/detail/teleport_relative__rosidl_typesupport_introspection_cpp.hpp
[3.556s] -- Up-to-date: /home/zhang/rosprc_ws/install/turtlesim/lib/libturtlesim__rosidl_typesupport_introspection_cpp.so
[3.557s] -- Up-to-date: /home/zhang/rosprc_ws/install/turtlesim/lib/libturtlesim__rosidl_typesupport_cpp.so
[3.557s] -- Up-to-date: /home/zhang/rosprc_ws/install/turtlesim/share/turtlesim/environment/pythonpath.sh
[3.557s] -- Up-to-date: /home/zhang/rosprc_ws/install/turtlesim/share/turtlesim/environment/pythonpath.dsv
[3.557s] -- Up-to-date: /home/zhang/rosprc_ws/install/turtlesim/lib/python3.12/site-packages/turtlesim-1.8.4-py3.12.egg-info
[3.558s] -- Installing: /home/zhang/rosprc_ws/install/turtlesim/lib/python3.12/site-packages/turtlesim-1.8.4-py3.12.egg-info/PKG-INFO
[3.558s] -- Installing: /home/zhang/rosprc_ws/install/turtlesim/lib/python3.12/site-packages/turtlesim-1.8.4-py3.12.egg-info/top_level.txt
[3.559s] -- Installing: /home/zhang/rosprc_ws/install/turtlesim/lib/python3.12/site-packages/turtlesim-1.8.4-py3.12.egg-info/dependency_links.txt
[3.559s] -- Installing: /home/zhang/rosprc_ws/install/turtlesim/lib/python3.12/site-packages/turtlesim-1.8.4-py3.12.egg-info/SOURCES.txt
[3.559s] -- Up-to-date: /home/zhang/rosprc_ws/install/turtlesim/lib/python3.12/site-packages/turtlesim
[3.559s] -- Up-to-date: /home/zhang/rosprc_ws/install/turtlesim/lib/python3.12/site-packages/turtlesim/msg
[3.559s] -- Up-to-date: /home/zhang/rosprc_ws/install/turtlesim/lib/python3.12/site-packages/turtlesim/msg/_pose.py
[3.560s] -- Up-to-date: /home/zhang/rosprc_ws/install/turtlesim/lib/python3.12/site-packages/turtlesim/msg/_color_s.c
[3.560s] -- Up-to-date: /home/zhang/rosprc_ws/install/turtlesim/lib/python3.12/site-packages/turtlesim/msg/_color.py
[3.561s] -- Up-to-date: /home/zhang/rosprc_ws/install/turtlesim/lib/python3.12/site-packages/turtlesim/msg/_pose_s.c
[3.561s] -- Up-to-date: /home/zhang/rosprc_ws/install/turtlesim/lib/python3.12/site-packages/turtlesim/msg/__init__.py
[3.561s] -- Up-to-date: /home/zhang/rosprc_ws/install/turtlesim/lib/python3.12/site-packages/turtlesim/turtlesim_s__rosidl_typesupport_introspection_c.so
[3.562s] -- Up-to-date: /home/zhang/rosprc_ws/install/turtlesim/lib/python3.12/site-packages/turtlesim/_turtlesim_s.ep.rosidl_typesupport_introspection_c.c
[3.562s] -- Up-to-date: /home/zhang/rosprc_ws/install/turtlesim/lib/python3.12/site-packages/turtlesim/_turtlesim_s.ep.rosidl_typesupport_fastrtps_c.c
[3.562s] -- Up-to-date: /home/zhang/rosprc_ws/install/turtlesim/lib/python3.12/site-packages/turtlesim/_turtlesim_s.ep.rosidl_typesupport_c.c
[3.562s] -- Up-to-date: /home/zhang/rosprc_ws/install/turtlesim/lib/python3.12/site-packages/turtlesim/turtlesim_s__rosidl_typesupport_c.so
[3.563s] -- Up-to-date: /home/zhang/rosprc_ws/install/turtlesim/lib/python3.12/site-packages/turtlesim/action
[3.563s] -- Up-to-date: /home/zhang/rosprc_ws/install/turtlesim/lib/python3.12/site-packages/turtlesim/action/_rotate_absolute.py
[3.563s] -- Up-to-date: /home/zhang/rosprc_ws/install/turtlesim/lib/python3.12/site-packages/turtlesim/action/_rotate_absolute_s.c
[3.563s] -- Up-to-date: /home/zhang/rosprc_ws/install/turtlesim/lib/python3.12/site-packages/turtlesim/action/__init__.py
[3.564s] -- Up-to-date: /home/zhang/rosprc_ws/install/turtlesim/lib/python3.12/site-packages/turtlesim/turtlesim_s__rosidl_typesupport_fastrtps_c.so
[3.564s] -- Up-to-date: /home/zhang/rosprc_ws/install/turtlesim/lib/python3.12/site-packages/turtlesim/srv
[3.564s] -- Up-to-date: /home/zhang/rosprc_ws/install/turtlesim/lib/python3.12/site-packages/turtlesim/srv/_set_pen_s.c
[3.564s] -- Up-to-date: /home/zhang/rosprc_ws/install/turtlesim/lib/python3.12/site-packages/turtlesim/srv/_kill.py
[3.565s] -- Up-to-date: /home/zhang/rosprc_ws/install/turtlesim/lib/python3.12/site-packages/turtlesim/srv/_teleport_absolute_s.c
[3.565s] -- Up-to-date: /home/zhang/rosprc_ws/install/turtlesim/lib/python3.12/site-packages/turtlesim/srv/_set_pen.py
[3.565s] -- Up-to-date: /home/zhang/rosprc_ws/install/turtlesim/lib/python3.12/site-packages/turtlesim/srv/_teleport_relative.py
[3.566s] -- Up-to-date: /home/zhang/rosprc_ws/install/turtlesim/lib/python3.12/site-packages/turtlesim/srv/_spawn.py
[3.567s] -- Up-to-date: /home/zhang/rosprc_ws/install/turtlesim/lib/python3.12/site-packages/turtlesim/srv/_kill_s.c
[3.568s] -- Up-to-date: /home/zhang/rosprc_ws/install/turtlesim/lib/python3.12/site-packages/turtlesim/srv/_teleport_relative_s.c
[3.568s] -- Up-to-date: /home/zhang/rosprc_ws/install/turtlesim/lib/python3.12/site-packages/turtlesim/srv/__init__.py
[3.568s] -- Up-to-date: /home/zhang/rosprc_ws/install/turtlesim/lib/python3.12/site-packages/turtlesim/srv/_teleport_absolute.py
[3.569s] -- Up-to-date: /home/zhang/rosprc_ws/install/turtlesim/lib/python3.12/site-packages/turtlesim/srv/_spawn_s.c
[3.569s] -- Up-to-date: /home/zhang/rosprc_ws/install/turtlesim/lib/python3.12/site-packages/turtlesim/__init__.py
[3.635s] Listing '/home/zhang/rosprc_ws/install/turtlesim/lib/python3.12/site-packages/turtlesim'...
[3.635s] Listing '/home/zhang/rosprc_ws/install/turtlesim/lib/python3.12/site-packages/turtlesim/action'...
[3.635s] Listing '/home/zhang/rosprc_ws/install/turtlesim/lib/python3.12/site-packages/turtlesim/msg'...
[3.636s] Listing '/home/zhang/rosprc_ws/install/turtlesim/lib/python3.12/site-packages/turtlesim/srv'...
[3.646s] -- Up-to-date: /home/zhang/rosprc_ws/install/turtlesim/lib/python3.12/site-packages/turtlesim/turtlesim_s__rosidl_typesupport_fastrtps_c.so
[3.652s] -- Up-to-date: /home/zhang/rosprc_ws/install/turtlesim/lib/python3.12/site-packages/turtlesim/turtlesim_s__rosidl_typesupport_introspection_c.so
[3.655s] -- Up-to-date: /home/zhang/rosprc_ws/install/turtlesim/lib/python3.12/site-packages/turtlesim/turtlesim_s__rosidl_typesupport_c.so
[3.659s] -- Up-to-date: /home/zhang/rosprc_ws/install/turtlesim/lib/libturtlesim__rosidl_generator_py.so
[3.660s] -- Up-to-date: /home/zhang/rosprc_ws/install/turtlesim/share/ament_index/resource_index/rust_packages/turtlesim
[3.661s] -- Up-to-date: /home/zhang/rosprc_ws/install/turtlesim/share/turtlesim/rust
[3.663s] -- Up-to-date: /home/zhang/rosprc_ws/install/turtlesim/share/turtlesim/rust/Cargo.toml
[3.664s] -- Up-to-date: /home/zhang/rosprc_ws/install/turtlesim/share/turtlesim/rust/src
[3.664s] -- Up-to-date: /home/zhang/rosprc_ws/install/turtlesim/share/turtlesim/rust/src/srv.rs
[3.664s] -- Up-to-date: /home/zhang/rosprc_ws/install/turtlesim/share/turtlesim/rust/src/msg
[3.665s] -- Up-to-date: /home/zhang/rosprc_ws/install/turtlesim/share/turtlesim/rust/src/msg/rmw.rs
[3.666s] -- Up-to-date: /home/zhang/rosprc_ws/install/turtlesim/share/turtlesim/rust/src/action.rs
[3.667s] -- Up-to-date: /home/zhang/rosprc_ws/install/turtlesim/share/turtlesim/rust/src/lib.rs
[3.667s] -- Up-to-date: /home/zhang/rosprc_ws/install/turtlesim/share/turtlesim/rust/src/msg.rs
[3.668s] -- Up-to-date: /home/zhang/rosprc_ws/install/turtlesim/share/turtlesim/rust/src/action
[3.668s] -- Up-to-date: /home/zhang/rosprc_ws/install/turtlesim/share/turtlesim/rust/src/action/rmw.rs
[3.674s] -- Up-to-date: /home/zhang/rosprc_ws/install/turtlesim/share/turtlesim/rust/src/srv
[3.680s] -- Up-to-date: /home/zhang/rosprc_ws/install/turtlesim/share/turtlesim/rust/src/srv/rmw.rs
[3.681s] -- Up-to-date: /home/zhang/rosprc_ws/install/turtlesim/share/turtlesim/rust/build.rs
[3.681s] -- Up-to-date: /home/zhang/rosprc_ws/install/turtlesim/share/turtlesim/action/RotateAbsolute.idl
[3.681s] -- Up-to-date: /home/zhang/rosprc_ws/install/turtlesim/share/turtlesim/msg/Color.idl
[3.681s] -- Up-to-date: /home/zhang/rosprc_ws/install/turtlesim/share/turtlesim/msg/Pose.idl
[3.682s] -- Up-to-date: /home/zhang/rosprc_ws/install/turtlesim/share/turtlesim/srv/Kill.idl
[3.682s] -- Up-to-date: /home/zhang/rosprc_ws/install/turtlesim/share/turtlesim/srv/SetPen.idl
[3.682s] -- Up-to-date: /home/zhang/rosprc_ws/install/turtlesim/share/turtlesim/srv/Spawn.idl
[3.682s] -- Up-to-date: /home/zhang/rosprc_ws/install/turtlesim/share/turtlesim/srv/TeleportAbsolute.idl
[3.683s] -- Up-to-date: /home/zhang/rosprc_ws/install/turtlesim/share/turtlesim/srv/TeleportRelative.idl
[3.683s] -- Up-to-date: /home/zhang/rosprc_ws/install/turtlesim/share/turtlesim/action/RotateAbsolute.action
[3.683s] -- Up-to-date: /home/zhang/rosprc_ws/install/turtlesim/share/turtlesim/msg/Color.msg
[3.683s] -- Up-to-date: /home/zhang/rosprc_ws/install/turtlesim/share/turtlesim/msg/Pose.msg
[3.684s] -- Up-to-date: /home/zhang/rosprc_ws/install/turtlesim/share/turtlesim/srv/Kill.srv
[3.684s] -- Up-to-date: /home/zhang/rosprc_ws/install/turtlesim/share/turtlesim/srv/SetPen.srv
[3.688s] -- Up-to-date: /home/zhang/rosprc_ws/install/turtlesim/share/turtlesim/srv/Spawn.srv
[3.689s] -- Up-to-date: /home/zhang/rosprc_ws/install/turtlesim/share/turtlesim/srv/TeleportAbsolute.srv
[3.689s] -- Up-to-date: /home/zhang/rosprc_ws/install/turtlesim/share/turtlesim/srv/TeleportRelative.srv
[3.690s] -- Up-to-date: /home/zhang/rosprc_ws/install/turtlesim/lib/turtlesim/turtlesim_node
[3.690s] -- Up-to-date: /home/zhang/rosprc_ws/install/turtlesim/lib/turtlesim/turtle_teleop_key
[3.693s] -- Up-to-date: /home/zhang/rosprc_ws/install/turtlesim/lib/turtlesim/draw_square
[3.701s] -- Up-to-date: /home/zhang/rosprc_ws/install/turtlesim/lib/turtlesim/mimic
[3.707s] -- Up-to-date: /home/zhang/rosprc_ws/install/turtlesim/share/turtlesim/images
[3.708s] -- Up-to-date: /home/zhang/rosprc_ws/install/turtlesim/share/turtlesim/images/galactic.png
[3.711s] -- Up-to-date: /home/zhang/rosprc_ws/install/turtlesim/share/turtlesim/images/foxy.png
[3.712s] -- Up-to-date: /home/zhang/rosprc_ws/install/turtlesim/share/turtlesim/images/jazzy.png
[3.712s] -- Up-to-date: /home/zhang/rosprc_ws/install/turtlesim/share/turtlesim/images/dashing.png
[3.713s] -- Up-to-date: /home/zhang/rosprc_ws/install/turtlesim/share/turtlesim/images/crystal.png
[3.714s] -- Up-to-date: /home/zhang/rosprc_ws/install/turtlesim/share/turtlesim/images/eloquent.png
[3.715s] -- Up-to-date: /home/zhang/rosprc_ws/install/turtlesim/share/turtlesim/images/iron.png
[3.716s] -- Up-to-date: /home/zhang/rosprc_ws/install/turtlesim/share/turtlesim/images/ardent.png
[3.716s] -- Up-to-date: /home/zhang/rosprc_ws/install/turtlesim/share/turtlesim/images/rolling.png
[3.716s] -- Up-to-date: /home/zhang/rosprc_ws/install/turtlesim/share/turtlesim/images/bouncy.png
[3.717s] -- Up-to-date: /home/zhang/rosprc_ws/install/turtlesim/share/turtlesim/images/humble.png
[3.717s] -- Up-to-date: /home/zhang/rosprc_ws/install/turtlesim/share/turtlesim/launch
[3.717s] -- Up-to-date: /home/zhang/rosprc_ws/install/turtlesim/share/turtlesim/launch/multisim.launch.py
[3.718s] -- Up-to-date: /home/zhang/rosprc_ws/install/turtlesim/share/ament_index/resource_index/package_run_dependencies/turtlesim
[3.718s] -- Up-to-date: /home/zhang/rosprc_ws/install/turtlesim/share/ament_index/resource_index/parent_prefix_path/turtlesim
[3.719s] -- Up-to-date: /home/zhang/rosprc_ws/install/turtlesim/share/turtlesim/environment/ament_prefix_path.sh
[3.720s] -- Up-to-date: /home/zhang/rosprc_ws/install/turtlesim/share/turtlesim/environment/ament_prefix_path.dsv
[3.721s] -- Up-to-date: /home/zhang/rosprc_ws/install/turtlesim/share/turtlesim/environment/path.sh
[3.724s] -- Up-to-date: /home/zhang/rosprc_ws/install/turtlesim/share/turtlesim/environment/path.dsv
[3.724s] -- Up-to-date: /home/zhang/rosprc_ws/install/turtlesim/share/turtlesim/local_setup.bash
[3.725s] -- Up-to-date: /home/zhang/rosprc_ws/install/turtlesim/share/turtlesim/local_setup.sh
[3.727s] -- Up-to-date: /home/zhang/rosprc_ws/install/turtlesim/share/turtlesim/local_setup.zsh
[3.729s] -- Up-to-date: /home/zhang/rosprc_ws/install/turtlesim/share/turtlesim/local_setup.dsv
[3.730s] -- Installing: /home/zhang/rosprc_ws/install/turtlesim/share/turtlesim/package.dsv
[3.731s] -- Up-to-date: /home/zhang/rosprc_ws/install/turtlesim/share/ament_index/resource_index/packages/turtlesim
[3.732s] -- Up-to-date: /home/zhang/rosprc_ws/install/turtlesim/share/turtlesim/cmake/export_turtlesim__rosidl_generator_cExport.cmake
[3.733s] -- Up-to-date: /home/zhang/rosprc_ws/install/turtlesim/share/turtlesim/cmake/export_turtlesim__rosidl_generator_cExport-noconfig.cmake
[3.733s] -- Up-to-date: /home/zhang/rosprc_ws/install/turtlesim/share/turtlesim/cmake/export_turtlesim__rosidl_typesupport_fastrtps_cExport.cmake
[3.735s] -- Up-to-date: /home/zhang/rosprc_ws/install/turtlesim/share/turtlesim/cmake/export_turtlesim__rosidl_typesupport_fastrtps_cExport-noconfig.cmake
[3.736s] -- Up-to-date: /home/zhang/rosprc_ws/install/turtlesim/share/turtlesim/cmake/export_turtlesim__rosidl_generator_cppExport.cmake
[3.736s] -- Up-to-date: /home/zhang/rosprc_ws/install/turtlesim/share/turtlesim/cmake/export_turtlesim__rosidl_typesupport_fastrtps_cppExport.cmake
[3.740s] -- Up-to-date: /home/zhang/rosprc_ws/install/turtlesim/share/turtlesim/cmake/export_turtlesim__rosidl_typesupport_fastrtps_cppExport-noconfig.cmake
[3.741s] -- Up-to-date: /home/zhang/rosprc_ws/install/turtlesim/share/turtlesim/cmake/turtlesim__rosidl_typesupport_introspection_cExport.cmake
[3.741s] -- Up-to-date: /home/zhang/rosprc_ws/install/turtlesim/share/turtlesim/cmake/turtlesim__rosidl_typesupport_introspection_cExport-noconfig.cmake
[3.744s] -- Up-to-date: /home/zhang/rosprc_ws/install/turtlesim/share/turtlesim/cmake/turtlesim__rosidl_typesupport_cExport.cmake
[3.744s] -- Up-to-date: /home/zhang/rosprc_ws/install/turtlesim/share/turtlesim/cmake/turtlesim__rosidl_typesupport_cExport-noconfig.cmake
[3.745s] -- Up-to-date: /home/zhang/rosprc_ws/install/turtlesim/share/turtlesim/cmake/turtlesim__rosidl_typesupport_introspection_cppExport.cmake
[3.746s] -- Up-to-date: /home/zhang/rosprc_ws/install/turtlesim/share/turtlesim/cmake/turtlesim__rosidl_typesupport_introspection_cppExport-noconfig.cmake
[3.749s] -- Up-to-date: /home/zhang/rosprc_ws/install/turtlesim/share/turtlesim/cmake/turtlesim__rosidl_typesupport_cppExport.cmake
[3.752s] -- Up-to-date: /home/zhang/rosprc_ws/install/turtlesim/share/turtlesim/cmake/turtlesim__rosidl_typesupport_cppExport-noconfig.cmake
[3.754s] -- Up-to-date: /home/zhang/rosprc_ws/install/turtlesim/share/turtlesim/cmake/export_turtlesim__rosidl_generator_pyExport.cmake
[3.754s] -- Up-to-date: /home/zhang/rosprc_ws/install/turtlesim/share/turtlesim/cmake/export_turtlesim__rosidl_generator_pyExport-noconfig.cmake
[3.755s] -- Up-to-date: /home/zhang/rosprc_ws/install/turtlesim/share/turtlesim/cmake/rosidl_cmake-extras.cmake
[3.755s] -- Up-to-date: /home/zhang/rosprc_ws/install/turtlesim/share/turtlesim/cmake/ament_cmake_export_dependencies-extras.cmake
[3.755s] -- Up-to-date: /home/zhang/rosprc_ws/install/turtlesim/share/turtlesim/cmake/ament_cmake_export_include_directories-extras.cmake
[3.756s] -- Up-to-date: /home/zhang/rosprc_ws/install/turtlesim/share/turtlesim/cmake/ament_cmake_export_libraries-extras.cmake
[3.756s] -- Up-to-date: /home/zhang/rosprc_ws/install/turtlesim/share/turtlesim/cmake/ament_cmake_export_targets-extras.cmake
[3.758s] -- Up-to-date: /home/zhang/rosprc_ws/install/turtlesim/share/turtlesim/cmake/rosidl_cmake_export_typesupport_targets-extras.cmake
[3.759s] -- Up-to-date: /home/zhang/rosprc_ws/install/turtlesim/share/turtlesim/cmake/rosidl_cmake_export_typesupport_libraries-extras.cmake
[3.760s] -- Up-to-date: /home/zhang/rosprc_ws/install/turtlesim/share/turtlesim/cmake/rosidl_cmake_aggregate_target-extras.cmake
[3.761s] -- Up-to-date: /home/zhang/rosprc_ws/install/turtlesim/share/turtlesim/cmake/turtlesimConfig.cmake
[3.763s] -- Up-to-date: /home/zhang/rosprc_ws/install/turtlesim/share/turtlesim/cmake/turtlesimConfig-version.cmake
[3.764s] -- Up-to-date: /home/zhang/rosprc_ws/install/turtlesim/share/turtlesim/package.xml
[3.765s] Invoked command in '/home/zhang/rosprc_ws/build/turtlesim' returned '0': CMAKE_PREFIX_PATH=${CMAKE_PREFIX_PATH}:/opt/ros/jazzy /usr/bin/cmake --install /home/zhang/rosprc_ws/build/turtlesim
