[0.254s] Invoking command in '/home/zhang/rosprc_ws/build/cpp_pubsub': CMAKE_PREFIX_PATH=${CMAKE_PREFIX_PATH}:/opt/ros/jazzy /usr/bin/cmake --build /home/zhang/rosprc_ws/build/cpp_pubsub -- -j20 -l20
[3.335s] [ 50%] Built target talker
[3.335s] [100%] Built target listener
[3.357s] Invoked command in '/home/zhang/rosprc_ws/build/cpp_pubsub' returned '0': CMAKE_PREFIX_PATH=${CMAKE_PREFIX_PATH}:/opt/ros/jazzy /usr/bin/cmake --build /home/zhang/rosprc_ws/build/cpp_pubsub -- -j20 -l20
[3.360s] Invoking command in '/home/zhang/rosprc_ws/build/cpp_pubsub': CMAKE_PREFIX_PATH=${CMAKE_PREFIX_PATH}:/opt/ros/jazzy /usr/bin/cmake --install /home/zhang/rosprc_ws/build/cpp_pubsub
[3.571s] -- Install configuration: ""
[3.573s] -- Up-to-date: /home/zhang/rosprc_ws/install/cpp_pubsub/lib/cpp_pubsub/talker
[3.574s] -- Up-to-date: /home/zhang/rosprc_ws/install/cpp_pubsub/lib/cpp_pubsub/listener
[3.575s] -- Up-to-date: /home/zhang/rosprc_ws/install/cpp_pubsub/share/ament_index/resource_index/package_run_dependencies/cpp_pubsub
[3.575s] -- Up-to-date: /home/zhang/rosprc_ws/install/cpp_pubsub/share/ament_index/resource_index/parent_prefix_path/cpp_pubsub
[3.576s] -- Up-to-date: /home/zhang/rosprc_ws/install/cpp_pubsub/share/cpp_pubsub/environment/ament_prefix_path.sh
[3.576s] -- Up-to-date: /home/zhang/rosprc_ws/install/cpp_pubsub/share/cpp_pubsub/environment/ament_prefix_path.dsv
[3.578s] -- Up-to-date: /home/zhang/rosprc_ws/install/cpp_pubsub/share/cpp_pubsub/environment/path.sh
[3.579s] -- Up-to-date: /home/zhang/rosprc_ws/install/cpp_pubsub/share/cpp_pubsub/environment/path.dsv
[3.580s] -- Up-to-date: /home/zhang/rosprc_ws/install/cpp_pubsub/share/cpp_pubsub/local_setup.bash
[3.580s] -- Up-to-date: /home/zhang/rosprc_ws/install/cpp_pubsub/share/cpp_pubsub/local_setup.sh
[3.582s] -- Up-to-date: /home/zhang/rosprc_ws/install/cpp_pubsub/share/cpp_pubsub/local_setup.zsh
[3.582s] -- Up-to-date: /home/zhang/rosprc_ws/install/cpp_pubsub/share/cpp_pubsub/local_setup.dsv
[3.583s] -- Installing: /home/zhang/rosprc_ws/install/cpp_pubsub/share/cpp_pubsub/package.dsv
[3.583s] -- Up-to-date: /home/zhang/rosprc_ws/install/cpp_pubsub/share/ament_index/resource_index/packages/cpp_pubsub
[3.584s] -- Up-to-date: /home/zhang/rosprc_ws/install/cpp_pubsub/share/cpp_pubsub/cmake/cpp_pubsubConfig.cmake
[3.584s] -- Up-to-date: /home/zhang/rosprc_ws/install/cpp_pubsub/share/cpp_pubsub/cmake/cpp_pubsubConfig-version.cmake
[3.584s] -- Up-to-date: /home/zhang/rosprc_ws/install/cpp_pubsub/share/cpp_pubsub/package.xml
[3.726s] Invoked command in '/home/zhang/rosprc_ws/build/cpp_pubsub' returned '0': CMAKE_PREFIX_PATH=${CMAKE_PREFIX_PATH}:/opt/ros/jazzy /usr/bin/cmake --install /home/zhang/rosprc_ws/build/cpp_pubsub
