[0.025s] Invoking command in '/home/zhang/rosprc_ws/src/build/more_interfaces': CMAKE_PREFIX_PATH=${CMAKE_PREFIX_PATH}:/home/zhang/rosprc_ws/install/py_srvcli:/home/zhang/rosprc_ws/install/py_pubsub:/home/zhang/rosprc_ws/install/launch_testing_examples:/home/zhang/rosprc_ws/install/examples_rclpy_pointcloud_publisher:/home/zhang/rosprc_ws/install/examples_rclpy_minimal_subscriber:/home/zhang/rosprc_ws/install/examples_rclpy_minimal_service:/home/zhang/rosprc_ws/install/examples_rclpy_minimal_publisher:/home/zhang/rosprc_ws/install/examples_rclpy_minimal_client:/home/zhang/rosprc_ws/install/examples_rclpy_minimal_action_server:/home/zhang/rosprc_ws/install/examples_rclpy_minimal_action_client:/home/zhang/rosprc_ws/install/examples_rclpy_guard_conditions:/home/zhang/rosprc_ws/install/examples_rclpy_executors:/opt/ros/jazzy /usr/bin/cmake /home/zhang/rosprc_ws/src/more_interfaces -DCMAKE_INSTALL_PREFIX=/home/zhang/rosprc_ws/src/install/more_interfaces
[0.496s] -- The C compiler identification is GNU 13.3.0
[1.644s] -- The CXX compiler identification is GNU 13.3.0
[2.612s] -- Detecting C compiler ABI info
[2.962s] -- Detecting C compiler ABI info - done
[2.970s] -- Check for working C compiler: /usr/bin/cc - skipped
[2.971s] -- Detecting C compile features
[2.972s] -- Detecting C compile features - done
[3.020s] -- Detecting CXX compiler ABI info
[3.386s] -- Detecting CXX compiler ABI info - done
[3.395s] -- Check for working CXX compiler: /usr/bin/c++ - skipped
[3.396s] -- Detecting CXX compile features
[3.396s] -- Detecting CXX compile features - done
[3.438s] -- Found ament_cmake: 2.5.6 (/opt/ros/jazzy/share/ament_cmake/cmake)
[3.710s] -- Found Python3: /usr/bin/python3 (found version "3.12.3") found components: Interpreter 
[3.916s] -- Found rosidl_default_generators: 1.6.1 (/opt/ros/jazzy/share/rosidl_default_generators/cmake)
[3.935s] -- Using all available rosidl_typesupport_c: rosidl_typesupport_fastrtps_c;rosidl_typesupport_introspection_c
[4.474s] -- Using all available rosidl_typesupport_cpp: rosidl_typesupport_fastrtps_cpp;rosidl_typesupport_introspection_cpp
[4.568s] -- Found rosidl_adapter: 4.6.9 (/opt/ros/jazzy/share/rosidl_adapter/cmake)
[4.572s] [31mCMake Error at /opt/ros/jazzy/share/rosidl_cmake/cmake/rosidl_generate_interfaces.cmake:59 (message):
[4.573s]   rosidl_generate_interfaces() called without any interface files
[4.573s] Call Stack (most recent call first):
[4.573s]   CMakeLists.txt:14 (rosidl_generate_interfaces)
[4.573s] 
[4.573s] [0m
[4.573s] -- Configuring incomplete, errors occurred!
[4.579s] Invoked command in '/home/zhang/rosprc_ws/src/build/more_interfaces' returned '1': CMAKE_PREFIX_PATH=${CMAKE_PREFIX_PATH}:/home/zhang/rosprc_ws/install/py_srvcli:/home/zhang/rosprc_ws/install/py_pubsub:/home/zhang/rosprc_ws/install/launch_testing_examples:/home/zhang/rosprc_ws/install/examples_rclpy_pointcloud_publisher:/home/zhang/rosprc_ws/install/examples_rclpy_minimal_subscriber:/home/zhang/rosprc_ws/install/examples_rclpy_minimal_service:/home/zhang/rosprc_ws/install/examples_rclpy_minimal_publisher:/home/zhang/rosprc_ws/install/examples_rclpy_minimal_client:/home/zhang/rosprc_ws/install/examples_rclpy_minimal_action_server:/home/zhang/rosprc_ws/install/examples_rclpy_minimal_action_client:/home/zhang/rosprc_ws/install/examples_rclpy_guard_conditions:/home/zhang/rosprc_ws/install/examples_rclpy_executors:/opt/ros/jazzy /usr/bin/cmake /home/zhang/rosprc_ws/src/more_interfaces -DCMAKE_INSTALL_PREFIX=/home/zhang/rosprc_ws/src/install/more_interfaces
