[0.032s] Invoking command in '/home/zhang/rosprc_ws/build/cpp_pubsub': CMAKE_PREFIX_PATH=${CMAKE_PREFIX_PATH}:/home/zhang/rosprc_ws/install/launch_testing_examples:/home/zhang/rosprc_ws/install/examples_rclpy_pointcloud_publisher:/home/zhang/rosprc_ws/install/examples_rclpy_minimal_subscriber:/home/zhang/rosprc_ws/install/examples_rclpy_minimal_service:/home/zhang/rosprc_ws/install/examples_rclpy_minimal_publisher:/home/zhang/rosprc_ws/install/examples_rclpy_minimal_client:/home/zhang/rosprc_ws/install/examples_rclpy_minimal_action_server:/home/zhang/rosprc_ws/install/examples_rclpy_minimal_action_client:/home/zhang/rosprc_ws/install/examples_rclpy_guard_conditions:/home/zhang/rosprc_ws/install/examples_rclpy_executors:/opt/ros/jazzy /usr/bin/cmake /home/zhang/rosprc_ws/src/cpp_pubsub -DCMAKE_INSTALL_PREFIX=/home/zhang/rosprc_ws/install/cpp_pubsub
[0.391s] -- The C compiler identification is GNU 13.3.0
[0.965s] -- The CXX compiler identification is GNU 13.3.0
[1.394s] -- Detecting C compiler ABI info
[1.678s] -- Detecting C compiler ABI info - done
[1.692s] -- Check for working C compiler: /usr/bin/cc - skipped
[1.693s] -- Detecting C compile features
[1.695s] -- Detecting C compile features - done
[1.775s] -- Detecting CXX compiler ABI info
[2.085s] -- Detecting CXX compiler ABI info - done
[2.101s] -- Check for working CXX compiler: /usr/bin/c++ - skipped
[2.102s] -- Detecting CXX compile features
[2.102s] -- Detecting CXX compile features - done
[2.155s] -- Found ament_cmake: 2.5.6 (/opt/ros/jazzy/share/ament_cmake/cmake)
[2.400s] -- Found Python3: /usr/bin/python3 (found version "3.12.3") found components: Interpreter 
[2.708s] -- Found rclcpp: 28.1.21 (/opt/ros/jazzy/share/rclcpp/cmake)
[3.248s] -- Found rosidl_generator_c: 4.6.9 (/opt/ros/jazzy/share/rosidl_generator_c/cmake)
[3.293s] -- Found rosidl_generator_cpp: 4.6.9 (/opt/ros/jazzy/share/rosidl_generator_cpp/cmake)
[3.351s] -- Using all available rosidl_typesupport_c: rosidl_typesupport_fastrtps_c;rosidl_typesupport_introspection_c
[3.405s] -- Using all available rosidl_typesupport_cpp: rosidl_typesupport_fastrtps_cpp;rosidl_typesupport_introspection_cpp
[3.634s] -- Found rmw_implementation_cmake: 7.3.3 (/opt/ros/jazzy/share/rmw_implementation_cmake/cmake)
[3.647s] -- Found rmw_fastrtps_cpp: 8.4.4 (/opt/ros/jazzy/share/rmw_fastrtps_cpp/cmake)
[3.897s] -- Found OpenSSL: /usr/lib/x86_64-linux-gnu/libcrypto.so (found version "3.0.13")  
[4.153s] -- Found FastRTPS: /opt/ros/jazzy/include (Required is at least version "2.13") 
[4.353s] -- Using RMW implementation 'rmw_fastrtps_cpp' as default
[4.741s] -- Found std_msgs: 5.3.8 (/opt/ros/jazzy/share/std_msgs/cmake)
[4.798s] -- Found ament_lint_auto: 0.17.5 (/opt/ros/jazzy/share/ament_lint_auto/cmake)
[5.017s] -- Added test 'cppcheck' to perform static code analysis on C / C++ code
[5.017s] -- Configured cppcheck include dirs: 
[5.017s] -- Configured cppcheck exclude dirs and/or files: 
[5.020s] -- Added test 'lint_cmake' to check CMake code style
[5.024s] -- Added test 'uncrustify' to check C / C++ code style
[5.025s] -- Configured uncrustify additional arguments: 
[5.027s] -- Added test 'xmllint' to check XML markup files
[5.034s] -- Configuring done (4.9s)
[5.060s] -- Generating done (0.0s)
[5.069s] -- Build files have been written to: /home/zhang/rosprc_ws/build/cpp_pubsub
[5.085s] Invoked command in '/home/zhang/rosprc_ws/build/cpp_pubsub' returned '0': CMAKE_PREFIX_PATH=${CMAKE_PREFIX_PATH}:/home/zhang/rosprc_ws/install/launch_testing_examples:/home/zhang/rosprc_ws/install/examples_rclpy_pointcloud_publisher:/home/zhang/rosprc_ws/install/examples_rclpy_minimal_subscriber:/home/zhang/rosprc_ws/install/examples_rclpy_minimal_service:/home/zhang/rosprc_ws/install/examples_rclpy_minimal_publisher:/home/zhang/rosprc_ws/install/examples_rclpy_minimal_client:/home/zhang/rosprc_ws/install/examples_rclpy_minimal_action_server:/home/zhang/rosprc_ws/install/examples_rclpy_minimal_action_client:/home/zhang/rosprc_ws/install/examples_rclpy_guard_conditions:/home/zhang/rosprc_ws/install/examples_rclpy_executors:/opt/ros/jazzy /usr/bin/cmake /home/zhang/rosprc_ws/src/cpp_pubsub -DCMAKE_INSTALL_PREFIX=/home/zhang/rosprc_ws/install/cpp_pubsub
[5.087s] Invoking command in '/home/zhang/rosprc_ws/build/cpp_pubsub': CMAKE_PREFIX_PATH=${CMAKE_PREFIX_PATH}:/home/zhang/rosprc_ws/install/launch_testing_examples:/home/zhang/rosprc_ws/install/examples_rclpy_pointcloud_publisher:/home/zhang/rosprc_ws/install/examples_rclpy_minimal_subscriber:/home/zhang/rosprc_ws/install/examples_rclpy_minimal_service:/home/zhang/rosprc_ws/install/examples_rclpy_minimal_publisher:/home/zhang/rosprc_ws/install/examples_rclpy_minimal_client:/home/zhang/rosprc_ws/install/examples_rclpy_minimal_action_server:/home/zhang/rosprc_ws/install/examples_rclpy_minimal_action_client:/home/zhang/rosprc_ws/install/examples_rclpy_guard_conditions:/home/zhang/rosprc_ws/install/examples_rclpy_executors:/opt/ros/jazzy /usr/bin/cmake --build /home/zhang/rosprc_ws/build/cpp_pubsub -- -j20 -l20
[5.155s] [ 25%] [32mBuilding CXX object CMakeFiles/talker.dir/src/publisher_lambda_function.cpp.o[0m
[5.164s] [ 50%] [32mBuilding CXX object CMakeFiles/listener.dir/src/subscriber_lambda_function.cpp.o[0m
[12.893s] [ 75%] [32m[1mLinking CXX executable talker[0m
[13.318s] [ 75%] Built target talker
[17.207s] [100%] [32m[1mLinking CXX executable listener[0m
[17.800s] [100%] Built target listener
[17.815s] Invoked command in '/home/zhang/rosprc_ws/build/cpp_pubsub' returned '0': CMAKE_PREFIX_PATH=${CMAKE_PREFIX_PATH}:/home/zhang/rosprc_ws/install/launch_testing_examples:/home/zhang/rosprc_ws/install/examples_rclpy_pointcloud_publisher:/home/zhang/rosprc_ws/install/examples_rclpy_minimal_subscriber:/home/zhang/rosprc_ws/install/examples_rclpy_minimal_service:/home/zhang/rosprc_ws/install/examples_rclpy_minimal_publisher:/home/zhang/rosprc_ws/install/examples_rclpy_minimal_client:/home/zhang/rosprc_ws/install/examples_rclpy_minimal_action_server:/home/zhang/rosprc_ws/install/examples_rclpy_minimal_action_client:/home/zhang/rosprc_ws/install/examples_rclpy_guard_conditions:/home/zhang/rosprc_ws/install/examples_rclpy_executors:/opt/ros/jazzy /usr/bin/cmake --build /home/zhang/rosprc_ws/build/cpp_pubsub -- -j20 -l20
[17.828s] Invoking command in '/home/zhang/rosprc_ws/build/cpp_pubsub': CMAKE_PREFIX_PATH=${CMAKE_PREFIX_PATH}:/home/zhang/rosprc_ws/install/launch_testing_examples:/home/zhang/rosprc_ws/install/examples_rclpy_pointcloud_publisher:/home/zhang/rosprc_ws/install/examples_rclpy_minimal_subscriber:/home/zhang/rosprc_ws/install/examples_rclpy_minimal_service:/home/zhang/rosprc_ws/install/examples_rclpy_minimal_publisher:/home/zhang/rosprc_ws/install/examples_rclpy_minimal_client:/home/zhang/rosprc_ws/install/examples_rclpy_minimal_action_server:/home/zhang/rosprc_ws/install/examples_rclpy_minimal_action_client:/home/zhang/rosprc_ws/install/examples_rclpy_guard_conditions:/home/zhang/rosprc_ws/install/examples_rclpy_executors:/opt/ros/jazzy /usr/bin/cmake --install /home/zhang/rosprc_ws/build/cpp_pubsub
[17.840s] -- Install configuration: ""
[17.840s] -- Installing: /home/zhang/rosprc_ws/install/cpp_pubsub/lib/cpp_pubsub/talker
[17.842s] -- Set non-toolchain portion of runtime path of "/home/zhang/rosprc_ws/install/cpp_pubsub/lib/cpp_pubsub/talker" to ""
[17.842s] -- Installing: /home/zhang/rosprc_ws/install/cpp_pubsub/lib/cpp_pubsub/listener
[17.850s] -- Set non-toolchain portion of runtime path of "/home/zhang/rosprc_ws/install/cpp_pubsub/lib/cpp_pubsub/listener" to ""
[17.850s] -- Up-to-date: /home/zhang/rosprc_ws/install/cpp_pubsub/lib/cpp_pubsub/talker
[17.851s] -- Installing: /home/zhang/rosprc_ws/install/cpp_pubsub/share/ament_index/resource_index/package_run_dependencies/cpp_pubsub
[17.852s] -- Installing: /home/zhang/rosprc_ws/install/cpp_pubsub/share/ament_index/resource_index/parent_prefix_path/cpp_pubsub
[17.854s] -- Installing: /home/zhang/rosprc_ws/install/cpp_pubsub/share/cpp_pubsub/environment/ament_prefix_path.sh
[17.854s] -- Installing: /home/zhang/rosprc_ws/install/cpp_pubsub/share/cpp_pubsub/environment/ament_prefix_path.dsv
[17.854s] -- Installing: /home/zhang/rosprc_ws/install/cpp_pubsub/share/cpp_pubsub/environment/path.sh
[17.855s] -- Installing: /home/zhang/rosprc_ws/install/cpp_pubsub/share/cpp_pubsub/environment/path.dsv
[17.855s] -- Installing: /home/zhang/rosprc_ws/install/cpp_pubsub/share/cpp_pubsub/local_setup.bash
[17.855s] -- Installing: /home/zhang/rosprc_ws/install/cpp_pubsub/share/cpp_pubsub/local_setup.sh
[17.855s] -- Installing: /home/zhang/rosprc_ws/install/cpp_pubsub/share/cpp_pubsub/local_setup.zsh
[17.856s] -- Installing: /home/zhang/rosprc_ws/install/cpp_pubsub/share/cpp_pubsub/local_setup.dsv
[17.856s] -- Installing: /home/zhang/rosprc_ws/install/cpp_pubsub/share/cpp_pubsub/package.dsv
[17.857s] -- Installing: /home/zhang/rosprc_ws/install/cpp_pubsub/share/ament_index/resource_index/packages/cpp_pubsub
[17.858s] -- Installing: /home/zhang/rosprc_ws/install/cpp_pubsub/share/cpp_pubsub/cmake/cpp_pubsubConfig.cmake
[17.859s] -- Installing: /home/zhang/rosprc_ws/install/cpp_pubsub/share/cpp_pubsub/cmake/cpp_pubsubConfig-version.cmake
[17.859s] -- Installing: /home/zhang/rosprc_ws/install/cpp_pubsub/share/cpp_pubsub/package.xml
[17.862s] Invoked command in '/home/zhang/rosprc_ws/build/cpp_pubsub' returned '0': CMAKE_PREFIX_PATH=${CMAKE_PREFIX_PATH}:/home/zhang/rosprc_ws/install/launch_testing_examples:/home/zhang/rosprc_ws/install/examples_rclpy_pointcloud_publisher:/home/zhang/rosprc_ws/install/examples_rclpy_minimal_subscriber:/home/zhang/rosprc_ws/install/examples_rclpy_minimal_service:/home/zhang/rosprc_ws/install/examples_rclpy_minimal_publisher:/home/zhang/rosprc_ws/install/examples_rclpy_minimal_client:/home/zhang/rosprc_ws/install/examples_rclpy_minimal_action_server:/home/zhang/rosprc_ws/install/examples_rclpy_minimal_action_client:/home/zhang/rosprc_ws/install/examples_rclpy_guard_conditions:/home/zhang/rosprc_ws/install/examples_rclpy_executors:/opt/ros/jazzy /usr/bin/cmake --install /home/zhang/rosprc_ws/build/cpp_pubsub
