[3.770s] Invoking command in '/home/zhang/rosprc_ws/build/examples_rclpy_minimal_action_server': PYTHONPATH=/home/zhang/rosprc_ws/build/examples_rclpy_minimal_action_server/prefix_override:/usr/lib/python3/dist-packages/colcon_core/task/python/colcon_distutils_commands:/home/zhang/rosprc_ws/install/examples_rclpy_minimal_action_server/lib/python3.12/site-packages:${PYTHONPATH} /usr/bin/python3 -W ignore:setup.py install is deprecated -W ignore:easy_install command is deprecated setup.py develop --uninstall --editable --build-directory /home/zhang/rosprc_ws/build/examples_rclpy_minimal_action_server/build
[4.576s] running develop
[4.680s] Removing /home/zhang/rosprc_ws/install/examples_rclpy_minimal_action_server/lib/python3.12/site-packages/examples-rclpy-minimal-action-server.egg-link (link to .)
[4.786s] Invoked command in '/home/zhang/rosprc_ws/build/examples_rclpy_minimal_action_server' returned '0': PYTHONPATH=/home/zhang/rosprc_ws/build/examples_rclpy_minimal_action_server/prefix_override:/usr/lib/python3/dist-packages/colcon_core/task/python/colcon_distutils_commands:/home/zhang/rosprc_ws/install/examples_rclpy_minimal_action_server/lib/python3.12/site-packages:${PYTHONPATH} /usr/bin/python3 -W ignore:setup.py install is deprecated -W ignore:easy_install command is deprecated setup.py develop --uninstall --editable --build-directory /home/zhang/rosprc_ws/build/examples_rclpy_minimal_action_server/build
[4.791s] Invoking command in '/home/zhang/rosprc_ws/src/examples/rclpy/actions/minimal_action_server': PYTHONPATH=/home/zhang/rosprc_ws/build/examples_rclpy_minimal_action_server/prefix_override:/usr/lib/python3/dist-packages/colcon_core/task/python/colcon_distutils_commands:/home/zhang/rosprc_ws/install/examples_rclpy_minimal_action_server/lib/python3.12/site-packages:${PYTHONPATH} /usr/bin/python3 -W ignore:setup.py install is deprecated -W ignore:easy_install command is deprecated setup.py egg_info --egg-base ../../../../../build/examples_rclpy_minimal_action_server build --build-base /home/zhang/rosprc_ws/build/examples_rclpy_minimal_action_server/build install --record /home/zhang/rosprc_ws/build/examples_rclpy_minimal_action_server/install.log --install-scripts $base/lib/examples_rclpy_minimal_action_server --single-version-externally-managed install_data --force
[5.311s] running egg_info
[5.341s] writing ../../../../../build/examples_rclpy_minimal_action_server/examples_rclpy_minimal_action_server.egg-info/PKG-INFO
[5.341s] writing dependency_links to ../../../../../build/examples_rclpy_minimal_action_server/examples_rclpy_minimal_action_server.egg-info/dependency_links.txt
[5.342s] writing entry points to ../../../../../build/examples_rclpy_minimal_action_server/examples_rclpy_minimal_action_server.egg-info/entry_points.txt
[5.342s] writing requirements to ../../../../../build/examples_rclpy_minimal_action_server/examples_rclpy_minimal_action_server.egg-info/requires.txt
[5.343s] writing top-level names to ../../../../../build/examples_rclpy_minimal_action_server/examples_rclpy_minimal_action_server.egg-info/top_level.txt
[5.403s] reading manifest file '../../../../../build/examples_rclpy_minimal_action_server/examples_rclpy_minimal_action_server.egg-info/SOURCES.txt'
[5.404s] writing manifest file '../../../../../build/examples_rclpy_minimal_action_server/examples_rclpy_minimal_action_server.egg-info/SOURCES.txt'
[5.405s] running build
[5.405s] running build_py
[5.405s] creating /home/zhang/rosprc_ws/build/examples_rclpy_minimal_action_server/build
[5.406s] creating /home/zhang/rosprc_ws/build/examples_rclpy_minimal_action_server/build/lib
[5.406s] creating /home/zhang/rosprc_ws/build/examples_rclpy_minimal_action_server/build/lib/examples_rclpy_minimal_action_server
[5.407s] copying examples_rclpy_minimal_action_server/server_queue_goals.py -> /home/zhang/rosprc_ws/build/examples_rclpy_minimal_action_server/build/lib/examples_rclpy_minimal_action_server
[5.407s] copying examples_rclpy_minimal_action_server/server.py -> /home/zhang/rosprc_ws/build/examples_rclpy_minimal_action_server/build/lib/examples_rclpy_minimal_action_server
[5.410s] copying examples_rclpy_minimal_action_server/server_defer.py -> /home/zhang/rosprc_ws/build/examples_rclpy_minimal_action_server/build/lib/examples_rclpy_minimal_action_server
[5.411s] copying examples_rclpy_minimal_action_server/__init__.py -> /home/zhang/rosprc_ws/build/examples_rclpy_minimal_action_server/build/lib/examples_rclpy_minimal_action_server
[5.411s] copying examples_rclpy_minimal_action_server/server_not_composable.py -> /home/zhang/rosprc_ws/build/examples_rclpy_minimal_action_server/build/lib/examples_rclpy_minimal_action_server
[5.412s] copying examples_rclpy_minimal_action_server/server_single_goal.py -> /home/zhang/rosprc_ws/build/examples_rclpy_minimal_action_server/build/lib/examples_rclpy_minimal_action_server
[5.413s] running install
[5.424s] running install_lib
[5.450s] creating /home/zhang/rosprc_ws/install/examples_rclpy_minimal_action_server/lib/python3.12/site-packages/examples_rclpy_minimal_action_server
[5.450s] copying /home/zhang/rosprc_ws/build/examples_rclpy_minimal_action_server/build/lib/examples_rclpy_minimal_action_server/server_queue_goals.py -> /home/zhang/rosprc_ws/install/examples_rclpy_minimal_action_server/lib/python3.12/site-packages/examples_rclpy_minimal_action_server
[5.451s] copying /home/zhang/rosprc_ws/build/examples_rclpy_minimal_action_server/build/lib/examples_rclpy_minimal_action_server/server.py -> /home/zhang/rosprc_ws/install/examples_rclpy_minimal_action_server/lib/python3.12/site-packages/examples_rclpy_minimal_action_server
[5.451s] copying /home/zhang/rosprc_ws/build/examples_rclpy_minimal_action_server/build/lib/examples_rclpy_minimal_action_server/server_defer.py -> /home/zhang/rosprc_ws/install/examples_rclpy_minimal_action_server/lib/python3.12/site-packages/examples_rclpy_minimal_action_server
[5.452s] copying /home/zhang/rosprc_ws/build/examples_rclpy_minimal_action_server/build/lib/examples_rclpy_minimal_action_server/__init__.py -> /home/zhang/rosprc_ws/install/examples_rclpy_minimal_action_server/lib/python3.12/site-packages/examples_rclpy_minimal_action_server
[5.452s] copying /home/zhang/rosprc_ws/build/examples_rclpy_minimal_action_server/build/lib/examples_rclpy_minimal_action_server/server_not_composable.py -> /home/zhang/rosprc_ws/install/examples_rclpy_minimal_action_server/lib/python3.12/site-packages/examples_rclpy_minimal_action_server
[5.452s] copying /home/zhang/rosprc_ws/build/examples_rclpy_minimal_action_server/build/lib/examples_rclpy_minimal_action_server/server_single_goal.py -> /home/zhang/rosprc_ws/install/examples_rclpy_minimal_action_server/lib/python3.12/site-packages/examples_rclpy_minimal_action_server
[5.452s] byte-compiling /home/zhang/rosprc_ws/install/examples_rclpy_minimal_action_server/lib/python3.12/site-packages/examples_rclpy_minimal_action_server/server_queue_goals.py to server_queue_goals.cpython-312.pyc
[5.454s] byte-compiling /home/zhang/rosprc_ws/install/examples_rclpy_minimal_action_server/lib/python3.12/site-packages/examples_rclpy_minimal_action_server/server.py to server.cpython-312.pyc
[5.456s] byte-compiling /home/zhang/rosprc_ws/install/examples_rclpy_minimal_action_server/lib/python3.12/site-packages/examples_rclpy_minimal_action_server/server_defer.py to server_defer.cpython-312.pyc
[5.457s] byte-compiling /home/zhang/rosprc_ws/install/examples_rclpy_minimal_action_server/lib/python3.12/site-packages/examples_rclpy_minimal_action_server/__init__.py to __init__.cpython-312.pyc
[5.457s] byte-compiling /home/zhang/rosprc_ws/install/examples_rclpy_minimal_action_server/lib/python3.12/site-packages/examples_rclpy_minimal_action_server/server_not_composable.py to server_not_composable.cpython-312.pyc
[5.458s] byte-compiling /home/zhang/rosprc_ws/install/examples_rclpy_minimal_action_server/lib/python3.12/site-packages/examples_rclpy_minimal_action_server/server_single_goal.py to server_single_goal.cpython-312.pyc
[5.461s] running install_data
[5.461s] copying resource/examples_rclpy_minimal_action_server -> /home/zhang/rosprc_ws/install/examples_rclpy_minimal_action_server/share/ament_index/resource_index/packages
[5.462s] copying package.xml -> /home/zhang/rosprc_ws/install/examples_rclpy_minimal_action_server/share/examples_rclpy_minimal_action_server
[5.463s] running install_egg_info
[5.489s] Copying ../../../../../build/examples_rclpy_minimal_action_server/examples_rclpy_minimal_action_server.egg-info to /home/zhang/rosprc_ws/install/examples_rclpy_minimal_action_server/lib/python3.12/site-packages/examples_rclpy_minimal_action_server-0.19.7-py3.12.egg-info
[5.492s] running install_scripts
[5.651s] Installing server script to /home/zhang/rosprc_ws/install/examples_rclpy_minimal_action_server/lib/examples_rclpy_minimal_action_server
[5.652s] Installing server_defer script to /home/zhang/rosprc_ws/install/examples_rclpy_minimal_action_server/lib/examples_rclpy_minimal_action_server
[5.652s] Installing server_not_composable script to /home/zhang/rosprc_ws/install/examples_rclpy_minimal_action_server/lib/examples_rclpy_minimal_action_server
[5.652s] Installing server_queue_goals script to /home/zhang/rosprc_ws/install/examples_rclpy_minimal_action_server/lib/examples_rclpy_minimal_action_server
[5.652s] Installing server_single_goal script to /home/zhang/rosprc_ws/install/examples_rclpy_minimal_action_server/lib/examples_rclpy_minimal_action_server
[5.653s] writing list of installed files to '/home/zhang/rosprc_ws/build/examples_rclpy_minimal_action_server/install.log'
[5.937s] Invoked command in '/home/zhang/rosprc_ws/src/examples/rclpy/actions/minimal_action_server' returned '0': PYTHONPATH=/home/zhang/rosprc_ws/build/examples_rclpy_minimal_action_server/prefix_override:/usr/lib/python3/dist-packages/colcon_core/task/python/colcon_distutils_commands:/home/zhang/rosprc_ws/install/examples_rclpy_minimal_action_server/lib/python3.12/site-packages:${PYTHONPATH} /usr/bin/python3 -W ignore:setup.py install is deprecated -W ignore:easy_install command is deprecated setup.py egg_info --egg-base ../../../../../build/examples_rclpy_minimal_action_server build --build-base /home/zhang/rosprc_ws/build/examples_rclpy_minimal_action_server/build install --record /home/zhang/rosprc_ws/build/examples_rclpy_minimal_action_server/install.log --install-scripts $base/lib/examples_rclpy_minimal_action_server --single-version-externally-managed install_data --force
