[1.479s] Invoking command in '/home/zhang/rosprc_ws/build/my_package': CMAKE_PREFIX_PATH=${CMAKE_PREFIX_PATH}:/opt/ros/jazzy /usr/bin/cmake --build /home/zhang/rosprc_ws/build/my_package -- -j20 -l20
[2.363s] [100%] Built target my_node
[2.387s] Invoked command in '/home/zhang/rosprc_ws/build/my_package' returned '0': CMAKE_PREFIX_PATH=${CMAKE_PREFIX_PATH}:/opt/ros/jazzy /usr/bin/cmake --build /home/zhang/rosprc_ws/build/my_package -- -j20 -l20
[2.387s] Invoking command in '/home/zhang/rosprc_ws/build/my_package': CMAKE_PREFIX_PATH=${CMAKE_PREFIX_PATH}:/opt/ros/jazzy /usr/bin/cmake --install /home/zhang/rosprc_ws/build/my_package
[2.466s] -- Install configuration: ""
[2.470s] -- Up-to-date: /home/zhang/rosprc_ws/install/my_package/lib/my_package/my_node
[2.470s] -- Up-to-date: /home/zhang/rosprc_ws/install/my_package/share/ament_index/resource_index/package_run_dependencies/my_package
[2.471s] -- Up-to-date: /home/zhang/rosprc_ws/install/my_package/share/ament_index/resource_index/parent_prefix_path/my_package
[2.471s] -- Up-to-date: /home/zhang/rosprc_ws/install/my_package/share/my_package/environment/ament_prefix_path.sh
[2.471s] -- Up-to-date: /home/zhang/rosprc_ws/install/my_package/share/my_package/environment/ament_prefix_path.dsv
[2.471s] -- Up-to-date: /home/zhang/rosprc_ws/install/my_package/share/my_package/environment/path.sh
[2.471s] -- Up-to-date: /home/zhang/rosprc_ws/install/my_package/share/my_package/environment/path.dsv
[2.473s] -- Up-to-date: /home/zhang/rosprc_ws/install/my_package/share/my_package/local_setup.bash
[2.474s] -- Up-to-date: /home/zhang/rosprc_ws/install/my_package/share/my_package/local_setup.sh
[2.480s] -- Up-to-date: /home/zhang/rosprc_ws/install/my_package/share/my_package/local_setup.zsh
[2.480s] -- Up-to-date: /home/zhang/rosprc_ws/install/my_package/share/my_package/local_setup.dsv
[2.480s] -- Installing: /home/zhang/rosprc_ws/install/my_package/share/my_package/package.dsv
[2.481s] -- Up-to-date: /home/zhang/rosprc_ws/install/my_package/share/ament_index/resource_index/packages/my_package
[2.481s] -- Up-to-date: /home/zhang/rosprc_ws/install/my_package/share/my_package/cmake/my_packageConfig.cmake
[2.483s] -- Up-to-date: /home/zhang/rosprc_ws/install/my_package/share/my_package/cmake/my_packageConfig-version.cmake
[2.483s] -- Up-to-date: /home/zhang/rosprc_ws/install/my_package/share/my_package/package.xml
[2.483s] Invoked command in '/home/zhang/rosprc_ws/build/my_package' returned '0': CMAKE_PREFIX_PATH=${CMAKE_PREFIX_PATH}:/opt/ros/jazzy /usr/bin/cmake --install /home/zhang/rosprc_ws/build/my_package
