[0.335s] Invoking command in '/home/zhang/rosprc_ws/build/tutorial_interfaces': CMAKE_PREFIX_PATH=${CMAKE_PREFIX_PATH}:/opt/ros/jazzy /usr/bin/cmake --build /home/zhang/rosprc_ws/build/tutorial_interfaces -- -j20 -l20
[3.089s] [  1%] Built target tutorial_interfaces__rs
[3.090s] [  1%] Built target ament_cmake_python_copy_tutorial_interfaces
[3.092s] [  3%] Built target tutorial_interfaces__rosidl_generator_type_description
[3.093s] [  5%] Built target tutorial_interfaces__cpp
[3.094s] [ 25%] Built target tutorial_interfaces__rosidl_generator_c
[3.096s] [ 34%] Built target tutorial_interfaces__rosidl_typesupport_c
[3.099s] [ 43%] Built target tutorial_interfaces__rosidl_typesupport_fastrtps_cpp
[3.101s] [ 61%] Built target tutorial_interfaces__rosidl_typesupport_introspection_c
[3.102s] [ 61%] Built target tutorial_interfaces__rosidl_typesupport_cpp
[3.105s] [ 70%] Built target tutorial_interfaces__rosidl_typesupport_fastrtps_c
[3.109s] [ 80%] Built target tutorial_interfaces__rosidl_typesupport_introspection_cpp
[3.109s] [ 80%] Built target tutorial_interfaces
[3.111s] [ 81%] Built target tutorial_interfaces__py
[3.113s] [ 89%] Built target tutorial_interfaces__rosidl_generator_py
[3.116s] [ 92%] Built target tutorial_interfaces_s__rosidl_typesupport_introspection_c
[3.118s] [ 96%] Built target tutorial_interfaces_s__rosidl_typesupport_fastrtps_c
[3.122s] [100%] Built target tutorial_interfaces_s__rosidl_typesupport_c
[3.124s] running egg_info
[3.124s] writing tutorial_interfaces.egg-info/PKG-INFO
[3.125s] writing dependency_links to tutorial_interfaces.egg-info/dependency_links.txt
[3.126s] writing top-level names to tutorial_interfaces.egg-info/top_level.txt
[3.127s] reading manifest file 'tutorial_interfaces.egg-info/SOURCES.txt'
[3.128s] writing manifest file 'tutorial_interfaces.egg-info/SOURCES.txt'
[3.128s] [100%] Built target ament_cmake_python_build_tutorial_interfaces_egg
[3.136s] Invoked command in '/home/zhang/rosprc_ws/build/tutorial_interfaces' returned '0': CMAKE_PREFIX_PATH=${CMAKE_PREFIX_PATH}:/opt/ros/jazzy /usr/bin/cmake --build /home/zhang/rosprc_ws/build/tutorial_interfaces -- -j20 -l20
[3.148s] Invoking command in '/home/zhang/rosprc_ws/build/tutorial_interfaces': CMAKE_PREFIX_PATH=${CMAKE_PREFIX_PATH}:/opt/ros/jazzy /usr/bin/cmake --install /home/zhang/rosprc_ws/build/tutorial_interfaces
[3.248s] -- Install configuration: ""
[3.248s] -- Up-to-date: /home/zhang/rosprc_ws/install/tutorial_interfaces/share/ament_index/resource_index/rosidl_interfaces/tutorial_interfaces
[3.249s] -- Up-to-date: /home/zhang/rosprc_ws/install/tutorial_interfaces/share/tutorial_interfaces/msg/Num.json
[3.249s] -- Up-to-date: /home/zhang/rosprc_ws/install/tutorial_interfaces/share/tutorial_interfaces/msg/Sphere.json
[3.250s] -- Up-to-date: /home/zhang/rosprc_ws/install/tutorial_interfaces/share/tutorial_interfaces/srv/AddThreeInts.json
[3.250s] -- Up-to-date: /home/zhang/rosprc_ws/install/tutorial_interfaces/include/tutorial_interfaces/tutorial_interfaces
[3.250s] -- Up-to-date: /home/zhang/rosprc_ws/install/tutorial_interfaces/include/tutorial_interfaces/tutorial_interfaces/msg
[3.251s] -- Up-to-date: /home/zhang/rosprc_ws/install/tutorial_interfaces/include/tutorial_interfaces/tutorial_interfaces/msg/sphere.h
[3.251s] -- Up-to-date: /home/zhang/rosprc_ws/install/tutorial_interfaces/include/tutorial_interfaces/tutorial_interfaces/msg/detail
[3.251s] -- Up-to-date: /home/zhang/rosprc_ws/install/tutorial_interfaces/include/tutorial_interfaces/tutorial_interfaces/msg/detail/num__functions.h
[3.251s] -- Up-to-date: /home/zhang/rosprc_ws/install/tutorial_interfaces/include/tutorial_interfaces/tutorial_interfaces/msg/detail/sphere__struct.h
[3.251s] -- Up-to-date: /home/zhang/rosprc_ws/install/tutorial_interfaces/include/tutorial_interfaces/tutorial_interfaces/msg/detail/sphere__type_support.c
[3.251s] -- Up-to-date: /home/zhang/rosprc_ws/install/tutorial_interfaces/include/tutorial_interfaces/tutorial_interfaces/msg/detail/sphere__functions.h
[3.251s] -- Up-to-date: /home/zhang/rosprc_ws/install/tutorial_interfaces/include/tutorial_interfaces/tutorial_interfaces/msg/detail/num__type_support.c
[3.253s] -- Up-to-date: /home/zhang/rosprc_ws/install/tutorial_interfaces/include/tutorial_interfaces/tutorial_interfaces/msg/detail/num__description.c
[3.254s] -- Up-to-date: /home/zhang/rosprc_ws/install/tutorial_interfaces/include/tutorial_interfaces/tutorial_interfaces/msg/detail/sphere__functions.c
[3.255s] -- Up-to-date: /home/zhang/rosprc_ws/install/tutorial_interfaces/include/tutorial_interfaces/tutorial_interfaces/msg/detail/num__struct.h
[3.255s] -- Up-to-date: /home/zhang/rosprc_ws/install/tutorial_interfaces/include/tutorial_interfaces/tutorial_interfaces/msg/detail/sphere__description.c
[3.255s] -- Up-to-date: /home/zhang/rosprc_ws/install/tutorial_interfaces/include/tutorial_interfaces/tutorial_interfaces/msg/detail/num__type_support.h
[3.255s] -- Up-to-date: /home/zhang/rosprc_ws/install/tutorial_interfaces/include/tutorial_interfaces/tutorial_interfaces/msg/detail/sphere__type_support.h
[3.255s] -- Up-to-date: /home/zhang/rosprc_ws/install/tutorial_interfaces/include/tutorial_interfaces/tutorial_interfaces/msg/detail/num__functions.c
[3.255s] -- Up-to-date: /home/zhang/rosprc_ws/install/tutorial_interfaces/include/tutorial_interfaces/tutorial_interfaces/msg/rosidl_generator_c__visibility_control.h
[3.255s] -- Up-to-date: /home/zhang/rosprc_ws/install/tutorial_interfaces/include/tutorial_interfaces/tutorial_interfaces/msg/num.h
[3.256s] -- Up-to-date: /home/zhang/rosprc_ws/install/tutorial_interfaces/include/tutorial_interfaces/tutorial_interfaces/srv
[3.256s] -- Up-to-date: /home/zhang/rosprc_ws/install/tutorial_interfaces/include/tutorial_interfaces/tutorial_interfaces/srv/detail
[3.257s] -- Up-to-date: /home/zhang/rosprc_ws/install/tutorial_interfaces/include/tutorial_interfaces/tutorial_interfaces/srv/detail/add_three_ints__functions.c
[3.257s] -- Up-to-date: /home/zhang/rosprc_ws/install/tutorial_interfaces/include/tutorial_interfaces/tutorial_interfaces/srv/detail/add_three_ints__type_support.c
[3.258s] -- Up-to-date: /home/zhang/rosprc_ws/install/tutorial_interfaces/include/tutorial_interfaces/tutorial_interfaces/srv/detail/add_three_ints__functions.h
[3.259s] -- Up-to-date: /home/zhang/rosprc_ws/install/tutorial_interfaces/include/tutorial_interfaces/tutorial_interfaces/srv/detail/add_three_ints__struct.h
[3.260s] -- Up-to-date: /home/zhang/rosprc_ws/install/tutorial_interfaces/include/tutorial_interfaces/tutorial_interfaces/srv/detail/add_three_ints__type_support.h
[3.286s] -- Up-to-date: /home/zhang/rosprc_ws/install/tutorial_interfaces/include/tutorial_interfaces/tutorial_interfaces/srv/detail/add_three_ints__description.c
[3.286s] -- Up-to-date: /home/zhang/rosprc_ws/install/tutorial_interfaces/include/tutorial_interfaces/tutorial_interfaces/srv/add_three_ints.h
[3.286s] -- Up-to-date: /home/zhang/rosprc_ws/install/tutorial_interfaces/share/tutorial_interfaces/environment/library_path.sh
[3.287s] -- Up-to-date: /home/zhang/rosprc_ws/install/tutorial_interfaces/share/tutorial_interfaces/environment/library_path.dsv
[3.287s] -- Up-to-date: /home/zhang/rosprc_ws/install/tutorial_interfaces/lib/libtutorial_interfaces__rosidl_generator_c.so
[3.289s] -- Up-to-date: /home/zhang/rosprc_ws/install/tutorial_interfaces/include/tutorial_interfaces/tutorial_interfaces
[3.291s] -- Up-to-date: /home/zhang/rosprc_ws/install/tutorial_interfaces/include/tutorial_interfaces/tutorial_interfaces/msg
[3.293s] -- Up-to-date: /home/zhang/rosprc_ws/install/tutorial_interfaces/include/tutorial_interfaces/tutorial_interfaces/msg/rosidl_typesupport_fastrtps_c__visibility_control.h
[3.294s] -- Up-to-date: /home/zhang/rosprc_ws/install/tutorial_interfaces/include/tutorial_interfaces/tutorial_interfaces/msg/detail
[3.296s] -- Up-to-date: /home/zhang/rosprc_ws/install/tutorial_interfaces/include/tutorial_interfaces/tutorial_interfaces/msg/detail/num__rosidl_typesupport_fastrtps_c.h
[3.297s] -- Up-to-date: /home/zhang/rosprc_ws/install/tutorial_interfaces/include/tutorial_interfaces/tutorial_interfaces/msg/detail/sphere__rosidl_typesupport_fastrtps_c.h
[3.298s] -- Up-to-date: /home/zhang/rosprc_ws/install/tutorial_interfaces/include/tutorial_interfaces/tutorial_interfaces/srv
[3.298s] -- Up-to-date: /home/zhang/rosprc_ws/install/tutorial_interfaces/include/tutorial_interfaces/tutorial_interfaces/srv/detail
[3.299s] -- Up-to-date: /home/zhang/rosprc_ws/install/tutorial_interfaces/include/tutorial_interfaces/tutorial_interfaces/srv/detail/add_three_ints__rosidl_typesupport_fastrtps_c.h
[3.300s] -- Up-to-date: /home/zhang/rosprc_ws/install/tutorial_interfaces/lib/libtutorial_interfaces__rosidl_typesupport_fastrtps_c.so
[3.301s] -- Up-to-date: /home/zhang/rosprc_ws/install/tutorial_interfaces/include/tutorial_interfaces/tutorial_interfaces
[3.301s] -- Up-to-date: /home/zhang/rosprc_ws/install/tutorial_interfaces/include/tutorial_interfaces/tutorial_interfaces/msg
[3.302s] -- Up-to-date: /home/zhang/rosprc_ws/install/tutorial_interfaces/include/tutorial_interfaces/tutorial_interfaces/msg/detail
[3.302s] -- Up-to-date: /home/zhang/rosprc_ws/install/tutorial_interfaces/include/tutorial_interfaces/tutorial_interfaces/msg/detail/sphere__traits.hpp
[3.303s] -- Up-to-date: /home/zhang/rosprc_ws/install/tutorial_interfaces/include/tutorial_interfaces/tutorial_interfaces/msg/detail/num__type_support.hpp
[3.303s] -- Up-to-date: /home/zhang/rosprc_ws/install/tutorial_interfaces/include/tutorial_interfaces/tutorial_interfaces/msg/detail/num__struct.hpp
[3.303s] -- Up-to-date: /home/zhang/rosprc_ws/install/tutorial_interfaces/include/tutorial_interfaces/tutorial_interfaces/msg/detail/num__traits.hpp
[3.304s] -- Up-to-date: /home/zhang/rosprc_ws/install/tutorial_interfaces/include/tutorial_interfaces/tutorial_interfaces/msg/detail/sphere__type_support.hpp
[3.304s] -- Up-to-date: /home/zhang/rosprc_ws/install/tutorial_interfaces/include/tutorial_interfaces/tutorial_interfaces/msg/detail/num__builder.hpp
[3.305s] -- Up-to-date: /home/zhang/rosprc_ws/install/tutorial_interfaces/include/tutorial_interfaces/tutorial_interfaces/msg/detail/sphere__builder.hpp
[3.307s] -- Up-to-date: /home/zhang/rosprc_ws/install/tutorial_interfaces/include/tutorial_interfaces/tutorial_interfaces/msg/detail/sphere__struct.hpp
[3.308s] -- Up-to-date: /home/zhang/rosprc_ws/install/tutorial_interfaces/include/tutorial_interfaces/tutorial_interfaces/msg/rosidl_generator_cpp__visibility_control.hpp
[3.308s] -- Up-to-date: /home/zhang/rosprc_ws/install/tutorial_interfaces/include/tutorial_interfaces/tutorial_interfaces/msg/sphere.hpp
[3.308s] -- Up-to-date: /home/zhang/rosprc_ws/install/tutorial_interfaces/include/tutorial_interfaces/tutorial_interfaces/msg/num.hpp
[3.308s] -- Up-to-date: /home/zhang/rosprc_ws/install/tutorial_interfaces/include/tutorial_interfaces/tutorial_interfaces/srv
[3.308s] -- Up-to-date: /home/zhang/rosprc_ws/install/tutorial_interfaces/include/tutorial_interfaces/tutorial_interfaces/srv/detail
[3.308s] -- Up-to-date: /home/zhang/rosprc_ws/install/tutorial_interfaces/include/tutorial_interfaces/tutorial_interfaces/srv/detail/add_three_ints__builder.hpp
[3.309s] -- Up-to-date: /home/zhang/rosprc_ws/install/tutorial_interfaces/include/tutorial_interfaces/tutorial_interfaces/srv/detail/add_three_ints__traits.hpp
[3.309s] -- Up-to-date: /home/zhang/rosprc_ws/install/tutorial_interfaces/include/tutorial_interfaces/tutorial_interfaces/srv/detail/add_three_ints__type_support.hpp
[3.310s] -- Up-to-date: /home/zhang/rosprc_ws/install/tutorial_interfaces/include/tutorial_interfaces/tutorial_interfaces/srv/detail/add_three_ints__struct.hpp
[3.310s] -- Up-to-date: /home/zhang/rosprc_ws/install/tutorial_interfaces/include/tutorial_interfaces/tutorial_interfaces/srv/add_three_ints.hpp
[3.311s] -- Up-to-date: /home/zhang/rosprc_ws/install/tutorial_interfaces/include/tutorial_interfaces/tutorial_interfaces
[3.311s] -- Up-to-date: /home/zhang/rosprc_ws/install/tutorial_interfaces/include/tutorial_interfaces/tutorial_interfaces/msg
[3.313s] -- Up-to-date: /home/zhang/rosprc_ws/install/tutorial_interfaces/include/tutorial_interfaces/tutorial_interfaces/msg/detail
[3.313s] -- Up-to-date: /home/zhang/rosprc_ws/install/tutorial_interfaces/include/tutorial_interfaces/tutorial_interfaces/msg/detail/sphere__rosidl_typesupport_fastrtps_cpp.hpp
[3.315s] -- Up-to-date: /home/zhang/rosprc_ws/install/tutorial_interfaces/include/tutorial_interfaces/tutorial_interfaces/msg/detail/dds_fastrtps
[3.316s] -- Up-to-date: /home/zhang/rosprc_ws/install/tutorial_interfaces/include/tutorial_interfaces/tutorial_interfaces/msg/detail/num__rosidl_typesupport_fastrtps_cpp.hpp
[3.316s] -- Up-to-date: /home/zhang/rosprc_ws/install/tutorial_interfaces/include/tutorial_interfaces/tutorial_interfaces/msg/rosidl_typesupport_fastrtps_cpp__visibility_control.h
[3.316s] -- Up-to-date: /home/zhang/rosprc_ws/install/tutorial_interfaces/include/tutorial_interfaces/tutorial_interfaces/srv
[3.318s] -- Up-to-date: /home/zhang/rosprc_ws/install/tutorial_interfaces/include/tutorial_interfaces/tutorial_interfaces/srv/detail
[3.319s] -- Up-to-date: /home/zhang/rosprc_ws/install/tutorial_interfaces/include/tutorial_interfaces/tutorial_interfaces/srv/detail/add_three_ints__rosidl_typesupport_fastrtps_cpp.hpp
[3.319s] -- Up-to-date: /home/zhang/rosprc_ws/install/tutorial_interfaces/include/tutorial_interfaces/tutorial_interfaces/srv/detail/dds_fastrtps
[3.319s] -- Up-to-date: /home/zhang/rosprc_ws/install/tutorial_interfaces/lib/libtutorial_interfaces__rosidl_typesupport_fastrtps_cpp.so
[3.319s] -- Up-to-date: /home/zhang/rosprc_ws/install/tutorial_interfaces/include/tutorial_interfaces/tutorial_interfaces
[3.320s] -- Up-to-date: /home/zhang/rosprc_ws/install/tutorial_interfaces/include/tutorial_interfaces/tutorial_interfaces/msg
[3.321s] -- Up-to-date: /home/zhang/rosprc_ws/install/tutorial_interfaces/include/tutorial_interfaces/tutorial_interfaces/msg/detail
[3.322s] -- Up-to-date: /home/zhang/rosprc_ws/install/tutorial_interfaces/include/tutorial_interfaces/tutorial_interfaces/msg/detail/sphere__type_support.c
[3.322s] -- Up-to-date: /home/zhang/rosprc_ws/install/tutorial_interfaces/include/tutorial_interfaces/tutorial_interfaces/msg/detail/num__type_support.c
[3.323s] -- Up-to-date: /home/zhang/rosprc_ws/install/tutorial_interfaces/include/tutorial_interfaces/tutorial_interfaces/msg/detail/num__rosidl_typesupport_introspection_c.h
[3.323s] -- Up-to-date: /home/zhang/rosprc_ws/install/tutorial_interfaces/include/tutorial_interfaces/tutorial_interfaces/msg/detail/sphere__rosidl_typesupport_introspection_c.h
[3.323s] -- Up-to-date: /home/zhang/rosprc_ws/install/tutorial_interfaces/include/tutorial_interfaces/tutorial_interfaces/msg/rosidl_typesupport_introspection_c__visibility_control.h
[3.324s] -- Up-to-date: /home/zhang/rosprc_ws/install/tutorial_interfaces/include/tutorial_interfaces/tutorial_interfaces/srv
[3.324s] -- Up-to-date: /home/zhang/rosprc_ws/install/tutorial_interfaces/include/tutorial_interfaces/tutorial_interfaces/srv/detail
[3.324s] -- Up-to-date: /home/zhang/rosprc_ws/install/tutorial_interfaces/include/tutorial_interfaces/tutorial_interfaces/srv/detail/add_three_ints__type_support.c
[3.324s] -- Up-to-date: /home/zhang/rosprc_ws/install/tutorial_interfaces/include/tutorial_interfaces/tutorial_interfaces/srv/detail/add_three_ints__rosidl_typesupport_introspection_c.h
[3.325s] -- Up-to-date: /home/zhang/rosprc_ws/install/tutorial_interfaces/lib/libtutorial_interfaces__rosidl_typesupport_introspection_c.so
[3.325s] -- Up-to-date: /home/zhang/rosprc_ws/install/tutorial_interfaces/lib/libtutorial_interfaces__rosidl_typesupport_c.so
[3.325s] -- Up-to-date: /home/zhang/rosprc_ws/install/tutorial_interfaces/include/tutorial_interfaces/tutorial_interfaces
[3.325s] -- Up-to-date: /home/zhang/rosprc_ws/install/tutorial_interfaces/include/tutorial_interfaces/tutorial_interfaces/msg
[3.325s] -- Up-to-date: /home/zhang/rosprc_ws/install/tutorial_interfaces/include/tutorial_interfaces/tutorial_interfaces/msg/detail
[3.325s] -- Up-to-date: /home/zhang/rosprc_ws/install/tutorial_interfaces/include/tutorial_interfaces/tutorial_interfaces/msg/detail/num__type_support.cpp
[3.325s] -- Up-to-date: /home/zhang/rosprc_ws/install/tutorial_interfaces/include/tutorial_interfaces/tutorial_interfaces/msg/detail/sphere__type_support.cpp
[3.326s] -- Up-to-date: /home/zhang/rosprc_ws/install/tutorial_interfaces/include/tutorial_interfaces/tutorial_interfaces/msg/detail/num__rosidl_typesupport_introspection_cpp.hpp
[3.326s] -- Up-to-date: /home/zhang/rosprc_ws/install/tutorial_interfaces/include/tutorial_interfaces/tutorial_interfaces/msg/detail/sphere__rosidl_typesupport_introspection_cpp.hpp
[3.327s] -- Up-to-date: /home/zhang/rosprc_ws/install/tutorial_interfaces/include/tutorial_interfaces/tutorial_interfaces/srv
[3.328s] -- Up-to-date: /home/zhang/rosprc_ws/install/tutorial_interfaces/include/tutorial_interfaces/tutorial_interfaces/srv/detail
[3.328s] -- Up-to-date: /home/zhang/rosprc_ws/install/tutorial_interfaces/include/tutorial_interfaces/tutorial_interfaces/srv/detail/add_three_ints__rosidl_typesupport_introspection_cpp.hpp
[3.328s] -- Up-to-date: /home/zhang/rosprc_ws/install/tutorial_interfaces/include/tutorial_interfaces/tutorial_interfaces/srv/detail/add_three_ints__type_support.cpp
[3.328s] -- Up-to-date: /home/zhang/rosprc_ws/install/tutorial_interfaces/lib/libtutorial_interfaces__rosidl_typesupport_introspection_cpp.so
[3.330s] -- Up-to-date: /home/zhang/rosprc_ws/install/tutorial_interfaces/lib/libtutorial_interfaces__rosidl_typesupport_cpp.so
[3.330s] -- Up-to-date: /home/zhang/rosprc_ws/install/tutorial_interfaces/share/tutorial_interfaces/environment/pythonpath.sh
[3.330s] -- Up-to-date: /home/zhang/rosprc_ws/install/tutorial_interfaces/share/tutorial_interfaces/environment/pythonpath.dsv
[3.330s] -- Up-to-date: /home/zhang/rosprc_ws/install/tutorial_interfaces/lib/python3.12/site-packages/tutorial_interfaces-0.0.0-py3.12.egg-info
[3.330s] -- Installing: /home/zhang/rosprc_ws/install/tutorial_interfaces/lib/python3.12/site-packages/tutorial_interfaces-0.0.0-py3.12.egg-info/PKG-INFO
[3.330s] -- Installing: /home/zhang/rosprc_ws/install/tutorial_interfaces/lib/python3.12/site-packages/tutorial_interfaces-0.0.0-py3.12.egg-info/top_level.txt
[3.330s] -- Installing: /home/zhang/rosprc_ws/install/tutorial_interfaces/lib/python3.12/site-packages/tutorial_interfaces-0.0.0-py3.12.egg-info/dependency_links.txt
[3.331s] -- Installing: /home/zhang/rosprc_ws/install/tutorial_interfaces/lib/python3.12/site-packages/tutorial_interfaces-0.0.0-py3.12.egg-info/SOURCES.txt
[3.331s] -- Up-to-date: /home/zhang/rosprc_ws/install/tutorial_interfaces/lib/python3.12/site-packages/tutorial_interfaces
[3.331s] -- Up-to-date: /home/zhang/rosprc_ws/install/tutorial_interfaces/lib/python3.12/site-packages/tutorial_interfaces/msg
[3.331s] -- Up-to-date: /home/zhang/rosprc_ws/install/tutorial_interfaces/lib/python3.12/site-packages/tutorial_interfaces/msg/_num_s.c
[3.331s] -- Up-to-date: /home/zhang/rosprc_ws/install/tutorial_interfaces/lib/python3.12/site-packages/tutorial_interfaces/msg/__init__.py
[3.331s] -- Up-to-date: /home/zhang/rosprc_ws/install/tutorial_interfaces/lib/python3.12/site-packages/tutorial_interfaces/msg/_sphere.py
[3.331s] -- Up-to-date: /home/zhang/rosprc_ws/install/tutorial_interfaces/lib/python3.12/site-packages/tutorial_interfaces/msg/_sphere_s.c
[3.331s] -- Up-to-date: /home/zhang/rosprc_ws/install/tutorial_interfaces/lib/python3.12/site-packages/tutorial_interfaces/msg/_num.py
[3.331s] -- Up-to-date: /home/zhang/rosprc_ws/install/tutorial_interfaces/lib/python3.12/site-packages/tutorial_interfaces/_tutorial_interfaces_s.ep.rosidl_typesupport_fastrtps_c.c
[3.331s] -- Up-to-date: /home/zhang/rosprc_ws/install/tutorial_interfaces/lib/python3.12/site-packages/tutorial_interfaces/tutorial_interfaces_s__rosidl_typesupport_fastrtps_c.so
[3.332s] -- Up-to-date: /home/zhang/rosprc_ws/install/tutorial_interfaces/lib/python3.12/site-packages/tutorial_interfaces/_tutorial_interfaces_s.ep.rosidl_typesupport_introspection_c.c
[3.333s] -- Up-to-date: /home/zhang/rosprc_ws/install/tutorial_interfaces/lib/python3.12/site-packages/tutorial_interfaces/tutorial_interfaces_s__rosidl_typesupport_introspection_c.so
[3.333s] -- Up-to-date: /home/zhang/rosprc_ws/install/tutorial_interfaces/lib/python3.12/site-packages/tutorial_interfaces/srv
[3.333s] -- Up-to-date: /home/zhang/rosprc_ws/install/tutorial_interfaces/lib/python3.12/site-packages/tutorial_interfaces/srv/_add_three_ints_s.c
[3.333s] -- Up-to-date: /home/zhang/rosprc_ws/install/tutorial_interfaces/lib/python3.12/site-packages/tutorial_interfaces/srv/__init__.py
[3.333s] -- Up-to-date: /home/zhang/rosprc_ws/install/tutorial_interfaces/lib/python3.12/site-packages/tutorial_interfaces/srv/_add_three_ints.py
[3.334s] -- Up-to-date: /home/zhang/rosprc_ws/install/tutorial_interfaces/lib/python3.12/site-packages/tutorial_interfaces/__init__.py
[3.334s] -- Up-to-date: /home/zhang/rosprc_ws/install/tutorial_interfaces/lib/python3.12/site-packages/tutorial_interfaces/_tutorial_interfaces_s.ep.rosidl_typesupport_c.c
[3.334s] -- Up-to-date: /home/zhang/rosprc_ws/install/tutorial_interfaces/lib/python3.12/site-packages/tutorial_interfaces/tutorial_interfaces_s__rosidl_typesupport_c.so
[3.477s] Listing '/home/zhang/rosprc_ws/install/tutorial_interfaces/lib/python3.12/site-packages/tutorial_interfaces'...
[3.479s] Listing '/home/zhang/rosprc_ws/install/tutorial_interfaces/lib/python3.12/site-packages/tutorial_interfaces/msg'...
[3.479s] Listing '/home/zhang/rosprc_ws/install/tutorial_interfaces/lib/python3.12/site-packages/tutorial_interfaces/srv'...
[3.480s] -- Up-to-date: /home/zhang/rosprc_ws/install/tutorial_interfaces/lib/python3.12/site-packages/tutorial_interfaces/tutorial_interfaces_s__rosidl_typesupport_fastrtps_c.so
[3.484s] -- Up-to-date: /home/zhang/rosprc_ws/install/tutorial_interfaces/lib/python3.12/site-packages/tutorial_interfaces/tutorial_interfaces_s__rosidl_typesupport_introspection_c.so
[3.486s] -- Up-to-date: /home/zhang/rosprc_ws/install/tutorial_interfaces/lib/python3.12/site-packages/tutorial_interfaces/tutorial_interfaces_s__rosidl_typesupport_c.so
[3.486s] -- Up-to-date: /home/zhang/rosprc_ws/install/tutorial_interfaces/lib/libtutorial_interfaces__rosidl_generator_py.so
[3.486s] -- Up-to-date: /home/zhang/rosprc_ws/install/tutorial_interfaces/share/ament_index/resource_index/rust_packages/tutorial_interfaces
[3.487s] -- Up-to-date: /home/zhang/rosprc_ws/install/tutorial_interfaces/share/tutorial_interfaces/rust
[3.487s] -- Up-to-date: /home/zhang/rosprc_ws/install/tutorial_interfaces/share/tutorial_interfaces/rust/Cargo.toml
[3.487s] -- Up-to-date: /home/zhang/rosprc_ws/install/tutorial_interfaces/share/tutorial_interfaces/rust/src
[3.487s] -- Up-to-date: /home/zhang/rosprc_ws/install/tutorial_interfaces/share/tutorial_interfaces/rust/src/srv.rs
[3.488s] -- Up-to-date: /home/zhang/rosprc_ws/install/tutorial_interfaces/share/tutorial_interfaces/rust/src/msg
[3.488s] -- Up-to-date: /home/zhang/rosprc_ws/install/tutorial_interfaces/share/tutorial_interfaces/rust/src/msg/rmw.rs
[3.488s] -- Up-to-date: /home/zhang/rosprc_ws/install/tutorial_interfaces/share/tutorial_interfaces/rust/src/lib.rs
[3.488s] -- Up-to-date: /home/zhang/rosprc_ws/install/tutorial_interfaces/share/tutorial_interfaces/rust/src/msg.rs
[3.488s] -- Up-to-date: /home/zhang/rosprc_ws/install/tutorial_interfaces/share/tutorial_interfaces/rust/src/srv
[3.489s] -- Up-to-date: /home/zhang/rosprc_ws/install/tutorial_interfaces/share/tutorial_interfaces/rust/src/srv/rmw.rs
[3.489s] -- Up-to-date: /home/zhang/rosprc_ws/install/tutorial_interfaces/share/tutorial_interfaces/rust/build.rs
[3.489s] -- Up-to-date: /home/zhang/rosprc_ws/install/tutorial_interfaces/share/tutorial_interfaces/msg/Num.idl
[3.489s] -- Up-to-date: /home/zhang/rosprc_ws/install/tutorial_interfaces/share/tutorial_interfaces/msg/Sphere.idl
[3.490s] -- Up-to-date: /home/zhang/rosprc_ws/install/tutorial_interfaces/share/tutorial_interfaces/srv/AddThreeInts.idl
[3.490s] -- Up-to-date: /home/zhang/rosprc_ws/install/tutorial_interfaces/share/tutorial_interfaces/msg/Num.msg
[3.490s] -- Up-to-date: /home/zhang/rosprc_ws/install/tutorial_interfaces/share/tutorial_interfaces/msg/Sphere.msg
[3.490s] -- Up-to-date: /home/zhang/rosprc_ws/install/tutorial_interfaces/share/tutorial_interfaces/srv/AddThreeInts.srv
[3.491s] -- Up-to-date: /home/zhang/rosprc_ws/install/tutorial_interfaces/share/ament_index/resource_index/package_run_dependencies/tutorial_interfaces
[3.493s] -- Up-to-date: /home/zhang/rosprc_ws/install/tutorial_interfaces/share/ament_index/resource_index/parent_prefix_path/tutorial_interfaces
[3.493s] -- Up-to-date: /home/zhang/rosprc_ws/install/tutorial_interfaces/share/tutorial_interfaces/environment/ament_prefix_path.sh
[3.495s] -- Up-to-date: /home/zhang/rosprc_ws/install/tutorial_interfaces/share/tutorial_interfaces/environment/ament_prefix_path.dsv
[3.496s] -- Up-to-date: /home/zhang/rosprc_ws/install/tutorial_interfaces/share/tutorial_interfaces/environment/path.sh
[3.496s] -- Up-to-date: /home/zhang/rosprc_ws/install/tutorial_interfaces/share/tutorial_interfaces/environment/path.dsv
[3.496s] -- Up-to-date: /home/zhang/rosprc_ws/install/tutorial_interfaces/share/tutorial_interfaces/local_setup.bash
[3.497s] -- Up-to-date: /home/zhang/rosprc_ws/install/tutorial_interfaces/share/tutorial_interfaces/local_setup.sh
[3.497s] -- Up-to-date: /home/zhang/rosprc_ws/install/tutorial_interfaces/share/tutorial_interfaces/local_setup.zsh
[3.497s] -- Up-to-date: /home/zhang/rosprc_ws/install/tutorial_interfaces/share/tutorial_interfaces/local_setup.dsv
[3.497s] -- Installing: /home/zhang/rosprc_ws/install/tutorial_interfaces/share/tutorial_interfaces/package.dsv
[3.498s] -- Up-to-date: /home/zhang/rosprc_ws/install/tutorial_interfaces/share/ament_index/resource_index/packages/tutorial_interfaces
[3.498s] -- Up-to-date: /home/zhang/rosprc_ws/install/tutorial_interfaces/share/tutorial_interfaces/cmake/export_tutorial_interfaces__rosidl_generator_cExport.cmake
[3.499s] -- Up-to-date: /home/zhang/rosprc_ws/install/tutorial_interfaces/share/tutorial_interfaces/cmake/export_tutorial_interfaces__rosidl_generator_cExport-noconfig.cmake
[3.503s] -- Up-to-date: /home/zhang/rosprc_ws/install/tutorial_interfaces/share/tutorial_interfaces/cmake/export_tutorial_interfaces__rosidl_typesupport_fastrtps_cExport.cmake
[3.503s] -- Up-to-date: /home/zhang/rosprc_ws/install/tutorial_interfaces/share/tutorial_interfaces/cmake/export_tutorial_interfaces__rosidl_typesupport_fastrtps_cExport-noconfig.cmake
[3.503s] -- Up-to-date: /home/zhang/rosprc_ws/install/tutorial_interfaces/share/tutorial_interfaces/cmake/export_tutorial_interfaces__rosidl_generator_cppExport.cmake
[3.504s] -- Up-to-date: /home/zhang/rosprc_ws/install/tutorial_interfaces/share/tutorial_interfaces/cmake/export_tutorial_interfaces__rosidl_typesupport_fastrtps_cppExport.cmake
[3.505s] -- Up-to-date: /home/zhang/rosprc_ws/install/tutorial_interfaces/share/tutorial_interfaces/cmake/export_tutorial_interfaces__rosidl_typesupport_fastrtps_cppExport-noconfig.cmake
[3.505s] -- Up-to-date: /home/zhang/rosprc_ws/install/tutorial_interfaces/share/tutorial_interfaces/cmake/tutorial_interfaces__rosidl_typesupport_introspection_cExport.cmake
[3.505s] -- Up-to-date: /home/zhang/rosprc_ws/install/tutorial_interfaces/share/tutorial_interfaces/cmake/tutorial_interfaces__rosidl_typesupport_introspection_cExport-noconfig.cmake
[3.507s] -- Up-to-date: /home/zhang/rosprc_ws/install/tutorial_interfaces/share/tutorial_interfaces/cmake/tutorial_interfaces__rosidl_typesupport_cExport.cmake
[3.509s] -- Up-to-date: /home/zhang/rosprc_ws/install/tutorial_interfaces/share/tutorial_interfaces/cmake/tutorial_interfaces__rosidl_typesupport_cExport-noconfig.cmake
[3.510s] -- Up-to-date: /home/zhang/rosprc_ws/install/tutorial_interfaces/share/tutorial_interfaces/cmake/tutorial_interfaces__rosidl_typesupport_introspection_cppExport.cmake
[3.511s] -- Up-to-date: /home/zhang/rosprc_ws/install/tutorial_interfaces/share/tutorial_interfaces/cmake/tutorial_interfaces__rosidl_typesupport_introspection_cppExport-noconfig.cmake
[3.511s] -- Up-to-date: /home/zhang/rosprc_ws/install/tutorial_interfaces/share/tutorial_interfaces/cmake/tutorial_interfaces__rosidl_typesupport_cppExport.cmake
[3.512s] -- Up-to-date: /home/zhang/rosprc_ws/install/tutorial_interfaces/share/tutorial_interfaces/cmake/tutorial_interfaces__rosidl_typesupport_cppExport-noconfig.cmake
[3.512s] -- Up-to-date: /home/zhang/rosprc_ws/install/tutorial_interfaces/share/tutorial_interfaces/cmake/export_tutorial_interfaces__rosidl_generator_pyExport.cmake
[3.512s] -- Up-to-date: /home/zhang/rosprc_ws/install/tutorial_interfaces/share/tutorial_interfaces/cmake/export_tutorial_interfaces__rosidl_generator_pyExport-noconfig.cmake
[3.512s] -- Up-to-date: /home/zhang/rosprc_ws/install/tutorial_interfaces/share/tutorial_interfaces/cmake/rosidl_cmake-extras.cmake
[3.513s] -- Up-to-date: /home/zhang/rosprc_ws/install/tutorial_interfaces/share/tutorial_interfaces/cmake/ament_cmake_export_dependencies-extras.cmake
[3.513s] -- Up-to-date: /home/zhang/rosprc_ws/install/tutorial_interfaces/share/tutorial_interfaces/cmake/ament_cmake_export_include_directories-extras.cmake
[3.514s] -- Up-to-date: /home/zhang/rosprc_ws/install/tutorial_interfaces/share/tutorial_interfaces/cmake/ament_cmake_export_libraries-extras.cmake
[3.514s] -- Up-to-date: /home/zhang/rosprc_ws/install/tutorial_interfaces/share/tutorial_interfaces/cmake/ament_cmake_export_targets-extras.cmake
[3.515s] -- Up-to-date: /home/zhang/rosprc_ws/install/tutorial_interfaces/share/tutorial_interfaces/cmake/rosidl_cmake_export_typesupport_targets-extras.cmake
[3.518s] -- Up-to-date: /home/zhang/rosprc_ws/install/tutorial_interfaces/share/tutorial_interfaces/cmake/rosidl_cmake_export_typesupport_libraries-extras.cmake
[3.519s] -- Up-to-date: /home/zhang/rosprc_ws/install/tutorial_interfaces/share/tutorial_interfaces/cmake/rosidl_cmake_aggregate_target-extras.cmake
[3.520s] -- Up-to-date: /home/zhang/rosprc_ws/install/tutorial_interfaces/share/tutorial_interfaces/cmake/tutorial_interfacesConfig.cmake
[3.520s] -- Up-to-date: /home/zhang/rosprc_ws/install/tutorial_interfaces/share/tutorial_interfaces/cmake/tutorial_interfacesConfig-version.cmake
[3.522s] -- Up-to-date: /home/zhang/rosprc_ws/install/tutorial_interfaces/share/tutorial_interfaces/package.xml
[4.029s] Invoked command in '/home/zhang/rosprc_ws/build/tutorial_interfaces' returned '0': CMAKE_PREFIX_PATH=${CMAKE_PREFIX_PATH}:/opt/ros/jazzy /usr/bin/cmake --install /home/zhang/rosprc_ws/build/tutorial_interfaces
