[0.009s] Invoking command in '/home/zhang/rosprc_ws/build/more_interfaces': CMAKE_PREFIX_PATH=${CMAKE_PREFIX_PATH}:/opt/ros/jazzy /usr/bin/cmake --build /home/zhang/rosprc_ws/build/more_interfaces -- -j20 -l20
[0.060s] [  2%] Built target more_interfaces__rosidl_generator_type_description
[0.063s] [  5%] Built target more_interfaces__rs
[0.070s] [  5%] Built target ament_cmake_python_copy_more_interfaces
[0.082s] [  8%] Built target more_interfaces__cpp
[0.082s] [ 22%] Built target more_interfaces__rosidl_generator_c
[0.105s] [ 31%] Built target more_interfaces__rosidl_typesupport_c
[0.105s] [ 40%] Built target more_interfaces__rosidl_typesupport_fastrtps_cpp
[0.106s] [ 48%] Built target more_interfaces__rosidl_typesupport_cpp
[0.108s] [ 57%] Built target more_interfaces__rosidl_typesupport_fastrtps_c
[0.111s] [ 65%] Built target more_interfaces__rosidl_typesupport_introspection_cpp
[0.111s] [ 74%] Built target more_interfaces__rosidl_typesupport_introspection_c
[0.130s] [ 74%] Built target more_interfaces
[0.150s] [ 77%] Built target more_interfaces__py
[0.171s] [ 82%] Built target more_interfaces__rosidl_generator_py
[0.193s] [ 88%] Built target more_interfaces_s__rosidl_typesupport_c
[0.193s] [ 94%] Built target more_interfaces_s__rosidl_typesupport_fastrtps_c
[0.193s] [100%] Built target more_interfaces_s__rosidl_typesupport_introspection_c
[0.270s] running egg_info
[0.287s] writing more_interfaces.egg-info/PKG-INFO
[0.287s] writing dependency_links to more_interfaces.egg-info/dependency_links.txt
[0.288s] writing top-level names to more_interfaces.egg-info/top_level.txt
[0.336s] reading manifest file 'more_interfaces.egg-info/SOURCES.txt'
[0.336s] writing manifest file 'more_interfaces.egg-info/SOURCES.txt'
[0.359s] [100%] Built target ament_cmake_python_build_more_interfaces_egg
[0.370s] Invoked command in '/home/zhang/rosprc_ws/build/more_interfaces' returned '0': CMAKE_PREFIX_PATH=${CMAKE_PREFIX_PATH}:/opt/ros/jazzy /usr/bin/cmake --build /home/zhang/rosprc_ws/build/more_interfaces -- -j20 -l20
[0.378s] Invoking command in '/home/zhang/rosprc_ws/build/more_interfaces': CMAKE_PREFIX_PATH=${CMAKE_PREFIX_PATH}:/opt/ros/jazzy /usr/bin/cmake --install /home/zhang/rosprc_ws/build/more_interfaces
[0.385s] -- Install configuration: ""
[0.385s] -- Up-to-date: /home/zhang/rosprc_ws/install/more_interfaces/share/ament_index/resource_index/rosidl_interfaces/more_interfaces
[0.385s] -- Up-to-date: /home/zhang/rosprc_ws/install/more_interfaces/share/more_interfaces/msg/AddressBook.json
[0.386s] -- Up-to-date: /home/zhang/rosprc_ws/install/more_interfaces/include/more_interfaces/more_interfaces
[0.386s] -- Up-to-date: /home/zhang/rosprc_ws/install/more_interfaces/include/more_interfaces/more_interfaces/msg
[0.386s] -- Up-to-date: /home/zhang/rosprc_ws/install/more_interfaces/include/more_interfaces/more_interfaces/msg/detail
[0.386s] -- Up-to-date: /home/zhang/rosprc_ws/install/more_interfaces/include/more_interfaces/more_interfaces/msg/detail/address_book__type_support.h
[0.387s] -- Up-to-date: /home/zhang/rosprc_ws/install/more_interfaces/include/more_interfaces/more_interfaces/msg/detail/address_book__functions.c
[0.387s] -- Up-to-date: /home/zhang/rosprc_ws/install/more_interfaces/include/more_interfaces/more_interfaces/msg/detail/address_book__struct.h
[0.387s] -- Up-to-date: /home/zhang/rosprc_ws/install/more_interfaces/include/more_interfaces/more_interfaces/msg/detail/address_book__description.c
[0.387s] -- Up-to-date: /home/zhang/rosprc_ws/install/more_interfaces/include/more_interfaces/more_interfaces/msg/detail/address_book__type_support.c
[0.387s] -- Up-to-date: /home/zhang/rosprc_ws/install/more_interfaces/include/more_interfaces/more_interfaces/msg/detail/address_book__functions.h
[0.387s] -- Up-to-date: /home/zhang/rosprc_ws/install/more_interfaces/include/more_interfaces/more_interfaces/msg/rosidl_generator_c__visibility_control.h
[0.388s] -- Up-to-date: /home/zhang/rosprc_ws/install/more_interfaces/include/more_interfaces/more_interfaces/msg/address_book.h
[0.388s] -- Up-to-date: /home/zhang/rosprc_ws/install/more_interfaces/share/more_interfaces/environment/library_path.sh
[0.388s] -- Up-to-date: /home/zhang/rosprc_ws/install/more_interfaces/share/more_interfaces/environment/library_path.dsv
[0.388s] -- Up-to-date: /home/zhang/rosprc_ws/install/more_interfaces/lib/libmore_interfaces__rosidl_generator_c.so
[0.389s] -- Up-to-date: /home/zhang/rosprc_ws/install/more_interfaces/include/more_interfaces/more_interfaces
[0.389s] -- Up-to-date: /home/zhang/rosprc_ws/install/more_interfaces/include/more_interfaces/more_interfaces/msg
[0.389s] -- Up-to-date: /home/zhang/rosprc_ws/install/more_interfaces/include/more_interfaces/more_interfaces/msg/rosidl_typesupport_fastrtps_c__visibility_control.h
[0.389s] -- Up-to-date: /home/zhang/rosprc_ws/install/more_interfaces/include/more_interfaces/more_interfaces/msg/detail
[0.389s] -- Up-to-date: /home/zhang/rosprc_ws/install/more_interfaces/include/more_interfaces/more_interfaces/msg/detail/address_book__rosidl_typesupport_fastrtps_c.h
[0.389s] -- Up-to-date: /home/zhang/rosprc_ws/install/more_interfaces/lib/libmore_interfaces__rosidl_typesupport_fastrtps_c.so
[0.390s] -- Up-to-date: /home/zhang/rosprc_ws/install/more_interfaces/include/more_interfaces/more_interfaces
[0.390s] -- Up-to-date: /home/zhang/rosprc_ws/install/more_interfaces/include/more_interfaces/more_interfaces/msg
[0.390s] -- Up-to-date: /home/zhang/rosprc_ws/install/more_interfaces/include/more_interfaces/more_interfaces/msg/detail
[0.390s] -- Up-to-date: /home/zhang/rosprc_ws/install/more_interfaces/include/more_interfaces/more_interfaces/msg/detail/address_book__rosidl_typesupport_introspection_c.h
[0.391s] -- Up-to-date: /home/zhang/rosprc_ws/install/more_interfaces/include/more_interfaces/more_interfaces/msg/detail/address_book__type_support.c
[0.391s] -- Up-to-date: /home/zhang/rosprc_ws/install/more_interfaces/include/more_interfaces/more_interfaces/msg/rosidl_typesupport_introspection_c__visibility_control.h
[0.391s] -- Up-to-date: /home/zhang/rosprc_ws/install/more_interfaces/lib/libmore_interfaces__rosidl_typesupport_introspection_c.so
[0.391s] -- Up-to-date: /home/zhang/rosprc_ws/install/more_interfaces/lib/libmore_interfaces__rosidl_typesupport_c.so
[0.391s] -- Up-to-date: /home/zhang/rosprc_ws/install/more_interfaces/include/more_interfaces/more_interfaces
[0.391s] -- Up-to-date: /home/zhang/rosprc_ws/install/more_interfaces/include/more_interfaces/more_interfaces/msg
[0.391s] -- Up-to-date: /home/zhang/rosprc_ws/install/more_interfaces/include/more_interfaces/more_interfaces/msg/detail
[0.391s] -- Up-to-date: /home/zhang/rosprc_ws/install/more_interfaces/include/more_interfaces/more_interfaces/msg/detail/address_book__builder.hpp
[0.391s] -- Up-to-date: /home/zhang/rosprc_ws/install/more_interfaces/include/more_interfaces/more_interfaces/msg/detail/address_book__struct.hpp
[0.391s] -- Up-to-date: /home/zhang/rosprc_ws/install/more_interfaces/include/more_interfaces/more_interfaces/msg/detail/address_book__type_support.hpp
[0.391s] -- Up-to-date: /home/zhang/rosprc_ws/install/more_interfaces/include/more_interfaces/more_interfaces/msg/detail/address_book__traits.hpp
[0.391s] -- Up-to-date: /home/zhang/rosprc_ws/install/more_interfaces/include/more_interfaces/more_interfaces/msg/rosidl_generator_cpp__visibility_control.hpp
[0.391s] -- Up-to-date: /home/zhang/rosprc_ws/install/more_interfaces/include/more_interfaces/more_interfaces/msg/address_book.hpp
[0.391s] -- Up-to-date: /home/zhang/rosprc_ws/install/more_interfaces/include/more_interfaces/more_interfaces
[0.391s] -- Up-to-date: /home/zhang/rosprc_ws/install/more_interfaces/include/more_interfaces/more_interfaces/msg
[0.391s] -- Up-to-date: /home/zhang/rosprc_ws/install/more_interfaces/include/more_interfaces/more_interfaces/msg/detail
[0.392s] -- Up-to-date: /home/zhang/rosprc_ws/install/more_interfaces/include/more_interfaces/more_interfaces/msg/detail/address_book__rosidl_typesupport_fastrtps_cpp.hpp
[0.392s] -- Up-to-date: /home/zhang/rosprc_ws/install/more_interfaces/include/more_interfaces/more_interfaces/msg/detail/dds_fastrtps
[0.392s] -- Up-to-date: /home/zhang/rosprc_ws/install/more_interfaces/include/more_interfaces/more_interfaces/msg/rosidl_typesupport_fastrtps_cpp__visibility_control.h
[0.392s] -- Up-to-date: /home/zhang/rosprc_ws/install/more_interfaces/lib/libmore_interfaces__rosidl_typesupport_fastrtps_cpp.so
[0.392s] -- Up-to-date: /home/zhang/rosprc_ws/install/more_interfaces/include/more_interfaces/more_interfaces
[0.392s] -- Up-to-date: /home/zhang/rosprc_ws/install/more_interfaces/include/more_interfaces/more_interfaces/msg
[0.392s] -- Up-to-date: /home/zhang/rosprc_ws/install/more_interfaces/include/more_interfaces/more_interfaces/msg/detail
[0.392s] -- Up-to-date: /home/zhang/rosprc_ws/install/more_interfaces/include/more_interfaces/more_interfaces/msg/detail/address_book__type_support.cpp
[0.392s] -- Up-to-date: /home/zhang/rosprc_ws/install/more_interfaces/include/more_interfaces/more_interfaces/msg/detail/address_book__rosidl_typesupport_introspection_cpp.hpp
[0.392s] -- Up-to-date: /home/zhang/rosprc_ws/install/more_interfaces/lib/libmore_interfaces__rosidl_typesupport_introspection_cpp.so
[0.392s] -- Up-to-date: /home/zhang/rosprc_ws/install/more_interfaces/lib/libmore_interfaces__rosidl_typesupport_cpp.so
[0.392s] -- Up-to-date: /home/zhang/rosprc_ws/install/more_interfaces/share/more_interfaces/environment/pythonpath.sh
[0.392s] -- Up-to-date: /home/zhang/rosprc_ws/install/more_interfaces/share/more_interfaces/environment/pythonpath.dsv
[0.392s] -- Up-to-date: /home/zhang/rosprc_ws/install/more_interfaces/lib/python3.12/site-packages/more_interfaces-0.0.0-py3.12.egg-info
[0.393s] -- Installing: /home/zhang/rosprc_ws/install/more_interfaces/lib/python3.12/site-packages/more_interfaces-0.0.0-py3.12.egg-info/PKG-INFO
[0.393s] -- Installing: /home/zhang/rosprc_ws/install/more_interfaces/lib/python3.12/site-packages/more_interfaces-0.0.0-py3.12.egg-info/top_level.txt
[0.393s] -- Installing: /home/zhang/rosprc_ws/install/more_interfaces/lib/python3.12/site-packages/more_interfaces-0.0.0-py3.12.egg-info/dependency_links.txt
[0.393s] -- Installing: /home/zhang/rosprc_ws/install/more_interfaces/lib/python3.12/site-packages/more_interfaces-0.0.0-py3.12.egg-info/SOURCES.txt
[0.393s] -- Up-to-date: /home/zhang/rosprc_ws/install/more_interfaces/lib/python3.12/site-packages/more_interfaces
[0.393s] -- Up-to-date: /home/zhang/rosprc_ws/install/more_interfaces/lib/python3.12/site-packages/more_interfaces/msg
[0.393s] -- Up-to-date: /home/zhang/rosprc_ws/install/more_interfaces/lib/python3.12/site-packages/more_interfaces/msg/_address_book_s.c
[0.393s] -- Up-to-date: /home/zhang/rosprc_ws/install/more_interfaces/lib/python3.12/site-packages/more_interfaces/msg/__init__.py
[0.393s] -- Up-to-date: /home/zhang/rosprc_ws/install/more_interfaces/lib/python3.12/site-packages/more_interfaces/msg/_address_book.py
[0.394s] -- Up-to-date: /home/zhang/rosprc_ws/install/more_interfaces/lib/python3.12/site-packages/more_interfaces/_more_interfaces_s.ep.rosidl_typesupport_fastrtps_c.c
[0.394s] -- Up-to-date: /home/zhang/rosprc_ws/install/more_interfaces/lib/python3.12/site-packages/more_interfaces/more_interfaces_s__rosidl_typesupport_fastrtps_c.so
[0.394s] -- Up-to-date: /home/zhang/rosprc_ws/install/more_interfaces/lib/python3.12/site-packages/more_interfaces/more_interfaces_s__rosidl_typesupport_c.so
[0.394s] -- Up-to-date: /home/zhang/rosprc_ws/install/more_interfaces/lib/python3.12/site-packages/more_interfaces/_more_interfaces_s.ep.rosidl_typesupport_introspection_c.c
[0.394s] -- Up-to-date: /home/zhang/rosprc_ws/install/more_interfaces/lib/python3.12/site-packages/more_interfaces/_more_interfaces_s.ep.rosidl_typesupport_c.c
[0.394s] -- Up-to-date: /home/zhang/rosprc_ws/install/more_interfaces/lib/python3.12/site-packages/more_interfaces/__init__.py
[0.394s] -- Up-to-date: /home/zhang/rosprc_ws/install/more_interfaces/lib/python3.12/site-packages/more_interfaces/more_interfaces_s__rosidl_typesupport_introspection_c.so
[0.424s] Listing '/home/zhang/rosprc_ws/install/more_interfaces/lib/python3.12/site-packages/more_interfaces'...
[0.424s] Listing '/home/zhang/rosprc_ws/install/more_interfaces/lib/python3.12/site-packages/more_interfaces/msg'...
[0.430s] -- Up-to-date: /home/zhang/rosprc_ws/install/more_interfaces/lib/python3.12/site-packages/more_interfaces/more_interfaces_s__rosidl_typesupport_fastrtps_c.so
[0.430s] -- Up-to-date: /home/zhang/rosprc_ws/install/more_interfaces/lib/python3.12/site-packages/more_interfaces/more_interfaces_s__rosidl_typesupport_introspection_c.so
[0.430s] -- Up-to-date: /home/zhang/rosprc_ws/install/more_interfaces/lib/python3.12/site-packages/more_interfaces/more_interfaces_s__rosidl_typesupport_c.so
[0.431s] -- Up-to-date: /home/zhang/rosprc_ws/install/more_interfaces/lib/libmore_interfaces__rosidl_generator_py.so
[0.431s] -- Up-to-date: /home/zhang/rosprc_ws/install/more_interfaces/share/ament_index/resource_index/rust_packages/more_interfaces
[0.432s] -- Up-to-date: /home/zhang/rosprc_ws/install/more_interfaces/share/more_interfaces/rust
[0.432s] -- Up-to-date: /home/zhang/rosprc_ws/install/more_interfaces/share/more_interfaces/rust/Cargo.toml
[0.432s] -- Up-to-date: /home/zhang/rosprc_ws/install/more_interfaces/share/more_interfaces/rust/src
[0.432s] -- Up-to-date: /home/zhang/rosprc_ws/install/more_interfaces/share/more_interfaces/rust/src/msg
[0.432s] -- Up-to-date: /home/zhang/rosprc_ws/install/more_interfaces/share/more_interfaces/rust/src/msg/rmw.rs
[0.433s] -- Up-to-date: /home/zhang/rosprc_ws/install/more_interfaces/share/more_interfaces/rust/src/lib.rs
[0.433s] -- Up-to-date: /home/zhang/rosprc_ws/install/more_interfaces/share/more_interfaces/rust/src/msg.rs
[0.433s] -- Up-to-date: /home/zhang/rosprc_ws/install/more_interfaces/share/more_interfaces/rust/build.rs
[0.433s] -- Up-to-date: /home/zhang/rosprc_ws/install/more_interfaces/share/more_interfaces/msg/AddressBook.idl
[0.433s] -- Up-to-date: /home/zhang/rosprc_ws/install/more_interfaces/share/more_interfaces/msg/AddressBook.msg
[0.433s] -- Up-to-date: /home/zhang/rosprc_ws/install/more_interfaces/share/ament_index/resource_index/package_run_dependencies/more_interfaces
[0.434s] -- Up-to-date: /home/zhang/rosprc_ws/install/more_interfaces/share/ament_index/resource_index/parent_prefix_path/more_interfaces
[0.434s] -- Up-to-date: /home/zhang/rosprc_ws/install/more_interfaces/share/more_interfaces/environment/ament_prefix_path.sh
[0.434s] -- Up-to-date: /home/zhang/rosprc_ws/install/more_interfaces/share/more_interfaces/environment/ament_prefix_path.dsv
[0.434s] -- Up-to-date: /home/zhang/rosprc_ws/install/more_interfaces/share/more_interfaces/environment/path.sh
[0.434s] -- Up-to-date: /home/zhang/rosprc_ws/install/more_interfaces/share/more_interfaces/environment/path.dsv
[0.434s] -- Up-to-date: /home/zhang/rosprc_ws/install/more_interfaces/share/more_interfaces/local_setup.bash
[0.434s] -- Up-to-date: /home/zhang/rosprc_ws/install/more_interfaces/share/more_interfaces/local_setup.sh
[0.434s] -- Up-to-date: /home/zhang/rosprc_ws/install/more_interfaces/share/more_interfaces/local_setup.zsh
[0.434s] -- Up-to-date: /home/zhang/rosprc_ws/install/more_interfaces/share/more_interfaces/local_setup.dsv
[0.434s] -- Installing: /home/zhang/rosprc_ws/install/more_interfaces/share/more_interfaces/package.dsv
[0.434s] -- Up-to-date: /home/zhang/rosprc_ws/install/more_interfaces/share/ament_index/resource_index/packages/more_interfaces
[0.434s] -- Up-to-date: /home/zhang/rosprc_ws/install/more_interfaces/share/more_interfaces/cmake/export_more_interfaces__rosidl_generator_cExport.cmake
[0.434s] -- Up-to-date: /home/zhang/rosprc_ws/install/more_interfaces/share/more_interfaces/cmake/export_more_interfaces__rosidl_generator_cExport-noconfig.cmake
[0.435s] -- Up-to-date: /home/zhang/rosprc_ws/install/more_interfaces/share/more_interfaces/cmake/export_more_interfaces__rosidl_typesupport_fastrtps_cExport.cmake
[0.435s] -- Up-to-date: /home/zhang/rosprc_ws/install/more_interfaces/share/more_interfaces/cmake/export_more_interfaces__rosidl_typesupport_fastrtps_cExport-noconfig.cmake
[0.435s] -- Up-to-date: /home/zhang/rosprc_ws/install/more_interfaces/share/more_interfaces/cmake/more_interfaces__rosidl_typesupport_introspection_cExport.cmake
[0.435s] -- Up-to-date: /home/zhang/rosprc_ws/install/more_interfaces/share/more_interfaces/cmake/more_interfaces__rosidl_typesupport_introspection_cExport-noconfig.cmake
[0.435s] -- Up-to-date: /home/zhang/rosprc_ws/install/more_interfaces/share/more_interfaces/cmake/more_interfaces__rosidl_typesupport_cExport.cmake
[0.435s] -- Up-to-date: /home/zhang/rosprc_ws/install/more_interfaces/share/more_interfaces/cmake/more_interfaces__rosidl_typesupport_cExport-noconfig.cmake
[0.436s] -- Up-to-date: /home/zhang/rosprc_ws/install/more_interfaces/share/more_interfaces/cmake/export_more_interfaces__rosidl_generator_cppExport.cmake
[0.436s] -- Up-to-date: /home/zhang/rosprc_ws/install/more_interfaces/share/more_interfaces/cmake/export_more_interfaces__rosidl_typesupport_fastrtps_cppExport.cmake
[0.437s] -- Up-to-date: /home/zhang/rosprc_ws/install/more_interfaces/share/more_interfaces/cmake/export_more_interfaces__rosidl_typesupport_fastrtps_cppExport-noconfig.cmake
[0.437s] -- Up-to-date: /home/zhang/rosprc_ws/install/more_interfaces/share/more_interfaces/cmake/more_interfaces__rosidl_typesupport_introspection_cppExport.cmake
[0.438s] -- Up-to-date: /home/zhang/rosprc_ws/install/more_interfaces/share/more_interfaces/cmake/more_interfaces__rosidl_typesupport_introspection_cppExport-noconfig.cmake
[0.439s] -- Up-to-date: /home/zhang/rosprc_ws/install/more_interfaces/share/more_interfaces/cmake/more_interfaces__rosidl_typesupport_cppExport.cmake
[0.439s] -- Up-to-date: /home/zhang/rosprc_ws/install/more_interfaces/share/more_interfaces/cmake/more_interfaces__rosidl_typesupport_cppExport-noconfig.cmake
[0.439s] -- Up-to-date: /home/zhang/rosprc_ws/install/more_interfaces/share/more_interfaces/cmake/export_more_interfaces__rosidl_generator_pyExport.cmake
[0.440s] -- Up-to-date: /home/zhang/rosprc_ws/install/more_interfaces/share/more_interfaces/cmake/export_more_interfaces__rosidl_generator_pyExport-noconfig.cmake
[0.441s] -- Up-to-date: /home/zhang/rosprc_ws/install/more_interfaces/share/more_interfaces/cmake/rosidl_cmake-extras.cmake
[0.441s] -- Up-to-date: /home/zhang/rosprc_ws/install/more_interfaces/share/more_interfaces/cmake/ament_cmake_export_include_directories-extras.cmake
[0.442s] -- Up-to-date: /home/zhang/rosprc_ws/install/more_interfaces/share/more_interfaces/cmake/ament_cmake_export_libraries-extras.cmake
[0.443s] -- Up-to-date: /home/zhang/rosprc_ws/install/more_interfaces/share/more_interfaces/cmake/ament_cmake_export_targets-extras.cmake
[0.443s] -- Up-to-date: /home/zhang/rosprc_ws/install/more_interfaces/share/more_interfaces/cmake/rosidl_cmake_export_typesupport_targets-extras.cmake
[0.443s] -- Up-to-date: /home/zhang/rosprc_ws/install/more_interfaces/share/more_interfaces/cmake/ament_cmake_export_dependencies-extras.cmake
[0.444s] -- Up-to-date: /home/zhang/rosprc_ws/install/more_interfaces/share/more_interfaces/cmake/rosidl_cmake_export_typesupport_libraries-extras.cmake
[0.444s] -- Up-to-date: /home/zhang/rosprc_ws/install/more_interfaces/share/more_interfaces/cmake/rosidl_cmake_aggregate_target-extras.cmake
[0.444s] -- Up-to-date: /home/zhang/rosprc_ws/install/more_interfaces/share/more_interfaces/cmake/more_interfacesConfig.cmake
[0.445s] -- Up-to-date: /home/zhang/rosprc_ws/install/more_interfaces/share/more_interfaces/cmake/more_interfacesConfig-version.cmake
[0.446s] -- Up-to-date: /home/zhang/rosprc_ws/install/more_interfaces/share/more_interfaces/package.xml
[0.446s] Invoked command in '/home/zhang/rosprc_ws/build/more_interfaces' returned '0': CMAKE_PREFIX_PATH=${CMAKE_PREFIX_PATH}:/opt/ros/jazzy /usr/bin/cmake --install /home/zhang/rosprc_ws/build/more_interfaces
