[0.216s] Invoking command in '/home/zhang/rosprc_ws/build/examples_rclcpp_cbg_executor': CMAKE_PREFIX_PATH=${CMAKE_PREFIX_PATH}:/opt/ros/jazzy /usr/bin/cmake --build /home/zhang/rosprc_ws/build/examples_rclcpp_cbg_executor -- -j20 -l20
[3.711s] [ 40%] Built target pong
[3.712s] [ 60%] Built target ping
[3.713s] [100%] Built target ping_pong
[3.756s] Invoked command in '/home/zhang/rosprc_ws/build/examples_rclcpp_cbg_executor' returned '0': CMAKE_PREFIX_PATH=${CMAKE_PREFIX_PATH}:/opt/ros/jazzy /usr/bin/cmake --build /home/zhang/rosprc_ws/build/examples_rclcpp_cbg_executor -- -j20 -l20
[3.760s] Invoking command in '/home/zhang/rosprc_ws/build/examples_rclcpp_cbg_executor': CMAKE_PREFIX_PATH=${CMAKE_PREFIX_PATH}:/opt/ros/jazzy /usr/bin/cmake --install /home/zhang/rosprc_ws/build/examples_rclcpp_cbg_executor
[3.838s] -- Install configuration: ""
[3.839s] -- Execute custom install script
[3.839s] -- Up-to-date symlink: /home/zhang/rosprc_ws/install/examples_rclcpp_cbg_executor/lib/examples_rclcpp_cbg_executor/ping
[3.839s] -- Up-to-date symlink: /home/zhang/rosprc_ws/install/examples_rclcpp_cbg_executor/lib/examples_rclcpp_cbg_executor/pong
[3.842s] -- Up-to-date symlink: /home/zhang/rosprc_ws/install/examples_rclcpp_cbg_executor/lib/examples_rclcpp_cbg_executor/ping_pong
[3.843s] -- Up-to-date symlink: /home/zhang/rosprc_ws/install/examples_rclcpp_cbg_executor/include/examples_rclcpp_cbg_executor/ping_node.hpp
[3.843s] -- Up-to-date symlink: /home/zhang/rosprc_ws/install/examples_rclcpp_cbg_executor/include/examples_rclcpp_cbg_executor/pong_node.hpp
[3.844s] -- Up-to-date symlink: /home/zhang/rosprc_ws/install/examples_rclcpp_cbg_executor/share/ament_index/resource_index/package_run_dependencies/examples_rclcpp_cbg_executor
[3.844s] -- Up-to-date symlink: /home/zhang/rosprc_ws/install/examples_rclcpp_cbg_executor/share/ament_index/resource_index/parent_prefix_path/examples_rclcpp_cbg_executor
[3.845s] -- Up-to-date symlink: /home/zhang/rosprc_ws/install/examples_rclcpp_cbg_executor/share/examples_rclcpp_cbg_executor/environment/ament_prefix_path.sh
[3.846s] -- Up-to-date symlink: /home/zhang/rosprc_ws/install/examples_rclcpp_cbg_executor/share/examples_rclcpp_cbg_executor/environment/ament_prefix_path.dsv
[3.846s] -- Up-to-date symlink: /home/zhang/rosprc_ws/install/examples_rclcpp_cbg_executor/share/examples_rclcpp_cbg_executor/environment/path.sh
[3.847s] -- Up-to-date symlink: /home/zhang/rosprc_ws/install/examples_rclcpp_cbg_executor/share/examples_rclcpp_cbg_executor/environment/path.dsv
[3.847s] -- Up-to-date symlink: /home/zhang/rosprc_ws/install/examples_rclcpp_cbg_executor/share/examples_rclcpp_cbg_executor/local_setup.bash
[3.847s] -- Up-to-date symlink: /home/zhang/rosprc_ws/install/examples_rclcpp_cbg_executor/share/examples_rclcpp_cbg_executor/local_setup.sh
[3.847s] -- Up-to-date symlink: /home/zhang/rosprc_ws/install/examples_rclcpp_cbg_executor/share/examples_rclcpp_cbg_executor/local_setup.zsh
[3.848s] -- Up-to-date symlink: /home/zhang/rosprc_ws/install/examples_rclcpp_cbg_executor/share/examples_rclcpp_cbg_executor/local_setup.dsv
[3.849s] -- Symlinking: /home/zhang/rosprc_ws/install/examples_rclcpp_cbg_executor/share/examples_rclcpp_cbg_executor/package.dsv
[3.850s] -- Up-to-date symlink: /home/zhang/rosprc_ws/install/examples_rclcpp_cbg_executor/share/ament_index/resource_index/packages/examples_rclcpp_cbg_executor
[3.850s] -- Up-to-date symlink: /home/zhang/rosprc_ws/install/examples_rclcpp_cbg_executor/share/examples_rclcpp_cbg_executor/cmake/ament_cmake_export_dependencies-extras.cmake
[3.850s] -- Up-to-date symlink: /home/zhang/rosprc_ws/install/examples_rclcpp_cbg_executor/share/examples_rclcpp_cbg_executor/cmake/examples_rclcpp_cbg_executorConfig.cmake
[3.851s] -- Up-to-date symlink: /home/zhang/rosprc_ws/install/examples_rclcpp_cbg_executor/share/examples_rclcpp_cbg_executor/cmake/examples_rclcpp_cbg_executorConfig-version.cmake
[3.851s] -- Up-to-date symlink: /home/zhang/rosprc_ws/install/examples_rclcpp_cbg_executor/share/examples_rclcpp_cbg_executor/package.xml
[4.040s] Invoked command in '/home/zhang/rosprc_ws/build/examples_rclcpp_cbg_executor' returned '0': CMAKE_PREFIX_PATH=${CMAKE_PREFIX_PATH}:/opt/ros/jazzy /usr/bin/cmake --install /home/zhang/rosprc_ws/build/examples_rclcpp_cbg_executor
