[0.143s] Invoking command in '/home/zhang/rosprc_ws/build/examples_rclcpp_multithreaded_executor': CMAKE_PREFIX_PATH=${CMAKE_PREFIX_PATH}:/opt/ros/jazzy /usr/bin/cmake /home/zhang/rosprc_ws/src/examples/rclcpp/executors/multithreaded_executor -DCMAKE_INSTALL_PREFIX=/home/zhang/rosprc_ws/install/examples_rclcpp_multithreaded_executor
[2.379s] -- Found ament_cmake: 2.5.6 (/opt/ros/jazzy/share/ament_cmake/cmake)
[2.379s] -- Override CMake install command with custom implementation using symlinks instead of copying resources
[2.379s] -- Found rclcpp: 28.1.21 (/opt/ros/jazzy/share/rclcpp/cmake)
[3.701s] -- Found rosidl_generator_c: 4.6.9 (/opt/ros/jazzy/share/rosidl_generator_c/cmake)
[3.726s] -- Found rosidl_generator_cpp: 4.6.9 (/opt/ros/jazzy/share/rosidl_generator_cpp/cmake)
[3.752s] -- Using all available rosidl_typesupport_c: rosidl_typesupport_fastrtps_c;rosidl_typesupport_introspection_c
[3.784s] -- Using all available rosidl_typesupport_cpp: rosidl_typesupport_fastrtps_cpp;rosidl_typesupport_introspection_cpp
[3.920s] -- Found rmw_implementation_cmake: 7.3.3 (/opt/ros/jazzy/share/rmw_implementation_cmake/cmake)
[3.925s] -- Found rmw_fastrtps_cpp: 8.4.4 (/opt/ros/jazzy/share/rmw_fastrtps_cpp/cmake)
[4.230s] -- Using RMW implementation 'rmw_fastrtps_cpp' as default
[4.482s] -- Found std_msgs: 5.3.8 (/opt/ros/jazzy/share/std_msgs/cmake)
[4.501s] -- Found ament_lint_auto: 0.17.5 (/opt/ros/jazzy/share/ament_lint_auto/cmake)
[4.647s] -- Added test 'copyright' to check source files copyright and LICENSE
[4.649s] -- Added test 'cppcheck' to perform static code analysis on C / C++ code
[4.649s] -- Configured cppcheck include dirs: 
[4.650s] -- Configured cppcheck exclude dirs and/or files: 
[4.651s] -- Added test 'cpplint' to check C / C++ code against the Google style
[4.652s] -- Configured cpplint exclude dirs and/or files: 
[4.654s] -- Added test 'lint_cmake' to check CMake code style
[4.654s] -- Added test 'uncrustify' to check C / C++ code style
[4.655s] -- Configured uncrustify additional arguments: 
[4.655s] -- Added test 'xmllint' to check XML markup files
[4.657s] -- Configuring done (4.5s)
[4.686s] -- Generating done (0.0s)
[4.695s] -- Build files have been written to: /home/zhang/rosprc_ws/build/examples_rclcpp_multithreaded_executor
[4.752s] Invoked command in '/home/zhang/rosprc_ws/build/examples_rclcpp_multithreaded_executor' returned '0': CMAKE_PREFIX_PATH=${CMAKE_PREFIX_PATH}:/opt/ros/jazzy /usr/bin/cmake /home/zhang/rosprc_ws/src/examples/rclcpp/executors/multithreaded_executor -DCMAKE_INSTALL_PREFIX=/home/zhang/rosprc_ws/install/examples_rclcpp_multithreaded_executor
[4.763s] Invoking command in '/home/zhang/rosprc_ws/build/examples_rclcpp_multithreaded_executor': CMAKE_PREFIX_PATH=${CMAKE_PREFIX_PATH}:/opt/ros/jazzy /usr/bin/cmake --build /home/zhang/rosprc_ws/build/examples_rclcpp_multithreaded_executor -- -j20 -l20
[4.842s] [100%] Built target multithreaded_executor
[5.006s] Invoked command in '/home/zhang/rosprc_ws/build/examples_rclcpp_multithreaded_executor' returned '0': CMAKE_PREFIX_PATH=${CMAKE_PREFIX_PATH}:/opt/ros/jazzy /usr/bin/cmake --build /home/zhang/rosprc_ws/build/examples_rclcpp_multithreaded_executor -- -j20 -l20
[5.027s] Invoking command in '/home/zhang/rosprc_ws/build/examples_rclcpp_multithreaded_executor': CMAKE_PREFIX_PATH=${CMAKE_PREFIX_PATH}:/opt/ros/jazzy /usr/bin/cmake --install /home/zhang/rosprc_ws/build/examples_rclcpp_multithreaded_executor
[5.059s] -- Install configuration: ""
[5.060s] -- Execute custom install script
[5.060s] -- Up-to-date symlink: /home/zhang/rosprc_ws/install/examples_rclcpp_multithreaded_executor/lib/examples_rclcpp_multithreaded_executor/multithreaded_executor
[5.060s] -- Up-to-date symlink: /home/zhang/rosprc_ws/install/examples_rclcpp_multithreaded_executor/share/ament_index/resource_index/package_run_dependencies/examples_rclcpp_multithreaded_executor
[5.060s] -- Up-to-date symlink: /home/zhang/rosprc_ws/install/examples_rclcpp_multithreaded_executor/share/ament_index/resource_index/parent_prefix_path/examples_rclcpp_multithreaded_executor
[5.060s] -- Up-to-date symlink: /home/zhang/rosprc_ws/install/examples_rclcpp_multithreaded_executor/share/examples_rclcpp_multithreaded_executor/environment/ament_prefix_path.sh
[5.060s] -- Up-to-date symlink: /home/zhang/rosprc_ws/install/examples_rclcpp_multithreaded_executor/share/examples_rclcpp_multithreaded_executor/environment/ament_prefix_path.dsv
[5.060s] -- Up-to-date symlink: /home/zhang/rosprc_ws/install/examples_rclcpp_multithreaded_executor/share/examples_rclcpp_multithreaded_executor/environment/path.sh
[5.060s] -- Up-to-date symlink: /home/zhang/rosprc_ws/install/examples_rclcpp_multithreaded_executor/share/examples_rclcpp_multithreaded_executor/environment/path.dsv
[5.060s] -- Up-to-date symlink: /home/zhang/rosprc_ws/install/examples_rclcpp_multithreaded_executor/share/examples_rclcpp_multithreaded_executor/local_setup.bash
[5.061s] -- Up-to-date symlink: /home/zhang/rosprc_ws/install/examples_rclcpp_multithreaded_executor/share/examples_rclcpp_multithreaded_executor/local_setup.sh
[5.061s] -- Up-to-date symlink: /home/zhang/rosprc_ws/install/examples_rclcpp_multithreaded_executor/share/examples_rclcpp_multithreaded_executor/local_setup.zsh
[5.061s] -- Up-to-date symlink: /home/zhang/rosprc_ws/install/examples_rclcpp_multithreaded_executor/share/examples_rclcpp_multithreaded_executor/local_setup.dsv
[5.061s] -- Symlinking: /home/zhang/rosprc_ws/install/examples_rclcpp_multithreaded_executor/share/examples_rclcpp_multithreaded_executor/package.dsv
[5.082s] -- Up-to-date symlink: /home/zhang/rosprc_ws/install/examples_rclcpp_multithreaded_executor/share/ament_index/resource_index/packages/examples_rclcpp_multithreaded_executor
[5.083s] -- Up-to-date symlink: /home/zhang/rosprc_ws/install/examples_rclcpp_multithreaded_executor/share/examples_rclcpp_multithreaded_executor/cmake/examples_rclcpp_multithreaded_executorConfig.cmake
[5.083s] -- Up-to-date symlink: /home/zhang/rosprc_ws/install/examples_rclcpp_multithreaded_executor/share/examples_rclcpp_multithreaded_executor/cmake/examples_rclcpp_multithreaded_executorConfig-version.cmake
[5.085s] -- Up-to-date symlink: /home/zhang/rosprc_ws/install/examples_rclcpp_multithreaded_executor/share/examples_rclcpp_multithreaded_executor/package.xml
[5.554s] Invoked command in '/home/zhang/rosprc_ws/build/examples_rclcpp_multithreaded_executor' returned '0': CMAKE_PREFIX_PATH=${CMAKE_PREFIX_PATH}:/opt/ros/jazzy /usr/bin/cmake --install /home/zhang/rosprc_ws/build/examples_rclcpp_multithreaded_executor
