[5.726s] Invoking command in '/home/zhang/rosprc_ws/build/examples_rclpy_executors': PYTHONPATH=/home/zhang/rosprc_ws/build/examples_rclpy_executors/prefix_override:/usr/lib/python3/dist-packages/colcon_core/task/python/colcon_distutils_commands:/home/zhang/rosprc_ws/install/examples_rclpy_executors/lib/python3.12/site-packages:${PYTHONPATH} /usr/bin/python3 -W ignore:setup.py install is deprecated -W ignore:easy_install command is deprecated setup.py develop --editable --build-directory /home/zhang/rosprc_ws/build/examples_rclpy_executors/build --no-deps symlink_data
[6.239s] running develop
[6.496s] running egg_info
[6.516s] writing examples_rclpy_executors.egg-info/PKG-INFO
[6.517s] writing dependency_links to examples_rclpy_executors.egg-info/dependency_links.txt
[6.517s] writing entry points to examples_rclpy_executors.egg-info/entry_points.txt
[6.518s] writing requirements to examples_rclpy_executors.egg-info/requires.txt
[6.518s] writing top-level names to examples_rclpy_executors.egg-info/top_level.txt
[6.575s] reading manifest file 'examples_rclpy_executors.egg-info/SOURCES.txt'
[6.577s] writing manifest file 'examples_rclpy_executors.egg-info/SOURCES.txt'
[6.605s] running build_ext
[6.607s] Creating /home/zhang/rosprc_ws/install/examples_rclpy_executors/lib/python3.12/site-packages/examples-rclpy-executors.egg-link (link to .)
[6.608s] Installing callback_group script to /home/zhang/rosprc_ws/install/examples_rclpy_executors/lib/examples_rclpy_executors
[6.609s] Installing composed script to /home/zhang/rosprc_ws/install/examples_rclpy_executors/lib/examples_rclpy_executors
[6.610s] Installing custom_callback_group script to /home/zhang/rosprc_ws/install/examples_rclpy_executors/lib/examples_rclpy_executors
[6.610s] Installing custom_executor script to /home/zhang/rosprc_ws/install/examples_rclpy_executors/lib/examples_rclpy_executors
[6.611s] Installing listener script to /home/zhang/rosprc_ws/install/examples_rclpy_executors/lib/examples_rclpy_executors
[6.611s] Installing talker script to /home/zhang/rosprc_ws/install/examples_rclpy_executors/lib/examples_rclpy_executors
[6.612s] 
[6.612s] Installed /home/zhang/rosprc_ws/build/examples_rclpy_executors
[6.612s] running symlink_data
[6.672s] Invoked command in '/home/zhang/rosprc_ws/build/examples_rclpy_executors' returned '0': PYTHONPATH=/home/zhang/rosprc_ws/build/examples_rclpy_executors/prefix_override:/usr/lib/python3/dist-packages/colcon_core/task/python/colcon_distutils_commands:/home/zhang/rosprc_ws/install/examples_rclpy_executors/lib/python3.12/site-packages:${PYTHONPATH} /usr/bin/python3 -W ignore:setup.py install is deprecated -W ignore:easy_install command is deprecated setup.py develop --editable --build-directory /home/zhang/rosprc_ws/build/examples_rclpy_executors/build --no-deps symlink_data
