[1.204s] Invoking command in '/home/zhang/rosprc_ws/src/examples/rclpy/topics/pointcloud_publisher': PYTHONPATH=/home/zhang/rosprc_ws/build/examples_rclpy_pointcloud_publisher/prefix_override:/usr/lib/python3/dist-packages/colcon_core/task/python/colcon_distutils_commands:/home/zhang/rosprc_ws/install/examples_rclpy_pointcloud_publisher/lib/python3.12/site-packages:${PYTHONPATH} /usr/bin/python3 -W ignore:setup.py install is deprecated -W ignore:easy_install command is deprecated setup.py egg_info --egg-base ../../../../../build/examples_rclpy_pointcloud_publisher build --build-base /home/zhang/rosprc_ws/build/examples_rclpy_pointcloud_publisher/build install --record /home/zhang/rosprc_ws/build/examples_rclpy_pointcloud_publisher/install.log --install-scripts $base/lib/examples_rclpy_pointcloud_publisher --single-version-externally-managed install_data
[1.438s] running egg_info
[1.454s] writing ../../../../../build/examples_rclpy_pointcloud_publisher/examples_rclpy_pointcloud_publisher.egg-info/PKG-INFO
[1.454s] writing dependency_links to ../../../../../build/examples_rclpy_pointcloud_publisher/examples_rclpy_pointcloud_publisher.egg-info/dependency_links.txt
[1.454s] writing entry points to ../../../../../build/examples_rclpy_pointcloud_publisher/examples_rclpy_pointcloud_publisher.egg-info/entry_points.txt
[1.454s] writing requirements to ../../../../../build/examples_rclpy_pointcloud_publisher/examples_rclpy_pointcloud_publisher.egg-info/requires.txt
[1.454s] writing top-level names to ../../../../../build/examples_rclpy_pointcloud_publisher/examples_rclpy_pointcloud_publisher.egg-info/top_level.txt
[1.489s] reading manifest file '../../../../../build/examples_rclpy_pointcloud_publisher/examples_rclpy_pointcloud_publisher.egg-info/SOURCES.txt'
[1.490s] writing manifest file '../../../../../build/examples_rclpy_pointcloud_publisher/examples_rclpy_pointcloud_publisher.egg-info/SOURCES.txt'
[1.491s] running build
[1.491s] running build_py
[1.491s] running install
[1.496s] running install_lib
[1.514s] running install_data
[1.514s] running install_egg_info
[1.531s] removing '/home/zhang/rosprc_ws/install/examples_rclpy_pointcloud_publisher/lib/python3.12/site-packages/examples_rclpy_pointcloud_publisher-0.19.7-py3.12.egg-info' (and everything under it)
[1.531s] Copying ../../../../../build/examples_rclpy_pointcloud_publisher/examples_rclpy_pointcloud_publisher.egg-info to /home/zhang/rosprc_ws/install/examples_rclpy_pointcloud_publisher/lib/python3.12/site-packages/examples_rclpy_pointcloud_publisher-0.19.7-py3.12.egg-info
[1.532s] running install_scripts
[1.638s] Installing pointcloud_publisher script to /home/zhang/rosprc_ws/install/examples_rclpy_pointcloud_publisher/lib/examples_rclpy_pointcloud_publisher
[1.639s] writing list of installed files to '/home/zhang/rosprc_ws/build/examples_rclpy_pointcloud_publisher/install.log'
[1.663s] Invoked command in '/home/zhang/rosprc_ws/src/examples/rclpy/topics/pointcloud_publisher' returned '0': PYTHONPATH=/home/zhang/rosprc_ws/build/examples_rclpy_pointcloud_publisher/prefix_override:/usr/lib/python3/dist-packages/colcon_core/task/python/colcon_distutils_commands:/home/zhang/rosprc_ws/install/examples_rclpy_pointcloud_publisher/lib/python3.12/site-packages:${PYTHONPATH} /usr/bin/python3 -W ignore:setup.py install is deprecated -W ignore:easy_install command is deprecated setup.py egg_info --egg-base ../../../../../build/examples_rclpy_pointcloud_publisher build --build-base /home/zhang/rosprc_ws/build/examples_rclpy_pointcloud_publisher/build install --record /home/zhang/rosprc_ws/build/examples_rclpy_pointcloud_publisher/install.log --install-scripts $base/lib/examples_rclpy_pointcloud_publisher --single-version-externally-managed install_data
