[2.244s] Invoking command in '/home/zhang/rosprc_ws/build/turtlesim': CMAKE_PREFIX_PATH=${CMAKE_PREFIX_PATH}:/opt/ros/jazzy /usr/bin/cmake --build /home/zhang/rosprc_ws/build/turtlesim -- -j20 -l20
[2.340s] [  1%] Built target turtlesim__rs
[2.359s] [  2%] Built target turtlesim__rosidl_generator_type_description
[2.399s] [  2%] Built target turtlesim__cpp
[2.432s] [ 25%] Built target turtlesim__rosidl_generator_c
[2.478s] [ 25%] Built target ament_cmake_python_copy_turtlesim
[2.549s] [ 35%] Built target turtlesim__rosidl_typesupport_fastrtps_c
[2.572s] [ 59%] Built target turtlesim__rosidl_typesupport_fastrtps_cpp
[2.579s] [ 64%] Built target turtlesim__rosidl_typesupport_introspection_cpp
[2.581s] [ 69%] Built target turtlesim__rosidl_typesupport_cpp
[2.586s] [ 70%] Built target turtlesim__rosidl_typesupport_introspection_c
[2.589s] [ 76%] Built target turtlesim__rosidl_typesupport_c
[2.657s] [ 77%] Built target draw_square
[2.672s] [ 79%] Built target turtle_teleop_key
[2.676s] [ 81%] Built target mimic
[2.679s] [ 81%] Built target turtlesim
[2.714s] [ 86%] Built target turtlesim_node
[2.730s] [ 87%] Built target turtlesim__py
[2.790s] [ 94%] Built target turtlesim__rosidl_generator_py
[2.840s] [ 97%] Built target turtlesim_s__rosidl_typesupport_introspection_c
[2.841s] [ 98%] Built target turtlesim_s__rosidl_typesupport_c
[2.846s] [100%] Built target turtlesim_s__rosidl_typesupport_fastrtps_c
[2.961s] running egg_info
[2.989s] writing turtlesim.egg-info/PKG-INFO
[2.989s] writing dependency_links to turtlesim.egg-info/dependency_links.txt
[2.990s] writing top-level names to turtlesim.egg-info/top_level.txt
[3.085s] reading manifest file 'turtlesim.egg-info/SOURCES.txt'
[3.087s] writing manifest file 'turtlesim.egg-info/SOURCES.txt'
[3.145s] [100%] Built target ament_cmake_python_build_turtlesim_egg
[3.164s] Invoked command in '/home/zhang/rosprc_ws/build/turtlesim' returned '0': CMAKE_PREFIX_PATH=${CMAKE_PREFIX_PATH}:/opt/ros/jazzy /usr/bin/cmake --build /home/zhang/rosprc_ws/build/turtlesim -- -j20 -l20
[3.166s] Invoking command in '/home/zhang/rosprc_ws/build/turtlesim': CMAKE_PREFIX_PATH=${CMAKE_PREFIX_PATH}:/opt/ros/jazzy /usr/bin/cmake --install /home/zhang/rosprc_ws/build/turtlesim
[3.182s] -- Install configuration: ""
[3.182s] -- Up-to-date: /home/zhang/rosprc_ws/install/turtlesim/share/ament_index/resource_index/rosidl_interfaces/turtlesim
[3.182s] -- Up-to-date: /home/zhang/rosprc_ws/install/turtlesim/share/turtlesim/action/RotateAbsolute.json
[3.182s] -- Up-to-date: /home/zhang/rosprc_ws/install/turtlesim/share/turtlesim/msg/Color.json
[3.183s] -- Up-to-date: /home/zhang/rosprc_ws/install/turtlesim/share/turtlesim/msg/Pose.json
[3.183s] -- Up-to-date: /home/zhang/rosprc_ws/install/turtlesim/share/turtlesim/srv/Kill.json
[3.183s] -- Up-to-date: /home/zhang/rosprc_ws/install/turtlesim/share/turtlesim/srv/SetPen.json
[3.183s] -- Up-to-date: /home/zhang/rosprc_ws/install/turtlesim/share/turtlesim/srv/Spawn.json
[3.183s] -- Up-to-date: /home/zhang/rosprc_ws/install/turtlesim/share/turtlesim/srv/TeleportAbsolute.json
[3.183s] -- Up-to-date: /home/zhang/rosprc_ws/install/turtlesim/share/turtlesim/srv/TeleportRelative.json
[3.183s] -- Up-to-date: /home/zhang/rosprc_ws/install/turtlesim/include/turtlesim/turtlesim
[3.183s] -- Up-to-date: /home/zhang/rosprc_ws/install/turtlesim/include/turtlesim/turtlesim/msg
[3.184s] -- Up-to-date: /home/zhang/rosprc_ws/install/turtlesim/include/turtlesim/turtlesim/msg/color.h
[3.184s] -- Up-to-date: /home/zhang/rosprc_ws/install/turtlesim/include/turtlesim/turtlesim/msg/pose.h
[3.184s] -- Up-to-date: /home/zhang/rosprc_ws/install/turtlesim/include/turtlesim/turtlesim/msg/detail
[3.184s] -- Up-to-date: /home/zhang/rosprc_ws/install/turtlesim/include/turtlesim/turtlesim/msg/detail/color__functions.c
[3.184s] -- Up-to-date: /home/zhang/rosprc_ws/install/turtlesim/include/turtlesim/turtlesim/msg/detail/color__struct.h
[3.184s] -- Up-to-date: /home/zhang/rosprc_ws/install/turtlesim/include/turtlesim/turtlesim/msg/detail/color__type_support.h
[3.186s] -- Up-to-date: /home/zhang/rosprc_ws/install/turtlesim/include/turtlesim/turtlesim/msg/detail/color__functions.h
[3.186s] -- Up-to-date: /home/zhang/rosprc_ws/install/turtlesim/include/turtlesim/turtlesim/msg/detail/pose__struct.h
[3.187s] -- Installing: /home/zhang/rosprc_ws/install/turtlesim/include/turtlesim/turtlesim/msg/detail/color__type_support.c
[3.187s] -- Up-to-date: /home/zhang/rosprc_ws/install/turtlesim/include/turtlesim/turtlesim/msg/detail/pose__description.c
[3.187s] -- Up-to-date: /home/zhang/rosprc_ws/install/turtlesim/include/turtlesim/turtlesim/msg/detail/pose__type_support.h
[3.189s] -- Installing: /home/zhang/rosprc_ws/install/turtlesim/include/turtlesim/turtlesim/msg/detail/pose__type_support.c
[3.190s] -- Up-to-date: /home/zhang/rosprc_ws/install/turtlesim/include/turtlesim/turtlesim/msg/detail/pose__functions.h
[3.190s] -- Up-to-date: /home/zhang/rosprc_ws/install/turtlesim/include/turtlesim/turtlesim/msg/detail/pose__functions.c
[3.193s] -- Up-to-date: /home/zhang/rosprc_ws/install/turtlesim/include/turtlesim/turtlesim/msg/detail/color__description.c
[3.195s] -- Up-to-date: /home/zhang/rosprc_ws/install/turtlesim/include/turtlesim/turtlesim/msg/rosidl_generator_c__visibility_control.h
[3.195s] -- Up-to-date: /home/zhang/rosprc_ws/install/turtlesim/include/turtlesim/turtlesim/action
[3.195s] -- Up-to-date: /home/zhang/rosprc_ws/install/turtlesim/include/turtlesim/turtlesim/action/detail
[3.195s] -- Up-to-date: /home/zhang/rosprc_ws/install/turtlesim/include/turtlesim/turtlesim/action/detail/rotate_absolute__description.c
[3.195s] -- Up-to-date: /home/zhang/rosprc_ws/install/turtlesim/include/turtlesim/turtlesim/action/detail/rotate_absolute__struct.h
[3.196s] -- Up-to-date: /home/zhang/rosprc_ws/install/turtlesim/include/turtlesim/turtlesim/action/detail/rotate_absolute__type_support.h
[3.196s] -- Up-to-date: /home/zhang/rosprc_ws/install/turtlesim/include/turtlesim/turtlesim/action/detail/rotate_absolute__functions.h
[3.196s] -- Up-to-date: /home/zhang/rosprc_ws/install/turtlesim/include/turtlesim/turtlesim/action/detail/rotate_absolute__functions.c
[3.197s] -- Installing: /home/zhang/rosprc_ws/install/turtlesim/include/turtlesim/turtlesim/action/detail/rotate_absolute__type_support.c
[3.197s] -- Up-to-date: /home/zhang/rosprc_ws/install/turtlesim/include/turtlesim/turtlesim/action/rotate_absolute.h
[3.197s] -- Up-to-date: /home/zhang/rosprc_ws/install/turtlesim/include/turtlesim/turtlesim/srv
[3.197s] -- Up-to-date: /home/zhang/rosprc_ws/install/turtlesim/include/turtlesim/turtlesim/srv/kill.h
[3.197s] -- Up-to-date: /home/zhang/rosprc_ws/install/turtlesim/include/turtlesim/turtlesim/srv/teleport_relative.h
[3.197s] -- Up-to-date: /home/zhang/rosprc_ws/install/turtlesim/include/turtlesim/turtlesim/srv/set_pen.h
[3.198s] -- Up-to-date: /home/zhang/rosprc_ws/install/turtlesim/include/turtlesim/turtlesim/srv/detail
[3.198s] -- Up-to-date: /home/zhang/rosprc_ws/install/turtlesim/include/turtlesim/turtlesim/srv/detail/set_pen__description.c
[3.199s] -- Up-to-date: /home/zhang/rosprc_ws/install/turtlesim/include/turtlesim/turtlesim/srv/detail/kill__functions.c
[3.199s] -- Up-to-date: /home/zhang/rosprc_ws/install/turtlesim/include/turtlesim/turtlesim/srv/detail/spawn__functions.h
[3.199s] -- Up-to-date: /home/zhang/rosprc_ws/install/turtlesim/include/turtlesim/turtlesim/srv/detail/set_pen__struct.h
[3.199s] -- Up-to-date: /home/zhang/rosprc_ws/install/turtlesim/include/turtlesim/turtlesim/srv/detail/teleport_relative__type_support.h
[3.199s] -- Up-to-date: /home/zhang/rosprc_ws/install/turtlesim/include/turtlesim/turtlesim/srv/detail/set_pen__type_support.h
[3.200s] -- Up-to-date: /home/zhang/rosprc_ws/install/turtlesim/include/turtlesim/turtlesim/srv/detail/teleport_relative__functions.h
[3.200s] -- Installing: /home/zhang/rosprc_ws/install/turtlesim/include/turtlesim/turtlesim/srv/detail/kill__type_support.c
[3.200s] -- Up-to-date: /home/zhang/rosprc_ws/install/turtlesim/include/turtlesim/turtlesim/srv/detail/kill__functions.h
[3.200s] -- Up-to-date: /home/zhang/rosprc_ws/install/turtlesim/include/turtlesim/turtlesim/srv/detail/teleport_relative__functions.c
[3.200s] -- Up-to-date: /home/zhang/rosprc_ws/install/turtlesim/include/turtlesim/turtlesim/srv/detail/kill__struct.h
[3.200s] -- Installing: /home/zhang/rosprc_ws/install/turtlesim/include/turtlesim/turtlesim/srv/detail/spawn__type_support.c
[3.201s] -- Up-to-date: /home/zhang/rosprc_ws/install/turtlesim/include/turtlesim/turtlesim/srv/detail/teleport_absolute__functions.c
[3.201s] -- Up-to-date: /home/zhang/rosprc_ws/install/turtlesim/include/turtlesim/turtlesim/srv/detail/kill__description.c
[3.201s] -- Up-to-date: /home/zhang/rosprc_ws/install/turtlesim/include/turtlesim/turtlesim/srv/detail/teleport_relative__description.c
[3.201s] -- Up-to-date: /home/zhang/rosprc_ws/install/turtlesim/include/turtlesim/turtlesim/srv/detail/teleport_absolute__struct.h
[3.202s] -- Up-to-date: /home/zhang/rosprc_ws/install/turtlesim/include/turtlesim/turtlesim/srv/detail/spawn__type_support.h
[3.202s] -- Up-to-date: /home/zhang/rosprc_ws/install/turtlesim/include/turtlesim/turtlesim/srv/detail/teleport_absolute__type_support.h
[3.202s] -- Up-to-date: /home/zhang/rosprc_ws/install/turtlesim/include/turtlesim/turtlesim/srv/detail/set_pen__functions.c
[3.202s] -- Up-to-date: /home/zhang/rosprc_ws/install/turtlesim/include/turtlesim/turtlesim/srv/detail/spawn__description.c
[3.202s] -- Up-to-date: /home/zhang/rosprc_ws/install/turtlesim/include/turtlesim/turtlesim/srv/detail/kill__type_support.h
[3.202s] -- Installing: /home/zhang/rosprc_ws/install/turtlesim/include/turtlesim/turtlesim/srv/detail/set_pen__type_support.c
[3.202s] -- Up-to-date: /home/zhang/rosprc_ws/install/turtlesim/include/turtlesim/turtlesim/srv/detail/teleport_relative__struct.h
[3.203s] -- Up-to-date: /home/zhang/rosprc_ws/install/turtlesim/include/turtlesim/turtlesim/srv/detail/spawn__functions.c
[3.203s] -- Up-to-date: /home/zhang/rosprc_ws/install/turtlesim/include/turtlesim/turtlesim/srv/detail/teleport_absolute__description.c
[3.203s] -- Up-to-date: /home/zhang/rosprc_ws/install/turtlesim/include/turtlesim/turtlesim/srv/detail/spawn__struct.h
[3.204s] -- Up-to-date: /home/zhang/rosprc_ws/install/turtlesim/include/turtlesim/turtlesim/srv/detail/set_pen__functions.h
[3.204s] -- Installing: /home/zhang/rosprc_ws/install/turtlesim/include/turtlesim/turtlesim/srv/detail/teleport_absolute__type_support.c
[3.204s] -- Up-to-date: /home/zhang/rosprc_ws/install/turtlesim/include/turtlesim/turtlesim/srv/detail/teleport_absolute__functions.h
[3.204s] -- Installing: /home/zhang/rosprc_ws/install/turtlesim/include/turtlesim/turtlesim/srv/detail/teleport_relative__type_support.c
[3.204s] -- Up-to-date: /home/zhang/rosprc_ws/install/turtlesim/include/turtlesim/turtlesim/srv/spawn.h
[3.204s] -- Up-to-date: /home/zhang/rosprc_ws/install/turtlesim/include/turtlesim/turtlesim/srv/teleport_absolute.h
[3.204s] -- Up-to-date: /home/zhang/rosprc_ws/install/turtlesim/share/turtlesim/environment/library_path.sh
[3.204s] -- Up-to-date: /home/zhang/rosprc_ws/install/turtlesim/share/turtlesim/environment/library_path.dsv
[3.205s] -- Up-to-date: /home/zhang/rosprc_ws/install/turtlesim/lib/libturtlesim__rosidl_generator_c.so
[3.205s] -- Up-to-date: /home/zhang/rosprc_ws/install/turtlesim/include/turtlesim/turtlesim
[3.205s] -- Up-to-date: /home/zhang/rosprc_ws/install/turtlesim/include/turtlesim/turtlesim/msg
[3.205s] -- Up-to-date: /home/zhang/rosprc_ws/install/turtlesim/include/turtlesim/turtlesim/msg/rosidl_typesupport_fastrtps_c__visibility_control.h
[3.205s] -- Up-to-date: /home/zhang/rosprc_ws/install/turtlesim/include/turtlesim/turtlesim/msg/detail
[3.206s] -- Up-to-date: /home/zhang/rosprc_ws/install/turtlesim/include/turtlesim/turtlesim/msg/detail/color__rosidl_typesupport_fastrtps_c.h
[3.206s] -- Up-to-date: /home/zhang/rosprc_ws/install/turtlesim/include/turtlesim/turtlesim/msg/detail/pose__rosidl_typesupport_fastrtps_c.h
[3.206s] -- Up-to-date: /home/zhang/rosprc_ws/install/turtlesim/include/turtlesim/turtlesim/action
[3.207s] -- Up-to-date: /home/zhang/rosprc_ws/install/turtlesim/include/turtlesim/turtlesim/action/detail
[3.207s] -- Up-to-date: /home/zhang/rosprc_ws/install/turtlesim/include/turtlesim/turtlesim/action/detail/rotate_absolute__rosidl_typesupport_fastrtps_c.h
[3.207s] -- Up-to-date: /home/zhang/rosprc_ws/install/turtlesim/include/turtlesim/turtlesim/srv
[3.208s] -- Up-to-date: /home/zhang/rosprc_ws/install/turtlesim/include/turtlesim/turtlesim/srv/detail
[3.208s] -- Up-to-date: /home/zhang/rosprc_ws/install/turtlesim/include/turtlesim/turtlesim/srv/detail/spawn__rosidl_typesupport_fastrtps_c.h
[3.208s] -- Up-to-date: /home/zhang/rosprc_ws/install/turtlesim/include/turtlesim/turtlesim/srv/detail/set_pen__rosidl_typesupport_fastrtps_c.h
[3.209s] -- Up-to-date: /home/zhang/rosprc_ws/install/turtlesim/include/turtlesim/turtlesim/srv/detail/teleport_relative__rosidl_typesupport_fastrtps_c.h
[3.209s] -- Up-to-date: /home/zhang/rosprc_ws/install/turtlesim/include/turtlesim/turtlesim/srv/detail/teleport_absolute__rosidl_typesupport_fastrtps_c.h
[3.209s] -- Up-to-date: /home/zhang/rosprc_ws/install/turtlesim/include/turtlesim/turtlesim/srv/detail/kill__rosidl_typesupport_fastrtps_c.h
[3.209s] -- Up-to-date: /home/zhang/rosprc_ws/install/turtlesim/lib/libturtlesim__rosidl_typesupport_fastrtps_c.so
[3.210s] -- Up-to-date: /home/zhang/rosprc_ws/install/turtlesim/include/turtlesim/turtlesim
[3.210s] -- Up-to-date: /home/zhang/rosprc_ws/install/turtlesim/include/turtlesim/turtlesim/msg
[3.210s] -- Up-to-date: /home/zhang/rosprc_ws/install/turtlesim/include/turtlesim/turtlesim/msg/pose.hpp
[3.210s] -- Up-to-date: /home/zhang/rosprc_ws/install/turtlesim/include/turtlesim/turtlesim/msg/detail
[3.212s] -- Up-to-date: /home/zhang/rosprc_ws/install/turtlesim/include/turtlesim/turtlesim/msg/detail/color__builder.hpp
[3.212s] -- Up-to-date: /home/zhang/rosprc_ws/install/turtlesim/include/turtlesim/turtlesim/msg/detail/color__type_support.hpp
[3.212s] -- Up-to-date: /home/zhang/rosprc_ws/install/turtlesim/include/turtlesim/turtlesim/msg/detail/pose__builder.hpp
[3.216s] -- Up-to-date: /home/zhang/rosprc_ws/install/turtlesim/include/turtlesim/turtlesim/msg/detail/pose__type_support.hpp
[3.218s] -- Up-to-date: /home/zhang/rosprc_ws/install/turtlesim/include/turtlesim/turtlesim/msg/detail/pose__traits.hpp
[3.219s] -- Up-to-date: /home/zhang/rosprc_ws/install/turtlesim/include/turtlesim/turtlesim/msg/detail/pose__struct.hpp
[3.221s] -- Up-to-date: /home/zhang/rosprc_ws/install/turtlesim/include/turtlesim/turtlesim/msg/detail/color__struct.hpp
[3.221s] -- Up-to-date: /home/zhang/rosprc_ws/install/turtlesim/include/turtlesim/turtlesim/msg/detail/color__traits.hpp
[3.221s] -- Up-to-date: /home/zhang/rosprc_ws/install/turtlesim/include/turtlesim/turtlesim/msg/rosidl_generator_cpp__visibility_control.hpp
[3.222s] -- Up-to-date: /home/zhang/rosprc_ws/install/turtlesim/include/turtlesim/turtlesim/msg/color.hpp
[3.222s] -- Up-to-date: /home/zhang/rosprc_ws/install/turtlesim/include/turtlesim/turtlesim/action
[3.223s] -- Up-to-date: /home/zhang/rosprc_ws/install/turtlesim/include/turtlesim/turtlesim/action/detail
[3.223s] -- Up-to-date: /home/zhang/rosprc_ws/install/turtlesim/include/turtlesim/turtlesim/action/detail/rotate_absolute__type_support.hpp
[3.224s] -- Up-to-date: /home/zhang/rosprc_ws/install/turtlesim/include/turtlesim/turtlesim/action/detail/rotate_absolute__builder.hpp
[3.225s] -- Up-to-date: /home/zhang/rosprc_ws/install/turtlesim/include/turtlesim/turtlesim/action/detail/rotate_absolute__traits.hpp
[3.225s] -- Up-to-date: /home/zhang/rosprc_ws/install/turtlesim/include/turtlesim/turtlesim/action/detail/rotate_absolute__struct.hpp
[3.225s] -- Up-to-date: /home/zhang/rosprc_ws/install/turtlesim/include/turtlesim/turtlesim/action/rotate_absolute.hpp
[3.226s] -- Up-to-date: /home/zhang/rosprc_ws/install/turtlesim/include/turtlesim/turtlesim/srv
[3.226s] -- Up-to-date: /home/zhang/rosprc_ws/install/turtlesim/include/turtlesim/turtlesim/srv/set_pen.hpp
[3.227s] -- Up-to-date: /home/zhang/rosprc_ws/install/turtlesim/include/turtlesim/turtlesim/srv/detail
[3.227s] -- Up-to-date: /home/zhang/rosprc_ws/install/turtlesim/include/turtlesim/turtlesim/srv/detail/teleport_absolute__traits.hpp
[3.228s] -- Up-to-date: /home/zhang/rosprc_ws/install/turtlesim/include/turtlesim/turtlesim/srv/detail/teleport_absolute__struct.hpp
[3.228s] -- Up-to-date: /home/zhang/rosprc_ws/install/turtlesim/include/turtlesim/turtlesim/srv/detail/teleport_relative__type_support.hpp
[3.229s] -- Up-to-date: /home/zhang/rosprc_ws/install/turtlesim/include/turtlesim/turtlesim/srv/detail/kill__struct.hpp
[3.230s] -- Up-to-date: /home/zhang/rosprc_ws/install/turtlesim/include/turtlesim/turtlesim/srv/detail/spawn__type_support.hpp
[3.231s] -- Up-to-date: /home/zhang/rosprc_ws/install/turtlesim/include/turtlesim/turtlesim/srv/detail/spawn__struct.hpp
[3.232s] -- Up-to-date: /home/zhang/rosprc_ws/install/turtlesim/include/turtlesim/turtlesim/srv/detail/spawn__builder.hpp
[3.232s] -- Up-to-date: /home/zhang/rosprc_ws/install/turtlesim/include/turtlesim/turtlesim/srv/detail/teleport_absolute__builder.hpp
[3.232s] -- Up-to-date: /home/zhang/rosprc_ws/install/turtlesim/include/turtlesim/turtlesim/srv/detail/set_pen__traits.hpp
[3.233s] -- Up-to-date: /home/zhang/rosprc_ws/install/turtlesim/include/turtlesim/turtlesim/srv/detail/kill__type_support.hpp
[3.235s] -- Up-to-date: /home/zhang/rosprc_ws/install/turtlesim/include/turtlesim/turtlesim/srv/detail/kill__builder.hpp
[3.239s] -- Up-to-date: /home/zhang/rosprc_ws/install/turtlesim/include/turtlesim/turtlesim/srv/detail/teleport_relative__struct.hpp
[3.241s] -- Up-to-date: /home/zhang/rosprc_ws/install/turtlesim/include/turtlesim/turtlesim/srv/detail/kill__traits.hpp
[3.241s] -- Up-to-date: /home/zhang/rosprc_ws/install/turtlesim/include/turtlesim/turtlesim/srv/detail/teleport_absolute__type_support.hpp
[3.242s] -- Up-to-date: /home/zhang/rosprc_ws/install/turtlesim/include/turtlesim/turtlesim/srv/detail/teleport_relative__traits.hpp
[3.242s] -- Up-to-date: /home/zhang/rosprc_ws/install/turtlesim/include/turtlesim/turtlesim/srv/detail/set_pen__type_support.hpp
[3.243s] -- Up-to-date: /home/zhang/rosprc_ws/install/turtlesim/include/turtlesim/turtlesim/srv/detail/spawn__traits.hpp
[3.246s] -- Up-to-date: /home/zhang/rosprc_ws/install/turtlesim/include/turtlesim/turtlesim/srv/detail/teleport_relative__builder.hpp
[3.246s] -- Up-to-date: /home/zhang/rosprc_ws/install/turtlesim/include/turtlesim/turtlesim/srv/detail/set_pen__builder.hpp
[3.246s] -- Up-to-date: /home/zhang/rosprc_ws/install/turtlesim/include/turtlesim/turtlesim/srv/detail/set_pen__struct.hpp
[3.247s] -- Up-to-date: /home/zhang/rosprc_ws/install/turtlesim/include/turtlesim/turtlesim/srv/teleport_absolute.hpp
[3.247s] -- Up-to-date: /home/zhang/rosprc_ws/install/turtlesim/include/turtlesim/turtlesim/srv/kill.hpp
[3.247s] -- Up-to-date: /home/zhang/rosprc_ws/install/turtlesim/include/turtlesim/turtlesim/srv/teleport_relative.hpp
[3.253s] -- Up-to-date: /home/zhang/rosprc_ws/install/turtlesim/include/turtlesim/turtlesim/srv/spawn.hpp
[3.254s] -- Up-to-date: /home/zhang/rosprc_ws/install/turtlesim/include/turtlesim/turtlesim
[3.254s] -- Up-to-date: /home/zhang/rosprc_ws/install/turtlesim/include/turtlesim/turtlesim/msg
[3.255s] -- Up-to-date: /home/zhang/rosprc_ws/install/turtlesim/include/turtlesim/turtlesim/msg/detail
[3.255s] -- Up-to-date: /home/zhang/rosprc_ws/install/turtlesim/include/turtlesim/turtlesim/msg/detail/dds_fastrtps
[3.255s] -- Up-to-date: /home/zhang/rosprc_ws/install/turtlesim/include/turtlesim/turtlesim/msg/detail/pose__rosidl_typesupport_fastrtps_cpp.hpp
[3.255s] -- Up-to-date: /home/zhang/rosprc_ws/install/turtlesim/include/turtlesim/turtlesim/msg/detail/color__rosidl_typesupport_fastrtps_cpp.hpp
[3.255s] -- Up-to-date: /home/zhang/rosprc_ws/install/turtlesim/include/turtlesim/turtlesim/msg/rosidl_typesupport_fastrtps_cpp__visibility_control.h
[3.255s] -- Up-to-date: /home/zhang/rosprc_ws/install/turtlesim/include/turtlesim/turtlesim/action
[3.255s] -- Up-to-date: /home/zhang/rosprc_ws/install/turtlesim/include/turtlesim/turtlesim/action/detail
[3.256s] -- Up-to-date: /home/zhang/rosprc_ws/install/turtlesim/include/turtlesim/turtlesim/action/detail/dds_fastrtps
[3.256s] -- Up-to-date: /home/zhang/rosprc_ws/install/turtlesim/include/turtlesim/turtlesim/action/detail/rotate_absolute__rosidl_typesupport_fastrtps_cpp.hpp
[3.258s] -- Up-to-date: /home/zhang/rosprc_ws/install/turtlesim/include/turtlesim/turtlesim/srv
[3.264s] -- Up-to-date: /home/zhang/rosprc_ws/install/turtlesim/include/turtlesim/turtlesim/srv/detail
[3.265s] -- Up-to-date: /home/zhang/rosprc_ws/install/turtlesim/include/turtlesim/turtlesim/srv/detail/teleport_relative__rosidl_typesupport_fastrtps_cpp.hpp
[3.266s] -- Up-to-date: /home/zhang/rosprc_ws/install/turtlesim/include/turtlesim/turtlesim/srv/detail/kill__rosidl_typesupport_fastrtps_cpp.hpp
[3.266s] -- Up-to-date: /home/zhang/rosprc_ws/install/turtlesim/include/turtlesim/turtlesim/srv/detail/set_pen__rosidl_typesupport_fastrtps_cpp.hpp
[3.266s] -- Up-to-date: /home/zhang/rosprc_ws/install/turtlesim/include/turtlesim/turtlesim/srv/detail/dds_fastrtps
[3.266s] -- Up-to-date: /home/zhang/rosprc_ws/install/turtlesim/include/turtlesim/turtlesim/srv/detail/spawn__rosidl_typesupport_fastrtps_cpp.hpp
[3.266s] -- Up-to-date: /home/zhang/rosprc_ws/install/turtlesim/include/turtlesim/turtlesim/srv/detail/teleport_absolute__rosidl_typesupport_fastrtps_cpp.hpp
[3.267s] -- Up-to-date: /home/zhang/rosprc_ws/install/turtlesim/lib/libturtlesim__rosidl_typesupport_fastrtps_cpp.so
[3.268s] -- Up-to-date: /home/zhang/rosprc_ws/install/turtlesim/include/turtlesim/turtlesim
[3.268s] -- Up-to-date: /home/zhang/rosprc_ws/install/turtlesim/include/turtlesim/turtlesim/msg
[3.268s] -- Up-to-date: /home/zhang/rosprc_ws/install/turtlesim/include/turtlesim/turtlesim/msg/detail
[3.270s] -- Installing: /home/zhang/rosprc_ws/install/turtlesim/include/turtlesim/turtlesim/msg/detail/color__type_support.c
[3.270s] -- Up-to-date: /home/zhang/rosprc_ws/install/turtlesim/include/turtlesim/turtlesim/msg/detail/pose__rosidl_typesupport_introspection_c.h
[3.270s] -- Installing: /home/zhang/rosprc_ws/install/turtlesim/include/turtlesim/turtlesim/msg/detail/pose__type_support.c
[3.271s] -- Up-to-date: /home/zhang/rosprc_ws/install/turtlesim/include/turtlesim/turtlesim/msg/detail/color__rosidl_typesupport_introspection_c.h
[3.271s] -- Up-to-date: /home/zhang/rosprc_ws/install/turtlesim/include/turtlesim/turtlesim/msg/rosidl_typesupport_introspection_c__visibility_control.h
[3.271s] -- Up-to-date: /home/zhang/rosprc_ws/install/turtlesim/include/turtlesim/turtlesim/action
[3.271s] -- Up-to-date: /home/zhang/rosprc_ws/install/turtlesim/include/turtlesim/turtlesim/action/detail
[3.271s] -- Up-to-date: /home/zhang/rosprc_ws/install/turtlesim/include/turtlesim/turtlesim/action/detail/rotate_absolute__rosidl_typesupport_introspection_c.h
[3.271s] -- Installing: /home/zhang/rosprc_ws/install/turtlesim/include/turtlesim/turtlesim/action/detail/rotate_absolute__type_support.c
[3.272s] -- Up-to-date: /home/zhang/rosprc_ws/install/turtlesim/include/turtlesim/turtlesim/srv
[3.272s] -- Up-to-date: /home/zhang/rosprc_ws/install/turtlesim/include/turtlesim/turtlesim/srv/detail
[3.272s] -- Installing: /home/zhang/rosprc_ws/install/turtlesim/include/turtlesim/turtlesim/srv/detail/kill__type_support.c
[3.272s] -- Up-to-date: /home/zhang/rosprc_ws/install/turtlesim/include/turtlesim/turtlesim/srv/detail/teleport_relative__rosidl_typesupport_introspection_c.h
[3.272s] -- Installing: /home/zhang/rosprc_ws/install/turtlesim/include/turtlesim/turtlesim/srv/detail/spawn__type_support.c
[3.272s] -- Up-to-date: /home/zhang/rosprc_ws/install/turtlesim/include/turtlesim/turtlesim/srv/detail/kill__rosidl_typesupport_introspection_c.h
[3.272s] -- Up-to-date: /home/zhang/rosprc_ws/install/turtlesim/include/turtlesim/turtlesim/srv/detail/spawn__rosidl_typesupport_introspection_c.h
[3.272s] -- Installing: /home/zhang/rosprc_ws/install/turtlesim/include/turtlesim/turtlesim/srv/detail/set_pen__type_support.c
[3.272s] -- Installing: /home/zhang/rosprc_ws/install/turtlesim/include/turtlesim/turtlesim/srv/detail/teleport_absolute__type_support.c
[3.272s] -- Up-to-date: /home/zhang/rosprc_ws/install/turtlesim/include/turtlesim/turtlesim/srv/detail/teleport_absolute__rosidl_typesupport_introspection_c.h
[3.273s] -- Up-to-date: /home/zhang/rosprc_ws/install/turtlesim/include/turtlesim/turtlesim/srv/detail/set_pen__rosidl_typesupport_introspection_c.h
[3.273s] -- Installing: /home/zhang/rosprc_ws/install/turtlesim/include/turtlesim/turtlesim/srv/detail/teleport_relative__type_support.c
[3.273s] -- Up-to-date: /home/zhang/rosprc_ws/install/turtlesim/lib/libturtlesim__rosidl_typesupport_introspection_c.so
[3.273s] -- Up-to-date: /home/zhang/rosprc_ws/install/turtlesim/lib/libturtlesim__rosidl_typesupport_c.so
[3.273s] -- Up-to-date: /home/zhang/rosprc_ws/install/turtlesim/include/turtlesim/turtlesim
[3.273s] -- Up-to-date: /home/zhang/rosprc_ws/install/turtlesim/include/turtlesim/turtlesim/msg
[3.273s] -- Up-to-date: /home/zhang/rosprc_ws/install/turtlesim/include/turtlesim/turtlesim/msg/detail
[3.273s] -- Up-to-date: /home/zhang/rosprc_ws/install/turtlesim/include/turtlesim/turtlesim/msg/detail/color__rosidl_typesupport_introspection_cpp.hpp
[3.273s] -- Up-to-date: /home/zhang/rosprc_ws/install/turtlesim/include/turtlesim/turtlesim/msg/detail/pose__rosidl_typesupport_introspection_cpp.hpp
[3.273s] -- Up-to-date: /home/zhang/rosprc_ws/install/turtlesim/include/turtlesim/turtlesim/msg/detail/color__type_support.cpp
[3.273s] -- Up-to-date: /home/zhang/rosprc_ws/install/turtlesim/include/turtlesim/turtlesim/msg/detail/pose__type_support.cpp
[3.273s] -- Up-to-date: /home/zhang/rosprc_ws/install/turtlesim/include/turtlesim/turtlesim/action
[3.274s] -- Up-to-date: /home/zhang/rosprc_ws/install/turtlesim/include/turtlesim/turtlesim/action/detail
[3.274s] -- Up-to-date: /home/zhang/rosprc_ws/install/turtlesim/include/turtlesim/turtlesim/action/detail/rotate_absolute__rosidl_typesupport_introspection_cpp.hpp
[3.274s] -- Up-to-date: /home/zhang/rosprc_ws/install/turtlesim/include/turtlesim/turtlesim/action/detail/rotate_absolute__type_support.cpp
[3.274s] -- Up-to-date: /home/zhang/rosprc_ws/install/turtlesim/include/turtlesim/turtlesim/srv
[3.274s] -- Up-to-date: /home/zhang/rosprc_ws/install/turtlesim/include/turtlesim/turtlesim/srv/detail
[3.274s] -- Up-to-date: /home/zhang/rosprc_ws/install/turtlesim/include/turtlesim/turtlesim/srv/detail/spawn__type_support.cpp
[3.274s] -- Up-to-date: /home/zhang/rosprc_ws/install/turtlesim/include/turtlesim/turtlesim/srv/detail/kill__type_support.cpp
[3.275s] -- Up-to-date: /home/zhang/rosprc_ws/install/turtlesim/include/turtlesim/turtlesim/srv/detail/teleport_absolute__rosidl_typesupport_introspection_cpp.hpp
[3.275s] -- Up-to-date: /home/zhang/rosprc_ws/install/turtlesim/include/turtlesim/turtlesim/srv/detail/set_pen__rosidl_typesupport_introspection_cpp.hpp
[3.278s] -- Up-to-date: /home/zhang/rosprc_ws/install/turtlesim/include/turtlesim/turtlesim/srv/detail/teleport_absolute__type_support.cpp
[3.281s] -- Up-to-date: /home/zhang/rosprc_ws/install/turtlesim/include/turtlesim/turtlesim/srv/detail/set_pen__type_support.cpp
[3.282s] -- Up-to-date: /home/zhang/rosprc_ws/install/turtlesim/include/turtlesim/turtlesim/srv/detail/spawn__rosidl_typesupport_introspection_cpp.hpp
[3.286s] -- Up-to-date: /home/zhang/rosprc_ws/install/turtlesim/include/turtlesim/turtlesim/srv/detail/teleport_relative__type_support.cpp
[3.286s] -- Up-to-date: /home/zhang/rosprc_ws/install/turtlesim/include/turtlesim/turtlesim/srv/detail/kill__rosidl_typesupport_introspection_cpp.hpp
[3.288s] -- Up-to-date: /home/zhang/rosprc_ws/install/turtlesim/include/turtlesim/turtlesim/srv/detail/teleport_relative__rosidl_typesupport_introspection_cpp.hpp
[3.288s] -- Up-to-date: /home/zhang/rosprc_ws/install/turtlesim/lib/libturtlesim__rosidl_typesupport_introspection_cpp.so
[3.289s] -- Up-to-date: /home/zhang/rosprc_ws/install/turtlesim/lib/libturtlesim__rosidl_typesupport_cpp.so
[3.289s] -- Up-to-date: /home/zhang/rosprc_ws/install/turtlesim/share/turtlesim/environment/pythonpath.sh
[3.289s] -- Up-to-date: /home/zhang/rosprc_ws/install/turtlesim/share/turtlesim/environment/pythonpath.dsv
[3.290s] -- Up-to-date: /home/zhang/rosprc_ws/install/turtlesim/lib/python3.12/site-packages/turtlesim-1.8.4-py3.12.egg-info
[3.290s] -- Installing: /home/zhang/rosprc_ws/install/turtlesim/lib/python3.12/site-packages/turtlesim-1.8.4-py3.12.egg-info/PKG-INFO
[3.291s] -- Installing: /home/zhang/rosprc_ws/install/turtlesim/lib/python3.12/site-packages/turtlesim-1.8.4-py3.12.egg-info/top_level.txt
[3.291s] -- Installing: /home/zhang/rosprc_ws/install/turtlesim/lib/python3.12/site-packages/turtlesim-1.8.4-py3.12.egg-info/dependency_links.txt
[3.291s] -- Installing: /home/zhang/rosprc_ws/install/turtlesim/lib/python3.12/site-packages/turtlesim-1.8.4-py3.12.egg-info/SOURCES.txt
[3.291s] -- Up-to-date: /home/zhang/rosprc_ws/install/turtlesim/lib/python3.12/site-packages/turtlesim
[3.291s] -- Up-to-date: /home/zhang/rosprc_ws/install/turtlesim/lib/python3.12/site-packages/turtlesim/msg
[3.291s] -- Up-to-date: /home/zhang/rosprc_ws/install/turtlesim/lib/python3.12/site-packages/turtlesim/msg/_pose.py
[3.292s] -- Up-to-date: /home/zhang/rosprc_ws/install/turtlesim/lib/python3.12/site-packages/turtlesim/msg/_color_s.c
[3.292s] -- Up-to-date: /home/zhang/rosprc_ws/install/turtlesim/lib/python3.12/site-packages/turtlesim/msg/_color.py
[3.292s] -- Up-to-date: /home/zhang/rosprc_ws/install/turtlesim/lib/python3.12/site-packages/turtlesim/msg/_pose_s.c
[3.292s] -- Up-to-date: /home/zhang/rosprc_ws/install/turtlesim/lib/python3.12/site-packages/turtlesim/msg/__init__.py
[3.293s] -- Up-to-date: /home/zhang/rosprc_ws/install/turtlesim/lib/python3.12/site-packages/turtlesim/turtlesim_s__rosidl_typesupport_introspection_c.so
[3.293s] -- Up-to-date: /home/zhang/rosprc_ws/install/turtlesim/lib/python3.12/site-packages/turtlesim/_turtlesim_s.ep.rosidl_typesupport_introspection_c.c
[3.293s] -- Up-to-date: /home/zhang/rosprc_ws/install/turtlesim/lib/python3.12/site-packages/turtlesim/_turtlesim_s.ep.rosidl_typesupport_fastrtps_c.c
[3.294s] -- Up-to-date: /home/zhang/rosprc_ws/install/turtlesim/lib/python3.12/site-packages/turtlesim/_turtlesim_s.ep.rosidl_typesupport_c.c
[3.294s] -- Up-to-date: /home/zhang/rosprc_ws/install/turtlesim/lib/python3.12/site-packages/turtlesim/turtlesim_s__rosidl_typesupport_c.so
[3.295s] -- Up-to-date: /home/zhang/rosprc_ws/install/turtlesim/lib/python3.12/site-packages/turtlesim/action
[3.295s] -- Up-to-date: /home/zhang/rosprc_ws/install/turtlesim/lib/python3.12/site-packages/turtlesim/action/_rotate_absolute.py
[3.295s] -- Up-to-date: /home/zhang/rosprc_ws/install/turtlesim/lib/python3.12/site-packages/turtlesim/action/_rotate_absolute_s.c
[3.296s] -- Up-to-date: /home/zhang/rosprc_ws/install/turtlesim/lib/python3.12/site-packages/turtlesim/action/__init__.py
[3.296s] -- Up-to-date: /home/zhang/rosprc_ws/install/turtlesim/lib/python3.12/site-packages/turtlesim/turtlesim_s__rosidl_typesupport_fastrtps_c.so
[3.296s] -- Up-to-date: /home/zhang/rosprc_ws/install/turtlesim/lib/python3.12/site-packages/turtlesim/srv
[3.296s] -- Up-to-date: /home/zhang/rosprc_ws/install/turtlesim/lib/python3.12/site-packages/turtlesim/srv/_set_pen_s.c
[3.298s] -- Up-to-date: /home/zhang/rosprc_ws/install/turtlesim/lib/python3.12/site-packages/turtlesim/srv/_kill.py
[3.298s] -- Up-to-date: /home/zhang/rosprc_ws/install/turtlesim/lib/python3.12/site-packages/turtlesim/srv/_teleport_absolute_s.c
[3.298s] -- Up-to-date: /home/zhang/rosprc_ws/install/turtlesim/lib/python3.12/site-packages/turtlesim/srv/_set_pen.py
[3.299s] -- Up-to-date: /home/zhang/rosprc_ws/install/turtlesim/lib/python3.12/site-packages/turtlesim/srv/_teleport_relative.py
[3.300s] -- Up-to-date: /home/zhang/rosprc_ws/install/turtlesim/lib/python3.12/site-packages/turtlesim/srv/_spawn.py
[3.300s] -- Up-to-date: /home/zhang/rosprc_ws/install/turtlesim/lib/python3.12/site-packages/turtlesim/srv/_kill_s.c
[3.300s] -- Up-to-date: /home/zhang/rosprc_ws/install/turtlesim/lib/python3.12/site-packages/turtlesim/srv/_teleport_relative_s.c
[3.301s] -- Up-to-date: /home/zhang/rosprc_ws/install/turtlesim/lib/python3.12/site-packages/turtlesim/srv/__init__.py
[3.302s] -- Up-to-date: /home/zhang/rosprc_ws/install/turtlesim/lib/python3.12/site-packages/turtlesim/srv/_teleport_absolute.py
[3.303s] -- Up-to-date: /home/zhang/rosprc_ws/install/turtlesim/lib/python3.12/site-packages/turtlesim/srv/_spawn_s.c
[3.305s] -- Up-to-date: /home/zhang/rosprc_ws/install/turtlesim/lib/python3.12/site-packages/turtlesim/__init__.py
[3.326s] Listing '/home/zhang/rosprc_ws/install/turtlesim/lib/python3.12/site-packages/turtlesim'...
[3.328s] Listing '/home/zhang/rosprc_ws/install/turtlesim/lib/python3.12/site-packages/turtlesim/action'...
[3.329s] Listing '/home/zhang/rosprc_ws/install/turtlesim/lib/python3.12/site-packages/turtlesim/msg'...
[3.330s] Listing '/home/zhang/rosprc_ws/install/turtlesim/lib/python3.12/site-packages/turtlesim/srv'...
[3.337s] -- Up-to-date: /home/zhang/rosprc_ws/install/turtlesim/lib/python3.12/site-packages/turtlesim/turtlesim_s__rosidl_typesupport_fastrtps_c.so
[3.337s] -- Up-to-date: /home/zhang/rosprc_ws/install/turtlesim/lib/python3.12/site-packages/turtlesim/turtlesim_s__rosidl_typesupport_introspection_c.so
[3.338s] -- Up-to-date: /home/zhang/rosprc_ws/install/turtlesim/lib/python3.12/site-packages/turtlesim/turtlesim_s__rosidl_typesupport_c.so
[3.341s] -- Up-to-date: /home/zhang/rosprc_ws/install/turtlesim/lib/libturtlesim__rosidl_generator_py.so
[3.342s] -- Up-to-date: /home/zhang/rosprc_ws/install/turtlesim/share/ament_index/resource_index/rust_packages/turtlesim
[3.343s] -- Up-to-date: /home/zhang/rosprc_ws/install/turtlesim/share/turtlesim/rust
[3.343s] -- Up-to-date: /home/zhang/rosprc_ws/install/turtlesim/share/turtlesim/rust/Cargo.toml
[3.343s] -- Up-to-date: /home/zhang/rosprc_ws/install/turtlesim/share/turtlesim/rust/src
[3.344s] -- Up-to-date: /home/zhang/rosprc_ws/install/turtlesim/share/turtlesim/rust/src/srv.rs
[3.344s] -- Up-to-date: /home/zhang/rosprc_ws/install/turtlesim/share/turtlesim/rust/src/msg
[3.345s] -- Up-to-date: /home/zhang/rosprc_ws/install/turtlesim/share/turtlesim/rust/src/msg/rmw.rs
[3.345s] -- Up-to-date: /home/zhang/rosprc_ws/install/turtlesim/share/turtlesim/rust/src/action.rs
[3.345s] -- Up-to-date: /home/zhang/rosprc_ws/install/turtlesim/share/turtlesim/rust/src/lib.rs
[3.346s] -- Up-to-date: /home/zhang/rosprc_ws/install/turtlesim/share/turtlesim/rust/src/msg.rs
[3.346s] -- Up-to-date: /home/zhang/rosprc_ws/install/turtlesim/share/turtlesim/rust/src/action
[3.346s] -- Up-to-date: /home/zhang/rosprc_ws/install/turtlesim/share/turtlesim/rust/src/action/rmw.rs
[3.346s] -- Up-to-date: /home/zhang/rosprc_ws/install/turtlesim/share/turtlesim/rust/src/srv
[3.346s] -- Up-to-date: /home/zhang/rosprc_ws/install/turtlesim/share/turtlesim/rust/src/srv/rmw.rs
[3.346s] -- Up-to-date: /home/zhang/rosprc_ws/install/turtlesim/share/turtlesim/rust/build.rs
[3.346s] -- Up-to-date: /home/zhang/rosprc_ws/install/turtlesim/share/turtlesim/action/RotateAbsolute.idl
[3.347s] -- Up-to-date: /home/zhang/rosprc_ws/install/turtlesim/share/turtlesim/msg/Color.idl
[3.347s] -- Up-to-date: /home/zhang/rosprc_ws/install/turtlesim/share/turtlesim/msg/Pose.idl
[3.347s] -- Up-to-date: /home/zhang/rosprc_ws/install/turtlesim/share/turtlesim/srv/Kill.idl
[3.347s] -- Up-to-date: /home/zhang/rosprc_ws/install/turtlesim/share/turtlesim/srv/SetPen.idl
[3.347s] -- Up-to-date: /home/zhang/rosprc_ws/install/turtlesim/share/turtlesim/srv/Spawn.idl
[3.347s] -- Up-to-date: /home/zhang/rosprc_ws/install/turtlesim/share/turtlesim/srv/TeleportAbsolute.idl
[3.347s] -- Up-to-date: /home/zhang/rosprc_ws/install/turtlesim/share/turtlesim/srv/TeleportRelative.idl
[3.347s] -- Up-to-date: /home/zhang/rosprc_ws/install/turtlesim/share/turtlesim/action/RotateAbsolute.action
[3.347s] -- Up-to-date: /home/zhang/rosprc_ws/install/turtlesim/share/turtlesim/msg/Color.msg
[3.347s] -- Up-to-date: /home/zhang/rosprc_ws/install/turtlesim/share/turtlesim/msg/Pose.msg
[3.347s] -- Up-to-date: /home/zhang/rosprc_ws/install/turtlesim/share/turtlesim/srv/Kill.srv
[3.348s] -- Up-to-date: /home/zhang/rosprc_ws/install/turtlesim/share/turtlesim/srv/SetPen.srv
[3.348s] -- Up-to-date: /home/zhang/rosprc_ws/install/turtlesim/share/turtlesim/srv/Spawn.srv
[3.348s] -- Up-to-date: /home/zhang/rosprc_ws/install/turtlesim/share/turtlesim/srv/TeleportAbsolute.srv
[3.348s] -- Up-to-date: /home/zhang/rosprc_ws/install/turtlesim/share/turtlesim/srv/TeleportRelative.srv
[3.348s] -- Up-to-date: /home/zhang/rosprc_ws/install/turtlesim/lib/turtlesim/turtlesim_node
[3.349s] -- Up-to-date: /home/zhang/rosprc_ws/install/turtlesim/lib/turtlesim/turtle_teleop_key
[3.351s] -- Up-to-date: /home/zhang/rosprc_ws/install/turtlesim/lib/turtlesim/draw_square
[3.353s] -- Up-to-date: /home/zhang/rosprc_ws/install/turtlesim/lib/turtlesim/mimic
[3.354s] -- Up-to-date: /home/zhang/rosprc_ws/install/turtlesim/share/turtlesim/images
[3.354s] -- Up-to-date: /home/zhang/rosprc_ws/install/turtlesim/share/turtlesim/images/galactic.png
[3.355s] -- Up-to-date: /home/zhang/rosprc_ws/install/turtlesim/share/turtlesim/images/foxy.png
[3.355s] -- Up-to-date: /home/zhang/rosprc_ws/install/turtlesim/share/turtlesim/images/jazzy.png
[3.355s] -- Up-to-date: /home/zhang/rosprc_ws/install/turtlesim/share/turtlesim/images/dashing.png
[3.355s] -- Up-to-date: /home/zhang/rosprc_ws/install/turtlesim/share/turtlesim/images/crystal.png
[3.355s] -- Up-to-date: /home/zhang/rosprc_ws/install/turtlesim/share/turtlesim/images/eloquent.png
[3.356s] -- Up-to-date: /home/zhang/rosprc_ws/install/turtlesim/share/turtlesim/images/iron.png
[3.356s] -- Up-to-date: /home/zhang/rosprc_ws/install/turtlesim/share/turtlesim/images/ardent.png
[3.356s] -- Up-to-date: /home/zhang/rosprc_ws/install/turtlesim/share/turtlesim/images/rolling.png
[3.356s] -- Up-to-date: /home/zhang/rosprc_ws/install/turtlesim/share/turtlesim/images/bouncy.png
[3.356s] -- Up-to-date: /home/zhang/rosprc_ws/install/turtlesim/share/turtlesim/images/humble.png
[3.356s] -- Up-to-date: /home/zhang/rosprc_ws/install/turtlesim/share/turtlesim/launch
[3.357s] -- Up-to-date: /home/zhang/rosprc_ws/install/turtlesim/share/turtlesim/launch/multisim.launch.py
[3.357s] -- Up-to-date: /home/zhang/rosprc_ws/install/turtlesim/share/ament_index/resource_index/package_run_dependencies/turtlesim
[3.357s] -- Up-to-date: /home/zhang/rosprc_ws/install/turtlesim/share/ament_index/resource_index/parent_prefix_path/turtlesim
[3.357s] -- Up-to-date: /home/zhang/rosprc_ws/install/turtlesim/share/turtlesim/environment/ament_prefix_path.sh
[3.357s] -- Up-to-date: /home/zhang/rosprc_ws/install/turtlesim/share/turtlesim/environment/ament_prefix_path.dsv
[3.357s] -- Up-to-date: /home/zhang/rosprc_ws/install/turtlesim/share/turtlesim/environment/path.sh
[3.357s] -- Up-to-date: /home/zhang/rosprc_ws/install/turtlesim/share/turtlesim/environment/path.dsv
[3.357s] -- Up-to-date: /home/zhang/rosprc_ws/install/turtlesim/share/turtlesim/local_setup.bash
[3.358s] -- Up-to-date: /home/zhang/rosprc_ws/install/turtlesim/share/turtlesim/local_setup.sh
[3.358s] -- Up-to-date: /home/zhang/rosprc_ws/install/turtlesim/share/turtlesim/local_setup.zsh
[3.358s] -- Up-to-date: /home/zhang/rosprc_ws/install/turtlesim/share/turtlesim/local_setup.dsv
[3.358s] -- Installing: /home/zhang/rosprc_ws/install/turtlesim/share/turtlesim/package.dsv
[3.358s] -- Up-to-date: /home/zhang/rosprc_ws/install/turtlesim/share/ament_index/resource_index/packages/turtlesim
[3.360s] -- Up-to-date: /home/zhang/rosprc_ws/install/turtlesim/share/turtlesim/cmake/export_turtlesim__rosidl_generator_cExport.cmake
[3.360s] -- Up-to-date: /home/zhang/rosprc_ws/install/turtlesim/share/turtlesim/cmake/export_turtlesim__rosidl_generator_cExport-noconfig.cmake
[3.361s] -- Up-to-date: /home/zhang/rosprc_ws/install/turtlesim/share/turtlesim/cmake/export_turtlesim__rosidl_typesupport_fastrtps_cExport.cmake
[3.361s] -- Up-to-date: /home/zhang/rosprc_ws/install/turtlesim/share/turtlesim/cmake/export_turtlesim__rosidl_typesupport_fastrtps_cExport-noconfig.cmake
[3.362s] -- Up-to-date: /home/zhang/rosprc_ws/install/turtlesim/share/turtlesim/cmake/export_turtlesim__rosidl_generator_cppExport.cmake
[3.363s] -- Up-to-date: /home/zhang/rosprc_ws/install/turtlesim/share/turtlesim/cmake/export_turtlesim__rosidl_typesupport_fastrtps_cppExport.cmake
[3.363s] -- Up-to-date: /home/zhang/rosprc_ws/install/turtlesim/share/turtlesim/cmake/export_turtlesim__rosidl_typesupport_fastrtps_cppExport-noconfig.cmake
[3.364s] -- Up-to-date: /home/zhang/rosprc_ws/install/turtlesim/share/turtlesim/cmake/turtlesim__rosidl_typesupport_introspection_cExport.cmake
[3.365s] -- Up-to-date: /home/zhang/rosprc_ws/install/turtlesim/share/turtlesim/cmake/turtlesim__rosidl_typesupport_introspection_cExport-noconfig.cmake
[3.365s] -- Up-to-date: /home/zhang/rosprc_ws/install/turtlesim/share/turtlesim/cmake/turtlesim__rosidl_typesupport_cExport.cmake
[3.366s] -- Up-to-date: /home/zhang/rosprc_ws/install/turtlesim/share/turtlesim/cmake/turtlesim__rosidl_typesupport_cExport-noconfig.cmake
[3.367s] -- Up-to-date: /home/zhang/rosprc_ws/install/turtlesim/share/turtlesim/cmake/turtlesim__rosidl_typesupport_introspection_cppExport.cmake
[3.367s] -- Up-to-date: /home/zhang/rosprc_ws/install/turtlesim/share/turtlesim/cmake/turtlesim__rosidl_typesupport_introspection_cppExport-noconfig.cmake
[3.368s] -- Up-to-date: /home/zhang/rosprc_ws/install/turtlesim/share/turtlesim/cmake/turtlesim__rosidl_typesupport_cppExport.cmake
[3.368s] -- Up-to-date: /home/zhang/rosprc_ws/install/turtlesim/share/turtlesim/cmake/turtlesim__rosidl_typesupport_cppExport-noconfig.cmake
[3.370s] -- Up-to-date: /home/zhang/rosprc_ws/install/turtlesim/share/turtlesim/cmake/export_turtlesim__rosidl_generator_pyExport.cmake
[3.371s] -- Up-to-date: /home/zhang/rosprc_ws/install/turtlesim/share/turtlesim/cmake/export_turtlesim__rosidl_generator_pyExport-noconfig.cmake
[3.371s] -- Up-to-date: /home/zhang/rosprc_ws/install/turtlesim/share/turtlesim/cmake/rosidl_cmake-extras.cmake
[3.371s] -- Up-to-date: /home/zhang/rosprc_ws/install/turtlesim/share/turtlesim/cmake/ament_cmake_export_dependencies-extras.cmake
[3.371s] -- Up-to-date: /home/zhang/rosprc_ws/install/turtlesim/share/turtlesim/cmake/ament_cmake_export_include_directories-extras.cmake
[3.371s] -- Up-to-date: /home/zhang/rosprc_ws/install/turtlesim/share/turtlesim/cmake/ament_cmake_export_libraries-extras.cmake
[3.372s] -- Up-to-date: /home/zhang/rosprc_ws/install/turtlesim/share/turtlesim/cmake/ament_cmake_export_targets-extras.cmake
[3.372s] -- Up-to-date: /home/zhang/rosprc_ws/install/turtlesim/share/turtlesim/cmake/rosidl_cmake_export_typesupport_targets-extras.cmake
[3.374s] -- Up-to-date: /home/zhang/rosprc_ws/install/turtlesim/share/turtlesim/cmake/rosidl_cmake_export_typesupport_libraries-extras.cmake
[3.374s] -- Up-to-date: /home/zhang/rosprc_ws/install/turtlesim/share/turtlesim/cmake/rosidl_cmake_aggregate_target-extras.cmake
[3.375s] -- Up-to-date: /home/zhang/rosprc_ws/install/turtlesim/share/turtlesim/cmake/turtlesimConfig.cmake
[3.376s] -- Up-to-date: /home/zhang/rosprc_ws/install/turtlesim/share/turtlesim/cmake/turtlesimConfig-version.cmake
[3.376s] -- Up-to-date: /home/zhang/rosprc_ws/install/turtlesim/share/turtlesim/package.xml
[3.418s] Invoked command in '/home/zhang/rosprc_ws/build/turtlesim' returned '0': CMAKE_PREFIX_PATH=${CMAKE_PREFIX_PATH}:/opt/ros/jazzy /usr/bin/cmake --install /home/zhang/rosprc_ws/build/turtlesim
