[0.123s] Invoking command in '/home/zhang/rosprc_ws/build/tutorial_interfaces': CMAKE_PREFIX_PATH=${CMAKE_PREFIX_PATH}:/opt/ros/jazzy /usr/bin/cmake --build /home/zhang/rosprc_ws/build/tutorial_interfaces -- -j20 -l20
[1.682s] [  1%] Built target tutorial_interfaces__rs
[1.683s] [  3%] Built target tutorial_interfaces__rosidl_generator_type_description
[1.689s] [  3%] Built target ament_cmake_python_copy_tutorial_interfaces
[1.691s] [  5%] Built target tutorial_interfaces__cpp
[1.691s] [ 25%] Built target tutorial_interfaces__rosidl_generator_c
[1.692s] [ 34%] Built target tutorial_interfaces__rosidl_typesupport_introspection_c
[1.695s] [ 43%] Built target tutorial_interfaces__rosidl_typesupport_c
[1.699s] [ 52%] Built target tutorial_interfaces__rosidl_typesupport_fastrtps_c
[1.700s] [ 61%] Built target tutorial_interfaces__rosidl_typesupport_fastrtps_cpp
[1.703s] [ 70%] Built target tutorial_interfaces__rosidl_typesupport_introspection_cpp
[1.705s] [ 80%] Built target tutorial_interfaces__rosidl_typesupport_cpp
[1.707s] [ 80%] Built target tutorial_interfaces
[1.708s] [ 81%] Built target tutorial_interfaces__py
[1.712s] [ 89%] Built target tutorial_interfaces__rosidl_generator_py
[1.714s] [ 96%] Built target tutorial_interfaces_s__rosidl_typesupport_introspection_c
[1.715s] [ 96%] Built target tutorial_interfaces_s__rosidl_typesupport_fastrtps_c
[1.719s] [100%] Built target tutorial_interfaces_s__rosidl_typesupport_c
[1.719s] running egg_info
[1.719s] writing tutorial_interfaces.egg-info/PKG-INFO
[1.719s] writing dependency_links to tutorial_interfaces.egg-info/dependency_links.txt
[1.719s] writing top-level names to tutorial_interfaces.egg-info/top_level.txt
[1.719s] reading manifest file 'tutorial_interfaces.egg-info/SOURCES.txt'
[1.720s] writing manifest file 'tutorial_interfaces.egg-info/SOURCES.txt'
[1.720s] [100%] Built target ament_cmake_python_build_tutorial_interfaces_egg
[1.736s] Invoked command in '/home/zhang/rosprc_ws/build/tutorial_interfaces' returned '0': CMAKE_PREFIX_PATH=${CMAKE_PREFIX_PATH}:/opt/ros/jazzy /usr/bin/cmake --build /home/zhang/rosprc_ws/build/tutorial_interfaces -- -j20 -l20
[1.742s] Invoking command in '/home/zhang/rosprc_ws/build/tutorial_interfaces': CMAKE_PREFIX_PATH=${CMAKE_PREFIX_PATH}:/opt/ros/jazzy /usr/bin/cmake --install /home/zhang/rosprc_ws/build/tutorial_interfaces
[1.822s] -- Install configuration: ""
[1.823s] -- Up-to-date: /home/zhang/rosprc_ws/install/tutorial_interfaces/share/ament_index/resource_index/rosidl_interfaces/tutorial_interfaces
[1.824s] -- Up-to-date: /home/zhang/rosprc_ws/install/tutorial_interfaces/share/tutorial_interfaces/msg/Num.json
[1.825s] -- Up-to-date: /home/zhang/rosprc_ws/install/tutorial_interfaces/share/tutorial_interfaces/msg/Sphere.json
[1.831s] -- Up-to-date: /home/zhang/rosprc_ws/install/tutorial_interfaces/share/tutorial_interfaces/srv/AddThreeInts.json
[1.833s] -- Up-to-date: /home/zhang/rosprc_ws/install/tutorial_interfaces/include/tutorial_interfaces/tutorial_interfaces
[1.833s] -- Up-to-date: /home/zhang/rosprc_ws/install/tutorial_interfaces/include/tutorial_interfaces/tutorial_interfaces/msg
[1.836s] -- Up-to-date: /home/zhang/rosprc_ws/install/tutorial_interfaces/include/tutorial_interfaces/tutorial_interfaces/msg/sphere.h
[1.836s] -- Up-to-date: /home/zhang/rosprc_ws/install/tutorial_interfaces/include/tutorial_interfaces/tutorial_interfaces/msg/detail
[1.839s] -- Up-to-date: /home/zhang/rosprc_ws/install/tutorial_interfaces/include/tutorial_interfaces/tutorial_interfaces/msg/detail/num__functions.h
[1.840s] -- Up-to-date: /home/zhang/rosprc_ws/install/tutorial_interfaces/include/tutorial_interfaces/tutorial_interfaces/msg/detail/sphere__struct.h
[1.840s] -- Up-to-date: /home/zhang/rosprc_ws/install/tutorial_interfaces/include/tutorial_interfaces/tutorial_interfaces/msg/detail/sphere__type_support.c
[1.844s] -- Up-to-date: /home/zhang/rosprc_ws/install/tutorial_interfaces/include/tutorial_interfaces/tutorial_interfaces/msg/detail/sphere__functions.h
[1.847s] -- Up-to-date: /home/zhang/rosprc_ws/install/tutorial_interfaces/include/tutorial_interfaces/tutorial_interfaces/msg/detail/num__type_support.c
[1.848s] -- Up-to-date: /home/zhang/rosprc_ws/install/tutorial_interfaces/include/tutorial_interfaces/tutorial_interfaces/msg/detail/num__description.c
[1.851s] -- Up-to-date: /home/zhang/rosprc_ws/install/tutorial_interfaces/include/tutorial_interfaces/tutorial_interfaces/msg/detail/sphere__functions.c
[1.855s] -- Up-to-date: /home/zhang/rosprc_ws/install/tutorial_interfaces/include/tutorial_interfaces/tutorial_interfaces/msg/detail/num__struct.h
[1.858s] -- Up-to-date: /home/zhang/rosprc_ws/install/tutorial_interfaces/include/tutorial_interfaces/tutorial_interfaces/msg/detail/sphere__description.c
[1.858s] -- Up-to-date: /home/zhang/rosprc_ws/install/tutorial_interfaces/include/tutorial_interfaces/tutorial_interfaces/msg/detail/num__type_support.h
[1.858s] -- Up-to-date: /home/zhang/rosprc_ws/install/tutorial_interfaces/include/tutorial_interfaces/tutorial_interfaces/msg/detail/sphere__type_support.h
[1.859s] -- Up-to-date: /home/zhang/rosprc_ws/install/tutorial_interfaces/include/tutorial_interfaces/tutorial_interfaces/msg/detail/num__functions.c
[1.859s] -- Up-to-date: /home/zhang/rosprc_ws/install/tutorial_interfaces/include/tutorial_interfaces/tutorial_interfaces/msg/rosidl_generator_c__visibility_control.h
[1.859s] -- Up-to-date: /home/zhang/rosprc_ws/install/tutorial_interfaces/include/tutorial_interfaces/tutorial_interfaces/msg/num.h
[1.859s] -- Up-to-date: /home/zhang/rosprc_ws/install/tutorial_interfaces/include/tutorial_interfaces/tutorial_interfaces/srv
[1.859s] -- Up-to-date: /home/zhang/rosprc_ws/install/tutorial_interfaces/include/tutorial_interfaces/tutorial_interfaces/srv/detail
[1.859s] -- Up-to-date: /home/zhang/rosprc_ws/install/tutorial_interfaces/include/tutorial_interfaces/tutorial_interfaces/srv/detail/add_three_ints__functions.c
[1.859s] -- Up-to-date: /home/zhang/rosprc_ws/install/tutorial_interfaces/include/tutorial_interfaces/tutorial_interfaces/srv/detail/add_three_ints__type_support.c
[1.859s] -- Up-to-date: /home/zhang/rosprc_ws/install/tutorial_interfaces/include/tutorial_interfaces/tutorial_interfaces/srv/detail/add_three_ints__functions.h
[1.860s] -- Up-to-date: /home/zhang/rosprc_ws/install/tutorial_interfaces/include/tutorial_interfaces/tutorial_interfaces/srv/detail/add_three_ints__struct.h
[1.860s] -- Up-to-date: /home/zhang/rosprc_ws/install/tutorial_interfaces/include/tutorial_interfaces/tutorial_interfaces/srv/detail/add_three_ints__type_support.h
[1.862s] -- Up-to-date: /home/zhang/rosprc_ws/install/tutorial_interfaces/include/tutorial_interfaces/tutorial_interfaces/srv/detail/add_three_ints__description.c
[1.865s] -- Up-to-date: /home/zhang/rosprc_ws/install/tutorial_interfaces/include/tutorial_interfaces/tutorial_interfaces/srv/add_three_ints.h
[1.865s] -- Up-to-date: /home/zhang/rosprc_ws/install/tutorial_interfaces/share/tutorial_interfaces/environment/library_path.sh
[1.866s] -- Up-to-date: /home/zhang/rosprc_ws/install/tutorial_interfaces/share/tutorial_interfaces/environment/library_path.dsv
[1.866s] -- Up-to-date: /home/zhang/rosprc_ws/install/tutorial_interfaces/lib/libtutorial_interfaces__rosidl_generator_c.so
[1.866s] -- Up-to-date: /home/zhang/rosprc_ws/install/tutorial_interfaces/include/tutorial_interfaces/tutorial_interfaces
[1.866s] -- Up-to-date: /home/zhang/rosprc_ws/install/tutorial_interfaces/include/tutorial_interfaces/tutorial_interfaces/msg
[1.867s] -- Up-to-date: /home/zhang/rosprc_ws/install/tutorial_interfaces/include/tutorial_interfaces/tutorial_interfaces/msg/rosidl_typesupport_fastrtps_c__visibility_control.h
[1.868s] -- Up-to-date: /home/zhang/rosprc_ws/install/tutorial_interfaces/include/tutorial_interfaces/tutorial_interfaces/msg/detail
[1.869s] -- Up-to-date: /home/zhang/rosprc_ws/install/tutorial_interfaces/include/tutorial_interfaces/tutorial_interfaces/msg/detail/num__rosidl_typesupport_fastrtps_c.h
[1.869s] -- Up-to-date: /home/zhang/rosprc_ws/install/tutorial_interfaces/include/tutorial_interfaces/tutorial_interfaces/msg/detail/sphere__rosidl_typesupport_fastrtps_c.h
[1.870s] -- Up-to-date: /home/zhang/rosprc_ws/install/tutorial_interfaces/include/tutorial_interfaces/tutorial_interfaces/srv
[1.871s] -- Up-to-date: /home/zhang/rosprc_ws/install/tutorial_interfaces/include/tutorial_interfaces/tutorial_interfaces/srv/detail
[1.871s] -- Up-to-date: /home/zhang/rosprc_ws/install/tutorial_interfaces/include/tutorial_interfaces/tutorial_interfaces/srv/detail/add_three_ints__rosidl_typesupport_fastrtps_c.h
[1.872s] -- Up-to-date: /home/zhang/rosprc_ws/install/tutorial_interfaces/lib/libtutorial_interfaces__rosidl_typesupport_fastrtps_c.so
[1.872s] -- Up-to-date: /home/zhang/rosprc_ws/install/tutorial_interfaces/include/tutorial_interfaces/tutorial_interfaces
[1.875s] -- Up-to-date: /home/zhang/rosprc_ws/install/tutorial_interfaces/include/tutorial_interfaces/tutorial_interfaces/msg
[1.876s] -- Up-to-date: /home/zhang/rosprc_ws/install/tutorial_interfaces/include/tutorial_interfaces/tutorial_interfaces/msg/detail
[1.876s] -- Up-to-date: /home/zhang/rosprc_ws/install/tutorial_interfaces/include/tutorial_interfaces/tutorial_interfaces/msg/detail/sphere__traits.hpp
[1.877s] -- Up-to-date: /home/zhang/rosprc_ws/install/tutorial_interfaces/include/tutorial_interfaces/tutorial_interfaces/msg/detail/num__type_support.hpp
[1.877s] -- Up-to-date: /home/zhang/rosprc_ws/install/tutorial_interfaces/include/tutorial_interfaces/tutorial_interfaces/msg/detail/num__struct.hpp
[1.878s] -- Up-to-date: /home/zhang/rosprc_ws/install/tutorial_interfaces/include/tutorial_interfaces/tutorial_interfaces/msg/detail/num__traits.hpp
[1.878s] -- Up-to-date: /home/zhang/rosprc_ws/install/tutorial_interfaces/include/tutorial_interfaces/tutorial_interfaces/msg/detail/sphere__type_support.hpp
[1.879s] -- Up-to-date: /home/zhang/rosprc_ws/install/tutorial_interfaces/include/tutorial_interfaces/tutorial_interfaces/msg/detail/num__builder.hpp
[1.880s] -- Up-to-date: /home/zhang/rosprc_ws/install/tutorial_interfaces/include/tutorial_interfaces/tutorial_interfaces/msg/detail/sphere__builder.hpp
[1.880s] -- Up-to-date: /home/zhang/rosprc_ws/install/tutorial_interfaces/include/tutorial_interfaces/tutorial_interfaces/msg/detail/sphere__struct.hpp
[1.880s] -- Up-to-date: /home/zhang/rosprc_ws/install/tutorial_interfaces/include/tutorial_interfaces/tutorial_interfaces/msg/rosidl_generator_cpp__visibility_control.hpp
[1.881s] -- Up-to-date: /home/zhang/rosprc_ws/install/tutorial_interfaces/include/tutorial_interfaces/tutorial_interfaces/msg/sphere.hpp
[1.881s] -- Up-to-date: /home/zhang/rosprc_ws/install/tutorial_interfaces/include/tutorial_interfaces/tutorial_interfaces/msg/num.hpp
[1.882s] -- Up-to-date: /home/zhang/rosprc_ws/install/tutorial_interfaces/include/tutorial_interfaces/tutorial_interfaces/srv
[1.882s] -- Up-to-date: /home/zhang/rosprc_ws/install/tutorial_interfaces/include/tutorial_interfaces/tutorial_interfaces/srv/detail
[1.882s] -- Up-to-date: /home/zhang/rosprc_ws/install/tutorial_interfaces/include/tutorial_interfaces/tutorial_interfaces/srv/detail/add_three_ints__builder.hpp
[1.883s] -- Up-to-date: /home/zhang/rosprc_ws/install/tutorial_interfaces/include/tutorial_interfaces/tutorial_interfaces/srv/detail/add_three_ints__traits.hpp
[1.883s] -- Up-to-date: /home/zhang/rosprc_ws/install/tutorial_interfaces/include/tutorial_interfaces/tutorial_interfaces/srv/detail/add_three_ints__type_support.hpp
[1.883s] -- Up-to-date: /home/zhang/rosprc_ws/install/tutorial_interfaces/include/tutorial_interfaces/tutorial_interfaces/srv/detail/add_three_ints__struct.hpp
[1.884s] -- Up-to-date: /home/zhang/rosprc_ws/install/tutorial_interfaces/include/tutorial_interfaces/tutorial_interfaces/srv/add_three_ints.hpp
[1.884s] -- Up-to-date: /home/zhang/rosprc_ws/install/tutorial_interfaces/include/tutorial_interfaces/tutorial_interfaces
[1.884s] -- Up-to-date: /home/zhang/rosprc_ws/install/tutorial_interfaces/include/tutorial_interfaces/tutorial_interfaces/msg
[1.884s] -- Up-to-date: /home/zhang/rosprc_ws/install/tutorial_interfaces/include/tutorial_interfaces/tutorial_interfaces/msg/detail
[1.884s] -- Up-to-date: /home/zhang/rosprc_ws/install/tutorial_interfaces/include/tutorial_interfaces/tutorial_interfaces/msg/detail/sphere__rosidl_typesupport_fastrtps_cpp.hpp
[1.884s] -- Up-to-date: /home/zhang/rosprc_ws/install/tutorial_interfaces/include/tutorial_interfaces/tutorial_interfaces/msg/detail/dds_fastrtps
[1.885s] -- Up-to-date: /home/zhang/rosprc_ws/install/tutorial_interfaces/include/tutorial_interfaces/tutorial_interfaces/msg/detail/num__rosidl_typesupport_fastrtps_cpp.hpp
[1.885s] -- Up-to-date: /home/zhang/rosprc_ws/install/tutorial_interfaces/include/tutorial_interfaces/tutorial_interfaces/msg/rosidl_typesupport_fastrtps_cpp__visibility_control.h
[1.885s] -- Up-to-date: /home/zhang/rosprc_ws/install/tutorial_interfaces/include/tutorial_interfaces/tutorial_interfaces/srv
[1.885s] -- Up-to-date: /home/zhang/rosprc_ws/install/tutorial_interfaces/include/tutorial_interfaces/tutorial_interfaces/srv/detail
[1.886s] -- Up-to-date: /home/zhang/rosprc_ws/install/tutorial_interfaces/include/tutorial_interfaces/tutorial_interfaces/srv/detail/add_three_ints__rosidl_typesupport_fastrtps_cpp.hpp
[1.887s] -- Up-to-date: /home/zhang/rosprc_ws/install/tutorial_interfaces/include/tutorial_interfaces/tutorial_interfaces/srv/detail/dds_fastrtps
[1.887s] -- Up-to-date: /home/zhang/rosprc_ws/install/tutorial_interfaces/lib/libtutorial_interfaces__rosidl_typesupport_fastrtps_cpp.so
[1.888s] -- Up-to-date: /home/zhang/rosprc_ws/install/tutorial_interfaces/include/tutorial_interfaces/tutorial_interfaces
[1.889s] -- Up-to-date: /home/zhang/rosprc_ws/install/tutorial_interfaces/include/tutorial_interfaces/tutorial_interfaces/msg
[1.890s] -- Up-to-date: /home/zhang/rosprc_ws/install/tutorial_interfaces/include/tutorial_interfaces/tutorial_interfaces/msg/detail
[1.891s] -- Up-to-date: /home/zhang/rosprc_ws/install/tutorial_interfaces/include/tutorial_interfaces/tutorial_interfaces/msg/detail/sphere__type_support.c
[1.891s] -- Up-to-date: /home/zhang/rosprc_ws/install/tutorial_interfaces/include/tutorial_interfaces/tutorial_interfaces/msg/detail/num__type_support.c
[1.891s] -- Up-to-date: /home/zhang/rosprc_ws/install/tutorial_interfaces/include/tutorial_interfaces/tutorial_interfaces/msg/detail/num__rosidl_typesupport_introspection_c.h
[1.892s] -- Up-to-date: /home/zhang/rosprc_ws/install/tutorial_interfaces/include/tutorial_interfaces/tutorial_interfaces/msg/detail/sphere__rosidl_typesupport_introspection_c.h
[1.892s] -- Up-to-date: /home/zhang/rosprc_ws/install/tutorial_interfaces/include/tutorial_interfaces/tutorial_interfaces/msg/rosidl_typesupport_introspection_c__visibility_control.h
[1.892s] -- Up-to-date: /home/zhang/rosprc_ws/install/tutorial_interfaces/include/tutorial_interfaces/tutorial_interfaces/srv
[1.893s] -- Up-to-date: /home/zhang/rosprc_ws/install/tutorial_interfaces/include/tutorial_interfaces/tutorial_interfaces/srv/detail
[1.893s] -- Up-to-date: /home/zhang/rosprc_ws/install/tutorial_interfaces/include/tutorial_interfaces/tutorial_interfaces/srv/detail/add_three_ints__type_support.c
[1.907s] -- Up-to-date: /home/zhang/rosprc_ws/install/tutorial_interfaces/include/tutorial_interfaces/tutorial_interfaces/srv/detail/add_three_ints__rosidl_typesupport_introspection_c.h
[1.908s] -- Up-to-date: /home/zhang/rosprc_ws/install/tutorial_interfaces/lib/libtutorial_interfaces__rosidl_typesupport_introspection_c.so
[1.908s] -- Up-to-date: /home/zhang/rosprc_ws/install/tutorial_interfaces/lib/libtutorial_interfaces__rosidl_typesupport_c.so
[1.908s] -- Up-to-date: /home/zhang/rosprc_ws/install/tutorial_interfaces/include/tutorial_interfaces/tutorial_interfaces
[1.909s] -- Up-to-date: /home/zhang/rosprc_ws/install/tutorial_interfaces/include/tutorial_interfaces/tutorial_interfaces/msg
[1.911s] -- Up-to-date: /home/zhang/rosprc_ws/install/tutorial_interfaces/include/tutorial_interfaces/tutorial_interfaces/msg/detail
[1.911s] -- Up-to-date: /home/zhang/rosprc_ws/install/tutorial_interfaces/include/tutorial_interfaces/tutorial_interfaces/msg/detail/num__type_support.cpp
[1.911s] -- Up-to-date: /home/zhang/rosprc_ws/install/tutorial_interfaces/include/tutorial_interfaces/tutorial_interfaces/msg/detail/sphere__type_support.cpp
[1.911s] -- Up-to-date: /home/zhang/rosprc_ws/install/tutorial_interfaces/include/tutorial_interfaces/tutorial_interfaces/msg/detail/num__rosidl_typesupport_introspection_cpp.hpp
[1.912s] -- Up-to-date: /home/zhang/rosprc_ws/install/tutorial_interfaces/include/tutorial_interfaces/tutorial_interfaces/msg/detail/sphere__rosidl_typesupport_introspection_cpp.hpp
[1.912s] -- Up-to-date: /home/zhang/rosprc_ws/install/tutorial_interfaces/include/tutorial_interfaces/tutorial_interfaces/srv
[1.913s] -- Up-to-date: /home/zhang/rosprc_ws/install/tutorial_interfaces/include/tutorial_interfaces/tutorial_interfaces/srv/detail
[1.913s] -- Up-to-date: /home/zhang/rosprc_ws/install/tutorial_interfaces/include/tutorial_interfaces/tutorial_interfaces/srv/detail/add_three_ints__rosidl_typesupport_introspection_cpp.hpp
[1.913s] -- Up-to-date: /home/zhang/rosprc_ws/install/tutorial_interfaces/include/tutorial_interfaces/tutorial_interfaces/srv/detail/add_three_ints__type_support.cpp
[1.913s] -- Up-to-date: /home/zhang/rosprc_ws/install/tutorial_interfaces/lib/libtutorial_interfaces__rosidl_typesupport_introspection_cpp.so
[1.914s] -- Up-to-date: /home/zhang/rosprc_ws/install/tutorial_interfaces/lib/libtutorial_interfaces__rosidl_typesupport_cpp.so
[1.915s] -- Up-to-date: /home/zhang/rosprc_ws/install/tutorial_interfaces/share/tutorial_interfaces/environment/pythonpath.sh
[1.916s] -- Up-to-date: /home/zhang/rosprc_ws/install/tutorial_interfaces/share/tutorial_interfaces/environment/pythonpath.dsv
[1.917s] -- Up-to-date: /home/zhang/rosprc_ws/install/tutorial_interfaces/lib/python3.12/site-packages/tutorial_interfaces-0.0.0-py3.12.egg-info
[1.917s] -- Installing: /home/zhang/rosprc_ws/install/tutorial_interfaces/lib/python3.12/site-packages/tutorial_interfaces-0.0.0-py3.12.egg-info/PKG-INFO
[1.918s] -- Installing: /home/zhang/rosprc_ws/install/tutorial_interfaces/lib/python3.12/site-packages/tutorial_interfaces-0.0.0-py3.12.egg-info/top_level.txt
[1.918s] -- Installing: /home/zhang/rosprc_ws/install/tutorial_interfaces/lib/python3.12/site-packages/tutorial_interfaces-0.0.0-py3.12.egg-info/dependency_links.txt
[1.919s] -- Installing: /home/zhang/rosprc_ws/install/tutorial_interfaces/lib/python3.12/site-packages/tutorial_interfaces-0.0.0-py3.12.egg-info/SOURCES.txt
[1.919s] -- Up-to-date: /home/zhang/rosprc_ws/install/tutorial_interfaces/lib/python3.12/site-packages/tutorial_interfaces
[1.919s] -- Up-to-date: /home/zhang/rosprc_ws/install/tutorial_interfaces/lib/python3.12/site-packages/tutorial_interfaces/msg
[1.921s] -- Up-to-date: /home/zhang/rosprc_ws/install/tutorial_interfaces/lib/python3.12/site-packages/tutorial_interfaces/msg/_num_s.c
[1.922s] -- Up-to-date: /home/zhang/rosprc_ws/install/tutorial_interfaces/lib/python3.12/site-packages/tutorial_interfaces/msg/__init__.py
[1.923s] -- Up-to-date: /home/zhang/rosprc_ws/install/tutorial_interfaces/lib/python3.12/site-packages/tutorial_interfaces/msg/_sphere.py
[1.925s] -- Up-to-date: /home/zhang/rosprc_ws/install/tutorial_interfaces/lib/python3.12/site-packages/tutorial_interfaces/msg/_sphere_s.c
[1.925s] -- Up-to-date: /home/zhang/rosprc_ws/install/tutorial_interfaces/lib/python3.12/site-packages/tutorial_interfaces/msg/_num.py
[1.926s] -- Up-to-date: /home/zhang/rosprc_ws/install/tutorial_interfaces/lib/python3.12/site-packages/tutorial_interfaces/_tutorial_interfaces_s.ep.rosidl_typesupport_fastrtps_c.c
[1.928s] -- Up-to-date: /home/zhang/rosprc_ws/install/tutorial_interfaces/lib/python3.12/site-packages/tutorial_interfaces/tutorial_interfaces_s__rosidl_typesupport_fastrtps_c.so
[1.928s] -- Up-to-date: /home/zhang/rosprc_ws/install/tutorial_interfaces/lib/python3.12/site-packages/tutorial_interfaces/_tutorial_interfaces_s.ep.rosidl_typesupport_introspection_c.c
[1.929s] -- Up-to-date: /home/zhang/rosprc_ws/install/tutorial_interfaces/lib/python3.12/site-packages/tutorial_interfaces/tutorial_interfaces_s__rosidl_typesupport_introspection_c.so
[1.930s] -- Up-to-date: /home/zhang/rosprc_ws/install/tutorial_interfaces/lib/python3.12/site-packages/tutorial_interfaces/srv
[1.930s] -- Up-to-date: /home/zhang/rosprc_ws/install/tutorial_interfaces/lib/python3.12/site-packages/tutorial_interfaces/srv/_add_three_ints_s.c
[1.931s] -- Up-to-date: /home/zhang/rosprc_ws/install/tutorial_interfaces/lib/python3.12/site-packages/tutorial_interfaces/srv/__init__.py
[1.932s] -- Up-to-date: /home/zhang/rosprc_ws/install/tutorial_interfaces/lib/python3.12/site-packages/tutorial_interfaces/srv/_add_three_ints.py
[1.932s] -- Up-to-date: /home/zhang/rosprc_ws/install/tutorial_interfaces/lib/python3.12/site-packages/tutorial_interfaces/__init__.py
[1.932s] -- Up-to-date: /home/zhang/rosprc_ws/install/tutorial_interfaces/lib/python3.12/site-packages/tutorial_interfaces/_tutorial_interfaces_s.ep.rosidl_typesupport_c.c
[1.934s] -- Up-to-date: /home/zhang/rosprc_ws/install/tutorial_interfaces/lib/python3.12/site-packages/tutorial_interfaces/tutorial_interfaces_s__rosidl_typesupport_c.so
[2.049s] Listing '/home/zhang/rosprc_ws/install/tutorial_interfaces/lib/python3.12/site-packages/tutorial_interfaces'...
[2.049s] Listing '/home/zhang/rosprc_ws/install/tutorial_interfaces/lib/python3.12/site-packages/tutorial_interfaces/msg'...
[2.049s] Listing '/home/zhang/rosprc_ws/install/tutorial_interfaces/lib/python3.12/site-packages/tutorial_interfaces/srv'...
[2.049s] -- Up-to-date: /home/zhang/rosprc_ws/install/tutorial_interfaces/lib/python3.12/site-packages/tutorial_interfaces/tutorial_interfaces_s__rosidl_typesupport_fastrtps_c.so
[2.050s] -- Up-to-date: /home/zhang/rosprc_ws/install/tutorial_interfaces/lib/python3.12/site-packages/tutorial_interfaces/tutorial_interfaces_s__rosidl_typesupport_introspection_c.so
[2.050s] -- Up-to-date: /home/zhang/rosprc_ws/install/tutorial_interfaces/lib/python3.12/site-packages/tutorial_interfaces/tutorial_interfaces_s__rosidl_typesupport_c.so
[2.050s] -- Up-to-date: /home/zhang/rosprc_ws/install/tutorial_interfaces/lib/libtutorial_interfaces__rosidl_generator_py.so
[2.050s] -- Up-to-date: /home/zhang/rosprc_ws/install/tutorial_interfaces/share/ament_index/resource_index/rust_packages/tutorial_interfaces
[2.051s] -- Up-to-date: /home/zhang/rosprc_ws/install/tutorial_interfaces/share/tutorial_interfaces/rust
[2.052s] -- Up-to-date: /home/zhang/rosprc_ws/install/tutorial_interfaces/share/tutorial_interfaces/rust/Cargo.toml
[2.052s] -- Up-to-date: /home/zhang/rosprc_ws/install/tutorial_interfaces/share/tutorial_interfaces/rust/src
[2.052s] -- Up-to-date: /home/zhang/rosprc_ws/install/tutorial_interfaces/share/tutorial_interfaces/rust/src/srv.rs
[2.052s] -- Up-to-date: /home/zhang/rosprc_ws/install/tutorial_interfaces/share/tutorial_interfaces/rust/src/msg
[2.053s] -- Up-to-date: /home/zhang/rosprc_ws/install/tutorial_interfaces/share/tutorial_interfaces/rust/src/msg/rmw.rs
[2.053s] -- Up-to-date: /home/zhang/rosprc_ws/install/tutorial_interfaces/share/tutorial_interfaces/rust/src/lib.rs
[2.053s] -- Up-to-date: /home/zhang/rosprc_ws/install/tutorial_interfaces/share/tutorial_interfaces/rust/src/msg.rs
[2.053s] -- Up-to-date: /home/zhang/rosprc_ws/install/tutorial_interfaces/share/tutorial_interfaces/rust/src/srv
[2.053s] -- Up-to-date: /home/zhang/rosprc_ws/install/tutorial_interfaces/share/tutorial_interfaces/rust/src/srv/rmw.rs
[2.054s] -- Up-to-date: /home/zhang/rosprc_ws/install/tutorial_interfaces/share/tutorial_interfaces/rust/build.rs
[2.054s] -- Up-to-date: /home/zhang/rosprc_ws/install/tutorial_interfaces/share/tutorial_interfaces/msg/Num.idl
[2.055s] -- Up-to-date: /home/zhang/rosprc_ws/install/tutorial_interfaces/share/tutorial_interfaces/msg/Sphere.idl
[2.056s] -- Up-to-date: /home/zhang/rosprc_ws/install/tutorial_interfaces/share/tutorial_interfaces/srv/AddThreeInts.idl
[2.056s] -- Up-to-date: /home/zhang/rosprc_ws/install/tutorial_interfaces/share/tutorial_interfaces/msg/Num.msg
[2.056s] -- Up-to-date: /home/zhang/rosprc_ws/install/tutorial_interfaces/share/tutorial_interfaces/msg/Sphere.msg
[2.056s] -- Up-to-date: /home/zhang/rosprc_ws/install/tutorial_interfaces/share/tutorial_interfaces/srv/AddThreeInts.srv
[2.056s] -- Up-to-date: /home/zhang/rosprc_ws/install/tutorial_interfaces/share/ament_index/resource_index/package_run_dependencies/tutorial_interfaces
[2.057s] -- Up-to-date: /home/zhang/rosprc_ws/install/tutorial_interfaces/share/ament_index/resource_index/parent_prefix_path/tutorial_interfaces
[2.057s] -- Up-to-date: /home/zhang/rosprc_ws/install/tutorial_interfaces/share/tutorial_interfaces/environment/ament_prefix_path.sh
[2.057s] -- Up-to-date: /home/zhang/rosprc_ws/install/tutorial_interfaces/share/tutorial_interfaces/environment/ament_prefix_path.dsv
[2.057s] -- Up-to-date: /home/zhang/rosprc_ws/install/tutorial_interfaces/share/tutorial_interfaces/environment/path.sh
[2.058s] -- Up-to-date: /home/zhang/rosprc_ws/install/tutorial_interfaces/share/tutorial_interfaces/environment/path.dsv
[2.058s] -- Up-to-date: /home/zhang/rosprc_ws/install/tutorial_interfaces/share/tutorial_interfaces/local_setup.bash
[2.059s] -- Up-to-date: /home/zhang/rosprc_ws/install/tutorial_interfaces/share/tutorial_interfaces/local_setup.sh
[2.059s] -- Up-to-date: /home/zhang/rosprc_ws/install/tutorial_interfaces/share/tutorial_interfaces/local_setup.zsh
[2.060s] -- Up-to-date: /home/zhang/rosprc_ws/install/tutorial_interfaces/share/tutorial_interfaces/local_setup.dsv
[2.060s] -- Installing: /home/zhang/rosprc_ws/install/tutorial_interfaces/share/tutorial_interfaces/package.dsv
[2.060s] -- Up-to-date: /home/zhang/rosprc_ws/install/tutorial_interfaces/share/ament_index/resource_index/packages/tutorial_interfaces
[2.060s] -- Up-to-date: /home/zhang/rosprc_ws/install/tutorial_interfaces/share/tutorial_interfaces/cmake/export_tutorial_interfaces__rosidl_generator_cExport.cmake
[2.061s] -- Up-to-date: /home/zhang/rosprc_ws/install/tutorial_interfaces/share/tutorial_interfaces/cmake/export_tutorial_interfaces__rosidl_generator_cExport-noconfig.cmake
[2.062s] -- Up-to-date: /home/zhang/rosprc_ws/install/tutorial_interfaces/share/tutorial_interfaces/cmake/export_tutorial_interfaces__rosidl_typesupport_fastrtps_cExport.cmake
[2.062s] -- Up-to-date: /home/zhang/rosprc_ws/install/tutorial_interfaces/share/tutorial_interfaces/cmake/export_tutorial_interfaces__rosidl_typesupport_fastrtps_cExport-noconfig.cmake
[2.062s] -- Up-to-date: /home/zhang/rosprc_ws/install/tutorial_interfaces/share/tutorial_interfaces/cmake/export_tutorial_interfaces__rosidl_generator_cppExport.cmake
[2.062s] -- Up-to-date: /home/zhang/rosprc_ws/install/tutorial_interfaces/share/tutorial_interfaces/cmake/export_tutorial_interfaces__rosidl_typesupport_fastrtps_cppExport.cmake
[2.062s] -- Up-to-date: /home/zhang/rosprc_ws/install/tutorial_interfaces/share/tutorial_interfaces/cmake/export_tutorial_interfaces__rosidl_typesupport_fastrtps_cppExport-noconfig.cmake
[2.062s] -- Up-to-date: /home/zhang/rosprc_ws/install/tutorial_interfaces/share/tutorial_interfaces/cmake/tutorial_interfaces__rosidl_typesupport_introspection_cExport.cmake
[2.064s] -- Up-to-date: /home/zhang/rosprc_ws/install/tutorial_interfaces/share/tutorial_interfaces/cmake/tutorial_interfaces__rosidl_typesupport_introspection_cExport-noconfig.cmake
[2.065s] -- Up-to-date: /home/zhang/rosprc_ws/install/tutorial_interfaces/share/tutorial_interfaces/cmake/tutorial_interfaces__rosidl_typesupport_cExport.cmake
[2.065s] -- Up-to-date: /home/zhang/rosprc_ws/install/tutorial_interfaces/share/tutorial_interfaces/cmake/tutorial_interfaces__rosidl_typesupport_cExport-noconfig.cmake
[2.065s] -- Up-to-date: /home/zhang/rosprc_ws/install/tutorial_interfaces/share/tutorial_interfaces/cmake/tutorial_interfaces__rosidl_typesupport_introspection_cppExport.cmake
[2.065s] -- Up-to-date: /home/zhang/rosprc_ws/install/tutorial_interfaces/share/tutorial_interfaces/cmake/tutorial_interfaces__rosidl_typesupport_introspection_cppExport-noconfig.cmake
[2.065s] -- Up-to-date: /home/zhang/rosprc_ws/install/tutorial_interfaces/share/tutorial_interfaces/cmake/tutorial_interfaces__rosidl_typesupport_cppExport.cmake
[2.065s] -- Up-to-date: /home/zhang/rosprc_ws/install/tutorial_interfaces/share/tutorial_interfaces/cmake/tutorial_interfaces__rosidl_typesupport_cppExport-noconfig.cmake
[2.066s] -- Up-to-date: /home/zhang/rosprc_ws/install/tutorial_interfaces/share/tutorial_interfaces/cmake/export_tutorial_interfaces__rosidl_generator_pyExport.cmake
[2.066s] -- Up-to-date: /home/zhang/rosprc_ws/install/tutorial_interfaces/share/tutorial_interfaces/cmake/export_tutorial_interfaces__rosidl_generator_pyExport-noconfig.cmake
[2.067s] -- Up-to-date: /home/zhang/rosprc_ws/install/tutorial_interfaces/share/tutorial_interfaces/cmake/rosidl_cmake-extras.cmake
[2.067s] -- Up-to-date: /home/zhang/rosprc_ws/install/tutorial_interfaces/share/tutorial_interfaces/cmake/ament_cmake_export_dependencies-extras.cmake
[2.068s] -- Up-to-date: /home/zhang/rosprc_ws/install/tutorial_interfaces/share/tutorial_interfaces/cmake/ament_cmake_export_include_directories-extras.cmake
[2.069s] -- Up-to-date: /home/zhang/rosprc_ws/install/tutorial_interfaces/share/tutorial_interfaces/cmake/ament_cmake_export_libraries-extras.cmake
[2.070s] -- Up-to-date: /home/zhang/rosprc_ws/install/tutorial_interfaces/share/tutorial_interfaces/cmake/ament_cmake_export_targets-extras.cmake
[2.070s] -- Up-to-date: /home/zhang/rosprc_ws/install/tutorial_interfaces/share/tutorial_interfaces/cmake/rosidl_cmake_export_typesupport_targets-extras.cmake
[2.071s] -- Up-to-date: /home/zhang/rosprc_ws/install/tutorial_interfaces/share/tutorial_interfaces/cmake/rosidl_cmake_export_typesupport_libraries-extras.cmake
[2.071s] -- Up-to-date: /home/zhang/rosprc_ws/install/tutorial_interfaces/share/tutorial_interfaces/cmake/rosidl_cmake_aggregate_target-extras.cmake
[2.071s] -- Up-to-date: /home/zhang/rosprc_ws/install/tutorial_interfaces/share/tutorial_interfaces/cmake/tutorial_interfacesConfig.cmake
[2.071s] -- Up-to-date: /home/zhang/rosprc_ws/install/tutorial_interfaces/share/tutorial_interfaces/cmake/tutorial_interfacesConfig-version.cmake
[2.072s] -- Up-to-date: /home/zhang/rosprc_ws/install/tutorial_interfaces/share/tutorial_interfaces/package.xml
[2.372s] Invoked command in '/home/zhang/rosprc_ws/build/tutorial_interfaces' returned '0': CMAKE_PREFIX_PATH=${CMAKE_PREFIX_PATH}:/opt/ros/jazzy /usr/bin/cmake --install /home/zhang/rosprc_ws/build/tutorial_interfaces
