[0.365s] Invoking command in '/home/zhang/rosprc_ws/build/examples_rclcpp_minimal_publisher': CMAKE_PREFIX_PATH=${CMAKE_PREFIX_PATH}:/opt/ros/jazzy /usr/bin/cmake /home/zhang/rosprc_ws/src/examples/rclcpp/topics/minimal_publisher -DAMENT_CMAKE_SYMLINK_INSTALL=1 -DCMAKE_INSTALL_PREFIX=/home/zhang/rosprc_ws/install/examples_rclcpp_minimal_publisher
[3.492s] -- The C compiler identification is GNU 13.3.0
[3.494s] -- The CXX compiler identification is GNU 13.3.0
[3.495s] -- Detecting C compiler ABI info
[4.228s] -- Detecting C compiler ABI info - done
[4.265s] -- Check for working C compiler: /usr/bin/cc - skipped
[4.273s] -- Detecting C compile features
[4.273s] -- Detecting C compile features - done
[4.505s] -- Detecting CXX compiler ABI info
[5.365s] -- Detecting CXX compiler ABI info - done
[5.432s] -- Check for working CXX compiler: /usr/bin/c++ - skipped
[5.433s] -- Detecting CXX compile features
[5.433s] -- Detecting CXX compile features - done
[5.444s] -- Found ament_cmake: 2.5.6 (/opt/ros/jazzy/share/ament_cmake/cmake)
[6.079s] -- Found Python3: /usr/bin/python3 (found version "3.12.3") found components: Interpreter 
[6.384s] -- Override CMake install command with custom implementation using symlinks instead of copying resources
[6.605s] -- Found rclcpp: 28.1.21 (/opt/ros/jazzy/share/rclcpp/cmake)
[11.448s] -- Found rosidl_generator_c: 4.6.9 (/opt/ros/jazzy/share/rosidl_generator_c/cmake)
[11.489s] -- Found rosidl_generator_cpp: 4.6.9 (/opt/ros/jazzy/share/rosidl_generator_cpp/cmake)
[11.539s] -- Using all available rosidl_typesupport_c: rosidl_typesupport_fastrtps_c;rosidl_typesupport_introspection_c
[11.585s] -- Using all available rosidl_typesupport_cpp: rosidl_typesupport_fastrtps_cpp;rosidl_typesupport_introspection_cpp
[11.839s] -- Found rmw_implementation_cmake: 7.3.3 (/opt/ros/jazzy/share/rmw_implementation_cmake/cmake)
[11.855s] -- Found rmw_fastrtps_cpp: 8.4.4 (/opt/ros/jazzy/share/rmw_fastrtps_cpp/cmake)
[12.219s] -- Found OpenSSL: /usr/lib/x86_64-linux-gnu/libcrypto.so (found version "3.0.13")  
[12.648s] -- Found FastRTPS: /opt/ros/jazzy/include (Required is at least version "2.13") 
[12.893s] -- Using RMW implementation 'rmw_fastrtps_cpp' as default
[13.383s] -- Found std_msgs: 5.3.8 (/opt/ros/jazzy/share/std_msgs/cmake)
[13.428s] -- Found ament_lint_auto: 0.17.5 (/opt/ros/jazzy/share/ament_lint_auto/cmake)
[13.781s] -- Added test 'copyright' to check source files copyright and LICENSE
[13.799s] -- Added test 'cppcheck' to perform static code analysis on C / C++ code
[13.801s] -- Configured cppcheck include dirs: 
[13.801s] -- Configured cppcheck exclude dirs and/or files: 
[13.802s] -- Added test 'cpplint' to check C / C++ code against the Google style
[13.802s] -- Configured cpplint exclude dirs and/or files: 
[13.804s] -- Added test 'lint_cmake' to check CMake code style
[13.809s] -- Added test 'uncrustify' to check C / C++ code style
[13.811s] -- Configured uncrustify additional arguments: 
[13.812s] -- Added test 'xmllint' to check XML markup files
[13.813s] -- Configuring done (13.4s)
[13.921s] -- Generating done (0.1s)
[14.063s] -- Build files have been written to: /home/zhang/rosprc_ws/build/examples_rclcpp_minimal_publisher
[14.349s] Invoked command in '/home/zhang/rosprc_ws/build/examples_rclcpp_minimal_publisher' returned '0': CMAKE_PREFIX_PATH=${CMAKE_PREFIX_PATH}:/opt/ros/jazzy /usr/bin/cmake /home/zhang/rosprc_ws/src/examples/rclcpp/topics/minimal_publisher -DAMENT_CMAKE_SYMLINK_INSTALL=1 -DCMAKE_INSTALL_PREFIX=/home/zhang/rosprc_ws/install/examples_rclcpp_minimal_publisher
[14.351s] Invoking command in '/home/zhang/rosprc_ws/build/examples_rclcpp_minimal_publisher': CMAKE_PREFIX_PATH=${CMAKE_PREFIX_PATH}:/opt/ros/jazzy /usr/bin/cmake --build /home/zhang/rosprc_ws/build/examples_rclcpp_minimal_publisher -- -j20 -l20
[14.551s] [  8%] [32mBuilding CXX object CMakeFiles/publisher_member_function_with_type_adapter.dir/member_function_with_type_adapter.cpp.o[0m
[14.552s] [ 16%] [32mBuilding CXX object CMakeFiles/publisher_member_function_with_unique_network_flow_endpoints.dir/member_function_with_unique_network_flow_endpoints.cpp.o[0m
[14.583s] [ 25%] [32mBuilding CXX object CMakeFiles/publisher_member_function.dir/member_function.cpp.o[0m
[14.701s] [ 33%] [32mBuilding CXX object CMakeFiles/publisher_not_composable.dir/not_composable.cpp.o[0m
[14.706s] [ 41%] [32mBuilding CXX object CMakeFiles/publisher_wait_for_all_acked.dir/member_function_with_wait_for_all_acked.cpp.o[0m
[14.874s] [ 50%] [32mBuilding CXX object CMakeFiles/publisher_lambda.dir/lambda.cpp.o[0m
