[2.220s] Invoking command in '/home/zhang/rosprc_ws/build/cpp_srvcli': AMENT_PREFIX_PATH=/home/zhang/rosprc_ws/install/tutorial_interfaces:${AMENT_PREFIX_PATH} CMAKE_PREFIX_PATH=/home/zhang/rosprc_ws/install/tutorial_interfaces:/opt/ros/jazzy/opt/gz_sim_vendor:/opt/ros/jazzy/opt/gz_sensors_vendor:/opt/ros/jazzy/opt/gz_physics_vendor:/opt/ros/jazzy/opt/sdformat_vendor:/opt/ros/jazzy/opt/gz_gui_vendor:/opt/ros/jazzy/opt/gz_transport_vendor:/opt/ros/jazzy/opt/gz_rendering_vendor:/opt/ros/jazzy/opt/gz_plugin_vendor:/opt/ros/jazzy/opt/gz_fuel_tools_vendor:/opt/ros/jazzy/opt/gz_msgs_vendor:/opt/ros/jazzy/opt/gz_common_vendor:/opt/ros/jazzy/opt/gz_math_vendor:/opt/ros/jazzy/opt/gz_utils_vendor:/opt/ros/jazzy/opt/gz_tools_vendor:/opt/ros/jazzy/opt/gz_ogre_next_vendor:/opt/ros/jazzy/opt/gz_dartsim_vendor:/opt/ros/jazzy/opt/gz_cmake_vendor:/opt/ros/jazzy LD_LIBRARY_PATH=/home/zhang/rosprc_ws/install/tutorial_interfaces/lib:${LD_LIBRARY_PATH} PYTHONPATH=/home/zhang/rosprc_ws/install/tutorial_interfaces/lib/python3.12/site-packages:${PYTHONPATH} /usr/bin/cmake --build /home/zhang/rosprc_ws/build/cpp_srvcli -- -j20 -l20
[2.389s] [ 50%] Built target server
[2.392s] [100%] Built target client
[2.504s] Invoked command in '/home/zhang/rosprc_ws/build/cpp_srvcli' returned '0': AMENT_PREFIX_PATH=/home/zhang/rosprc_ws/install/tutorial_interfaces:${AMENT_PREFIX_PATH} CMAKE_PREFIX_PATH=/home/zhang/rosprc_ws/install/tutorial_interfaces:/opt/ros/jazzy/opt/gz_sim_vendor:/opt/ros/jazzy/opt/gz_sensors_vendor:/opt/ros/jazzy/opt/gz_physics_vendor:/opt/ros/jazzy/opt/sdformat_vendor:/opt/ros/jazzy/opt/gz_gui_vendor:/opt/ros/jazzy/opt/gz_transport_vendor:/opt/ros/jazzy/opt/gz_rendering_vendor:/opt/ros/jazzy/opt/gz_plugin_vendor:/opt/ros/jazzy/opt/gz_fuel_tools_vendor:/opt/ros/jazzy/opt/gz_msgs_vendor:/opt/ros/jazzy/opt/gz_common_vendor:/opt/ros/jazzy/opt/gz_math_vendor:/opt/ros/jazzy/opt/gz_utils_vendor:/opt/ros/jazzy/opt/gz_tools_vendor:/opt/ros/jazzy/opt/gz_ogre_next_vendor:/opt/ros/jazzy/opt/gz_dartsim_vendor:/opt/ros/jazzy/opt/gz_cmake_vendor:/opt/ros/jazzy LD_LIBRARY_PATH=/home/zhang/rosprc_ws/install/tutorial_interfaces/lib:${LD_LIBRARY_PATH} PYTHONPATH=/home/zhang/rosprc_ws/install/tutorial_interfaces/lib/python3.12/site-packages:${PYTHONPATH} /usr/bin/cmake --build /home/zhang/rosprc_ws/build/cpp_srvcli -- -j20 -l20
[2.513s] Invoking command in '/home/zhang/rosprc_ws/build/cpp_srvcli': AMENT_PREFIX_PATH=/home/zhang/rosprc_ws/install/tutorial_interfaces:${AMENT_PREFIX_PATH} CMAKE_PREFIX_PATH=/home/zhang/rosprc_ws/install/tutorial_interfaces:/opt/ros/jazzy/opt/gz_sim_vendor:/opt/ros/jazzy/opt/gz_sensors_vendor:/opt/ros/jazzy/opt/gz_physics_vendor:/opt/ros/jazzy/opt/sdformat_vendor:/opt/ros/jazzy/opt/gz_gui_vendor:/opt/ros/jazzy/opt/gz_transport_vendor:/opt/ros/jazzy/opt/gz_rendering_vendor:/opt/ros/jazzy/opt/gz_plugin_vendor:/opt/ros/jazzy/opt/gz_fuel_tools_vendor:/opt/ros/jazzy/opt/gz_msgs_vendor:/opt/ros/jazzy/opt/gz_common_vendor:/opt/ros/jazzy/opt/gz_math_vendor:/opt/ros/jazzy/opt/gz_utils_vendor:/opt/ros/jazzy/opt/gz_tools_vendor:/opt/ros/jazzy/opt/gz_ogre_next_vendor:/opt/ros/jazzy/opt/gz_dartsim_vendor:/opt/ros/jazzy/opt/gz_cmake_vendor:/opt/ros/jazzy LD_LIBRARY_PATH=/home/zhang/rosprc_ws/install/tutorial_interfaces/lib:${LD_LIBRARY_PATH} PYTHONPATH=/home/zhang/rosprc_ws/install/tutorial_interfaces/lib/python3.12/site-packages:${PYTHONPATH} /usr/bin/cmake --install /home/zhang/rosprc_ws/build/cpp_srvcli
[2.542s] -- Install configuration: ""
[2.543s] -- Up-to-date: /home/zhang/rosprc_ws/install/cpp_srvcli/lib/cpp_srvcli/server
[2.545s] -- Up-to-date: /home/zhang/rosprc_ws/install/cpp_srvcli/lib/cpp_srvcli/client
[2.550s] -- Up-to-date: /home/zhang/rosprc_ws/install/cpp_srvcli/share/ament_index/resource_index/package_run_dependencies/cpp_srvcli
[2.551s] -- Up-to-date: /home/zhang/rosprc_ws/install/cpp_srvcli/share/ament_index/resource_index/parent_prefix_path/cpp_srvcli
[2.552s] -- Up-to-date: /home/zhang/rosprc_ws/install/cpp_srvcli/share/cpp_srvcli/environment/ament_prefix_path.sh
[2.552s] -- Up-to-date: /home/zhang/rosprc_ws/install/cpp_srvcli/share/cpp_srvcli/environment/ament_prefix_path.dsv
[2.553s] -- Up-to-date: /home/zhang/rosprc_ws/install/cpp_srvcli/share/cpp_srvcli/environment/path.sh
[2.554s] -- Up-to-date: /home/zhang/rosprc_ws/install/cpp_srvcli/share/cpp_srvcli/environment/path.dsv
[2.556s] -- Up-to-date: /home/zhang/rosprc_ws/install/cpp_srvcli/share/cpp_srvcli/local_setup.bash
[2.557s] -- Up-to-date: /home/zhang/rosprc_ws/install/cpp_srvcli/share/cpp_srvcli/local_setup.sh
[2.557s] -- Up-to-date: /home/zhang/rosprc_ws/install/cpp_srvcli/share/cpp_srvcli/local_setup.zsh
[2.557s] -- Up-to-date: /home/zhang/rosprc_ws/install/cpp_srvcli/share/cpp_srvcli/local_setup.dsv
[2.558s] -- Installing: /home/zhang/rosprc_ws/install/cpp_srvcli/share/cpp_srvcli/package.dsv
[2.558s] -- Up-to-date: /home/zhang/rosprc_ws/install/cpp_srvcli/share/ament_index/resource_index/packages/cpp_srvcli
[2.559s] -- Up-to-date: /home/zhang/rosprc_ws/install/cpp_srvcli/share/cpp_srvcli/cmake/cpp_srvcliConfig.cmake
[2.560s] -- Up-to-date: /home/zhang/rosprc_ws/install/cpp_srvcli/share/cpp_srvcli/cmake/cpp_srvcliConfig-version.cmake
[2.577s] -- Up-to-date: /home/zhang/rosprc_ws/install/cpp_srvcli/share/cpp_srvcli/package.xml
[2.578s] Invoked command in '/home/zhang/rosprc_ws/build/cpp_srvcli' returned '0': AMENT_PREFIX_PATH=/home/zhang/rosprc_ws/install/tutorial_interfaces:${AMENT_PREFIX_PATH} CMAKE_PREFIX_PATH=/home/zhang/rosprc_ws/install/tutorial_interfaces:/opt/ros/jazzy/opt/gz_sim_vendor:/opt/ros/jazzy/opt/gz_sensors_vendor:/opt/ros/jazzy/opt/gz_physics_vendor:/opt/ros/jazzy/opt/sdformat_vendor:/opt/ros/jazzy/opt/gz_gui_vendor:/opt/ros/jazzy/opt/gz_transport_vendor:/opt/ros/jazzy/opt/gz_rendering_vendor:/opt/ros/jazzy/opt/gz_plugin_vendor:/opt/ros/jazzy/opt/gz_fuel_tools_vendor:/opt/ros/jazzy/opt/gz_msgs_vendor:/opt/ros/jazzy/opt/gz_common_vendor:/opt/ros/jazzy/opt/gz_math_vendor:/opt/ros/jazzy/opt/gz_utils_vendor:/opt/ros/jazzy/opt/gz_tools_vendor:/opt/ros/jazzy/opt/gz_ogre_next_vendor:/opt/ros/jazzy/opt/gz_dartsim_vendor:/opt/ros/jazzy/opt/gz_cmake_vendor:/opt/ros/jazzy LD_LIBRARY_PATH=/home/zhang/rosprc_ws/install/tutorial_interfaces/lib:${LD_LIBRARY_PATH} PYTHONPATH=/home/zhang/rosprc_ws/install/tutorial_interfaces/lib/python3.12/site-packages:${PYTHONPATH} /usr/bin/cmake --install /home/zhang/rosprc_ws/build/cpp_srvcli
