[0.161s] Invoking command in '/home/zhang/rosprc_ws/build/examples_rclcpp_minimal_composition': CMAKE_PREFIX_PATH=${CMAKE_PREFIX_PATH}:/opt/ros/jazzy /usr/bin/cmake /home/zhang/rosprc_ws/src/examples/rclcpp/composition/minimal_composition -DCMAKE_INSTALL_PREFIX=/home/zhang/rosprc_ws/install/examples_rclcpp_minimal_composition
[2.381s] -- Found ament_cmake: 2.5.6 (/opt/ros/jazzy/share/ament_cmake/cmake)
[2.382s] -- Override CMake install command with custom implementation using symlinks instead of copying resources
[2.382s] -- Found rclcpp: 28.1.21 (/opt/ros/jazzy/share/rclcpp/cmake)
[3.158s] -- Found rosidl_generator_c: 4.6.9 (/opt/ros/jazzy/share/rosidl_generator_c/cmake)
[3.185s] -- Found rosidl_generator_cpp: 4.6.9 (/opt/ros/jazzy/share/rosidl_generator_cpp/cmake)
[3.222s] -- Using all available rosidl_typesupport_c: rosidl_typesupport_fastrtps_c;rosidl_typesupport_introspection_c
[3.257s] -- Using all available rosidl_typesupport_cpp: rosidl_typesupport_fastrtps_cpp;rosidl_typesupport_introspection_cpp
[3.429s] -- Found rmw_implementation_cmake: 7.3.3 (/opt/ros/jazzy/share/rmw_implementation_cmake/cmake)
[3.430s] -- Found rmw_fastrtps_cpp: 8.4.4 (/opt/ros/jazzy/share/rmw_fastrtps_cpp/cmake)
[3.906s] -- Using RMW implementation 'rmw_fastrtps_cpp' as default
[4.276s] -- Found rclcpp_components: 28.1.21 (/opt/ros/jazzy/share/rclcpp_components/cmake)
[4.384s] -- Found std_msgs: 5.3.8 (/opt/ros/jazzy/share/std_msgs/cmake)
[4.448s] -- Found ament_lint_auto: 0.17.5 (/opt/ros/jazzy/share/ament_lint_auto/cmake)
[4.730s] -- Added test 'copyright' to check source files copyright and LICENSE
[4.750s] -- Added test 'cppcheck' to perform static code analysis on C / C++ code
[4.750s] -- Configured cppcheck include dirs: /home/zhang/rosprc_ws/src/examples/rclcpp/composition/minimal_composition/include
[4.751s] -- Configured cppcheck exclude dirs and/or files: 
[4.751s] -- Added test 'cpplint' to check C / C++ code against the Google style
[4.751s] -- Configured cpplint exclude dirs and/or files: 
[4.751s] -- Added test 'lint_cmake' to check CMake code style
[4.757s] -- Added test 'uncrustify' to check C / C++ code style
[4.758s] -- Configured uncrustify additional arguments: 
[4.758s] -- Added test 'xmllint' to check XML markup files
[4.762s] -- Configuring done (4.5s)
[4.915s] -- Generating done (0.1s)
[4.948s] -- Build files have been written to: /home/zhang/rosprc_ws/build/examples_rclcpp_minimal_composition
[5.058s] Invoked command in '/home/zhang/rosprc_ws/build/examples_rclcpp_minimal_composition' returned '0': CMAKE_PREFIX_PATH=${CMAKE_PREFIX_PATH}:/opt/ros/jazzy /usr/bin/cmake /home/zhang/rosprc_ws/src/examples/rclcpp/composition/minimal_composition -DCMAKE_INSTALL_PREFIX=/home/zhang/rosprc_ws/install/examples_rclcpp_minimal_composition
[5.059s] Invoking command in '/home/zhang/rosprc_ws/build/examples_rclcpp_minimal_composition': CMAKE_PREFIX_PATH=${CMAKE_PREFIX_PATH}:/opt/ros/jazzy /usr/bin/cmake --build /home/zhang/rosprc_ws/build/examples_rclcpp_minimal_composition -- -j20 -l20
[5.182s] [ 33%] Built target composition_nodes
[5.241s] [ 55%] Built target composition_composed
[5.250s] [ 77%] Built target composition_subscriber
[5.255s] [100%] Built target composition_publisher
[5.916s] Invoked command in '/home/zhang/rosprc_ws/build/examples_rclcpp_minimal_composition' returned '0': CMAKE_PREFIX_PATH=${CMAKE_PREFIX_PATH}:/opt/ros/jazzy /usr/bin/cmake --build /home/zhang/rosprc_ws/build/examples_rclcpp_minimal_composition -- -j20 -l20
[5.918s] Invoking command in '/home/zhang/rosprc_ws/build/examples_rclcpp_minimal_composition': CMAKE_PREFIX_PATH=${CMAKE_PREFIX_PATH}:/opt/ros/jazzy /usr/bin/cmake --install /home/zhang/rosprc_ws/build/examples_rclcpp_minimal_composition
[5.930s] -- Install configuration: ""
[5.931s] -- Execute custom install script
[5.931s] -- Up-to-date symlink: /home/zhang/rosprc_ws/install/examples_rclcpp_minimal_composition/share/examples_rclcpp_minimal_composition/environment/library_path.sh
[5.931s] -- Up-to-date symlink: /home/zhang/rosprc_ws/install/examples_rclcpp_minimal_composition/share/examples_rclcpp_minimal_composition/environment/library_path.dsv
[5.931s] -- Up-to-date symlink: /home/zhang/rosprc_ws/install/examples_rclcpp_minimal_composition/lib/libcomposition_nodes.so
[5.931s] -- Up-to-date symlink: /home/zhang/rosprc_ws/install/examples_rclcpp_minimal_composition/lib/examples_rclcpp_minimal_composition/composition_publisher
[5.931s] -- Up-to-date symlink: /home/zhang/rosprc_ws/install/examples_rclcpp_minimal_composition/lib/examples_rclcpp_minimal_composition/composition_subscriber
[5.931s] -- Up-to-date symlink: /home/zhang/rosprc_ws/install/examples_rclcpp_minimal_composition/lib/examples_rclcpp_minimal_composition/composition_composed
[5.932s] -- Up-to-date symlink: /home/zhang/rosprc_ws/install/examples_rclcpp_minimal_composition/share/ament_index/resource_index/package_run_dependencies/examples_rclcpp_minimal_composition
[5.932s] -- Up-to-date symlink: /home/zhang/rosprc_ws/install/examples_rclcpp_minimal_composition/share/ament_index/resource_index/parent_prefix_path/examples_rclcpp_minimal_composition
[5.932s] -- Up-to-date symlink: /home/zhang/rosprc_ws/install/examples_rclcpp_minimal_composition/share/examples_rclcpp_minimal_composition/environment/ament_prefix_path.sh
[5.933s] -- Up-to-date symlink: /home/zhang/rosprc_ws/install/examples_rclcpp_minimal_composition/share/examples_rclcpp_minimal_composition/environment/ament_prefix_path.dsv
[5.933s] -- Up-to-date symlink: /home/zhang/rosprc_ws/install/examples_rclcpp_minimal_composition/share/examples_rclcpp_minimal_composition/environment/path.sh
[5.933s] -- Up-to-date symlink: /home/zhang/rosprc_ws/install/examples_rclcpp_minimal_composition/share/examples_rclcpp_minimal_composition/environment/path.dsv
[5.934s] -- Up-to-date symlink: /home/zhang/rosprc_ws/install/examples_rclcpp_minimal_composition/share/examples_rclcpp_minimal_composition/local_setup.bash
[5.934s] -- Up-to-date symlink: /home/zhang/rosprc_ws/install/examples_rclcpp_minimal_composition/share/examples_rclcpp_minimal_composition/local_setup.sh
[5.935s] -- Up-to-date symlink: /home/zhang/rosprc_ws/install/examples_rclcpp_minimal_composition/share/examples_rclcpp_minimal_composition/local_setup.zsh
[5.936s] -- Up-to-date symlink: /home/zhang/rosprc_ws/install/examples_rclcpp_minimal_composition/share/examples_rclcpp_minimal_composition/local_setup.dsv
[5.937s] -- Symlinking: /home/zhang/rosprc_ws/install/examples_rclcpp_minimal_composition/share/examples_rclcpp_minimal_composition/package.dsv
[5.942s] -- Up-to-date symlink: /home/zhang/rosprc_ws/install/examples_rclcpp_minimal_composition/share/ament_index/resource_index/packages/examples_rclcpp_minimal_composition
[5.945s] -- Up-to-date symlink: /home/zhang/rosprc_ws/install/examples_rclcpp_minimal_composition/share/examples_rclcpp_minimal_composition/cmake/examples_rclcpp_minimal_compositionConfig.cmake
[5.946s] -- Up-to-date symlink: /home/zhang/rosprc_ws/install/examples_rclcpp_minimal_composition/share/examples_rclcpp_minimal_composition/cmake/examples_rclcpp_minimal_compositionConfig-version.cmake
[5.947s] -- Up-to-date symlink: /home/zhang/rosprc_ws/install/examples_rclcpp_minimal_composition/share/examples_rclcpp_minimal_composition/package.xml
[6.145s] Invoked command in '/home/zhang/rosprc_ws/build/examples_rclcpp_minimal_composition' returned '0': CMAKE_PREFIX_PATH=${CMAKE_PREFIX_PATH}:/opt/ros/jazzy /usr/bin/cmake --install /home/zhang/rosprc_ws/build/examples_rclcpp_minimal_composition
