[5.654s] Invoking command in '/home/zhang/rosprc_ws/src/examples/rclpy/actions/minimal_action_client': PYTHONPATH=/home/zhang/rosprc_ws/build/examples_rclpy_minimal_action_client/prefix_override:/usr/lib/python3/dist-packages/colcon_core/task/python/colcon_distutils_commands:/home/zhang/rosprc_ws/install/examples_rclpy_minimal_action_client/lib/python3.12/site-packages:${PYTHONPATH} /usr/bin/python3 -W ignore:setup.py install is deprecated -W ignore:easy_install command is deprecated setup.py egg_info --egg-base ../../../../../build/examples_rclpy_minimal_action_client build --build-base /home/zhang/rosprc_ws/build/examples_rclpy_minimal_action_client/build install --record /home/zhang/rosprc_ws/build/examples_rclpy_minimal_action_client/install.log --install-scripts $base/lib/examples_rclpy_minimal_action_client --single-version-externally-managed install_data
[6.260s] running egg_info
[6.297s] writing ../../../../../build/examples_rclpy_minimal_action_client/examples_rclpy_minimal_action_client.egg-info/PKG-INFO
[6.298s] writing dependency_links to ../../../../../build/examples_rclpy_minimal_action_client/examples_rclpy_minimal_action_client.egg-info/dependency_links.txt
[6.298s] writing entry points to ../../../../../build/examples_rclpy_minimal_action_client/examples_rclpy_minimal_action_client.egg-info/entry_points.txt
[6.299s] writing requirements to ../../../../../build/examples_rclpy_minimal_action_client/examples_rclpy_minimal_action_client.egg-info/requires.txt
[6.299s] writing top-level names to ../../../../../build/examples_rclpy_minimal_action_client/examples_rclpy_minimal_action_client.egg-info/top_level.txt
[6.382s] reading manifest file '../../../../../build/examples_rclpy_minimal_action_client/examples_rclpy_minimal_action_client.egg-info/SOURCES.txt'
[6.387s] writing manifest file '../../../../../build/examples_rclpy_minimal_action_client/examples_rclpy_minimal_action_client.egg-info/SOURCES.txt'
[6.387s] running build
[6.388s] running build_py
[6.388s] running install
[6.405s] running install_lib
[6.455s] running install_data
[6.457s] running install_egg_info
[6.499s] removing '/home/zhang/rosprc_ws/install/examples_rclpy_minimal_action_client/lib/python3.12/site-packages/examples_rclpy_minimal_action_client-0.19.7-py3.12.egg-info' (and everything under it)
[6.501s] Copying ../../../../../build/examples_rclpy_minimal_action_client/examples_rclpy_minimal_action_client.egg-info to /home/zhang/rosprc_ws/install/examples_rclpy_minimal_action_client/lib/python3.12/site-packages/examples_rclpy_minimal_action_client-0.19.7-py3.12.egg-info
[6.505s] running install_scripts
[6.812s] Installing client script to /home/zhang/rosprc_ws/install/examples_rclpy_minimal_action_client/lib/examples_rclpy_minimal_action_client
[6.813s] Installing client_asyncio script to /home/zhang/rosprc_ws/install/examples_rclpy_minimal_action_client/lib/examples_rclpy_minimal_action_client
[6.814s] Installing client_cancel script to /home/zhang/rosprc_ws/install/examples_rclpy_minimal_action_client/lib/examples_rclpy_minimal_action_client
[6.814s] Installing client_not_composable script to /home/zhang/rosprc_ws/install/examples_rclpy_minimal_action_client/lib/examples_rclpy_minimal_action_client
[6.814s] writing list of installed files to '/home/zhang/rosprc_ws/build/examples_rclpy_minimal_action_client/install.log'
[6.929s] Invoked command in '/home/zhang/rosprc_ws/src/examples/rclpy/actions/minimal_action_client' returned '0': PYTHONPATH=/home/zhang/rosprc_ws/build/examples_rclpy_minimal_action_client/prefix_override:/usr/lib/python3/dist-packages/colcon_core/task/python/colcon_distutils_commands:/home/zhang/rosprc_ws/install/examples_rclpy_minimal_action_client/lib/python3.12/site-packages:${PYTHONPATH} /usr/bin/python3 -W ignore:setup.py install is deprecated -W ignore:easy_install command is deprecated setup.py egg_info --egg-base ../../../../../build/examples_rclpy_minimal_action_client build --build-base /home/zhang/rosprc_ws/build/examples_rclpy_minimal_action_client/build install --record /home/zhang/rosprc_ws/build/examples_rclpy_minimal_action_client/install.log --install-scripts $base/lib/examples_rclpy_minimal_action_client --single-version-externally-managed install_data
