[0.225s] Invoking command in '/home/zhang/rosprc_ws/build/examples_rclcpp_minimal_client': CMAKE_PREFIX_PATH=${CMAKE_PREFIX_PATH}:/opt/ros/jazzy /usr/bin/cmake --build /home/zhang/rosprc_ws/build/examples_rclcpp_minimal_client -- -j20 -l20
[3.271s] [100%] Built target client_main
[3.316s] Invoked command in '/home/zhang/rosprc_ws/build/examples_rclcpp_minimal_client' returned '0': CMAKE_PREFIX_PATH=${CMAKE_PREFIX_PATH}:/opt/ros/jazzy /usr/bin/cmake --build /home/zhang/rosprc_ws/build/examples_rclcpp_minimal_client -- -j20 -l20
[3.318s] Invoking command in '/home/zhang/rosprc_ws/build/examples_rclcpp_minimal_client': CMAKE_PREFIX_PATH=${CMAKE_PREFIX_PATH}:/opt/ros/jazzy /usr/bin/cmake --install /home/zhang/rosprc_ws/build/examples_rclcpp_minimal_client
[3.559s] -- Install configuration: ""
[3.559s] -- Execute custom install script
[3.560s] -- Up-to-date symlink: /home/zhang/rosprc_ws/install/examples_rclcpp_minimal_client/lib/examples_rclcpp_minimal_client/client_main
[3.561s] -- Up-to-date symlink: /home/zhang/rosprc_ws/install/examples_rclcpp_minimal_client/share/ament_index/resource_index/package_run_dependencies/examples_rclcpp_minimal_client
[3.561s] -- Up-to-date symlink: /home/zhang/rosprc_ws/install/examples_rclcpp_minimal_client/share/ament_index/resource_index/parent_prefix_path/examples_rclcpp_minimal_client
[3.562s] -- Up-to-date symlink: /home/zhang/rosprc_ws/install/examples_rclcpp_minimal_client/share/examples_rclcpp_minimal_client/environment/ament_prefix_path.sh
[3.562s] -- Up-to-date symlink: /home/zhang/rosprc_ws/install/examples_rclcpp_minimal_client/share/examples_rclcpp_minimal_client/environment/ament_prefix_path.dsv
[3.563s] -- Up-to-date symlink: /home/zhang/rosprc_ws/install/examples_rclcpp_minimal_client/share/examples_rclcpp_minimal_client/environment/path.sh
[3.564s] -- Up-to-date symlink: /home/zhang/rosprc_ws/install/examples_rclcpp_minimal_client/share/examples_rclcpp_minimal_client/environment/path.dsv
[3.565s] -- Up-to-date symlink: /home/zhang/rosprc_ws/install/examples_rclcpp_minimal_client/share/examples_rclcpp_minimal_client/local_setup.bash
[3.567s] -- Up-to-date symlink: /home/zhang/rosprc_ws/install/examples_rclcpp_minimal_client/share/examples_rclcpp_minimal_client/local_setup.sh
[3.568s] -- Up-to-date symlink: /home/zhang/rosprc_ws/install/examples_rclcpp_minimal_client/share/examples_rclcpp_minimal_client/local_setup.zsh
[3.570s] -- Up-to-date symlink: /home/zhang/rosprc_ws/install/examples_rclcpp_minimal_client/share/examples_rclcpp_minimal_client/local_setup.dsv
[3.571s] -- Symlinking: /home/zhang/rosprc_ws/install/examples_rclcpp_minimal_client/share/examples_rclcpp_minimal_client/package.dsv
[3.572s] -- Up-to-date symlink: /home/zhang/rosprc_ws/install/examples_rclcpp_minimal_client/share/ament_index/resource_index/packages/examples_rclcpp_minimal_client
[3.572s] -- Up-to-date symlink: /home/zhang/rosprc_ws/install/examples_rclcpp_minimal_client/share/examples_rclcpp_minimal_client/cmake/examples_rclcpp_minimal_clientConfig.cmake
[3.573s] -- Up-to-date symlink: /home/zhang/rosprc_ws/install/examples_rclcpp_minimal_client/share/examples_rclcpp_minimal_client/cmake/examples_rclcpp_minimal_clientConfig-version.cmake
[3.574s] -- Up-to-date symlink: /home/zhang/rosprc_ws/install/examples_rclcpp_minimal_client/share/examples_rclcpp_minimal_client/package.xml
[3.722s] Invoked command in '/home/zhang/rosprc_ws/build/examples_rclcpp_minimal_client' returned '0': CMAKE_PREFIX_PATH=${CMAKE_PREFIX_PATH}:/opt/ros/jazzy /usr/bin/cmake --install /home/zhang/rosprc_ws/build/examples_rclcpp_minimal_client
