[0.155s] Invoking command in '/home/zhang/rosprc_ws/build/examples_rclcpp_multithreaded_executor': CMAKE_PREFIX_PATH=${CMAKE_PREFIX_PATH}:/opt/ros/jazzy /usr/bin/cmake /home/zhang/rosprc_ws/src/examples/rclcpp/executors/multithreaded_executor -DCMAKE_INSTALL_PREFIX=/home/zhang/rosprc_ws/install/examples_rclcpp_multithreaded_executor
[2.352s] -- Found ament_cmake: 2.5.6 (/opt/ros/jazzy/share/ament_cmake/cmake)
[2.353s] -- Override CMake install command with custom implementation using symlinks instead of copying resources
[2.353s] -- Found rclcpp: 28.1.21 (/opt/ros/jazzy/share/rclcpp/cmake)
[3.137s] -- Found rosidl_generator_c: 4.6.9 (/opt/ros/jazzy/share/rosidl_generator_c/cmake)
[3.152s] -- Found rosidl_generator_cpp: 4.6.9 (/opt/ros/jazzy/share/rosidl_generator_cpp/cmake)
[3.184s] -- Using all available rosidl_typesupport_c: rosidl_typesupport_fastrtps_c;rosidl_typesupport_introspection_c
[3.220s] -- Using all available rosidl_typesupport_cpp: rosidl_typesupport_fastrtps_cpp;rosidl_typesupport_introspection_cpp
[3.391s] -- Found rmw_implementation_cmake: 7.3.3 (/opt/ros/jazzy/share/rmw_implementation_cmake/cmake)
[3.392s] -- Found rmw_fastrtps_cpp: 8.4.4 (/opt/ros/jazzy/share/rmw_fastrtps_cpp/cmake)
[3.886s] -- Using RMW implementation 'rmw_fastrtps_cpp' as default
[4.271s] -- Found std_msgs: 5.3.8 (/opt/ros/jazzy/share/std_msgs/cmake)
[4.298s] -- Found ament_lint_auto: 0.17.5 (/opt/ros/jazzy/share/ament_lint_auto/cmake)
[4.489s] -- Added test 'copyright' to check source files copyright and LICENSE
[4.489s] -- Added test 'cppcheck' to perform static code analysis on C / C++ code
[4.490s] -- Configured cppcheck include dirs: 
[4.490s] -- Configured cppcheck exclude dirs and/or files: 
[4.490s] -- Added test 'cpplint' to check C / C++ code against the Google style
[4.490s] -- Configured cpplint exclude dirs and/or files: 
[4.490s] -- Added test 'lint_cmake' to check CMake code style
[4.490s] -- Added test 'uncrustify' to check C / C++ code style
[4.490s] -- Configured uncrustify additional arguments: 
[4.499s] -- Added test 'xmllint' to check XML markup files
[4.514s] -- Configuring done (4.3s)
[4.564s] -- Generating done (0.0s)
[4.581s] -- Build files have been written to: /home/zhang/rosprc_ws/build/examples_rclcpp_multithreaded_executor
[4.617s] Invoked command in '/home/zhang/rosprc_ws/build/examples_rclcpp_multithreaded_executor' returned '0': CMAKE_PREFIX_PATH=${CMAKE_PREFIX_PATH}:/opt/ros/jazzy /usr/bin/cmake /home/zhang/rosprc_ws/src/examples/rclcpp/executors/multithreaded_executor -DCMAKE_INSTALL_PREFIX=/home/zhang/rosprc_ws/install/examples_rclcpp_multithreaded_executor
[4.618s] Invoking command in '/home/zhang/rosprc_ws/build/examples_rclcpp_multithreaded_executor': CMAKE_PREFIX_PATH=${CMAKE_PREFIX_PATH}:/opt/ros/jazzy /usr/bin/cmake --build /home/zhang/rosprc_ws/build/examples_rclcpp_multithreaded_executor -- -j20 -l20
[4.831s] [100%] Built target multithreaded_executor
[4.891s] Invoked command in '/home/zhang/rosprc_ws/build/examples_rclcpp_multithreaded_executor' returned '0': CMAKE_PREFIX_PATH=${CMAKE_PREFIX_PATH}:/opt/ros/jazzy /usr/bin/cmake --build /home/zhang/rosprc_ws/build/examples_rclcpp_multithreaded_executor -- -j20 -l20
[4.897s] Invoking command in '/home/zhang/rosprc_ws/build/examples_rclcpp_multithreaded_executor': CMAKE_PREFIX_PATH=${CMAKE_PREFIX_PATH}:/opt/ros/jazzy /usr/bin/cmake --install /home/zhang/rosprc_ws/build/examples_rclcpp_multithreaded_executor
[4.955s] -- Install configuration: ""
[4.955s] -- Execute custom install script
[4.955s] -- Up-to-date symlink: /home/zhang/rosprc_ws/install/examples_rclcpp_multithreaded_executor/lib/examples_rclcpp_multithreaded_executor/multithreaded_executor
[4.955s] -- Up-to-date symlink: /home/zhang/rosprc_ws/install/examples_rclcpp_multithreaded_executor/share/ament_index/resource_index/package_run_dependencies/examples_rclcpp_multithreaded_executor
[4.955s] -- Up-to-date symlink: /home/zhang/rosprc_ws/install/examples_rclcpp_multithreaded_executor/share/ament_index/resource_index/parent_prefix_path/examples_rclcpp_multithreaded_executor
[4.955s] -- Up-to-date symlink: /home/zhang/rosprc_ws/install/examples_rclcpp_multithreaded_executor/share/examples_rclcpp_multithreaded_executor/environment/ament_prefix_path.sh
[4.956s] -- Up-to-date symlink: /home/zhang/rosprc_ws/install/examples_rclcpp_multithreaded_executor/share/examples_rclcpp_multithreaded_executor/environment/ament_prefix_path.dsv
[4.956s] -- Up-to-date symlink: /home/zhang/rosprc_ws/install/examples_rclcpp_multithreaded_executor/share/examples_rclcpp_multithreaded_executor/environment/path.sh
[4.957s] -- Up-to-date symlink: /home/zhang/rosprc_ws/install/examples_rclcpp_multithreaded_executor/share/examples_rclcpp_multithreaded_executor/environment/path.dsv
[4.957s] -- Up-to-date symlink: /home/zhang/rosprc_ws/install/examples_rclcpp_multithreaded_executor/share/examples_rclcpp_multithreaded_executor/local_setup.bash
[4.957s] -- Up-to-date symlink: /home/zhang/rosprc_ws/install/examples_rclcpp_multithreaded_executor/share/examples_rclcpp_multithreaded_executor/local_setup.sh
[4.957s] -- Up-to-date symlink: /home/zhang/rosprc_ws/install/examples_rclcpp_multithreaded_executor/share/examples_rclcpp_multithreaded_executor/local_setup.zsh
[4.957s] -- Up-to-date symlink: /home/zhang/rosprc_ws/install/examples_rclcpp_multithreaded_executor/share/examples_rclcpp_multithreaded_executor/local_setup.dsv
[4.958s] -- Symlinking: /home/zhang/rosprc_ws/install/examples_rclcpp_multithreaded_executor/share/examples_rclcpp_multithreaded_executor/package.dsv
[4.958s] -- Up-to-date symlink: /home/zhang/rosprc_ws/install/examples_rclcpp_multithreaded_executor/share/ament_index/resource_index/packages/examples_rclcpp_multithreaded_executor
[4.958s] -- Up-to-date symlink: /home/zhang/rosprc_ws/install/examples_rclcpp_multithreaded_executor/share/examples_rclcpp_multithreaded_executor/cmake/examples_rclcpp_multithreaded_executorConfig.cmake
[4.958s] -- Up-to-date symlink: /home/zhang/rosprc_ws/install/examples_rclcpp_multithreaded_executor/share/examples_rclcpp_multithreaded_executor/cmake/examples_rclcpp_multithreaded_executorConfig-version.cmake
[4.958s] -- Up-to-date symlink: /home/zhang/rosprc_ws/install/examples_rclcpp_multithreaded_executor/share/examples_rclcpp_multithreaded_executor/package.xml
[5.029s] Invoked command in '/home/zhang/rosprc_ws/build/examples_rclcpp_multithreaded_executor' returned '0': CMAKE_PREFIX_PATH=${CMAKE_PREFIX_PATH}:/opt/ros/jazzy /usr/bin/cmake --install /home/zhang/rosprc_ws/build/examples_rclcpp_multithreaded_executor
