[0.414s] Invoking command in '/home/zhang/rosprc_ws/build/examples_rclcpp_cbg_executor': CMAKE_PREFIX_PATH=${CMAKE_PREFIX_PATH}:/opt/ros/jazzy /usr/bin/cmake /home/zhang/rosprc_ws/src/examples/rclcpp/executors/cbg_executor -DAMENT_CMAKE_SYMLINK_INSTALL=1 -DCMAKE_INSTALL_PREFIX=/home/zhang/rosprc_ws/install/examples_rclcpp_cbg_executor
[3.565s] -- The C compiler identification is GNU 13.3.0
[3.565s] -- The CXX compiler identification is GNU 13.3.0
[3.626s] -- Detecting C compiler ABI info
[4.387s] -- Detecting C compiler ABI info - done
[4.416s] -- Check for working C compiler: /usr/bin/cc - skipped
[4.416s] -- Detecting C compile features
[4.417s] -- Detecting C compile features - done
[4.642s] -- Detecting CXX compiler ABI info
[5.362s] -- Detecting CXX compiler ABI info - done
[5.397s] -- Check for working CXX compiler: /usr/bin/c++ - skipped
[5.397s] -- Detecting CXX compile features
[5.399s] -- Detecting CXX compile features - done
[5.419s] -- Found ament_cmake: 2.5.6 (/opt/ros/jazzy/share/ament_cmake/cmake)
[6.020s] -- Found Python3: /usr/bin/python3 (found version "3.12.3") found components: Interpreter 
[6.363s] -- Override CMake install command with custom implementation using symlinks instead of copying resources
[6.659s] -- Found rclcpp: 28.1.21 (/opt/ros/jazzy/share/rclcpp/cmake)
[11.532s] -- Found rosidl_generator_c: 4.6.9 (/opt/ros/jazzy/share/rosidl_generator_c/cmake)
[11.573s] -- Found rosidl_generator_cpp: 4.6.9 (/opt/ros/jazzy/share/rosidl_generator_cpp/cmake)
[11.623s] -- Using all available rosidl_typesupport_c: rosidl_typesupport_fastrtps_c;rosidl_typesupport_introspection_c
[11.671s] -- Using all available rosidl_typesupport_cpp: rosidl_typesupport_fastrtps_cpp;rosidl_typesupport_introspection_cpp
[11.922s] -- Found rmw_implementation_cmake: 7.3.3 (/opt/ros/jazzy/share/rmw_implementation_cmake/cmake)
[11.941s] -- Found rmw_fastrtps_cpp: 8.4.4 (/opt/ros/jazzy/share/rmw_fastrtps_cpp/cmake)
[12.305s] -- Found OpenSSL: /usr/lib/x86_64-linux-gnu/libcrypto.so (found version "3.0.13")  
[12.731s] -- Found FastRTPS: /opt/ros/jazzy/include (Required is at least version "2.13") 
[12.977s] -- Using RMW implementation 'rmw_fastrtps_cpp' as default
[13.420s] -- Found std_msgs: 5.3.8 (/opt/ros/jazzy/share/std_msgs/cmake)
[13.480s] -- Found ament_lint_auto: 0.17.5 (/opt/ros/jazzy/share/ament_lint_auto/cmake)
[13.853s] -- Added test 'copyright' to check source files copyright and LICENSE
[13.872s] -- Added test 'cppcheck' to perform static code analysis on C / C++ code
[13.881s] -- Configured cppcheck include dirs: /home/zhang/rosprc_ws/src/examples/rclcpp/executors/cbg_executor/include
[13.882s] -- Configured cppcheck exclude dirs and/or files: 
[13.885s] -- Added test 'cpplint' to check C / C++ code against the Google style
[13.885s] -- Configured cpplint exclude dirs and/or files: 
[13.888s] -- Added test 'lint_cmake' to check CMake code style
[13.895s] -- Added test 'uncrustify' to check C / C++ code style
[13.895s] -- Configured uncrustify additional arguments: 
[13.896s] -- Added test 'xmllint' to check XML markup files
[13.897s] -- Configuring done (13.4s)
[13.967s] -- Generating done (0.1s)
[14.006s] -- Build files have been written to: /home/zhang/rosprc_ws/build/examples_rclcpp_cbg_executor
[14.428s] Invoked command in '/home/zhang/rosprc_ws/build/examples_rclcpp_cbg_executor' returned '0': CMAKE_PREFIX_PATH=${CMAKE_PREFIX_PATH}:/opt/ros/jazzy /usr/bin/cmake /home/zhang/rosprc_ws/src/examples/rclcpp/executors/cbg_executor -DAMENT_CMAKE_SYMLINK_INSTALL=1 -DCMAKE_INSTALL_PREFIX=/home/zhang/rosprc_ws/install/examples_rclcpp_cbg_executor
[14.431s] Invoking command in '/home/zhang/rosprc_ws/build/examples_rclcpp_cbg_executor': CMAKE_PREFIX_PATH=${CMAKE_PREFIX_PATH}:/opt/ros/jazzy /usr/bin/cmake --build /home/zhang/rosprc_ws/build/examples_rclcpp_cbg_executor -- -j20 -l20
[14.635s] [ 10%] [32mBuilding CXX object CMakeFiles/pong.dir/src/pong.cpp.o[0m
[14.636s] [ 20%] [32mBuilding CXX object CMakeFiles/pong.dir/src/examples_rclcpp_cbg_executor/pong_node.cpp.o[0m
[14.761s] [ 30%] [32mBuilding CXX object CMakeFiles/ping_pong.dir/src/examples_rclcpp_cbg_executor/pong_node.cpp.o[0m
[14.801s] [ 40%] [32mBuilding CXX object CMakeFiles/ping.dir/src/ping.cpp.o[0m
[14.813s] [ 50%] [32mBuilding CXX object CMakeFiles/ping_pong.dir/src/ping_pong.cpp.o[0m
[14.876s] [ 60%] [32mBuilding CXX object CMakeFiles/ping.dir/src/examples_rclcpp_cbg_executor/ping_node.cpp.o[0m
[14.887s] [ 70%] [32mBuilding CXX object CMakeFiles/ping_pong.dir/src/examples_rclcpp_cbg_executor/ping_node.cpp.o[0m
