[3.757s] Invoking command in '/home/zhang/rosprc_ws/build/examples_rclpy_minimal_subscriber': PYTHONPATH=/home/zhang/rosprc_ws/build/examples_rclpy_minimal_subscriber/prefix_override:/usr/lib/python3/dist-packages/colcon_core/task/python/colcon_distutils_commands:/home/zhang/rosprc_ws/install/examples_rclpy_minimal_subscriber/lib/python3.12/site-packages:${PYTHONPATH} /usr/bin/python3 -W ignore:setup.py install is deprecated -W ignore:easy_install command is deprecated setup.py develop --uninstall --editable --build-directory /home/zhang/rosprc_ws/build/examples_rclpy_minimal_subscriber/build
[4.585s] running develop
[4.585s] Removing /home/zhang/rosprc_ws/install/examples_rclpy_minimal_subscriber/lib/python3.12/site-packages/examples-rclpy-minimal-subscriber.egg-link (link to .)
[4.717s] Invoked command in '/home/zhang/rosprc_ws/build/examples_rclpy_minimal_subscriber' returned '0': PYTHONPATH=/home/zhang/rosprc_ws/build/examples_rclpy_minimal_subscriber/prefix_override:/usr/lib/python3/dist-packages/colcon_core/task/python/colcon_distutils_commands:/home/zhang/rosprc_ws/install/examples_rclpy_minimal_subscriber/lib/python3.12/site-packages:${PYTHONPATH} /usr/bin/python3 -W ignore:setup.py install is deprecated -W ignore:easy_install command is deprecated setup.py develop --uninstall --editable --build-directory /home/zhang/rosprc_ws/build/examples_rclpy_minimal_subscriber/build
[4.718s] Invoking command in '/home/zhang/rosprc_ws/src/examples/rclpy/topics/minimal_subscriber': PYTHONPATH=/home/zhang/rosprc_ws/build/examples_rclpy_minimal_subscriber/prefix_override:/usr/lib/python3/dist-packages/colcon_core/task/python/colcon_distutils_commands:/home/zhang/rosprc_ws/install/examples_rclpy_minimal_subscriber/lib/python3.12/site-packages:${PYTHONPATH} /usr/bin/python3 -W ignore:setup.py install is deprecated -W ignore:easy_install command is deprecated setup.py egg_info --egg-base ../../../../../build/examples_rclpy_minimal_subscriber build --build-base /home/zhang/rosprc_ws/build/examples_rclpy_minimal_subscriber/build install --record /home/zhang/rosprc_ws/build/examples_rclpy_minimal_subscriber/install.log --install-scripts $base/lib/examples_rclpy_minimal_subscriber --single-version-externally-managed install_data --force
[5.197s] running egg_info
[5.225s] writing ../../../../../build/examples_rclpy_minimal_subscriber/examples_rclpy_minimal_subscriber.egg-info/PKG-INFO
[5.228s] writing dependency_links to ../../../../../build/examples_rclpy_minimal_subscriber/examples_rclpy_minimal_subscriber.egg-info/dependency_links.txt
[5.228s] writing entry points to ../../../../../build/examples_rclpy_minimal_subscriber/examples_rclpy_minimal_subscriber.egg-info/entry_points.txt
[5.228s] writing requirements to ../../../../../build/examples_rclpy_minimal_subscriber/examples_rclpy_minimal_subscriber.egg-info/requires.txt
[5.229s] writing top-level names to ../../../../../build/examples_rclpy_minimal_subscriber/examples_rclpy_minimal_subscriber.egg-info/top_level.txt
[5.299s] reading manifest file '../../../../../build/examples_rclpy_minimal_subscriber/examples_rclpy_minimal_subscriber.egg-info/SOURCES.txt'
[5.302s] writing manifest file '../../../../../build/examples_rclpy_minimal_subscriber/examples_rclpy_minimal_subscriber.egg-info/SOURCES.txt'
[5.303s] running build
[5.303s] running build_py
[5.303s] creating /home/zhang/rosprc_ws/build/examples_rclpy_minimal_subscriber/build
[5.304s] creating /home/zhang/rosprc_ws/build/examples_rclpy_minimal_subscriber/build/lib
[5.304s] creating /home/zhang/rosprc_ws/build/examples_rclpy_minimal_subscriber/build/lib/examples_rclpy_minimal_subscriber
[5.305s] copying examples_rclpy_minimal_subscriber/subscriber_old_school.py -> /home/zhang/rosprc_ws/build/examples_rclpy_minimal_subscriber/build/lib/examples_rclpy_minimal_subscriber
[5.306s] copying examples_rclpy_minimal_subscriber/subscriber_lambda.py -> /home/zhang/rosprc_ws/build/examples_rclpy_minimal_subscriber/build/lib/examples_rclpy_minimal_subscriber
[5.306s] copying examples_rclpy_minimal_subscriber/subscriber_member_function.py -> /home/zhang/rosprc_ws/build/examples_rclpy_minimal_subscriber/build/lib/examples_rclpy_minimal_subscriber
[5.306s] copying examples_rclpy_minimal_subscriber/__init__.py -> /home/zhang/rosprc_ws/build/examples_rclpy_minimal_subscriber/build/lib/examples_rclpy_minimal_subscriber
[5.307s] running install
[5.316s] running install_lib
[5.346s] creating /home/zhang/rosprc_ws/install/examples_rclpy_minimal_subscriber/lib/python3.12/site-packages/examples_rclpy_minimal_subscriber
[5.346s] copying /home/zhang/rosprc_ws/build/examples_rclpy_minimal_subscriber/build/lib/examples_rclpy_minimal_subscriber/subscriber_old_school.py -> /home/zhang/rosprc_ws/install/examples_rclpy_minimal_subscriber/lib/python3.12/site-packages/examples_rclpy_minimal_subscriber
[5.347s] copying /home/zhang/rosprc_ws/build/examples_rclpy_minimal_subscriber/build/lib/examples_rclpy_minimal_subscriber/subscriber_lambda.py -> /home/zhang/rosprc_ws/install/examples_rclpy_minimal_subscriber/lib/python3.12/site-packages/examples_rclpy_minimal_subscriber
[5.347s] copying /home/zhang/rosprc_ws/build/examples_rclpy_minimal_subscriber/build/lib/examples_rclpy_minimal_subscriber/subscriber_member_function.py -> /home/zhang/rosprc_ws/install/examples_rclpy_minimal_subscriber/lib/python3.12/site-packages/examples_rclpy_minimal_subscriber
[5.349s] copying /home/zhang/rosprc_ws/build/examples_rclpy_minimal_subscriber/build/lib/examples_rclpy_minimal_subscriber/__init__.py -> /home/zhang/rosprc_ws/install/examples_rclpy_minimal_subscriber/lib/python3.12/site-packages/examples_rclpy_minimal_subscriber
[5.350s] byte-compiling /home/zhang/rosprc_ws/install/examples_rclpy_minimal_subscriber/lib/python3.12/site-packages/examples_rclpy_minimal_subscriber/subscriber_old_school.py to subscriber_old_school.cpython-312.pyc
[5.352s] byte-compiling /home/zhang/rosprc_ws/install/examples_rclpy_minimal_subscriber/lib/python3.12/site-packages/examples_rclpy_minimal_subscriber/subscriber_lambda.py to subscriber_lambda.cpython-312.pyc
[5.353s] byte-compiling /home/zhang/rosprc_ws/install/examples_rclpy_minimal_subscriber/lib/python3.12/site-packages/examples_rclpy_minimal_subscriber/subscriber_member_function.py to subscriber_member_function.cpython-312.pyc
[5.355s] byte-compiling /home/zhang/rosprc_ws/install/examples_rclpy_minimal_subscriber/lib/python3.12/site-packages/examples_rclpy_minimal_subscriber/__init__.py to __init__.cpython-312.pyc
[5.356s] running install_data
[5.357s] copying resource/examples_rclpy_minimal_subscriber -> /home/zhang/rosprc_ws/install/examples_rclpy_minimal_subscriber/share/ament_index/resource_index/packages
[5.360s] copying package.xml -> /home/zhang/rosprc_ws/install/examples_rclpy_minimal_subscriber/share/examples_rclpy_minimal_subscriber
[5.362s] running install_egg_info
[5.383s] Copying ../../../../../build/examples_rclpy_minimal_subscriber/examples_rclpy_minimal_subscriber.egg-info to /home/zhang/rosprc_ws/install/examples_rclpy_minimal_subscriber/lib/python3.12/site-packages/examples_rclpy_minimal_subscriber-0.19.7-py3.12.egg-info
[5.387s] running install_scripts
[5.544s] Installing subscriber_lambda script to /home/zhang/rosprc_ws/install/examples_rclpy_minimal_subscriber/lib/examples_rclpy_minimal_subscriber
[5.544s] Installing subscriber_member_function script to /home/zhang/rosprc_ws/install/examples_rclpy_minimal_subscriber/lib/examples_rclpy_minimal_subscriber
[5.545s] Installing subscriber_old_school script to /home/zhang/rosprc_ws/install/examples_rclpy_minimal_subscriber/lib/examples_rclpy_minimal_subscriber
[5.546s] writing list of installed files to '/home/zhang/rosprc_ws/build/examples_rclpy_minimal_subscriber/install.log'
[5.828s] Invoked command in '/home/zhang/rosprc_ws/src/examples/rclpy/topics/minimal_subscriber' returned '0': PYTHONPATH=/home/zhang/rosprc_ws/build/examples_rclpy_minimal_subscriber/prefix_override:/usr/lib/python3/dist-packages/colcon_core/task/python/colcon_distutils_commands:/home/zhang/rosprc_ws/install/examples_rclpy_minimal_subscriber/lib/python3.12/site-packages:${PYTHONPATH} /usr/bin/python3 -W ignore:setup.py install is deprecated -W ignore:easy_install command is deprecated setup.py egg_info --egg-base ../../../../../build/examples_rclpy_minimal_subscriber build --build-base /home/zhang/rosprc_ws/build/examples_rclpy_minimal_subscriber/build install --record /home/zhang/rosprc_ws/build/examples_rclpy_minimal_subscriber/install.log --install-scripts $base/lib/examples_rclpy_minimal_subscriber --single-version-externally-managed install_data --force
