[1.185s] Invoking command in '/home/zhang/rosprc_ws/src/python_parameters': PYTHONPATH=/home/zhang/rosprc_ws/build/python_parameters/prefix_override:/usr/lib/python3/dist-packages/colcon_core/task/python/colcon_distutils_commands:/home/zhang/rosprc_ws/install/python_parameters/lib/python3.12/site-packages:${PYTHONPATH} /usr/bin/python3 -W ignore:setup.py install is deprecated -W ignore:easy_install command is deprecated setup.py egg_info --egg-base ../../build/python_parameters build --build-base /home/zhang/rosprc_ws/build/python_parameters/build install --record /home/zhang/rosprc_ws/build/python_parameters/install.log --install-scripts $base/lib/python_parameters --single-version-externally-managed install_data
[1.517s] running egg_info
[1.546s] writing ../../build/python_parameters/python_parameters.egg-info/PKG-INFO
[1.547s] writing dependency_links to ../../build/python_parameters/python_parameters.egg-info/dependency_links.txt
[1.547s] writing requirements to ../../build/python_parameters/python_parameters.egg-info/requires.txt
[1.548s] writing top-level names to ../../build/python_parameters/python_parameters.egg-info/top_level.txt
[1.594s] reading manifest file '../../build/python_parameters/python_parameters.egg-info/SOURCES.txt'
[1.594s] adding license file 'LICENSE'
[1.595s] writing manifest file '../../build/python_parameters/python_parameters.egg-info/SOURCES.txt'
[1.596s] running build
[1.596s] running build_py
[1.596s] running install
[1.603s] running install_lib
[1.644s] running install_data
[1.644s] running install_egg_info
[1.679s] removing '/home/zhang/rosprc_ws/install/python_parameters/lib/python3.12/site-packages/python_parameters-0.0.0-py3.12.egg-info' (and everything under it)
[1.680s] Copying ../../build/python_parameters/python_parameters.egg-info to /home/zhang/rosprc_ws/install/python_parameters/lib/python3.12/site-packages/python_parameters-0.0.0-py3.12.egg-info
[1.683s] running install_scripts
[1.859s] writing list of installed files to '/home/zhang/rosprc_ws/build/python_parameters/install.log'
[1.914s] Invoked command in '/home/zhang/rosprc_ws/src/python_parameters' returned '0': PYTHONPATH=/home/zhang/rosprc_ws/build/python_parameters/prefix_override:/usr/lib/python3/dist-packages/colcon_core/task/python/colcon_distutils_commands:/home/zhang/rosprc_ws/install/python_parameters/lib/python3.12/site-packages:${PYTHONPATH} /usr/bin/python3 -W ignore:setup.py install is deprecated -W ignore:easy_install command is deprecated setup.py egg_info --egg-base ../../build/python_parameters build --build-base /home/zhang/rosprc_ws/build/python_parameters/build install --record /home/zhang/rosprc_ws/build/python_parameters/install.log --install-scripts $base/lib/python_parameters --single-version-externally-managed install_data
