[1.935s] Invoking command in '/home/zhang/rosprc_ws/build/examples_rclpy_minimal_client': PYTHONPATH=/home/zhang/rosprc_ws/build/examples_rclpy_minimal_client/prefix_override:/usr/lib/python3/dist-packages/colcon_core/task/python/colcon_distutils_commands:/home/zhang/rosprc_ws/install/examples_rclpy_minimal_client/lib/python3.12/site-packages:${PYTHONPATH} /usr/bin/python3 -W ignore:setup.py install is deprecated -W ignore:easy_install command is deprecated setup.py develop --editable --build-directory /home/zhang/rosprc_ws/build/examples_rclpy_minimal_client/build --no-deps symlink_data
[2.453s] running develop
[2.698s] running egg_info
[2.721s] writing examples_rclpy_minimal_client.egg-info/PKG-INFO
[2.722s] writing dependency_links to examples_rclpy_minimal_client.egg-info/dependency_links.txt
[2.722s] writing entry points to examples_rclpy_minimal_client.egg-info/entry_points.txt
[2.723s] writing requirements to examples_rclpy_minimal_client.egg-info/requires.txt
[2.723s] writing top-level names to examples_rclpy_minimal_client.egg-info/top_level.txt
[2.774s] reading manifest file 'examples_rclpy_minimal_client.egg-info/SOURCES.txt'
[2.776s] writing manifest file 'examples_rclpy_minimal_client.egg-info/SOURCES.txt'
[2.800s] running build_ext
[2.800s] Creating /home/zhang/rosprc_ws/install/examples_rclpy_minimal_client/lib/python3.12/site-packages/examples-rclpy-minimal-client.egg-link (link to .)
[2.801s] Installing client script to /home/zhang/rosprc_ws/install/examples_rclpy_minimal_client/lib/examples_rclpy_minimal_client
[2.802s] Installing client_async script to /home/zhang/rosprc_ws/install/examples_rclpy_minimal_client/lib/examples_rclpy_minimal_client
[2.802s] Installing client_async_callback script to /home/zhang/rosprc_ws/install/examples_rclpy_minimal_client/lib/examples_rclpy_minimal_client
[2.803s] Installing client_async_member_function script to /home/zhang/rosprc_ws/install/examples_rclpy_minimal_client/lib/examples_rclpy_minimal_client
[2.803s] 
[2.803s] Installed /home/zhang/rosprc_ws/build/examples_rclpy_minimal_client
[2.804s] running symlink_data
[2.858s] Invoked command in '/home/zhang/rosprc_ws/build/examples_rclpy_minimal_client' returned '0': PYTHONPATH=/home/zhang/rosprc_ws/build/examples_rclpy_minimal_client/prefix_override:/usr/lib/python3/dist-packages/colcon_core/task/python/colcon_distutils_commands:/home/zhang/rosprc_ws/install/examples_rclpy_minimal_client/lib/python3.12/site-packages:${PYTHONPATH} /usr/bin/python3 -W ignore:setup.py install is deprecated -W ignore:easy_install command is deprecated setup.py develop --editable --build-directory /home/zhang/rosprc_ws/build/examples_rclpy_minimal_client/build --no-deps symlink_data
