[0.341s] Invoking command in '/home/zhang/rosprc_ws/build/examples_rclcpp_minimal_subscriber': CMAKE_PREFIX_PATH=${CMAKE_PREFIX_PATH}:/opt/ros/jazzy /usr/bin/cmake /home/zhang/rosprc_ws/src/examples/rclcpp/topics/minimal_subscriber -DAMENT_CMAKE_SYMLINK_INSTALL=1 -DCMAKE_INSTALL_PREFIX=/home/zhang/rosprc_ws/install/examples_rclcpp_minimal_subscriber
[3.461s] -- The C compiler identification is GNU 13.3.0
[3.461s] -- The CXX compiler identification is GNU 13.3.0
[3.462s] -- Detecting C compiler ABI info
[3.988s] -- Detecting C compiler ABI info - done
[4.032s] -- Check for working C compiler: /usr/bin/cc - skipped
[4.033s] -- Detecting C compile features
[4.034s] -- Detecting C compile features - done
[4.305s] -- Detecting CXX compiler ABI info
[4.970s] -- Detecting CXX compiler ABI info - done
[5.009s] -- Check for working CXX compiler: /usr/bin/c++ - skipped
[5.011s] -- Detecting CXX compile features
[5.011s] -- Detecting CXX compile features - done
[5.053s] -- Found ament_cmake: 2.5.6 (/opt/ros/jazzy/share/ament_cmake/cmake)
[5.887s] -- Found Python3: /usr/bin/python3 (found version "3.12.3") found components: Interpreter 
[6.239s] -- Override CMake install command with custom implementation using symlinks instead of copying resources
[6.539s] -- Found rclcpp: 28.1.21 (/opt/ros/jazzy/share/rclcpp/cmake)
[11.412s] -- Found rosidl_generator_c: 4.6.9 (/opt/ros/jazzy/share/rosidl_generator_c/cmake)
[11.453s] -- Found rosidl_generator_cpp: 4.6.9 (/opt/ros/jazzy/share/rosidl_generator_cpp/cmake)
[11.503s] -- Using all available rosidl_typesupport_c: rosidl_typesupport_fastrtps_c;rosidl_typesupport_introspection_c
[11.551s] -- Using all available rosidl_typesupport_cpp: rosidl_typesupport_fastrtps_cpp;rosidl_typesupport_introspection_cpp
[11.803s] -- Found rmw_implementation_cmake: 7.3.3 (/opt/ros/jazzy/share/rmw_implementation_cmake/cmake)
[11.819s] -- Found rmw_fastrtps_cpp: 8.4.4 (/opt/ros/jazzy/share/rmw_fastrtps_cpp/cmake)
[12.184s] -- Found OpenSSL: /usr/lib/x86_64-linux-gnu/libcrypto.so (found version "3.0.13")  
[12.612s] -- Found FastRTPS: /opt/ros/jazzy/include (Required is at least version "2.13") 
[12.838s] -- Using RMW implementation 'rmw_fastrtps_cpp' as default
[13.300s] -- Found rclcpp_components: 28.1.21 (/opt/ros/jazzy/share/rclcpp_components/cmake)
[13.427s] -- Found std_msgs: 5.3.8 (/opt/ros/jazzy/share/std_msgs/cmake)
[13.515s] -- Found ament_lint_auto: 0.17.5 (/opt/ros/jazzy/share/ament_lint_auto/cmake)
[14.020s] -- Added test 'copyright' to check source files copyright and LICENSE
[14.025s] -- Added test 'cppcheck' to perform static code analysis on C / C++ code
[14.025s] -- Configured cppcheck include dirs: 
[14.026s] -- Configured cppcheck exclude dirs and/or files: 
[14.050s] -- Added test 'cpplint' to check C / C++ code against the Google style
[14.050s] -- Configured cpplint exclude dirs and/or files: 
[14.053s] -- Added test 'lint_cmake' to check CMake code style
[14.055s] -- Added test 'uncrustify' to check C / C++ code style
[14.055s] -- Configured uncrustify additional arguments: 
[14.058s] -- Added test 'xmllint' to check XML markup files
[14.059s] -- Configuring done (13.6s)
[14.098s] -- Generating done (0.2s)
[14.145s] -- Build files have been written to: /home/zhang/rosprc_ws/build/examples_rclcpp_minimal_subscriber
[14.342s] Invoked command in '/home/zhang/rosprc_ws/build/examples_rclcpp_minimal_subscriber' returned '0': CMAKE_PREFIX_PATH=${CMAKE_PREFIX_PATH}:/opt/ros/jazzy /usr/bin/cmake /home/zhang/rosprc_ws/src/examples/rclcpp/topics/minimal_subscriber -DAMENT_CMAKE_SYMLINK_INSTALL=1 -DCMAKE_INSTALL_PREFIX=/home/zhang/rosprc_ws/install/examples_rclcpp_minimal_subscriber
[14.350s] Invoking command in '/home/zhang/rosprc_ws/build/examples_rclcpp_minimal_subscriber': CMAKE_PREFIX_PATH=${CMAKE_PREFIX_PATH}:/opt/ros/jazzy /usr/bin/cmake --build /home/zhang/rosprc_ws/build/examples_rclcpp_minimal_subscriber -- -j20 -l20
[14.751s] [  4%] [32mBuilding CXX object CMakeFiles/subscriber_member_function_with_type_adapter.dir/member_function_with_type_adapter.cpp.o[0m
[14.790s] [  8%] [32mBuilding CXX object CMakeFiles/subscriber_member_function.dir/member_function.cpp.o[0m
[14.791s] [ 12%] [32mBuilding CXX object CMakeFiles/time_triggered_wait_set_subscriber.dir/rclcpp_components/node_main_time_triggered_wait_set_subscriber.cpp.o[0m
[14.792s] [ 16%] [32mBuilding CXX object CMakeFiles/subscriber_member_function_with_unique_network_flow_endpoints.dir/member_function_with_unique_network_flow_endpoints.cpp.o[0m
[14.804s] [ 20%] [32mBuilding CXX object CMakeFiles/subscriber_content_filtering.dir/content_filtering.cpp.o[0m
[14.839s] [ 25%] [32mBuilding CXX object CMakeFiles/wait_set_subscriber.dir/rclcpp_components/node_main_wait_set_subscriber.cpp.o[0m
[14.839s] [ 29%] [32mBuilding CXX object CMakeFiles/static_wait_set_subscriber.dir/rclcpp_components/node_main_static_wait_set_subscriber.cpp.o[0m
[14.918s] [ 33%] [32mBuilding CXX object CMakeFiles/subscriber_member_function_with_topic_statistics.dir/member_function_with_topic_statistics.cpp.o[0m
[14.918s] [ 37%] [32mBuilding CXX object CMakeFiles/wait_set_subscriber_library.dir/wait_set_subscriber.cpp.o[0m
[14.919s] [ 41%] [32mBuilding CXX object CMakeFiles/wait_set_subscriber_library.dir/time_triggered_wait_set_subscriber.cpp.o[0m
[14.983s] [ 45%] [32mBuilding CXX object CMakeFiles/subscriber_not_composable.dir/not_composable.cpp.o[0m
[14.983s] [ 50%] [32mBuilding CXX object CMakeFiles/subscriber_lambda.dir/lambda.cpp.o[0m
[15.174s] [ 54%] [32mBuilding CXX object CMakeFiles/wait_set_subscriber_library.dir/static_wait_set_subscriber.cpp.o[0m
