[0.435s] Invoking command in '/home/zhang/rosprc_ws/build/examples_rclcpp_async_client': CMAKE_PREFIX_PATH=${CMAKE_PREFIX_PATH}:/opt/ros/jazzy /usr/bin/cmake /home/zhang/rosprc_ws/src/examples/rclcpp/services/async_client -DAMENT_CMAKE_SYMLINK_INSTALL=1 -DCMAKE_INSTALL_PREFIX=/home/zhang/rosprc_ws/install/examples_rclcpp_async_client
[3.602s] -- The C compiler identification is GNU 13.3.0
[3.603s] -- The CXX compiler identification is GNU 13.3.0
[3.604s] -- Detecting C compiler ABI info
[4.358s] -- Detecting C compiler ABI info - done
[4.399s] -- Check for working C compiler: /usr/bin/cc - skipped
[4.400s] -- Detecting C compile features
[4.401s] -- Detecting C compile features - done
[4.672s] -- Detecting CXX compiler ABI info
[5.392s] -- Detecting CXX compiler ABI info - done
[5.432s] -- Check for working CXX compiler: /usr/bin/c++ - skipped
[5.433s] -- Detecting CXX compile features
[5.434s] -- Detecting CXX compile features - done
[5.453s] -- Found ament_cmake: 2.5.6 (/opt/ros/jazzy/share/ament_cmake/cmake)
[6.097s] -- Found Python3: /usr/bin/python3 (found version "3.12.3") found components: Interpreter 
[6.558s] -- Override CMake install command with custom implementation using symlinks instead of copying resources
[6.745s] -- Found example_interfaces: 0.12.1 (/opt/ros/jazzy/share/example_interfaces/cmake)
[11.573s] -- Found rosidl_generator_c: 4.6.9 (/opt/ros/jazzy/share/rosidl_generator_c/cmake)
[11.614s] -- Found rosidl_generator_cpp: 4.6.9 (/opt/ros/jazzy/share/rosidl_generator_cpp/cmake)
[11.665s] -- Using all available rosidl_typesupport_c: rosidl_typesupport_fastrtps_c;rosidl_typesupport_introspection_c
[11.713s] -- Using all available rosidl_typesupport_cpp: rosidl_typesupport_fastrtps_cpp;rosidl_typesupport_introspection_cpp
[12.033s] -- Found rclcpp: 28.1.21 (/opt/ros/jazzy/share/rclcpp/cmake)
[12.223s] -- Found rmw_implementation_cmake: 7.3.3 (/opt/ros/jazzy/share/rmw_implementation_cmake/cmake)
[12.239s] -- Found rmw_fastrtps_cpp: 8.4.4 (/opt/ros/jazzy/share/rmw_fastrtps_cpp/cmake)
[12.503s] -- Found OpenSSL: /usr/lib/x86_64-linux-gnu/libcrypto.so (found version "3.0.13")  
[12.852s] -- Found FastRTPS: /opt/ros/jazzy/include (Required is at least version "2.13") 
[13.053s] -- Using RMW implementation 'rmw_fastrtps_cpp' as default
[13.514s] -- Found ament_lint_auto: 0.17.5 (/opt/ros/jazzy/share/ament_lint_auto/cmake)
[13.894s] -- Added test 'copyright' to check source files copyright and LICENSE
[13.900s] -- Added test 'cppcheck' to perform static code analysis on C / C++ code
[13.901s] -- Configured cppcheck include dirs: 
[13.902s] -- Configured cppcheck exclude dirs and/or files: 
[13.926s] -- Added test 'cpplint' to check C / C++ code against the Google style
[13.926s] -- Configured cpplint exclude dirs and/or files: 
[13.929s] -- Added test 'lint_cmake' to check CMake code style
[13.931s] -- Added test 'uncrustify' to check C / C++ code style
[13.932s] -- Configured uncrustify additional arguments: 
[13.938s] -- Added test 'xmllint' to check XML markup files
[13.939s] -- Configuring done (13.4s)
[13.978s] -- Generating done (0.0s)
[13.994s] -- Build files have been written to: /home/zhang/rosprc_ws/build/examples_rclcpp_async_client
[14.433s] Invoked command in '/home/zhang/rosprc_ws/build/examples_rclcpp_async_client' returned '0': CMAKE_PREFIX_PATH=${CMAKE_PREFIX_PATH}:/opt/ros/jazzy /usr/bin/cmake /home/zhang/rosprc_ws/src/examples/rclcpp/services/async_client -DAMENT_CMAKE_SYMLINK_INSTALL=1 -DCMAKE_INSTALL_PREFIX=/home/zhang/rosprc_ws/install/examples_rclcpp_async_client
[14.435s] Invoking command in '/home/zhang/rosprc_ws/build/examples_rclcpp_async_client': CMAKE_PREFIX_PATH=${CMAKE_PREFIX_PATH}:/opt/ros/jazzy /usr/bin/cmake --build /home/zhang/rosprc_ws/build/examples_rclcpp_async_client -- -j20 -l20
[14.577s] [ 50%] [32mBuilding CXX object CMakeFiles/client_main.dir/main.cpp.o[0m
