[1.150s] Invoking command in '/home/zhang/rosprc_ws/build/turtlesim': CMAKE_PREFIX_PATH=${CMAKE_PREFIX_PATH}:/opt/ros/jazzy /usr/bin/cmake --build /home/zhang/rosprc_ws/build/turtlesim -- -j20 -l20
[1.295s] [  1%] Built target turtlesim__rs
[1.317s] [  2%] Built target turtlesim__rosidl_generator_type_description
[1.374s] [  2%] Built target turtlesim__cpp
[1.384s] [  2%] Built target ament_cmake_python_copy_turtlesim
[1.424s] [ 25%] Built target turtlesim__rosidl_generator_c
[1.583s] [ 34%] Built target turtlesim__rosidl_typesupport_introspection_c
[1.583s] [ 42%] Built target turtlesim__rosidl_typesupport_introspection_cpp
[1.602s] [ 50%] Built target turtlesim__rosidl_typesupport_fastrtps_cpp
[1.611s] [ 58%] Built target turtlesim__rosidl_typesupport_cpp
[1.626s] [ 67%] Built target turtlesim__rosidl_typesupport_c
[1.668s] [ 76%] Built target turtlesim__rosidl_typesupport_fastrtps_c
[1.727s] [ 77%] Built target draw_square
[1.736s] [ 79%] Built target turtle_teleop_key
[1.763s] [ 79%] Built target turtlesim
[1.763s] [ 81%] Built target mimic
[1.825s] [ 82%] Built target turtlesim__py
[1.880s] [ 83%] [32mBuilding CXX object CMakeFiles/turtlesim_node.dir/src/turtle_frame.cpp.o[0m
[2.000s] running egg_info
[2.023s] [ 90%] Built target turtlesim__rosidl_generator_py
[2.062s] writing turtlesim.egg-info/PKG-INFO
[2.067s] writing dependency_links to turtlesim.egg-info/dependency_links.txt
[2.070s] writing top-level names to turtlesim.egg-info/top_level.txt
[2.099s] [ 92%] Built target turtlesim_s__rosidl_typesupport_c
[2.111s] [ 94%] Built target turtlesim_s__rosidl_typesupport_fastrtps_c
[2.129s] [ 96%] Built target turtlesim_s__rosidl_typesupport_introspection_c
[2.190s] reading manifest file 'turtlesim.egg-info/SOURCES.txt'
[2.192s] writing manifest file 'turtlesim.egg-info/SOURCES.txt'
[2.278s] [ 96%] Built target ament_cmake_python_build_turtlesim_egg
[25.587s] [ 96%] [32m[1mLinking CXX executable turtlesim_node[0m
[31.271s] [100%] Built target turtlesim_node
[31.335s] Invoked command in '/home/zhang/rosprc_ws/build/turtlesim' returned '0': CMAKE_PREFIX_PATH=${CMAKE_PREFIX_PATH}:/opt/ros/jazzy /usr/bin/cmake --build /home/zhang/rosprc_ws/build/turtlesim -- -j20 -l20
[31.349s] Invoking command in '/home/zhang/rosprc_ws/build/turtlesim': CMAKE_PREFIX_PATH=${CMAKE_PREFIX_PATH}:/opt/ros/jazzy /usr/bin/cmake --install /home/zhang/rosprc_ws/build/turtlesim
[31.374s] -- Install configuration: ""
[31.376s] -- Up-to-date: /home/zhang/rosprc_ws/install/turtlesim/share/ament_index/resource_index/rosidl_interfaces/turtlesim
[31.377s] -- Up-to-date: /home/zhang/rosprc_ws/install/turtlesim/share/turtlesim/action/RotateAbsolute.json
[31.378s] -- Up-to-date: /home/zhang/rosprc_ws/install/turtlesim/share/turtlesim/msg/Color.json
[31.378s] -- Up-to-date: /home/zhang/rosprc_ws/install/turtlesim/share/turtlesim/msg/Pose.json
[31.379s] -- Up-to-date: /home/zhang/rosprc_ws/install/turtlesim/share/turtlesim/srv/Kill.json
[31.379s] -- Up-to-date: /home/zhang/rosprc_ws/install/turtlesim/share/turtlesim/srv/SetPen.json
[31.379s] -- Up-to-date: /home/zhang/rosprc_ws/install/turtlesim/share/turtlesim/srv/Spawn.json
[31.379s] -- Up-to-date: /home/zhang/rosprc_ws/install/turtlesim/share/turtlesim/srv/TeleportAbsolute.json
[31.379s] -- Up-to-date: /home/zhang/rosprc_ws/install/turtlesim/share/turtlesim/srv/TeleportRelative.json
[31.380s] -- Up-to-date: /home/zhang/rosprc_ws/install/turtlesim/include/turtlesim/turtlesim
[31.380s] -- Up-to-date: /home/zhang/rosprc_ws/install/turtlesim/include/turtlesim/turtlesim/msg
[31.380s] -- Up-to-date: /home/zhang/rosprc_ws/install/turtlesim/include/turtlesim/turtlesim/msg/color.h
[31.380s] -- Up-to-date: /home/zhang/rosprc_ws/install/turtlesim/include/turtlesim/turtlesim/msg/pose.h
[31.381s] -- Up-to-date: /home/zhang/rosprc_ws/install/turtlesim/include/turtlesim/turtlesim/msg/detail
[31.381s] -- Up-to-date: /home/zhang/rosprc_ws/install/turtlesim/include/turtlesim/turtlesim/msg/detail/color__functions.c
[31.381s] -- Up-to-date: /home/zhang/rosprc_ws/install/turtlesim/include/turtlesim/turtlesim/msg/detail/color__struct.h
[31.382s] -- Up-to-date: /home/zhang/rosprc_ws/install/turtlesim/include/turtlesim/turtlesim/msg/detail/color__type_support.h
[31.383s] -- Up-to-date: /home/zhang/rosprc_ws/install/turtlesim/include/turtlesim/turtlesim/msg/detail/color__functions.h
[31.383s] -- Up-to-date: /home/zhang/rosprc_ws/install/turtlesim/include/turtlesim/turtlesim/msg/detail/pose__struct.h
[31.384s] -- Installing: /home/zhang/rosprc_ws/install/turtlesim/include/turtlesim/turtlesim/msg/detail/color__type_support.c
[31.384s] -- Up-to-date: /home/zhang/rosprc_ws/install/turtlesim/include/turtlesim/turtlesim/msg/detail/pose__description.c
[31.384s] -- Up-to-date: /home/zhang/rosprc_ws/install/turtlesim/include/turtlesim/turtlesim/msg/detail/pose__type_support.h
[31.385s] -- Installing: /home/zhang/rosprc_ws/install/turtlesim/include/turtlesim/turtlesim/msg/detail/pose__type_support.c
[31.385s] -- Up-to-date: /home/zhang/rosprc_ws/install/turtlesim/include/turtlesim/turtlesim/msg/detail/pose__functions.h
[31.385s] -- Up-to-date: /home/zhang/rosprc_ws/install/turtlesim/include/turtlesim/turtlesim/msg/detail/pose__functions.c
[31.386s] -- Up-to-date: /home/zhang/rosprc_ws/install/turtlesim/include/turtlesim/turtlesim/msg/detail/color__description.c
[31.386s] -- Up-to-date: /home/zhang/rosprc_ws/install/turtlesim/include/turtlesim/turtlesim/msg/rosidl_generator_c__visibility_control.h
[31.387s] -- Up-to-date: /home/zhang/rosprc_ws/install/turtlesim/include/turtlesim/turtlesim/action
[31.387s] -- Up-to-date: /home/zhang/rosprc_ws/install/turtlesim/include/turtlesim/turtlesim/action/detail
[31.387s] -- Up-to-date: /home/zhang/rosprc_ws/install/turtlesim/include/turtlesim/turtlesim/action/detail/rotate_absolute__description.c
[31.387s] -- Up-to-date: /home/zhang/rosprc_ws/install/turtlesim/include/turtlesim/turtlesim/action/detail/rotate_absolute__struct.h
[31.387s] -- Up-to-date: /home/zhang/rosprc_ws/install/turtlesim/include/turtlesim/turtlesim/action/detail/rotate_absolute__type_support.h
[31.388s] -- Up-to-date: /home/zhang/rosprc_ws/install/turtlesim/include/turtlesim/turtlesim/action/detail/rotate_absolute__functions.h
[31.388s] -- Up-to-date: /home/zhang/rosprc_ws/install/turtlesim/include/turtlesim/turtlesim/action/detail/rotate_absolute__functions.c
[31.388s] -- Installing: /home/zhang/rosprc_ws/install/turtlesim/include/turtlesim/turtlesim/action/detail/rotate_absolute__type_support.c
[31.389s] -- Up-to-date: /home/zhang/rosprc_ws/install/turtlesim/include/turtlesim/turtlesim/action/rotate_absolute.h
[31.389s] -- Up-to-date: /home/zhang/rosprc_ws/install/turtlesim/include/turtlesim/turtlesim/srv
[31.390s] -- Up-to-date: /home/zhang/rosprc_ws/install/turtlesim/include/turtlesim/turtlesim/srv/kill.h
[31.390s] -- Up-to-date: /home/zhang/rosprc_ws/install/turtlesim/include/turtlesim/turtlesim/srv/teleport_relative.h
[31.392s] -- Up-to-date: /home/zhang/rosprc_ws/install/turtlesim/include/turtlesim/turtlesim/srv/set_pen.h
[31.392s] -- Up-to-date: /home/zhang/rosprc_ws/install/turtlesim/include/turtlesim/turtlesim/srv/detail
[31.392s] -- Up-to-date: /home/zhang/rosprc_ws/install/turtlesim/include/turtlesim/turtlesim/srv/detail/set_pen__description.c
[31.392s] -- Up-to-date: /home/zhang/rosprc_ws/install/turtlesim/include/turtlesim/turtlesim/srv/detail/kill__functions.c
[31.392s] -- Up-to-date: /home/zhang/rosprc_ws/install/turtlesim/include/turtlesim/turtlesim/srv/detail/spawn__functions.h
[31.392s] -- Up-to-date: /home/zhang/rosprc_ws/install/turtlesim/include/turtlesim/turtlesim/srv/detail/set_pen__struct.h
[31.393s] -- Up-to-date: /home/zhang/rosprc_ws/install/turtlesim/include/turtlesim/turtlesim/srv/detail/teleport_relative__type_support.h
[31.394s] -- Up-to-date: /home/zhang/rosprc_ws/install/turtlesim/include/turtlesim/turtlesim/srv/detail/set_pen__type_support.h
[31.394s] -- Up-to-date: /home/zhang/rosprc_ws/install/turtlesim/include/turtlesim/turtlesim/srv/detail/teleport_relative__functions.h
[31.394s] -- Installing: /home/zhang/rosprc_ws/install/turtlesim/include/turtlesim/turtlesim/srv/detail/kill__type_support.c
[31.394s] -- Up-to-date: /home/zhang/rosprc_ws/install/turtlesim/include/turtlesim/turtlesim/srv/detail/kill__functions.h
[31.395s] -- Up-to-date: /home/zhang/rosprc_ws/install/turtlesim/include/turtlesim/turtlesim/srv/detail/teleport_relative__functions.c
[31.396s] -- Up-to-date: /home/zhang/rosprc_ws/install/turtlesim/include/turtlesim/turtlesim/srv/detail/kill__struct.h
[31.396s] -- Installing: /home/zhang/rosprc_ws/install/turtlesim/include/turtlesim/turtlesim/srv/detail/spawn__type_support.c
[31.397s] -- Up-to-date: /home/zhang/rosprc_ws/install/turtlesim/include/turtlesim/turtlesim/srv/detail/teleport_absolute__functions.c
[31.397s] -- Up-to-date: /home/zhang/rosprc_ws/install/turtlesim/include/turtlesim/turtlesim/srv/detail/kill__description.c
[31.397s] -- Up-to-date: /home/zhang/rosprc_ws/install/turtlesim/include/turtlesim/turtlesim/srv/detail/teleport_relative__description.c
[31.397s] -- Up-to-date: /home/zhang/rosprc_ws/install/turtlesim/include/turtlesim/turtlesim/srv/detail/teleport_absolute__struct.h
[31.397s] -- Up-to-date: /home/zhang/rosprc_ws/install/turtlesim/include/turtlesim/turtlesim/srv/detail/spawn__type_support.h
[31.397s] -- Up-to-date: /home/zhang/rosprc_ws/install/turtlesim/include/turtlesim/turtlesim/srv/detail/teleport_absolute__type_support.h
[31.398s] -- Up-to-date: /home/zhang/rosprc_ws/install/turtlesim/include/turtlesim/turtlesim/srv/detail/set_pen__functions.c
[31.398s] -- Up-to-date: /home/zhang/rosprc_ws/install/turtlesim/include/turtlesim/turtlesim/srv/detail/spawn__description.c
[31.398s] -- Up-to-date: /home/zhang/rosprc_ws/install/turtlesim/include/turtlesim/turtlesim/srv/detail/kill__type_support.h
[31.399s] -- Installing: /home/zhang/rosprc_ws/install/turtlesim/include/turtlesim/turtlesim/srv/detail/set_pen__type_support.c
[31.399s] -- Up-to-date: /home/zhang/rosprc_ws/install/turtlesim/include/turtlesim/turtlesim/srv/detail/teleport_relative__struct.h
[31.399s] -- Up-to-date: /home/zhang/rosprc_ws/install/turtlesim/include/turtlesim/turtlesim/srv/detail/spawn__functions.c
[31.400s] -- Up-to-date: /home/zhang/rosprc_ws/install/turtlesim/include/turtlesim/turtlesim/srv/detail/teleport_absolute__description.c
[31.400s] -- Up-to-date: /home/zhang/rosprc_ws/install/turtlesim/include/turtlesim/turtlesim/srv/detail/spawn__struct.h
[31.401s] -- Up-to-date: /home/zhang/rosprc_ws/install/turtlesim/include/turtlesim/turtlesim/srv/detail/set_pen__functions.h
[31.402s] -- Installing: /home/zhang/rosprc_ws/install/turtlesim/include/turtlesim/turtlesim/srv/detail/teleport_absolute__type_support.c
[31.403s] -- Up-to-date: /home/zhang/rosprc_ws/install/turtlesim/include/turtlesim/turtlesim/srv/detail/teleport_absolute__functions.h
[31.404s] -- Installing: /home/zhang/rosprc_ws/install/turtlesim/include/turtlesim/turtlesim/srv/detail/teleport_relative__type_support.c
[31.404s] -- Up-to-date: /home/zhang/rosprc_ws/install/turtlesim/include/turtlesim/turtlesim/srv/spawn.h
[31.404s] -- Up-to-date: /home/zhang/rosprc_ws/install/turtlesim/include/turtlesim/turtlesim/srv/teleport_absolute.h
[31.405s] -- Up-to-date: /home/zhang/rosprc_ws/install/turtlesim/share/turtlesim/environment/library_path.sh
[31.405s] -- Up-to-date: /home/zhang/rosprc_ws/install/turtlesim/share/turtlesim/environment/library_path.dsv
[31.406s] -- Up-to-date: /home/zhang/rosprc_ws/install/turtlesim/lib/libturtlesim__rosidl_generator_c.so
[31.406s] -- Up-to-date: /home/zhang/rosprc_ws/install/turtlesim/include/turtlesim/turtlesim
[31.407s] -- Up-to-date: /home/zhang/rosprc_ws/install/turtlesim/include/turtlesim/turtlesim/msg
[31.407s] -- Up-to-date: /home/zhang/rosprc_ws/install/turtlesim/include/turtlesim/turtlesim/msg/rosidl_typesupport_fastrtps_c__visibility_control.h
[31.408s] -- Up-to-date: /home/zhang/rosprc_ws/install/turtlesim/include/turtlesim/turtlesim/msg/detail
[31.409s] -- Up-to-date: /home/zhang/rosprc_ws/install/turtlesim/include/turtlesim/turtlesim/msg/detail/color__rosidl_typesupport_fastrtps_c.h
[31.410s] -- Up-to-date: /home/zhang/rosprc_ws/install/turtlesim/include/turtlesim/turtlesim/msg/detail/pose__rosidl_typesupport_fastrtps_c.h
[31.411s] -- Up-to-date: /home/zhang/rosprc_ws/install/turtlesim/include/turtlesim/turtlesim/action
[31.411s] -- Up-to-date: /home/zhang/rosprc_ws/install/turtlesim/include/turtlesim/turtlesim/action/detail
[31.412s] -- Up-to-date: /home/zhang/rosprc_ws/install/turtlesim/include/turtlesim/turtlesim/action/detail/rotate_absolute__rosidl_typesupport_fastrtps_c.h
[31.412s] -- Up-to-date: /home/zhang/rosprc_ws/install/turtlesim/include/turtlesim/turtlesim/srv
[31.414s] -- Up-to-date: /home/zhang/rosprc_ws/install/turtlesim/include/turtlesim/turtlesim/srv/detail
[31.415s] -- Up-to-date: /home/zhang/rosprc_ws/install/turtlesim/include/turtlesim/turtlesim/srv/detail/spawn__rosidl_typesupport_fastrtps_c.h
[31.415s] -- Up-to-date: /home/zhang/rosprc_ws/install/turtlesim/include/turtlesim/turtlesim/srv/detail/set_pen__rosidl_typesupport_fastrtps_c.h
[31.416s] -- Up-to-date: /home/zhang/rosprc_ws/install/turtlesim/include/turtlesim/turtlesim/srv/detail/teleport_relative__rosidl_typesupport_fastrtps_c.h
[31.416s] -- Up-to-date: /home/zhang/rosprc_ws/install/turtlesim/include/turtlesim/turtlesim/srv/detail/teleport_absolute__rosidl_typesupport_fastrtps_c.h
[31.417s] -- Up-to-date: /home/zhang/rosprc_ws/install/turtlesim/include/turtlesim/turtlesim/srv/detail/kill__rosidl_typesupport_fastrtps_c.h
[31.417s] -- Up-to-date: /home/zhang/rosprc_ws/install/turtlesim/lib/libturtlesim__rosidl_typesupport_fastrtps_c.so
[31.418s] -- Up-to-date: /home/zhang/rosprc_ws/install/turtlesim/include/turtlesim/turtlesim
[31.418s] -- Up-to-date: /home/zhang/rosprc_ws/install/turtlesim/include/turtlesim/turtlesim/msg
[31.419s] -- Up-to-date: /home/zhang/rosprc_ws/install/turtlesim/include/turtlesim/turtlesim/msg/pose.hpp
[31.419s] -- Up-to-date: /home/zhang/rosprc_ws/install/turtlesim/include/turtlesim/turtlesim/msg/detail
[31.420s] -- Up-to-date: /home/zhang/rosprc_ws/install/turtlesim/include/turtlesim/turtlesim/msg/detail/color__builder.hpp
[31.420s] -- Up-to-date: /home/zhang/rosprc_ws/install/turtlesim/include/turtlesim/turtlesim/msg/detail/color__type_support.hpp
[31.421s] -- Up-to-date: /home/zhang/rosprc_ws/install/turtlesim/include/turtlesim/turtlesim/msg/detail/pose__builder.hpp
[31.421s] -- Up-to-date: /home/zhang/rosprc_ws/install/turtlesim/include/turtlesim/turtlesim/msg/detail/pose__type_support.hpp
[31.422s] -- Up-to-date: /home/zhang/rosprc_ws/install/turtlesim/include/turtlesim/turtlesim/msg/detail/pose__traits.hpp
[31.423s] -- Up-to-date: /home/zhang/rosprc_ws/install/turtlesim/include/turtlesim/turtlesim/msg/detail/pose__struct.hpp
[31.424s] -- Up-to-date: /home/zhang/rosprc_ws/install/turtlesim/include/turtlesim/turtlesim/msg/detail/color__struct.hpp
[31.424s] -- Up-to-date: /home/zhang/rosprc_ws/install/turtlesim/include/turtlesim/turtlesim/msg/detail/color__traits.hpp
[31.424s] -- Up-to-date: /home/zhang/rosprc_ws/install/turtlesim/include/turtlesim/turtlesim/msg/rosidl_generator_cpp__visibility_control.hpp
[31.425s] -- Up-to-date: /home/zhang/rosprc_ws/install/turtlesim/include/turtlesim/turtlesim/msg/color.hpp
[31.425s] -- Up-to-date: /home/zhang/rosprc_ws/install/turtlesim/include/turtlesim/turtlesim/action
[31.425s] -- Up-to-date: /home/zhang/rosprc_ws/install/turtlesim/include/turtlesim/turtlesim/action/detail
[31.425s] -- Up-to-date: /home/zhang/rosprc_ws/install/turtlesim/include/turtlesim/turtlesim/action/detail/rotate_absolute__type_support.hpp
[31.426s] -- Up-to-date: /home/zhang/rosprc_ws/install/turtlesim/include/turtlesim/turtlesim/action/detail/rotate_absolute__builder.hpp
[31.426s] -- Up-to-date: /home/zhang/rosprc_ws/install/turtlesim/include/turtlesim/turtlesim/action/detail/rotate_absolute__traits.hpp
[31.426s] -- Up-to-date: /home/zhang/rosprc_ws/install/turtlesim/include/turtlesim/turtlesim/action/detail/rotate_absolute__struct.hpp
[31.427s] -- Up-to-date: /home/zhang/rosprc_ws/install/turtlesim/include/turtlesim/turtlesim/action/rotate_absolute.hpp
[31.427s] -- Up-to-date: /home/zhang/rosprc_ws/install/turtlesim/include/turtlesim/turtlesim/srv
[31.428s] -- Up-to-date: /home/zhang/rosprc_ws/install/turtlesim/include/turtlesim/turtlesim/srv/set_pen.hpp
[31.429s] -- Up-to-date: /home/zhang/rosprc_ws/install/turtlesim/include/turtlesim/turtlesim/srv/detail
[31.429s] -- Up-to-date: /home/zhang/rosprc_ws/install/turtlesim/include/turtlesim/turtlesim/srv/detail/teleport_absolute__traits.hpp
[31.431s] -- Up-to-date: /home/zhang/rosprc_ws/install/turtlesim/include/turtlesim/turtlesim/srv/detail/teleport_absolute__struct.hpp
[31.432s] -- Up-to-date: /home/zhang/rosprc_ws/install/turtlesim/include/turtlesim/turtlesim/srv/detail/teleport_relative__type_support.hpp
[31.433s] -- Up-to-date: /home/zhang/rosprc_ws/install/turtlesim/include/turtlesim/turtlesim/srv/detail/kill__struct.hpp
[31.433s] -- Up-to-date: /home/zhang/rosprc_ws/install/turtlesim/include/turtlesim/turtlesim/srv/detail/spawn__type_support.hpp
[31.434s] -- Up-to-date: /home/zhang/rosprc_ws/install/turtlesim/include/turtlesim/turtlesim/srv/detail/spawn__struct.hpp
[31.434s] -- Up-to-date: /home/zhang/rosprc_ws/install/turtlesim/include/turtlesim/turtlesim/srv/detail/spawn__builder.hpp
[31.434s] -- Up-to-date: /home/zhang/rosprc_ws/install/turtlesim/include/turtlesim/turtlesim/srv/detail/teleport_absolute__builder.hpp
[31.434s] -- Up-to-date: /home/zhang/rosprc_ws/install/turtlesim/include/turtlesim/turtlesim/srv/detail/set_pen__traits.hpp
[31.435s] -- Up-to-date: /home/zhang/rosprc_ws/install/turtlesim/include/turtlesim/turtlesim/srv/detail/kill__type_support.hpp
[31.435s] -- Up-to-date: /home/zhang/rosprc_ws/install/turtlesim/include/turtlesim/turtlesim/srv/detail/kill__builder.hpp
[31.435s] -- Up-to-date: /home/zhang/rosprc_ws/install/turtlesim/include/turtlesim/turtlesim/srv/detail/teleport_relative__struct.hpp
[31.435s] -- Up-to-date: /home/zhang/rosprc_ws/install/turtlesim/include/turtlesim/turtlesim/srv/detail/kill__traits.hpp
[31.436s] -- Up-to-date: /home/zhang/rosprc_ws/install/turtlesim/include/turtlesim/turtlesim/srv/detail/teleport_absolute__type_support.hpp
[31.436s] -- Up-to-date: /home/zhang/rosprc_ws/install/turtlesim/include/turtlesim/turtlesim/srv/detail/teleport_relative__traits.hpp
[31.436s] -- Up-to-date: /home/zhang/rosprc_ws/install/turtlesim/include/turtlesim/turtlesim/srv/detail/set_pen__type_support.hpp
[31.437s] -- Up-to-date: /home/zhang/rosprc_ws/install/turtlesim/include/turtlesim/turtlesim/srv/detail/spawn__traits.hpp
[31.437s] -- Up-to-date: /home/zhang/rosprc_ws/install/turtlesim/include/turtlesim/turtlesim/srv/detail/teleport_relative__builder.hpp
[31.437s] -- Up-to-date: /home/zhang/rosprc_ws/install/turtlesim/include/turtlesim/turtlesim/srv/detail/set_pen__builder.hpp
[31.437s] -- Up-to-date: /home/zhang/rosprc_ws/install/turtlesim/include/turtlesim/turtlesim/srv/detail/set_pen__struct.hpp
[31.437s] -- Up-to-date: /home/zhang/rosprc_ws/install/turtlesim/include/turtlesim/turtlesim/srv/teleport_absolute.hpp
[31.438s] -- Up-to-date: /home/zhang/rosprc_ws/install/turtlesim/include/turtlesim/turtlesim/srv/kill.hpp
[31.438s] -- Up-to-date: /home/zhang/rosprc_ws/install/turtlesim/include/turtlesim/turtlesim/srv/teleport_relative.hpp
[31.438s] -- Up-to-date: /home/zhang/rosprc_ws/install/turtlesim/include/turtlesim/turtlesim/srv/spawn.hpp
[31.439s] -- Up-to-date: /home/zhang/rosprc_ws/install/turtlesim/include/turtlesim/turtlesim
[31.439s] -- Up-to-date: /home/zhang/rosprc_ws/install/turtlesim/include/turtlesim/turtlesim/msg
[31.439s] -- Up-to-date: /home/zhang/rosprc_ws/install/turtlesim/include/turtlesim/turtlesim/msg/detail
[31.439s] -- Up-to-date: /home/zhang/rosprc_ws/install/turtlesim/include/turtlesim/turtlesim/msg/detail/dds_fastrtps
[31.439s] -- Up-to-date: /home/zhang/rosprc_ws/install/turtlesim/include/turtlesim/turtlesim/msg/detail/pose__rosidl_typesupport_fastrtps_cpp.hpp
[31.439s] -- Up-to-date: /home/zhang/rosprc_ws/install/turtlesim/include/turtlesim/turtlesim/msg/detail/color__rosidl_typesupport_fastrtps_cpp.hpp
[31.440s] -- Up-to-date: /home/zhang/rosprc_ws/install/turtlesim/include/turtlesim/turtlesim/msg/rosidl_typesupport_fastrtps_cpp__visibility_control.h
[31.440s] -- Up-to-date: /home/zhang/rosprc_ws/install/turtlesim/include/turtlesim/turtlesim/action
[31.440s] -- Up-to-date: /home/zhang/rosprc_ws/install/turtlesim/include/turtlesim/turtlesim/action/detail
[31.440s] -- Up-to-date: /home/zhang/rosprc_ws/install/turtlesim/include/turtlesim/turtlesim/action/detail/dds_fastrtps
[31.441s] -- Up-to-date: /home/zhang/rosprc_ws/install/turtlesim/include/turtlesim/turtlesim/action/detail/rotate_absolute__rosidl_typesupport_fastrtps_cpp.hpp
[31.441s] -- Up-to-date: /home/zhang/rosprc_ws/install/turtlesim/include/turtlesim/turtlesim/srv
[31.441s] -- Up-to-date: /home/zhang/rosprc_ws/install/turtlesim/include/turtlesim/turtlesim/srv/detail
[31.442s] -- Up-to-date: /home/zhang/rosprc_ws/install/turtlesim/include/turtlesim/turtlesim/srv/detail/teleport_relative__rosidl_typesupport_fastrtps_cpp.hpp
[31.442s] -- Up-to-date: /home/zhang/rosprc_ws/install/turtlesim/include/turtlesim/turtlesim/srv/detail/kill__rosidl_typesupport_fastrtps_cpp.hpp
[31.443s] -- Up-to-date: /home/zhang/rosprc_ws/install/turtlesim/include/turtlesim/turtlesim/srv/detail/set_pen__rosidl_typesupport_fastrtps_cpp.hpp
[31.443s] -- Up-to-date: /home/zhang/rosprc_ws/install/turtlesim/include/turtlesim/turtlesim/srv/detail/dds_fastrtps
[31.443s] -- Up-to-date: /home/zhang/rosprc_ws/install/turtlesim/include/turtlesim/turtlesim/srv/detail/spawn__rosidl_typesupport_fastrtps_cpp.hpp
[31.443s] -- Up-to-date: /home/zhang/rosprc_ws/install/turtlesim/include/turtlesim/turtlesim/srv/detail/teleport_absolute__rosidl_typesupport_fastrtps_cpp.hpp
[31.444s] -- Up-to-date: /home/zhang/rosprc_ws/install/turtlesim/lib/libturtlesim__rosidl_typesupport_fastrtps_cpp.so
[31.444s] -- Up-to-date: /home/zhang/rosprc_ws/install/turtlesim/include/turtlesim/turtlesim
[31.444s] -- Up-to-date: /home/zhang/rosprc_ws/install/turtlesim/include/turtlesim/turtlesim/msg
[31.444s] -- Up-to-date: /home/zhang/rosprc_ws/install/turtlesim/include/turtlesim/turtlesim/msg/detail
[31.444s] -- Installing: /home/zhang/rosprc_ws/install/turtlesim/include/turtlesim/turtlesim/msg/detail/color__type_support.c
[31.445s] -- Up-to-date: /home/zhang/rosprc_ws/install/turtlesim/include/turtlesim/turtlesim/msg/detail/pose__rosidl_typesupport_introspection_c.h
[31.446s] -- Installing: /home/zhang/rosprc_ws/install/turtlesim/include/turtlesim/turtlesim/msg/detail/pose__type_support.c
[31.447s] -- Up-to-date: /home/zhang/rosprc_ws/install/turtlesim/include/turtlesim/turtlesim/msg/detail/color__rosidl_typesupport_introspection_c.h
[31.448s] -- Up-to-date: /home/zhang/rosprc_ws/install/turtlesim/include/turtlesim/turtlesim/msg/rosidl_typesupport_introspection_c__visibility_control.h
[31.448s] -- Up-to-date: /home/zhang/rosprc_ws/install/turtlesim/include/turtlesim/turtlesim/action
[31.449s] -- Up-to-date: /home/zhang/rosprc_ws/install/turtlesim/include/turtlesim/turtlesim/action/detail
[31.449s] -- Up-to-date: /home/zhang/rosprc_ws/install/turtlesim/include/turtlesim/turtlesim/action/detail/rotate_absolute__rosidl_typesupport_introspection_c.h
[31.449s] -- Installing: /home/zhang/rosprc_ws/install/turtlesim/include/turtlesim/turtlesim/action/detail/rotate_absolute__type_support.c
[31.449s] -- Up-to-date: /home/zhang/rosprc_ws/install/turtlesim/include/turtlesim/turtlesim/srv
[31.449s] -- Up-to-date: /home/zhang/rosprc_ws/install/turtlesim/include/turtlesim/turtlesim/srv/detail
[31.450s] -- Installing: /home/zhang/rosprc_ws/install/turtlesim/include/turtlesim/turtlesim/srv/detail/kill__type_support.c
[31.450s] -- Up-to-date: /home/zhang/rosprc_ws/install/turtlesim/include/turtlesim/turtlesim/srv/detail/teleport_relative__rosidl_typesupport_introspection_c.h
[31.451s] -- Installing: /home/zhang/rosprc_ws/install/turtlesim/include/turtlesim/turtlesim/srv/detail/spawn__type_support.c
[31.451s] -- Up-to-date: /home/zhang/rosprc_ws/install/turtlesim/include/turtlesim/turtlesim/srv/detail/kill__rosidl_typesupport_introspection_c.h
[31.451s] -- Up-to-date: /home/zhang/rosprc_ws/install/turtlesim/include/turtlesim/turtlesim/srv/detail/spawn__rosidl_typesupport_introspection_c.h
[31.451s] -- Installing: /home/zhang/rosprc_ws/install/turtlesim/include/turtlesim/turtlesim/srv/detail/set_pen__type_support.c
[31.452s] -- Installing: /home/zhang/rosprc_ws/install/turtlesim/include/turtlesim/turtlesim/srv/detail/teleport_absolute__type_support.c
[31.452s] -- Up-to-date: /home/zhang/rosprc_ws/install/turtlesim/include/turtlesim/turtlesim/srv/detail/teleport_absolute__rosidl_typesupport_introspection_c.h
[31.452s] -- Up-to-date: /home/zhang/rosprc_ws/install/turtlesim/include/turtlesim/turtlesim/srv/detail/set_pen__rosidl_typesupport_introspection_c.h
[31.452s] -- Installing: /home/zhang/rosprc_ws/install/turtlesim/include/turtlesim/turtlesim/srv/detail/teleport_relative__type_support.c
[31.452s] -- Up-to-date: /home/zhang/rosprc_ws/install/turtlesim/lib/libturtlesim__rosidl_typesupport_introspection_c.so
[31.453s] -- Up-to-date: /home/zhang/rosprc_ws/install/turtlesim/lib/libturtlesim__rosidl_typesupport_c.so
[31.453s] -- Up-to-date: /home/zhang/rosprc_ws/install/turtlesim/include/turtlesim/turtlesim
[31.453s] -- Up-to-date: /home/zhang/rosprc_ws/install/turtlesim/include/turtlesim/turtlesim/msg
[31.454s] -- Up-to-date: /home/zhang/rosprc_ws/install/turtlesim/include/turtlesim/turtlesim/msg/detail
[31.454s] -- Up-to-date: /home/zhang/rosprc_ws/install/turtlesim/include/turtlesim/turtlesim/msg/detail/color__rosidl_typesupport_introspection_cpp.hpp
[31.454s] -- Up-to-date: /home/zhang/rosprc_ws/install/turtlesim/include/turtlesim/turtlesim/msg/detail/pose__rosidl_typesupport_introspection_cpp.hpp
[31.455s] -- Up-to-date: /home/zhang/rosprc_ws/install/turtlesim/include/turtlesim/turtlesim/msg/detail/color__type_support.cpp
[31.456s] -- Up-to-date: /home/zhang/rosprc_ws/install/turtlesim/include/turtlesim/turtlesim/msg/detail/pose__type_support.cpp
[31.457s] -- Up-to-date: /home/zhang/rosprc_ws/install/turtlesim/include/turtlesim/turtlesim/action
[31.457s] -- Up-to-date: /home/zhang/rosprc_ws/install/turtlesim/include/turtlesim/turtlesim/action/detail
[31.458s] -- Up-to-date: /home/zhang/rosprc_ws/install/turtlesim/include/turtlesim/turtlesim/action/detail/rotate_absolute__rosidl_typesupport_introspection_cpp.hpp
[31.458s] -- Up-to-date: /home/zhang/rosprc_ws/install/turtlesim/include/turtlesim/turtlesim/action/detail/rotate_absolute__type_support.cpp
[31.459s] -- Up-to-date: /home/zhang/rosprc_ws/install/turtlesim/include/turtlesim/turtlesim/srv
[31.460s] -- Up-to-date: /home/zhang/rosprc_ws/install/turtlesim/include/turtlesim/turtlesim/srv/detail
[31.460s] -- Up-to-date: /home/zhang/rosprc_ws/install/turtlesim/include/turtlesim/turtlesim/srv/detail/spawn__type_support.cpp
[31.461s] -- Up-to-date: /home/zhang/rosprc_ws/install/turtlesim/include/turtlesim/turtlesim/srv/detail/kill__type_support.cpp
[31.462s] -- Up-to-date: /home/zhang/rosprc_ws/install/turtlesim/include/turtlesim/turtlesim/srv/detail/teleport_absolute__rosidl_typesupport_introspection_cpp.hpp
[31.462s] -- Up-to-date: /home/zhang/rosprc_ws/install/turtlesim/include/turtlesim/turtlesim/srv/detail/set_pen__rosidl_typesupport_introspection_cpp.hpp
[31.462s] -- Up-to-date: /home/zhang/rosprc_ws/install/turtlesim/include/turtlesim/turtlesim/srv/detail/teleport_absolute__type_support.cpp
[31.462s] -- Up-to-date: /home/zhang/rosprc_ws/install/turtlesim/include/turtlesim/turtlesim/srv/detail/set_pen__type_support.cpp
[31.463s] -- Up-to-date: /home/zhang/rosprc_ws/install/turtlesim/include/turtlesim/turtlesim/srv/detail/spawn__rosidl_typesupport_introspection_cpp.hpp
[31.463s] -- Up-to-date: /home/zhang/rosprc_ws/install/turtlesim/include/turtlesim/turtlesim/srv/detail/teleport_relative__type_support.cpp
[31.463s] -- Up-to-date: /home/zhang/rosprc_ws/install/turtlesim/include/turtlesim/turtlesim/srv/detail/kill__rosidl_typesupport_introspection_cpp.hpp
[31.463s] -- Up-to-date: /home/zhang/rosprc_ws/install/turtlesim/include/turtlesim/turtlesim/srv/detail/teleport_relative__rosidl_typesupport_introspection_cpp.hpp
[31.463s] -- Up-to-date: /home/zhang/rosprc_ws/install/turtlesim/lib/libturtlesim__rosidl_typesupport_introspection_cpp.so
[31.464s] -- Up-to-date: /home/zhang/rosprc_ws/install/turtlesim/lib/libturtlesim__rosidl_typesupport_cpp.so
[31.464s] -- Up-to-date: /home/zhang/rosprc_ws/install/turtlesim/share/turtlesim/environment/pythonpath.sh
[31.464s] -- Up-to-date: /home/zhang/rosprc_ws/install/turtlesim/share/turtlesim/environment/pythonpath.dsv
[31.465s] -- Up-to-date: /home/zhang/rosprc_ws/install/turtlesim/lib/python3.12/site-packages/turtlesim-1.8.4-py3.12.egg-info
[31.465s] -- Installing: /home/zhang/rosprc_ws/install/turtlesim/lib/python3.12/site-packages/turtlesim-1.8.4-py3.12.egg-info/PKG-INFO
[31.465s] -- Installing: /home/zhang/rosprc_ws/install/turtlesim/lib/python3.12/site-packages/turtlesim-1.8.4-py3.12.egg-info/top_level.txt
[31.465s] -- Installing: /home/zhang/rosprc_ws/install/turtlesim/lib/python3.12/site-packages/turtlesim-1.8.4-py3.12.egg-info/dependency_links.txt
[31.465s] -- Installing: /home/zhang/rosprc_ws/install/turtlesim/lib/python3.12/site-packages/turtlesim-1.8.4-py3.12.egg-info/SOURCES.txt
[31.466s] -- Up-to-date: /home/zhang/rosprc_ws/install/turtlesim/lib/python3.12/site-packages/turtlesim
[31.466s] -- Up-to-date: /home/zhang/rosprc_ws/install/turtlesim/lib/python3.12/site-packages/turtlesim/msg
[31.466s] -- Up-to-date: /home/zhang/rosprc_ws/install/turtlesim/lib/python3.12/site-packages/turtlesim/msg/_pose.py
[31.466s] -- Up-to-date: /home/zhang/rosprc_ws/install/turtlesim/lib/python3.12/site-packages/turtlesim/msg/_color_s.c
[31.466s] -- Up-to-date: /home/zhang/rosprc_ws/install/turtlesim/lib/python3.12/site-packages/turtlesim/msg/_color.py
[31.466s] -- Up-to-date: /home/zhang/rosprc_ws/install/turtlesim/lib/python3.12/site-packages/turtlesim/msg/_pose_s.c
[31.467s] -- Up-to-date: /home/zhang/rosprc_ws/install/turtlesim/lib/python3.12/site-packages/turtlesim/msg/__init__.py
[31.467s] -- Up-to-date: /home/zhang/rosprc_ws/install/turtlesim/lib/python3.12/site-packages/turtlesim/turtlesim_s__rosidl_typesupport_introspection_c.so
[31.467s] -- Up-to-date: /home/zhang/rosprc_ws/install/turtlesim/lib/python3.12/site-packages/turtlesim/_turtlesim_s.ep.rosidl_typesupport_introspection_c.c
[31.467s] -- Up-to-date: /home/zhang/rosprc_ws/install/turtlesim/lib/python3.12/site-packages/turtlesim/_turtlesim_s.ep.rosidl_typesupport_fastrtps_c.c
[31.467s] -- Up-to-date: /home/zhang/rosprc_ws/install/turtlesim/lib/python3.12/site-packages/turtlesim/_turtlesim_s.ep.rosidl_typesupport_c.c
[31.467s] -- Up-to-date: /home/zhang/rosprc_ws/install/turtlesim/lib/python3.12/site-packages/turtlesim/turtlesim_s__rosidl_typesupport_c.so
[31.467s] -- Up-to-date: /home/zhang/rosprc_ws/install/turtlesim/lib/python3.12/site-packages/turtlesim/action
[31.467s] -- Up-to-date: /home/zhang/rosprc_ws/install/turtlesim/lib/python3.12/site-packages/turtlesim/action/_rotate_absolute.py
[31.467s] -- Up-to-date: /home/zhang/rosprc_ws/install/turtlesim/lib/python3.12/site-packages/turtlesim/action/_rotate_absolute_s.c
[31.467s] -- Up-to-date: /home/zhang/rosprc_ws/install/turtlesim/lib/python3.12/site-packages/turtlesim/action/__init__.py
[31.467s] -- Up-to-date: /home/zhang/rosprc_ws/install/turtlesim/lib/python3.12/site-packages/turtlesim/turtlesim_s__rosidl_typesupport_fastrtps_c.so
[31.468s] -- Up-to-date: /home/zhang/rosprc_ws/install/turtlesim/lib/python3.12/site-packages/turtlesim/srv
[31.468s] -- Up-to-date: /home/zhang/rosprc_ws/install/turtlesim/lib/python3.12/site-packages/turtlesim/srv/_set_pen_s.c
[31.468s] -- Up-to-date: /home/zhang/rosprc_ws/install/turtlesim/lib/python3.12/site-packages/turtlesim/srv/_kill.py
[31.468s] -- Up-to-date: /home/zhang/rosprc_ws/install/turtlesim/lib/python3.12/site-packages/turtlesim/srv/_teleport_absolute_s.c
[31.468s] -- Up-to-date: /home/zhang/rosprc_ws/install/turtlesim/lib/python3.12/site-packages/turtlesim/srv/_set_pen.py
[31.468s] -- Up-to-date: /home/zhang/rosprc_ws/install/turtlesim/lib/python3.12/site-packages/turtlesim/srv/_teleport_relative.py
[31.468s] -- Up-to-date: /home/zhang/rosprc_ws/install/turtlesim/lib/python3.12/site-packages/turtlesim/srv/_spawn.py
[31.468s] -- Up-to-date: /home/zhang/rosprc_ws/install/turtlesim/lib/python3.12/site-packages/turtlesim/srv/_kill_s.c
[31.469s] -- Up-to-date: /home/zhang/rosprc_ws/install/turtlesim/lib/python3.12/site-packages/turtlesim/srv/_teleport_relative_s.c
[31.469s] -- Up-to-date: /home/zhang/rosprc_ws/install/turtlesim/lib/python3.12/site-packages/turtlesim/srv/__init__.py
[31.469s] -- Up-to-date: /home/zhang/rosprc_ws/install/turtlesim/lib/python3.12/site-packages/turtlesim/srv/_teleport_absolute.py
[31.469s] -- Up-to-date: /home/zhang/rosprc_ws/install/turtlesim/lib/python3.12/site-packages/turtlesim/srv/_spawn_s.c
[31.469s] -- Up-to-date: /home/zhang/rosprc_ws/install/turtlesim/lib/python3.12/site-packages/turtlesim/__init__.py
[31.601s] Listing '/home/zhang/rosprc_ws/install/turtlesim/lib/python3.12/site-packages/turtlesim'...
[31.601s] Listing '/home/zhang/rosprc_ws/install/turtlesim/lib/python3.12/site-packages/turtlesim/action'...
[31.602s] Listing '/home/zhang/rosprc_ws/install/turtlesim/lib/python3.12/site-packages/turtlesim/msg'...
[31.602s] Listing '/home/zhang/rosprc_ws/install/turtlesim/lib/python3.12/site-packages/turtlesim/srv'...
[31.621s] -- Up-to-date: /home/zhang/rosprc_ws/install/turtlesim/lib/python3.12/site-packages/turtlesim/turtlesim_s__rosidl_typesupport_fastrtps_c.so
[31.626s] -- Up-to-date: /home/zhang/rosprc_ws/install/turtlesim/lib/python3.12/site-packages/turtlesim/turtlesim_s__rosidl_typesupport_introspection_c.so
[31.631s] -- Up-to-date: /home/zhang/rosprc_ws/install/turtlesim/lib/python3.12/site-packages/turtlesim/turtlesim_s__rosidl_typesupport_c.so
[31.636s] -- Up-to-date: /home/zhang/rosprc_ws/install/turtlesim/lib/libturtlesim__rosidl_generator_py.so
[31.636s] -- Up-to-date: /home/zhang/rosprc_ws/install/turtlesim/share/ament_index/resource_index/rust_packages/turtlesim
[31.637s] -- Up-to-date: /home/zhang/rosprc_ws/install/turtlesim/share/turtlesim/rust
[31.638s] -- Up-to-date: /home/zhang/rosprc_ws/install/turtlesim/share/turtlesim/rust/Cargo.toml
[31.638s] -- Up-to-date: /home/zhang/rosprc_ws/install/turtlesim/share/turtlesim/rust/src
[31.639s] -- Up-to-date: /home/zhang/rosprc_ws/install/turtlesim/share/turtlesim/rust/src/srv.rs
[31.640s] -- Up-to-date: /home/zhang/rosprc_ws/install/turtlesim/share/turtlesim/rust/src/msg
[31.641s] -- Up-to-date: /home/zhang/rosprc_ws/install/turtlesim/share/turtlesim/rust/src/msg/rmw.rs
[31.641s] -- Up-to-date: /home/zhang/rosprc_ws/install/turtlesim/share/turtlesim/rust/src/action.rs
[31.641s] -- Up-to-date: /home/zhang/rosprc_ws/install/turtlesim/share/turtlesim/rust/src/lib.rs
[31.641s] -- Up-to-date: /home/zhang/rosprc_ws/install/turtlesim/share/turtlesim/rust/src/msg.rs
[31.641s] -- Up-to-date: /home/zhang/rosprc_ws/install/turtlesim/share/turtlesim/rust/src/action
[31.641s] -- Up-to-date: /home/zhang/rosprc_ws/install/turtlesim/share/turtlesim/rust/src/action/rmw.rs
[31.641s] -- Up-to-date: /home/zhang/rosprc_ws/install/turtlesim/share/turtlesim/rust/src/srv
[31.641s] -- Up-to-date: /home/zhang/rosprc_ws/install/turtlesim/share/turtlesim/rust/src/srv/rmw.rs
[31.641s] -- Up-to-date: /home/zhang/rosprc_ws/install/turtlesim/share/turtlesim/rust/build.rs
[31.642s] -- Up-to-date: /home/zhang/rosprc_ws/install/turtlesim/share/turtlesim/action/RotateAbsolute.idl
[31.642s] -- Up-to-date: /home/zhang/rosprc_ws/install/turtlesim/share/turtlesim/msg/Color.idl
[31.642s] -- Up-to-date: /home/zhang/rosprc_ws/install/turtlesim/share/turtlesim/msg/Pose.idl
[31.643s] -- Up-to-date: /home/zhang/rosprc_ws/install/turtlesim/share/turtlesim/srv/Kill.idl
[31.643s] -- Up-to-date: /home/zhang/rosprc_ws/install/turtlesim/share/turtlesim/srv/SetPen.idl
[31.643s] -- Up-to-date: /home/zhang/rosprc_ws/install/turtlesim/share/turtlesim/srv/Spawn.idl
[31.643s] -- Up-to-date: /home/zhang/rosprc_ws/install/turtlesim/share/turtlesim/srv/TeleportAbsolute.idl
[31.643s] -- Up-to-date: /home/zhang/rosprc_ws/install/turtlesim/share/turtlesim/srv/TeleportRelative.idl
[31.644s] -- Up-to-date: /home/zhang/rosprc_ws/install/turtlesim/share/turtlesim/action/RotateAbsolute.action
[31.644s] -- Up-to-date: /home/zhang/rosprc_ws/install/turtlesim/share/turtlesim/msg/Color.msg
[31.644s] -- Up-to-date: /home/zhang/rosprc_ws/install/turtlesim/share/turtlesim/msg/Pose.msg
[31.644s] -- Up-to-date: /home/zhang/rosprc_ws/install/turtlesim/share/turtlesim/srv/Kill.srv
[31.644s] -- Up-to-date: /home/zhang/rosprc_ws/install/turtlesim/share/turtlesim/srv/SetPen.srv
[31.644s] -- Up-to-date: /home/zhang/rosprc_ws/install/turtlesim/share/turtlesim/srv/Spawn.srv
[31.645s] -- Up-to-date: /home/zhang/rosprc_ws/install/turtlesim/share/turtlesim/srv/TeleportAbsolute.srv
[31.645s] -- Up-to-date: /home/zhang/rosprc_ws/install/turtlesim/share/turtlesim/srv/TeleportRelative.srv
[31.645s] -- Installing: /home/zhang/rosprc_ws/install/turtlesim/lib/turtlesim/turtlesim_node
[31.686s] -- Set non-toolchain portion of runtime path of "/home/zhang/rosprc_ws/install/turtlesim/lib/turtlesim/turtlesim_node" to ""
[31.691s] -- Up-to-date: /home/zhang/rosprc_ws/install/turtlesim/lib/turtlesim/turtle_teleop_key
[31.697s] -- Up-to-date: /home/zhang/rosprc_ws/install/turtlesim/lib/turtlesim/draw_square
[31.701s] -- Up-to-date: /home/zhang/rosprc_ws/install/turtlesim/lib/turtlesim/mimic
[31.701s] -- Up-to-date: /home/zhang/rosprc_ws/install/turtlesim/share/turtlesim/images
[31.702s] -- Up-to-date: /home/zhang/rosprc_ws/install/turtlesim/share/turtlesim/images/galactic.png
[31.703s] -- Up-to-date: /home/zhang/rosprc_ws/install/turtlesim/share/turtlesim/images/foxy.png
[31.703s] -- Up-to-date: /home/zhang/rosprc_ws/install/turtlesim/share/turtlesim/images/jazzy.png
[31.703s] -- Up-to-date: /home/zhang/rosprc_ws/install/turtlesim/share/turtlesim/images/dashing.png
[31.704s] -- Up-to-date: /home/zhang/rosprc_ws/install/turtlesim/share/turtlesim/images/crystal.png
[31.704s] -- Up-to-date: /home/zhang/rosprc_ws/install/turtlesim/share/turtlesim/images/eloquent.png
[31.704s] -- Up-to-date: /home/zhang/rosprc_ws/install/turtlesim/share/turtlesim/images/iron.png
[31.704s] -- Up-to-date: /home/zhang/rosprc_ws/install/turtlesim/share/turtlesim/images/ardent.png
[31.704s] -- Up-to-date: /home/zhang/rosprc_ws/install/turtlesim/share/turtlesim/images/rolling.png
[31.705s] -- Up-to-date: /home/zhang/rosprc_ws/install/turtlesim/share/turtlesim/images/bouncy.png
[31.705s] -- Up-to-date: /home/zhang/rosprc_ws/install/turtlesim/share/turtlesim/images/humble.png
[31.706s] -- Up-to-date: /home/zhang/rosprc_ws/install/turtlesim/share/turtlesim/launch
[31.706s] -- Up-to-date: /home/zhang/rosprc_ws/install/turtlesim/share/turtlesim/launch/multisim.launch.py
[31.707s] -- Up-to-date: /home/zhang/rosprc_ws/install/turtlesim/share/ament_index/resource_index/package_run_dependencies/turtlesim
[31.708s] -- Up-to-date: /home/zhang/rosprc_ws/install/turtlesim/share/ament_index/resource_index/parent_prefix_path/turtlesim
[31.709s] -- Up-to-date: /home/zhang/rosprc_ws/install/turtlesim/share/turtlesim/environment/ament_prefix_path.sh
[31.709s] -- Up-to-date: /home/zhang/rosprc_ws/install/turtlesim/share/turtlesim/environment/ament_prefix_path.dsv
[31.709s] -- Up-to-date: /home/zhang/rosprc_ws/install/turtlesim/share/turtlesim/environment/path.sh
[31.710s] -- Up-to-date: /home/zhang/rosprc_ws/install/turtlesim/share/turtlesim/environment/path.dsv
[31.710s] -- Up-to-date: /home/zhang/rosprc_ws/install/turtlesim/share/turtlesim/local_setup.bash
[31.710s] -- Up-to-date: /home/zhang/rosprc_ws/install/turtlesim/share/turtlesim/local_setup.sh
[31.710s] -- Up-to-date: /home/zhang/rosprc_ws/install/turtlesim/share/turtlesim/local_setup.zsh
[31.711s] -- Up-to-date: /home/zhang/rosprc_ws/install/turtlesim/share/turtlesim/local_setup.dsv
[31.711s] -- Installing: /home/zhang/rosprc_ws/install/turtlesim/share/turtlesim/package.dsv
[31.712s] -- Up-to-date: /home/zhang/rosprc_ws/install/turtlesim/share/ament_index/resource_index/packages/turtlesim
[31.712s] -- Up-to-date: /home/zhang/rosprc_ws/install/turtlesim/share/turtlesim/cmake/export_turtlesim__rosidl_generator_cExport.cmake
[31.712s] -- Up-to-date: /home/zhang/rosprc_ws/install/turtlesim/share/turtlesim/cmake/export_turtlesim__rosidl_generator_cExport-noconfig.cmake
[31.714s] -- Up-to-date: /home/zhang/rosprc_ws/install/turtlesim/share/turtlesim/cmake/export_turtlesim__rosidl_typesupport_fastrtps_cExport.cmake
[31.714s] -- Up-to-date: /home/zhang/rosprc_ws/install/turtlesim/share/turtlesim/cmake/export_turtlesim__rosidl_typesupport_fastrtps_cExport-noconfig.cmake
[31.716s] -- Up-to-date: /home/zhang/rosprc_ws/install/turtlesim/share/turtlesim/cmake/export_turtlesim__rosidl_generator_cppExport.cmake
[31.719s] -- Up-to-date: /home/zhang/rosprc_ws/install/turtlesim/share/turtlesim/cmake/export_turtlesim__rosidl_typesupport_fastrtps_cppExport.cmake
[31.719s] -- Up-to-date: /home/zhang/rosprc_ws/install/turtlesim/share/turtlesim/cmake/export_turtlesim__rosidl_typesupport_fastrtps_cppExport-noconfig.cmake
[31.721s] -- Up-to-date: /home/zhang/rosprc_ws/install/turtlesim/share/turtlesim/cmake/turtlesim__rosidl_typesupport_introspection_cExport.cmake
[31.721s] -- Up-to-date: /home/zhang/rosprc_ws/install/turtlesim/share/turtlesim/cmake/turtlesim__rosidl_typesupport_introspection_cExport-noconfig.cmake
[31.724s] -- Up-to-date: /home/zhang/rosprc_ws/install/turtlesim/share/turtlesim/cmake/turtlesim__rosidl_typesupport_cExport.cmake
[31.725s] -- Up-to-date: /home/zhang/rosprc_ws/install/turtlesim/share/turtlesim/cmake/turtlesim__rosidl_typesupport_cExport-noconfig.cmake
[31.727s] -- Up-to-date: /home/zhang/rosprc_ws/install/turtlesim/share/turtlesim/cmake/turtlesim__rosidl_typesupport_introspection_cppExport.cmake
[31.727s] -- Up-to-date: /home/zhang/rosprc_ws/install/turtlesim/share/turtlesim/cmake/turtlesim__rosidl_typesupport_introspection_cppExport-noconfig.cmake
[31.730s] -- Up-to-date: /home/zhang/rosprc_ws/install/turtlesim/share/turtlesim/cmake/turtlesim__rosidl_typesupport_cppExport.cmake
[31.730s] -- Up-to-date: /home/zhang/rosprc_ws/install/turtlesim/share/turtlesim/cmake/turtlesim__rosidl_typesupport_cppExport-noconfig.cmake
[31.731s] -- Up-to-date: /home/zhang/rosprc_ws/install/turtlesim/share/turtlesim/cmake/export_turtlesim__rosidl_generator_pyExport.cmake
[31.732s] -- Up-to-date: /home/zhang/rosprc_ws/install/turtlesim/share/turtlesim/cmake/export_turtlesim__rosidl_generator_pyExport-noconfig.cmake
[31.733s] -- Up-to-date: /home/zhang/rosprc_ws/install/turtlesim/share/turtlesim/cmake/rosidl_cmake-extras.cmake
[31.734s] -- Up-to-date: /home/zhang/rosprc_ws/install/turtlesim/share/turtlesim/cmake/ament_cmake_export_dependencies-extras.cmake
[31.735s] -- Up-to-date: /home/zhang/rosprc_ws/install/turtlesim/share/turtlesim/cmake/ament_cmake_export_include_directories-extras.cmake
[31.735s] -- Up-to-date: /home/zhang/rosprc_ws/install/turtlesim/share/turtlesim/cmake/ament_cmake_export_libraries-extras.cmake
[31.735s] -- Up-to-date: /home/zhang/rosprc_ws/install/turtlesim/share/turtlesim/cmake/ament_cmake_export_targets-extras.cmake
[31.736s] -- Up-to-date: /home/zhang/rosprc_ws/install/turtlesim/share/turtlesim/cmake/rosidl_cmake_export_typesupport_targets-extras.cmake
[31.736s] -- Up-to-date: /home/zhang/rosprc_ws/install/turtlesim/share/turtlesim/cmake/rosidl_cmake_export_typesupport_libraries-extras.cmake
[31.736s] -- Up-to-date: /home/zhang/rosprc_ws/install/turtlesim/share/turtlesim/cmake/rosidl_cmake_aggregate_target-extras.cmake
[31.736s] -- Up-to-date: /home/zhang/rosprc_ws/install/turtlesim/share/turtlesim/cmake/turtlesimConfig.cmake
[31.736s] -- Up-to-date: /home/zhang/rosprc_ws/install/turtlesim/share/turtlesim/cmake/turtlesimConfig-version.cmake
[31.736s] -- Up-to-date: /home/zhang/rosprc_ws/install/turtlesim/share/turtlesim/package.xml
[31.745s] Invoked command in '/home/zhang/rosprc_ws/build/turtlesim' returned '0': CMAKE_PREFIX_PATH=${CMAKE_PREFIX_PATH}:/opt/ros/jazzy /usr/bin/cmake --install /home/zhang/rosprc_ws/build/turtlesim
