[0.222s] Invoking command in '/home/zhang/rosprc_ws/build/examples_rclcpp_minimal_subscriber': CMAKE_PREFIX_PATH=${CMAKE_PREFIX_PATH}:/opt/ros/jazzy /usr/bin/cmake --build /home/zhang/rosprc_ws/build/examples_rclcpp_minimal_subscriber -- -j20 -l20
[3.239s] [  8%] Built target subscriber_member_function
[3.239s] [ 16%] Built target subscriber_member_function_with_type_adapter
[3.240s] [ 33%] Built target wait_set_subscriber_library
[3.240s] [ 41%] Built target subscriber_lambda
[3.240s] [ 50%] Built target subscriber_member_function_with_topic_statistics
[3.240s] [ 58%] Built target wait_set_subscriber
[3.241s] [ 66%] Built target time_triggered_wait_set_subscriber
[3.241s] [ 75%] Built target subscriber_not_composable
[3.241s] [ 83%] Built target subscriber_member_function_with_unique_network_flow_endpoints
[3.241s] [ 91%] Built target static_wait_set_subscriber
[3.241s] [100%] Built target subscriber_content_filtering
[3.303s] Invoked command in '/home/zhang/rosprc_ws/build/examples_rclcpp_minimal_subscriber' returned '0': CMAKE_PREFIX_PATH=${CMAKE_PREFIX_PATH}:/opt/ros/jazzy /usr/bin/cmake --build /home/zhang/rosprc_ws/build/examples_rclcpp_minimal_subscriber -- -j20 -l20
[3.306s] Invoking command in '/home/zhang/rosprc_ws/build/examples_rclcpp_minimal_subscriber': CMAKE_PREFIX_PATH=${CMAKE_PREFIX_PATH}:/opt/ros/jazzy /usr/bin/cmake --install /home/zhang/rosprc_ws/build/examples_rclcpp_minimal_subscriber
[3.568s] -- Install configuration: ""
[3.569s] -- Execute custom install script
[3.571s] -- Up-to-date symlink: /home/zhang/rosprc_ws/install/examples_rclcpp_minimal_subscriber/lib/examples_rclcpp_minimal_subscriber/wait_set_subscriber
[3.571s] -- Up-to-date symlink: /home/zhang/rosprc_ws/install/examples_rclcpp_minimal_subscriber/lib/examples_rclcpp_minimal_subscriber/static_wait_set_subscriber
[3.572s] -- Up-to-date symlink: /home/zhang/rosprc_ws/install/examples_rclcpp_minimal_subscriber/lib/examples_rclcpp_minimal_subscriber/time_triggered_wait_set_subscriber
[3.572s] -- Up-to-date symlink: /home/zhang/rosprc_ws/install/examples_rclcpp_minimal_subscriber/lib/libwait_set_subscriber_library.so
[3.572s] -- Up-to-date symlink: /home/zhang/rosprc_ws/install/examples_rclcpp_minimal_subscriber/lib/examples_rclcpp_minimal_subscriber/subscriber_lambda
[3.572s] -- Up-to-date symlink: /home/zhang/rosprc_ws/install/examples_rclcpp_minimal_subscriber/lib/examples_rclcpp_minimal_subscriber/subscriber_member_function
[3.572s] -- Up-to-date symlink: /home/zhang/rosprc_ws/install/examples_rclcpp_minimal_subscriber/lib/examples_rclcpp_minimal_subscriber/subscriber_member_function_with_topic_statistics
[3.572s] -- Up-to-date symlink: /home/zhang/rosprc_ws/install/examples_rclcpp_minimal_subscriber/lib/examples_rclcpp_minimal_subscriber/subscriber_member_function_with_type_adapter
[3.573s] -- Up-to-date symlink: /home/zhang/rosprc_ws/install/examples_rclcpp_minimal_subscriber/lib/examples_rclcpp_minimal_subscriber/subscriber_member_function_with_unique_network_flow_endpoints
[3.573s] -- Up-to-date symlink: /home/zhang/rosprc_ws/install/examples_rclcpp_minimal_subscriber/lib/examples_rclcpp_minimal_subscriber/subscriber_not_composable
[3.573s] -- Up-to-date symlink: /home/zhang/rosprc_ws/install/examples_rclcpp_minimal_subscriber/lib/examples_rclcpp_minimal_subscriber/subscriber_content_filtering
[3.574s] -- Up-to-date symlink: /home/zhang/rosprc_ws/install/examples_rclcpp_minimal_subscriber/share/ament_index/resource_index/package_run_dependencies/examples_rclcpp_minimal_subscriber
[3.576s] -- Up-to-date symlink: /home/zhang/rosprc_ws/install/examples_rclcpp_minimal_subscriber/share/ament_index/resource_index/parent_prefix_path/examples_rclcpp_minimal_subscriber
[3.577s] -- Up-to-date symlink: /home/zhang/rosprc_ws/install/examples_rclcpp_minimal_subscriber/share/examples_rclcpp_minimal_subscriber/environment/ament_prefix_path.sh
[3.578s] -- Up-to-date symlink: /home/zhang/rosprc_ws/install/examples_rclcpp_minimal_subscriber/share/examples_rclcpp_minimal_subscriber/environment/ament_prefix_path.dsv
[3.579s] -- Up-to-date symlink: /home/zhang/rosprc_ws/install/examples_rclcpp_minimal_subscriber/share/examples_rclcpp_minimal_subscriber/environment/path.sh
[3.579s] -- Up-to-date symlink: /home/zhang/rosprc_ws/install/examples_rclcpp_minimal_subscriber/share/examples_rclcpp_minimal_subscriber/environment/path.dsv
[3.579s] -- Up-to-date symlink: /home/zhang/rosprc_ws/install/examples_rclcpp_minimal_subscriber/share/examples_rclcpp_minimal_subscriber/local_setup.bash
[3.579s] -- Up-to-date symlink: /home/zhang/rosprc_ws/install/examples_rclcpp_minimal_subscriber/share/examples_rclcpp_minimal_subscriber/local_setup.sh
[3.579s] -- Up-to-date symlink: /home/zhang/rosprc_ws/install/examples_rclcpp_minimal_subscriber/share/examples_rclcpp_minimal_subscriber/local_setup.zsh
[3.580s] -- Up-to-date symlink: /home/zhang/rosprc_ws/install/examples_rclcpp_minimal_subscriber/share/examples_rclcpp_minimal_subscriber/local_setup.dsv
[3.581s] -- Symlinking: /home/zhang/rosprc_ws/install/examples_rclcpp_minimal_subscriber/share/examples_rclcpp_minimal_subscriber/package.dsv
[3.583s] -- Up-to-date symlink: /home/zhang/rosprc_ws/install/examples_rclcpp_minimal_subscriber/share/ament_index/resource_index/packages/examples_rclcpp_minimal_subscriber
[3.584s] -- Up-to-date symlink: /home/zhang/rosprc_ws/install/examples_rclcpp_minimal_subscriber/share/ament_index/resource_index/rclcpp_components/examples_rclcpp_minimal_subscriber
[3.623s] -- Up-to-date symlink: /home/zhang/rosprc_ws/install/examples_rclcpp_minimal_subscriber/share/examples_rclcpp_minimal_subscriber/cmake/examples_rclcpp_minimal_subscriberConfig.cmake
[3.624s] -- Up-to-date symlink: /home/zhang/rosprc_ws/install/examples_rclcpp_minimal_subscriber/share/examples_rclcpp_minimal_subscriber/cmake/examples_rclcpp_minimal_subscriberConfig-version.cmake
[3.624s] -- Up-to-date symlink: /home/zhang/rosprc_ws/install/examples_rclcpp_minimal_subscriber/share/examples_rclcpp_minimal_subscriber/package.xml
[3.928s] Invoked command in '/home/zhang/rosprc_ws/build/examples_rclcpp_minimal_subscriber' returned '0': CMAKE_PREFIX_PATH=${CMAKE_PREFIX_PATH}:/opt/ros/jazzy /usr/bin/cmake --install /home/zhang/rosprc_ws/build/examples_rclcpp_minimal_subscriber
