[0.123s] Invoking command in '/home/zhang/rosprc_ws/build/examples_rclcpp_minimal_service': CMAKE_PREFIX_PATH=${CMAKE_PREFIX_PATH}:/opt/ros/jazzy /usr/bin/cmake --build /home/zhang/rosprc_ws/build/examples_rclcpp_minimal_service -- -j20 -l20
[1.673s] [100%] Built target service_main
[1.735s] Invoked command in '/home/zhang/rosprc_ws/build/examples_rclcpp_minimal_service' returned '0': CMAKE_PREFIX_PATH=${CMAKE_PREFIX_PATH}:/opt/ros/jazzy /usr/bin/cmake --build /home/zhang/rosprc_ws/build/examples_rclcpp_minimal_service -- -j20 -l20
[1.740s] Invoking command in '/home/zhang/rosprc_ws/build/examples_rclcpp_minimal_service': CMAKE_PREFIX_PATH=${CMAKE_PREFIX_PATH}:/opt/ros/jazzy /usr/bin/cmake --install /home/zhang/rosprc_ws/build/examples_rclcpp_minimal_service
[1.952s] -- Install configuration: ""
[1.953s] -- Execute custom install script
[1.953s] -- Up-to-date symlink: /home/zhang/rosprc_ws/install/examples_rclcpp_minimal_service/lib/examples_rclcpp_minimal_service/service_main
[1.953s] -- Up-to-date symlink: /home/zhang/rosprc_ws/install/examples_rclcpp_minimal_service/share/ament_index/resource_index/package_run_dependencies/examples_rclcpp_minimal_service
[1.954s] -- Up-to-date symlink: /home/zhang/rosprc_ws/install/examples_rclcpp_minimal_service/share/ament_index/resource_index/parent_prefix_path/examples_rclcpp_minimal_service
[1.954s] -- Up-to-date symlink: /home/zhang/rosprc_ws/install/examples_rclcpp_minimal_service/share/examples_rclcpp_minimal_service/environment/ament_prefix_path.sh
[1.955s] -- Up-to-date symlink: /home/zhang/rosprc_ws/install/examples_rclcpp_minimal_service/share/examples_rclcpp_minimal_service/environment/ament_prefix_path.dsv
[1.955s] -- Up-to-date symlink: /home/zhang/rosprc_ws/install/examples_rclcpp_minimal_service/share/examples_rclcpp_minimal_service/environment/path.sh
[1.955s] -- Up-to-date symlink: /home/zhang/rosprc_ws/install/examples_rclcpp_minimal_service/share/examples_rclcpp_minimal_service/environment/path.dsv
[1.955s] -- Up-to-date symlink: /home/zhang/rosprc_ws/install/examples_rclcpp_minimal_service/share/examples_rclcpp_minimal_service/local_setup.bash
[1.955s] -- Up-to-date symlink: /home/zhang/rosprc_ws/install/examples_rclcpp_minimal_service/share/examples_rclcpp_minimal_service/local_setup.sh
[1.955s] -- Up-to-date symlink: /home/zhang/rosprc_ws/install/examples_rclcpp_minimal_service/share/examples_rclcpp_minimal_service/local_setup.zsh
[1.955s] -- Up-to-date symlink: /home/zhang/rosprc_ws/install/examples_rclcpp_minimal_service/share/examples_rclcpp_minimal_service/local_setup.dsv
[1.956s] -- Symlinking: /home/zhang/rosprc_ws/install/examples_rclcpp_minimal_service/share/examples_rclcpp_minimal_service/package.dsv
[1.959s] -- Up-to-date symlink: /home/zhang/rosprc_ws/install/examples_rclcpp_minimal_service/share/ament_index/resource_index/packages/examples_rclcpp_minimal_service
[1.959s] -- Up-to-date symlink: /home/zhang/rosprc_ws/install/examples_rclcpp_minimal_service/share/examples_rclcpp_minimal_service/cmake/examples_rclcpp_minimal_serviceConfig.cmake
[1.960s] -- Up-to-date symlink: /home/zhang/rosprc_ws/install/examples_rclcpp_minimal_service/share/examples_rclcpp_minimal_service/cmake/examples_rclcpp_minimal_serviceConfig-version.cmake
[1.961s] -- Up-to-date symlink: /home/zhang/rosprc_ws/install/examples_rclcpp_minimal_service/share/examples_rclcpp_minimal_service/package.xml
[2.202s] Invoked command in '/home/zhang/rosprc_ws/build/examples_rclcpp_minimal_service' returned '0': CMAKE_PREFIX_PATH=${CMAKE_PREFIX_PATH}:/opt/ros/jazzy /usr/bin/cmake --install /home/zhang/rosprc_ws/build/examples_rclcpp_minimal_service
