[7.929s] Invoking command in '/home/zhang/rosprc_ws/build/examples_rclpy_executors': PYTHONPATH=/home/zhang/rosprc_ws/build/examples_rclpy_executors/prefix_override:/usr/lib/python3/dist-packages/colcon_core/task/python/colcon_distutils_commands:/home/zhang/rosprc_ws/install/examples_rclpy_executors/lib/python3.12/site-packages:${PYTHONPATH} /usr/bin/python3 -W ignore:setup.py install is deprecated -W ignore:easy_install command is deprecated setup.py develop --editable --build-directory /home/zhang/rosprc_ws/build/examples_rclpy_executors/build --no-deps symlink_data
[13.963s] running develop
[13.964s] running egg_info
[13.964s] creating examples_rclpy_executors.egg-info
[13.964s] writing examples_rclpy_executors.egg-info/PKG-INFO
[13.965s] writing dependency_links to examples_rclpy_executors.egg-info/dependency_links.txt
[13.965s] writing entry points to examples_rclpy_executors.egg-info/entry_points.txt
[13.965s] writing requirements to examples_rclpy_executors.egg-info/requires.txt
[13.965s] writing top-level names to examples_rclpy_executors.egg-info/top_level.txt
[13.966s] writing manifest file 'examples_rclpy_executors.egg-info/SOURCES.txt'
[13.969s] reading manifest file 'examples_rclpy_executors.egg-info/SOURCES.txt'
[13.972s] writing manifest file 'examples_rclpy_executors.egg-info/SOURCES.txt'
[13.976s] running build_ext
[13.976s] Creating /home/zhang/rosprc_ws/install/examples_rclpy_executors/lib/python3.12/site-packages/examples-rclpy-executors.egg-link (link to .)
[13.977s] Installing callback_group script to /home/zhang/rosprc_ws/install/examples_rclpy_executors/lib/examples_rclpy_executors
[13.977s] Installing composed script to /home/zhang/rosprc_ws/install/examples_rclpy_executors/lib/examples_rclpy_executors
[13.978s] Installing custom_callback_group script to /home/zhang/rosprc_ws/install/examples_rclpy_executors/lib/examples_rclpy_executors
[13.978s] Installing custom_executor script to /home/zhang/rosprc_ws/install/examples_rclpy_executors/lib/examples_rclpy_executors
[13.979s] Installing listener script to /home/zhang/rosprc_ws/install/examples_rclpy_executors/lib/examples_rclpy_executors
[13.979s] Installing talker script to /home/zhang/rosprc_ws/install/examples_rclpy_executors/lib/examples_rclpy_executors
[13.980s] 
[13.980s] Installed /home/zhang/rosprc_ws/build/examples_rclpy_executors
[13.981s] running symlink_data
[13.981s] creating /home/zhang/rosprc_ws/install/examples_rclpy_executors/share/ament_index
[13.981s] creating /home/zhang/rosprc_ws/install/examples_rclpy_executors/share/ament_index/resource_index
[13.981s] creating /home/zhang/rosprc_ws/install/examples_rclpy_executors/share/ament_index/resource_index/packages
[13.982s] symbolically linking /home/zhang/rosprc_ws/build/examples_rclpy_executors/resource/examples_rclpy_executors -> /home/zhang/rosprc_ws/install/examples_rclpy_executors/share/ament_index/resource_index/packages
[13.983s] symbolically linking /home/zhang/rosprc_ws/build/examples_rclpy_executors/package.xml -> /home/zhang/rosprc_ws/install/examples_rclpy_executors/share/examples_rclpy_executors
[14.175s] Invoked command in '/home/zhang/rosprc_ws/build/examples_rclpy_executors' returned '0': PYTHONPATH=/home/zhang/rosprc_ws/build/examples_rclpy_executors/prefix_override:/usr/lib/python3/dist-packages/colcon_core/task/python/colcon_distutils_commands:/home/zhang/rosprc_ws/install/examples_rclpy_executors/lib/python3.12/site-packages:${PYTHONPATH} /usr/bin/python3 -W ignore:setup.py install is deprecated -W ignore:easy_install command is deprecated setup.py develop --editable --build-directory /home/zhang/rosprc_ws/build/examples_rclpy_executors/build --no-deps symlink_data
