[0.014s] Invoking command in '/home/zhang/rosprc_ws/build/cpp_srvcli': CMAKE_PREFIX_PATH=${CMAKE_PREFIX_PATH}:/opt/ros/jazzy /usr/bin/cmake /home/zhang/rosprc_ws/src/cpp_srvcli -DCMAKE_INSTALL_PREFIX=/home/zhang/rosprc_ws/install/cpp_srvcli
[0.325s] -- The C compiler identification is GNU 13.3.0
[1.257s] -- The CXX compiler identification is GNU 13.3.0
[2.291s] -- Detecting C compiler ABI info
[2.684s] -- Detecting C compiler ABI info - done
[2.695s] -- Check for working C compiler: /usr/bin/cc - skipped
[2.696s] -- Detecting C compile features
[2.697s] -- Detecting C compile features - done
[2.812s] -- Detecting CXX compiler ABI info
[3.214s] -- Detecting CXX compiler ABI info - done
[3.223s] -- Check for working CXX compiler: /usr/bin/c++ - skipped
[3.223s] -- Detecting CXX compile features
[3.223s] -- Detecting CXX compile features - done
[3.256s] -- Found ament_cmake: 2.5.6 (/opt/ros/jazzy/share/ament_cmake/cmake)
[3.417s] -- Found Python3: /usr/bin/python3 (found version "3.12.3") found components: Interpreter 
[3.570s] -- Found rclcpp: 28.1.21 (/opt/ros/jazzy/share/rclcpp/cmake)
[4.139s] -- Found rosidl_generator_c: 4.6.9 (/opt/ros/jazzy/share/rosidl_generator_c/cmake)
[4.166s] -- Found rosidl_generator_cpp: 4.6.9 (/opt/ros/jazzy/share/rosidl_generator_cpp/cmake)
[4.197s] -- Using all available rosidl_typesupport_c: rosidl_typesupport_fastrtps_c;rosidl_typesupport_introspection_c
[4.229s] -- Using all available rosidl_typesupport_cpp: rosidl_typesupport_fastrtps_cpp;rosidl_typesupport_introspection_cpp
[4.350s] -- Found rmw_implementation_cmake: 7.3.3 (/opt/ros/jazzy/share/rmw_implementation_cmake/cmake)
[4.356s] -- Found rmw_fastrtps_cpp: 8.4.4 (/opt/ros/jazzy/share/rmw_fastrtps_cpp/cmake)
[4.476s] -- Found OpenSSL: /usr/lib/x86_64-linux-gnu/libcrypto.so (found version "3.0.13")  
[4.686s] -- Found FastRTPS: /opt/ros/jazzy/include (Required is at least version "2.13") 
[4.827s] -- Using RMW implementation 'rmw_fastrtps_cpp' as default
[5.074s] -- Found example_interfaces: 0.12.1 (/opt/ros/jazzy/share/example_interfaces/cmake)
[5.172s] -- Found ament_lint_auto: 0.17.5 (/opt/ros/jazzy/share/ament_lint_auto/cmake)
[5.302s] -- Added test 'cppcheck' to perform static code analysis on C / C++ code
[5.302s] -- Configured cppcheck include dirs: 
[5.303s] -- Configured cppcheck exclude dirs and/or files: 
[5.304s] -- Added test 'lint_cmake' to check CMake code style
[5.306s] -- Added test 'uncrustify' to check C / C++ code style
[5.306s] -- Configured uncrustify additional arguments: 
[5.308s] -- Added test 'xmllint' to check XML markup files
[5.310s] -- Configuring done (5.2s)
[5.325s] -- Generating done (0.0s)
[5.330s] -- Build files have been written to: /home/zhang/rosprc_ws/build/cpp_srvcli
[5.339s] Invoked command in '/home/zhang/rosprc_ws/build/cpp_srvcli' returned '0': CMAKE_PREFIX_PATH=${CMAKE_PREFIX_PATH}:/opt/ros/jazzy /usr/bin/cmake /home/zhang/rosprc_ws/src/cpp_srvcli -DCMAKE_INSTALL_PREFIX=/home/zhang/rosprc_ws/install/cpp_srvcli
[5.340s] Invoking command in '/home/zhang/rosprc_ws/build/cpp_srvcli': CMAKE_PREFIX_PATH=${CMAKE_PREFIX_PATH}:/opt/ros/jazzy /usr/bin/cmake --build /home/zhang/rosprc_ws/build/cpp_srvcli -- -j20 -l20
[5.388s] [ 50%] Building CXX object CMakeFiles/server.dir/src/add_two_ints_server.cpp.o
[9.102s] [100%] Linking CXX executable server
[9.367s] [100%] Built target server
[9.377s] Invoked command in '/home/zhang/rosprc_ws/build/cpp_srvcli' returned '0': CMAKE_PREFIX_PATH=${CMAKE_PREFIX_PATH}:/opt/ros/jazzy /usr/bin/cmake --build /home/zhang/rosprc_ws/build/cpp_srvcli -- -j20 -l20
[9.387s] Invoking command in '/home/zhang/rosprc_ws/build/cpp_srvcli': CMAKE_PREFIX_PATH=${CMAKE_PREFIX_PATH}:/opt/ros/jazzy /usr/bin/cmake --install /home/zhang/rosprc_ws/build/cpp_srvcli
[9.394s] -- Install configuration: ""
[9.394s] -- Installing: /home/zhang/rosprc_ws/install/cpp_srvcli/lib/cpp_srvcli/server
[9.395s] -- Set non-toolchain portion of runtime path of "/home/zhang/rosprc_ws/install/cpp_srvcli/lib/cpp_srvcli/server" to ""
[9.396s] -- Installing: /home/zhang/rosprc_ws/install/cpp_srvcli/share/ament_index/resource_index/package_run_dependencies/cpp_srvcli
[9.396s] -- Installing: /home/zhang/rosprc_ws/install/cpp_srvcli/share/ament_index/resource_index/parent_prefix_path/cpp_srvcli
[9.397s] -- Installing: /home/zhang/rosprc_ws/install/cpp_srvcli/share/cpp_srvcli/environment/ament_prefix_path.sh
[9.397s] -- Installing: /home/zhang/rosprc_ws/install/cpp_srvcli/share/cpp_srvcli/environment/ament_prefix_path.dsv
[9.398s] -- Installing: /home/zhang/rosprc_ws/install/cpp_srvcli/share/cpp_srvcli/environment/path.sh
[9.398s] -- Installing: /home/zhang/rosprc_ws/install/cpp_srvcli/share/cpp_srvcli/environment/path.dsv
[9.398s] -- Installing: /home/zhang/rosprc_ws/install/cpp_srvcli/share/cpp_srvcli/local_setup.bash
[9.399s] -- Installing: /home/zhang/rosprc_ws/install/cpp_srvcli/share/cpp_srvcli/local_setup.sh
[9.399s] -- Installing: /home/zhang/rosprc_ws/install/cpp_srvcli/share/cpp_srvcli/local_setup.zsh
[9.399s] -- Installing: /home/zhang/rosprc_ws/install/cpp_srvcli/share/cpp_srvcli/local_setup.dsv
[9.399s] -- Installing: /home/zhang/rosprc_ws/install/cpp_srvcli/share/cpp_srvcli/package.dsv
[9.399s] -- Installing: /home/zhang/rosprc_ws/install/cpp_srvcli/share/ament_index/resource_index/packages/cpp_srvcli
[9.399s] -- Installing: /home/zhang/rosprc_ws/install/cpp_srvcli/share/cpp_srvcli/cmake/cpp_srvcliConfig.cmake
[9.399s] -- Installing: /home/zhang/rosprc_ws/install/cpp_srvcli/share/cpp_srvcli/cmake/cpp_srvcliConfig-version.cmake
[9.399s] -- Installing: /home/zhang/rosprc_ws/install/cpp_srvcli/share/cpp_srvcli/package.xml
[9.400s] Invoked command in '/home/zhang/rosprc_ws/build/cpp_srvcli' returned '0': CMAKE_PREFIX_PATH=${CMAKE_PREFIX_PATH}:/opt/ros/jazzy /usr/bin/cmake --install /home/zhang/rosprc_ws/build/cpp_srvcli
