[0.033s] Invoking command in '/home/zhang/rosprc_ws/build/tutorial_interfaces': CMAKE_PREFIX_PATH=${CMAKE_PREFIX_PATH}:/home/zhang/rosprc_ws/install/py_srvcli:/home/zhang/rosprc_ws/install/py_pubsub:/home/zhang/rosprc_ws/install/launch_testing_examples:/home/zhang/rosprc_ws/install/examples_rclpy_pointcloud_publisher:/home/zhang/rosprc_ws/install/examples_rclpy_minimal_subscriber:/home/zhang/rosprc_ws/install/examples_rclpy_minimal_service:/home/zhang/rosprc_ws/install/examples_rclpy_minimal_publisher:/home/zhang/rosprc_ws/install/examples_rclpy_minimal_client:/home/zhang/rosprc_ws/install/examples_rclpy_minimal_action_server:/home/zhang/rosprc_ws/install/examples_rclpy_minimal_action_client:/home/zhang/rosprc_ws/install/examples_rclpy_guard_conditions:/home/zhang/rosprc_ws/install/examples_rclpy_executors:/opt/ros/jazzy /usr/bin/cmake /home/zhang/rosprc_ws/src/tutorial_interfaces -DCMAKE_INSTALL_PREFIX=/home/zhang/rosprc_ws/install/tutorial_interfaces
[0.508s] -- The C compiler identification is GNU 13.3.0
[1.778s] -- The CXX compiler identification is GNU 13.3.0
[3.229s] -- Detecting C compiler ABI info
[3.773s] -- Detecting C compiler ABI info - done
[3.786s] -- Check for working C compiler: /usr/bin/cc - skipped
[3.787s] -- Detecting C compile features
[3.788s] -- Detecting C compile features - done
[4.018s] -- Detecting CXX compiler ABI info
[4.587s] -- Detecting CXX compiler ABI info - done
[4.600s] -- Check for working CXX compiler: /usr/bin/c++ - skipped
[4.600s] -- Detecting CXX compile features
[4.601s] -- Detecting CXX compile features - done
[4.698s] -- Found ament_cmake: 2.5.6 (/opt/ros/jazzy/share/ament_cmake/cmake)
[4.946s] -- Found Python3: /usr/bin/python3 (found version "3.12.3") found components: Interpreter 
[5.194s] -- Found geometry_msgs: 5.3.8 (/opt/ros/jazzy/share/geometry_msgs/cmake)
[5.892s] -- Found rosidl_generator_c: 4.6.9 (/opt/ros/jazzy/share/rosidl_generator_c/cmake)
[5.955s] -- Found rosidl_generator_cpp: 4.6.9 (/opt/ros/jazzy/share/rosidl_generator_cpp/cmake)
[6.027s] -- Using all available rosidl_typesupport_c: rosidl_typesupport_fastrtps_c;rosidl_typesupport_introspection_c
[6.086s] -- Using all available rosidl_typesupport_cpp: rosidl_typesupport_fastrtps_cpp;rosidl_typesupport_introspection_cpp
[6.227s] -- Found rosidl_default_generators: 1.6.1 (/opt/ros/jazzy/share/rosidl_default_generators/cmake)
[6.314s] -- Found rosidl_adapter: 4.6.9 (/opt/ros/jazzy/share/rosidl_adapter/cmake)
[7.269s] -- Found ament_cmake_ros: 0.12.1 (/opt/ros/jazzy/share/ament_cmake_ros/cmake)
[8.454s] -- Using all available rosidl_typesupport_c: rosidl_typesupport_fastrtps_c;rosidl_typesupport_introspection_c
[8.895s] -- Using all available rosidl_typesupport_cpp: rosidl_typesupport_fastrtps_cpp;rosidl_typesupport_introspection_cpp
[8.904s] -- Found python_cmake_module: 0.11.1 (/opt/ros/jazzy/share/python_cmake_module/cmake)
[9.089s] -- Found PythonExtra: /usr/bin/python3  
[9.881s] -- Found Python3: /usr/bin/python3 (found version "3.12.3") found components: Interpreter Development NumPy Development.Module Development.Embed 
[10.040s] -- Found Python3: /usr/bin/python3 (found version "3.12.3") found components: Interpreter 
[10.048s] -- Found ament_lint_auto: 0.17.5 (/opt/ros/jazzy/share/ament_lint_auto/cmake)
[10.135s] -- Added test 'lint_cmake' to check CMake code style
[10.139s] -- Added test 'xmllint' to check XML markup files
[10.147s] -- Configuring done (10.0s)
[10.257s] -- Generating done (0.1s)
[10.284s] -- Build files have been written to: /home/zhang/rosprc_ws/build/tutorial_interfaces
[10.298s] Invoked command in '/home/zhang/rosprc_ws/build/tutorial_interfaces' returned '0': CMAKE_PREFIX_PATH=${CMAKE_PREFIX_PATH}:/home/zhang/rosprc_ws/install/py_srvcli:/home/zhang/rosprc_ws/install/py_pubsub:/home/zhang/rosprc_ws/install/launch_testing_examples:/home/zhang/rosprc_ws/install/examples_rclpy_pointcloud_publisher:/home/zhang/rosprc_ws/install/examples_rclpy_minimal_subscriber:/home/zhang/rosprc_ws/install/examples_rclpy_minimal_service:/home/zhang/rosprc_ws/install/examples_rclpy_minimal_publisher:/home/zhang/rosprc_ws/install/examples_rclpy_minimal_client:/home/zhang/rosprc_ws/install/examples_rclpy_minimal_action_server:/home/zhang/rosprc_ws/install/examples_rclpy_minimal_action_client:/home/zhang/rosprc_ws/install/examples_rclpy_guard_conditions:/home/zhang/rosprc_ws/install/examples_rclpy_executors:/opt/ros/jazzy /usr/bin/cmake /home/zhang/rosprc_ws/src/tutorial_interfaces -DCMAKE_INSTALL_PREFIX=/home/zhang/rosprc_ws/install/tutorial_interfaces
[10.299s] Invoking command in '/home/zhang/rosprc_ws/build/tutorial_interfaces': CMAKE_PREFIX_PATH=${CMAKE_PREFIX_PATH}:/home/zhang/rosprc_ws/install/py_srvcli:/home/zhang/rosprc_ws/install/py_pubsub:/home/zhang/rosprc_ws/install/launch_testing_examples:/home/zhang/rosprc_ws/install/examples_rclpy_pointcloud_publisher:/home/zhang/rosprc_ws/install/examples_rclpy_minimal_subscriber:/home/zhang/rosprc_ws/install/examples_rclpy_minimal_service:/home/zhang/rosprc_ws/install/examples_rclpy_minimal_publisher:/home/zhang/rosprc_ws/install/examples_rclpy_minimal_client:/home/zhang/rosprc_ws/install/examples_rclpy_minimal_action_server:/home/zhang/rosprc_ws/install/examples_rclpy_minimal_action_client:/home/zhang/rosprc_ws/install/examples_rclpy_guard_conditions:/home/zhang/rosprc_ws/install/examples_rclpy_executors:/opt/ros/jazzy /usr/bin/cmake --build /home/zhang/rosprc_ws/build/tutorial_interfaces -- -j20 -l20
[10.367s] [  1%] [34m[1mGenerating Rust code for ROS interfaces[0m
[10.368s] [  3%] [34m[1mGenerating type hashes for ROS interfaces[0m
[10.379s] [  3%] Built target ament_cmake_python_copy_tutorial_interfaces
[10.669s] [  3%] Built target tutorial_interfaces__rosidl_generator_type_description
[10.685s] [  5%] [34m[1mGenerating C code for ROS interfaces[0m
[10.697s] running egg_info
[10.699s] creating tutorial_interfaces.egg-info
[10.701s] [  7%] [34m[1mGenerating C++ code for ROS interfaces[0m
[10.701s] [  7%] Built target tutorial_interfaces__rs
[10.730s] writing tutorial_interfaces.egg-info/PKG-INFO
[10.731s] writing dependency_links to tutorial_interfaces.egg-info/dependency_links.txt
[10.731s] writing top-level names to tutorial_interfaces.egg-info/top_level.txt
[10.731s] writing manifest file 'tutorial_interfaces.egg-info/SOURCES.txt'
[10.798s] reading manifest file 'tutorial_interfaces.egg-info/SOURCES.txt'
[10.799s] writing manifest file 'tutorial_interfaces.egg-info/SOURCES.txt'
[10.835s] [  7%] Built target ament_cmake_python_build_tutorial_interfaces_egg
[11.128s] [  7%] Built target tutorial_interfaces__cpp
[11.190s] [ 12%] [32mBuilding C object CMakeFiles/tutorial_interfaces__rosidl_generator_c.dir/rosidl_generator_c/tutorial_interfaces/msg/detail/sphere__description.c.o[0m
[11.190s] [ 12%] [32mBuilding C object CMakeFiles/tutorial_interfaces__rosidl_generator_c.dir/rosidl_generator_c/tutorial_interfaces/msg/detail/num__functions.c.o[0m
[11.191s] [ 12%] [32mBuilding C object CMakeFiles/tutorial_interfaces__rosidl_generator_c.dir/rosidl_generator_c/tutorial_interfaces/msg/detail/num__type_support.c.o[0m
[11.191s] [ 14%] [32mBuilding C object CMakeFiles/tutorial_interfaces__rosidl_generator_c.dir/rosidl_generator_c/tutorial_interfaces/msg/detail/sphere__functions.c.o[0m
[11.191s] [ 16%] [32mBuilding C object CMakeFiles/tutorial_interfaces__rosidl_generator_c.dir/rosidl_generator_c/tutorial_interfaces/msg/detail/num__description.c.o[0m
[11.193s] [ 18%] [32mBuilding C object CMakeFiles/tutorial_interfaces__rosidl_generator_c.dir/rosidl_generator_c/tutorial_interfaces/srv/detail/add_three_ints__description.c.o[0m
[11.193s] [ 20%] [32mBuilding C object CMakeFiles/tutorial_interfaces__rosidl_generator_c.dir/rosidl_generator_c/tutorial_interfaces/msg/detail/sphere__type_support.c.o[0m
[11.196s] [ 21%] [32mBuilding C object CMakeFiles/tutorial_interfaces__rosidl_generator_c.dir/rosidl_generator_c/tutorial_interfaces/srv/detail/add_three_ints__functions.c.o[0m
[11.198s] [ 23%] [32mBuilding C object CMakeFiles/tutorial_interfaces__rosidl_generator_c.dir/rosidl_generator_c/tutorial_interfaces/srv/detail/add_three_ints__type_support.c.o[0m
[11.303s] [ 25%] [32m[1mLinking C shared library libtutorial_interfaces__rosidl_generator_c.so[0m
[11.548s] [ 25%] Built target tutorial_interfaces__rosidl_generator_c
[11.565s] [ 27%] [34m[1mGenerating C type support for eProsima Fast-RTPS[0m
[11.566s] [ 29%] [34m[1mGenerating C type support dispatch for ROS interfaces[0m
[11.566s] [ 30%] [34m[1mGenerating C++ type support for eProsima Fast-RTPS[0m
[11.568s] [ 34%] [34m[1mGenerating C introspection for ROS interfaces[0m
[11.568s] [ 34%] [34m[1mGenerating C++ type support dispatch for ROS interfaces[0m
[11.568s] [ 36%] [34m[1mGenerating C++ introspection for ROS interfaces[0m
[11.971s] [ 38%] [32mBuilding CXX object CMakeFiles/tutorial_interfaces__rosidl_typesupport_c.dir/rosidl_typesupport_c/tutorial_interfaces/msg/num__type_support.cpp.o[0m
[11.972s] [ 40%] [32mBuilding CXX object CMakeFiles/tutorial_interfaces__rosidl_typesupport_c.dir/rosidl_typesupport_c/tutorial_interfaces/msg/sphere__type_support.cpp.o[0m
[11.974s] [ 41%] [32mBuilding CXX object CMakeFiles/tutorial_interfaces__rosidl_typesupport_c.dir/rosidl_typesupport_c/tutorial_interfaces/srv/add_three_ints__type_support.cpp.o[0m
[11.978s] [ 43%] [32mBuilding CXX object CMakeFiles/tutorial_interfaces__rosidl_typesupport_introspection_cpp.dir/rosidl_typesupport_introspection_cpp/tutorial_interfaces/msg/detail/sphere__type_support.cpp.o[0m
[11.979s] [ 45%] [32mBuilding CXX object CMakeFiles/tutorial_interfaces__rosidl_typesupport_introspection_cpp.dir/rosidl_typesupport_introspection_cpp/tutorial_interfaces/srv/detail/add_three_ints__type_support.cpp.o[0m
[11.979s] [ 47%] [32mBuilding CXX object CMakeFiles/tutorial_interfaces__rosidl_typesupport_introspection_cpp.dir/rosidl_typesupport_introspection_cpp/tutorial_interfaces/msg/detail/num__type_support.cpp.o[0m
[11.987s] [ 49%] [32mBuilding CXX object CMakeFiles/tutorial_interfaces__rosidl_typesupport_cpp.dir/rosidl_typesupport_cpp/tutorial_interfaces/msg/num__type_support.cpp.o[0m
[11.988s] [ 50%] [32mBuilding CXX object CMakeFiles/tutorial_interfaces__rosidl_typesupport_cpp.dir/rosidl_typesupport_cpp/tutorial_interfaces/msg/sphere__type_support.cpp.o[0m
[11.989s] [ 52%] [32mBuilding CXX object CMakeFiles/tutorial_interfaces__rosidl_typesupport_cpp.dir/rosidl_typesupport_cpp/tutorial_interfaces/srv/add_three_ints__type_support.cpp.o[0m
[12.031s] [ 56%] [32mBuilding C object CMakeFiles/tutorial_interfaces__rosidl_typesupport_introspection_c.dir/rosidl_typesupport_introspection_c/tutorial_interfaces/msg/detail/num__type_support.c.o[0m
[12.031s] [ 56%] [32mBuilding C object CMakeFiles/tutorial_interfaces__rosidl_typesupport_introspection_c.dir/rosidl_typesupport_introspection_c/tutorial_interfaces/msg/detail/sphere__type_support.c.o[0m
[12.036s] [ 58%] [32mBuilding C object CMakeFiles/tutorial_interfaces__rosidl_typesupport_introspection_c.dir/rosidl_typesupport_introspection_c/tutorial_interfaces/srv/detail/add_three_ints__type_support.c.o[0m
[12.056s] [ 60%] [32m[1mLinking CXX shared library libtutorial_interfaces__rosidl_typesupport_c.so[0m
[12.090s] [ 61%] [32mBuilding CXX object CMakeFiles/tutorial_interfaces__rosidl_typesupport_fastrtps_cpp.dir/rosidl_typesupport_fastrtps_cpp/tutorial_interfaces/msg/detail/dds_fastrtps/sphere__type_support.cpp.o[0m
[12.094s] [ 63%] [32mBuilding CXX object CMakeFiles/tutorial_interfaces__rosidl_typesupport_fastrtps_cpp.dir/rosidl_typesupport_fastrtps_cpp/tutorial_interfaces/srv/detail/dds_fastrtps/add_three_ints__type_support.cpp.o[0m
[12.095s] [ 65%] [32mBuilding CXX object CMakeFiles/tutorial_interfaces__rosidl_typesupport_fastrtps_cpp.dir/rosidl_typesupport_fastrtps_cpp/tutorial_interfaces/msg/detail/dds_fastrtps/num__type_support.cpp.o[0m
[12.116s] [ 67%] [32m[1mLinking C shared library libtutorial_interfaces__rosidl_typesupport_introspection_c.so[0m
[12.169s] [ 69%] [32mBuilding CXX object CMakeFiles/tutorial_interfaces__rosidl_typesupport_fastrtps_c.dir/rosidl_typesupport_fastrtps_c/tutorial_interfaces/msg/detail/sphere__type_support_c.cpp.o[0m
[12.174s] [ 70%] [32mBuilding CXX object CMakeFiles/tutorial_interfaces__rosidl_typesupport_fastrtps_c.dir/rosidl_typesupport_fastrtps_c/tutorial_interfaces/srv/detail/add_three_ints__type_support_c.cpp.o[0m
[12.177s] [ 72%] [32mBuilding CXX object CMakeFiles/tutorial_interfaces__rosidl_typesupport_fastrtps_c.dir/rosidl_typesupport_fastrtps_c/tutorial_interfaces/msg/detail/num__type_support_c.cpp.o[0m
[12.266s] [ 72%] Built target tutorial_interfaces__rosidl_typesupport_c
[12.299s] [ 72%] Built target tutorial_interfaces__rosidl_typesupport_introspection_c
[12.772s] [ 74%] [32m[1mLinking CXX shared library libtutorial_interfaces__rosidl_typesupport_cpp.so[0m
[12.797s] [ 76%] [32m[1mLinking CXX shared library libtutorial_interfaces__rosidl_typesupport_introspection_cpp.so[0m
[12.981s] [ 76%] Built target tutorial_interfaces__rosidl_typesupport_cpp
[12.989s] [ 78%] [32m[1mLinking CXX shared library libtutorial_interfaces__rosidl_typesupport_fastrtps_c.so[0m
[13.007s] [ 78%] Built target tutorial_interfaces__rosidl_typesupport_introspection_cpp
[13.145s] [ 80%] [32m[1mLinking CXX shared library libtutorial_interfaces__rosidl_typesupport_fastrtps_cpp.so[0m
[13.198s] [ 80%] Built target tutorial_interfaces__rosidl_typesupport_fastrtps_c
[13.380s] [ 80%] Built target tutorial_interfaces__rosidl_typesupport_fastrtps_cpp
[13.405s] [ 80%] Built target tutorial_interfaces
[13.434s] [ 81%] [34m[1mGenerating Python code for ROS interfaces[0m
[13.990s] [ 81%] Built target tutorial_interfaces__py
[14.013s] [ 83%] [32mBuilding C object CMakeFiles/tutorial_interfaces__rosidl_generator_py.dir/rosidl_generator_py/tutorial_interfaces/msg/_num_s.c.o[0m
[14.013s] [ 87%] [32mBuilding C object CMakeFiles/tutorial_interfaces__rosidl_generator_py.dir/rosidl_generator_py/tutorial_interfaces/msg/_sphere_s.c.o[0m
[14.013s] [ 87%] [32mBuilding C object CMakeFiles/tutorial_interfaces__rosidl_generator_py.dir/rosidl_generator_py/tutorial_interfaces/srv/_add_three_ints_s.c.o[0m
[14.265s] [ 89%] [32m[1mLinking C shared library libtutorial_interfaces__rosidl_generator_py.so[0m
[14.502s] [ 89%] Built target tutorial_interfaces__rosidl_generator_py
[14.534s] [ 92%] [32mBuilding C object CMakeFiles/tutorial_interfaces_s__rosidl_typesupport_fastrtps_c.dir/rosidl_generator_py/tutorial_interfaces/_tutorial_interfaces_s.ep.rosidl_typesupport_fastrtps_c.c.o[0m
[14.534s] [ 92%] [32mBuilding C object CMakeFiles/tutorial_interfaces_s__rosidl_typesupport_introspection_c.dir/rosidl_generator_py/tutorial_interfaces/_tutorial_interfaces_s.ep.rosidl_typesupport_introspection_c.c.o[0m
[14.535s] [ 94%] [32mBuilding C object CMakeFiles/tutorial_interfaces_s__rosidl_typesupport_c.dir/rosidl_generator_py/tutorial_interfaces/_tutorial_interfaces_s.ep.rosidl_typesupport_c.c.o[0m
[14.694s] [ 96%] [32m[1mLinking C shared module rosidl_generator_py/tutorial_interfaces/tutorial_interfaces_s__rosidl_typesupport_c.so[0m
[14.696s] [ 98%] [32m[1mLinking C shared module rosidl_generator_py/tutorial_interfaces/tutorial_interfaces_s__rosidl_typesupport_fastrtps_c.so[0m
[14.698s] [100%] [32m[1mLinking C shared module rosidl_generator_py/tutorial_interfaces/tutorial_interfaces_s__rosidl_typesupport_introspection_c.so[0m
[14.838s] [100%] Built target tutorial_interfaces_s__rosidl_typesupport_c
[14.839s] [100%] Built target tutorial_interfaces_s__rosidl_typesupport_fastrtps_c
[14.840s] [100%] Built target tutorial_interfaces_s__rosidl_typesupport_introspection_c
[14.859s] Invoked command in '/home/zhang/rosprc_ws/build/tutorial_interfaces' returned '0': CMAKE_PREFIX_PATH=${CMAKE_PREFIX_PATH}:/home/zhang/rosprc_ws/install/py_srvcli:/home/zhang/rosprc_ws/install/py_pubsub:/home/zhang/rosprc_ws/install/launch_testing_examples:/home/zhang/rosprc_ws/install/examples_rclpy_pointcloud_publisher:/home/zhang/rosprc_ws/install/examples_rclpy_minimal_subscriber:/home/zhang/rosprc_ws/install/examples_rclpy_minimal_service:/home/zhang/rosprc_ws/install/examples_rclpy_minimal_publisher:/home/zhang/rosprc_ws/install/examples_rclpy_minimal_client:/home/zhang/rosprc_ws/install/examples_rclpy_minimal_action_server:/home/zhang/rosprc_ws/install/examples_rclpy_minimal_action_client:/home/zhang/rosprc_ws/install/examples_rclpy_guard_conditions:/home/zhang/rosprc_ws/install/examples_rclpy_executors:/opt/ros/jazzy /usr/bin/cmake --build /home/zhang/rosprc_ws/build/tutorial_interfaces -- -j20 -l20
[14.874s] Invoking command in '/home/zhang/rosprc_ws/build/tutorial_interfaces': CMAKE_PREFIX_PATH=${CMAKE_PREFIX_PATH}:/home/zhang/rosprc_ws/install/py_srvcli:/home/zhang/rosprc_ws/install/py_pubsub:/home/zhang/rosprc_ws/install/launch_testing_examples:/home/zhang/rosprc_ws/install/examples_rclpy_pointcloud_publisher:/home/zhang/rosprc_ws/install/examples_rclpy_minimal_subscriber:/home/zhang/rosprc_ws/install/examples_rclpy_minimal_service:/home/zhang/rosprc_ws/install/examples_rclpy_minimal_publisher:/home/zhang/rosprc_ws/install/examples_rclpy_minimal_client:/home/zhang/rosprc_ws/install/examples_rclpy_minimal_action_server:/home/zhang/rosprc_ws/install/examples_rclpy_minimal_action_client:/home/zhang/rosprc_ws/install/examples_rclpy_guard_conditions:/home/zhang/rosprc_ws/install/examples_rclpy_executors:/opt/ros/jazzy /usr/bin/cmake --install /home/zhang/rosprc_ws/build/tutorial_interfaces
[14.887s] -- Install configuration: ""
[14.888s] -- Installing: /home/zhang/rosprc_ws/install/tutorial_interfaces/share/ament_index/resource_index/rosidl_interfaces/tutorial_interfaces
[14.889s] -- Installing: /home/zhang/rosprc_ws/install/tutorial_interfaces/share/tutorial_interfaces/msg/Num.json
[14.889s] -- Installing: /home/zhang/rosprc_ws/install/tutorial_interfaces/share/tutorial_interfaces/msg/Sphere.json
[14.890s] -- Installing: /home/zhang/rosprc_ws/install/tutorial_interfaces/share/tutorial_interfaces/srv/AddThreeInts.json
[14.890s] -- Installing: /home/zhang/rosprc_ws/install/tutorial_interfaces/include/tutorial_interfaces/tutorial_interfaces
[14.890s] -- Installing: /home/zhang/rosprc_ws/install/tutorial_interfaces/include/tutorial_interfaces/tutorial_interfaces/msg
[14.891s] -- Installing: /home/zhang/rosprc_ws/install/tutorial_interfaces/include/tutorial_interfaces/tutorial_interfaces/msg/sphere.h
[14.891s] -- Installing: /home/zhang/rosprc_ws/install/tutorial_interfaces/include/tutorial_interfaces/tutorial_interfaces/msg/detail
[14.892s] -- Installing: /home/zhang/rosprc_ws/install/tutorial_interfaces/include/tutorial_interfaces/tutorial_interfaces/msg/detail/num__functions.h
[14.892s] -- Installing: /home/zhang/rosprc_ws/install/tutorial_interfaces/include/tutorial_interfaces/tutorial_interfaces/msg/detail/sphere__struct.h
[14.892s] -- Installing: /home/zhang/rosprc_ws/install/tutorial_interfaces/include/tutorial_interfaces/tutorial_interfaces/msg/detail/sphere__type_support.c
[14.892s] -- Installing: /home/zhang/rosprc_ws/install/tutorial_interfaces/include/tutorial_interfaces/tutorial_interfaces/msg/detail/sphere__functions.h
[14.892s] -- Installing: /home/zhang/rosprc_ws/install/tutorial_interfaces/include/tutorial_interfaces/tutorial_interfaces/msg/detail/num__type_support.c
[14.892s] -- Installing: /home/zhang/rosprc_ws/install/tutorial_interfaces/include/tutorial_interfaces/tutorial_interfaces/msg/detail/num__description.c
[14.893s] -- Installing: /home/zhang/rosprc_ws/install/tutorial_interfaces/include/tutorial_interfaces/tutorial_interfaces/msg/detail/sphere__functions.c
[14.894s] -- Installing: /home/zhang/rosprc_ws/install/tutorial_interfaces/include/tutorial_interfaces/tutorial_interfaces/msg/detail/num__struct.h
[14.894s] -- Installing: /home/zhang/rosprc_ws/install/tutorial_interfaces/include/tutorial_interfaces/tutorial_interfaces/msg/detail/sphere__description.c
[14.894s] -- Installing: /home/zhang/rosprc_ws/install/tutorial_interfaces/include/tutorial_interfaces/tutorial_interfaces/msg/detail/num__type_support.h
[14.895s] -- Installing: /home/zhang/rosprc_ws/install/tutorial_interfaces/include/tutorial_interfaces/tutorial_interfaces/msg/detail/sphere__type_support.h
[14.895s] -- Installing: /home/zhang/rosprc_ws/install/tutorial_interfaces/include/tutorial_interfaces/tutorial_interfaces/msg/detail/num__functions.c
[14.896s] -- Installing: /home/zhang/rosprc_ws/install/tutorial_interfaces/include/tutorial_interfaces/tutorial_interfaces/msg/rosidl_generator_c__visibility_control.h
[14.896s] -- Installing: /home/zhang/rosprc_ws/install/tutorial_interfaces/include/tutorial_interfaces/tutorial_interfaces/msg/num.h
[14.896s] -- Installing: /home/zhang/rosprc_ws/install/tutorial_interfaces/include/tutorial_interfaces/tutorial_interfaces/srv
[14.896s] -- Installing: /home/zhang/rosprc_ws/install/tutorial_interfaces/include/tutorial_interfaces/tutorial_interfaces/srv/detail
[14.896s] -- Installing: /home/zhang/rosprc_ws/install/tutorial_interfaces/include/tutorial_interfaces/tutorial_interfaces/srv/detail/add_three_ints__functions.c
[14.896s] -- Installing: /home/zhang/rosprc_ws/install/tutorial_interfaces/include/tutorial_interfaces/tutorial_interfaces/srv/detail/add_three_ints__type_support.c
[14.896s] -- Installing: /home/zhang/rosprc_ws/install/tutorial_interfaces/include/tutorial_interfaces/tutorial_interfaces/srv/detail/add_three_ints__functions.h
[14.897s] -- Installing: /home/zhang/rosprc_ws/install/tutorial_interfaces/include/tutorial_interfaces/tutorial_interfaces/srv/detail/add_three_ints__struct.h
[14.897s] -- Installing: /home/zhang/rosprc_ws/install/tutorial_interfaces/include/tutorial_interfaces/tutorial_interfaces/srv/detail/add_three_ints__type_support.h
[14.897s] -- Installing: /home/zhang/rosprc_ws/install/tutorial_interfaces/include/tutorial_interfaces/tutorial_interfaces/srv/detail/add_three_ints__description.c
[14.897s] -- Installing: /home/zhang/rosprc_ws/install/tutorial_interfaces/include/tutorial_interfaces/tutorial_interfaces/srv/add_three_ints.h
[14.897s] -- Installing: /home/zhang/rosprc_ws/install/tutorial_interfaces/share/tutorial_interfaces/environment/library_path.sh
[14.897s] -- Installing: /home/zhang/rosprc_ws/install/tutorial_interfaces/share/tutorial_interfaces/environment/library_path.dsv
[14.898s] -- Installing: /home/zhang/rosprc_ws/install/tutorial_interfaces/lib/libtutorial_interfaces__rosidl_generator_c.so
[14.899s] -- Set non-toolchain portion of runtime path of "/home/zhang/rosprc_ws/install/tutorial_interfaces/lib/libtutorial_interfaces__rosidl_generator_c.so" to ""
[14.900s] -- Up-to-date: /home/zhang/rosprc_ws/install/tutorial_interfaces/include/tutorial_interfaces/tutorial_interfaces
[14.900s] -- Up-to-date: /home/zhang/rosprc_ws/install/tutorial_interfaces/include/tutorial_interfaces/tutorial_interfaces/msg
[14.901s] -- Installing: /home/zhang/rosprc_ws/install/tutorial_interfaces/include/tutorial_interfaces/tutorial_interfaces/msg/rosidl_typesupport_fastrtps_c__visibility_control.h
[14.901s] -- Up-to-date: /home/zhang/rosprc_ws/install/tutorial_interfaces/include/tutorial_interfaces/tutorial_interfaces/msg/detail
[14.902s] -- Installing: /home/zhang/rosprc_ws/install/tutorial_interfaces/include/tutorial_interfaces/tutorial_interfaces/msg/detail/num__rosidl_typesupport_fastrtps_c.h
[14.902s] -- Installing: /home/zhang/rosprc_ws/install/tutorial_interfaces/include/tutorial_interfaces/tutorial_interfaces/msg/detail/sphere__rosidl_typesupport_fastrtps_c.h
[14.902s] -- Up-to-date: /home/zhang/rosprc_ws/install/tutorial_interfaces/include/tutorial_interfaces/tutorial_interfaces/srv
[14.903s] -- Up-to-date: /home/zhang/rosprc_ws/install/tutorial_interfaces/include/tutorial_interfaces/tutorial_interfaces/srv/detail
[14.903s] -- Installing: /home/zhang/rosprc_ws/install/tutorial_interfaces/include/tutorial_interfaces/tutorial_interfaces/srv/detail/add_three_ints__rosidl_typesupport_fastrtps_c.h
[14.903s] -- Installing: /home/zhang/rosprc_ws/install/tutorial_interfaces/lib/libtutorial_interfaces__rosidl_typesupport_fastrtps_c.so
[14.903s] -- Set non-toolchain portion of runtime path of "/home/zhang/rosprc_ws/install/tutorial_interfaces/lib/libtutorial_interfaces__rosidl_typesupport_fastrtps_c.so" to ""
[14.904s] -- Up-to-date: /home/zhang/rosprc_ws/install/tutorial_interfaces/include/tutorial_interfaces/tutorial_interfaces
[14.904s] -- Up-to-date: /home/zhang/rosprc_ws/install/tutorial_interfaces/include/tutorial_interfaces/tutorial_interfaces/msg
[14.904s] -- Up-to-date: /home/zhang/rosprc_ws/install/tutorial_interfaces/include/tutorial_interfaces/tutorial_interfaces/msg/detail
[14.905s] -- Installing: /home/zhang/rosprc_ws/install/tutorial_interfaces/include/tutorial_interfaces/tutorial_interfaces/msg/detail/sphere__traits.hpp
[14.905s] -- Installing: /home/zhang/rosprc_ws/install/tutorial_interfaces/include/tutorial_interfaces/tutorial_interfaces/msg/detail/num__type_support.hpp
[14.905s] -- Installing: /home/zhang/rosprc_ws/install/tutorial_interfaces/include/tutorial_interfaces/tutorial_interfaces/msg/detail/num__struct.hpp
[14.905s] -- Installing: /home/zhang/rosprc_ws/install/tutorial_interfaces/include/tutorial_interfaces/tutorial_interfaces/msg/detail/num__traits.hpp
[14.906s] -- Installing: /home/zhang/rosprc_ws/install/tutorial_interfaces/include/tutorial_interfaces/tutorial_interfaces/msg/detail/sphere__type_support.hpp
[14.906s] -- Installing: /home/zhang/rosprc_ws/install/tutorial_interfaces/include/tutorial_interfaces/tutorial_interfaces/msg/detail/num__builder.hpp
[14.906s] -- Installing: /home/zhang/rosprc_ws/install/tutorial_interfaces/include/tutorial_interfaces/tutorial_interfaces/msg/detail/sphere__builder.hpp
[14.907s] -- Installing: /home/zhang/rosprc_ws/install/tutorial_interfaces/include/tutorial_interfaces/tutorial_interfaces/msg/detail/sphere__struct.hpp
[14.907s] -- Installing: /home/zhang/rosprc_ws/install/tutorial_interfaces/include/tutorial_interfaces/tutorial_interfaces/msg/rosidl_generator_cpp__visibility_control.hpp
[14.907s] -- Installing: /home/zhang/rosprc_ws/install/tutorial_interfaces/include/tutorial_interfaces/tutorial_interfaces/msg/sphere.hpp
[14.907s] -- Installing: /home/zhang/rosprc_ws/install/tutorial_interfaces/include/tutorial_interfaces/tutorial_interfaces/msg/num.hpp
[14.907s] -- Up-to-date: /home/zhang/rosprc_ws/install/tutorial_interfaces/include/tutorial_interfaces/tutorial_interfaces/srv
[14.908s] -- Up-to-date: /home/zhang/rosprc_ws/install/tutorial_interfaces/include/tutorial_interfaces/tutorial_interfaces/srv/detail
[14.908s] -- Installing: /home/zhang/rosprc_ws/install/tutorial_interfaces/include/tutorial_interfaces/tutorial_interfaces/srv/detail/add_three_ints__builder.hpp
[14.908s] -- Installing: /home/zhang/rosprc_ws/install/tutorial_interfaces/include/tutorial_interfaces/tutorial_interfaces/srv/detail/add_three_ints__traits.hpp
[14.909s] -- Installing: /home/zhang/rosprc_ws/install/tutorial_interfaces/include/tutorial_interfaces/tutorial_interfaces/srv/detail/add_three_ints__type_support.hpp
[14.910s] -- Installing: /home/zhang/rosprc_ws/install/tutorial_interfaces/include/tutorial_interfaces/tutorial_interfaces/srv/detail/add_three_ints__struct.hpp
[14.910s] -- Installing: /home/zhang/rosprc_ws/install/tutorial_interfaces/include/tutorial_interfaces/tutorial_interfaces/srv/add_three_ints.hpp
[14.910s] -- Up-to-date: /home/zhang/rosprc_ws/install/tutorial_interfaces/include/tutorial_interfaces/tutorial_interfaces
[14.910s] -- Up-to-date: /home/zhang/rosprc_ws/install/tutorial_interfaces/include/tutorial_interfaces/tutorial_interfaces/msg
[14.910s] -- Up-to-date: /home/zhang/rosprc_ws/install/tutorial_interfaces/include/tutorial_interfaces/tutorial_interfaces/msg/detail
[14.911s] -- Installing: /home/zhang/rosprc_ws/install/tutorial_interfaces/include/tutorial_interfaces/tutorial_interfaces/msg/detail/sphere__rosidl_typesupport_fastrtps_cpp.hpp
[14.911s] -- Installing: /home/zhang/rosprc_ws/install/tutorial_interfaces/include/tutorial_interfaces/tutorial_interfaces/msg/detail/dds_fastrtps
[14.911s] -- Installing: /home/zhang/rosprc_ws/install/tutorial_interfaces/include/tutorial_interfaces/tutorial_interfaces/msg/detail/num__rosidl_typesupport_fastrtps_cpp.hpp
[14.911s] -- Installing: /home/zhang/rosprc_ws/install/tutorial_interfaces/include/tutorial_interfaces/tutorial_interfaces/msg/rosidl_typesupport_fastrtps_cpp__visibility_control.h
[14.911s] -- Up-to-date: /home/zhang/rosprc_ws/install/tutorial_interfaces/include/tutorial_interfaces/tutorial_interfaces/srv
[14.911s] -- Up-to-date: /home/zhang/rosprc_ws/install/tutorial_interfaces/include/tutorial_interfaces/tutorial_interfaces/srv/detail
[14.912s] -- Installing: /home/zhang/rosprc_ws/install/tutorial_interfaces/include/tutorial_interfaces/tutorial_interfaces/srv/detail/add_three_ints__rosidl_typesupport_fastrtps_cpp.hpp
[14.912s] -- Installing: /home/zhang/rosprc_ws/install/tutorial_interfaces/include/tutorial_interfaces/tutorial_interfaces/srv/detail/dds_fastrtps
[14.912s] -- Installing: /home/zhang/rosprc_ws/install/tutorial_interfaces/lib/libtutorial_interfaces__rosidl_typesupport_fastrtps_cpp.so
[14.912s] -- Set non-toolchain portion of runtime path of "/home/zhang/rosprc_ws/install/tutorial_interfaces/lib/libtutorial_interfaces__rosidl_typesupport_fastrtps_cpp.so" to ""
[14.912s] -- Up-to-date: /home/zhang/rosprc_ws/install/tutorial_interfaces/include/tutorial_interfaces/tutorial_interfaces
[14.912s] -- Up-to-date: /home/zhang/rosprc_ws/install/tutorial_interfaces/include/tutorial_interfaces/tutorial_interfaces/msg
[14.913s] -- Up-to-date: /home/zhang/rosprc_ws/install/tutorial_interfaces/include/tutorial_interfaces/tutorial_interfaces/msg/detail
[14.913s] -- Installing: /home/zhang/rosprc_ws/install/tutorial_interfaces/include/tutorial_interfaces/tutorial_interfaces/msg/detail/sphere__type_support.c
[14.913s] -- Installing: /home/zhang/rosprc_ws/install/tutorial_interfaces/include/tutorial_interfaces/tutorial_interfaces/msg/detail/num__type_support.c
[14.913s] -- Installing: /home/zhang/rosprc_ws/install/tutorial_interfaces/include/tutorial_interfaces/tutorial_interfaces/msg/detail/num__rosidl_typesupport_introspection_c.h
[14.913s] -- Installing: /home/zhang/rosprc_ws/install/tutorial_interfaces/include/tutorial_interfaces/tutorial_interfaces/msg/detail/sphere__rosidl_typesupport_introspection_c.h
[14.913s] -- Installing: /home/zhang/rosprc_ws/install/tutorial_interfaces/include/tutorial_interfaces/tutorial_interfaces/msg/rosidl_typesupport_introspection_c__visibility_control.h
[14.914s] -- Up-to-date: /home/zhang/rosprc_ws/install/tutorial_interfaces/include/tutorial_interfaces/tutorial_interfaces/srv
[14.914s] -- Up-to-date: /home/zhang/rosprc_ws/install/tutorial_interfaces/include/tutorial_interfaces/tutorial_interfaces/srv/detail
[14.915s] -- Installing: /home/zhang/rosprc_ws/install/tutorial_interfaces/include/tutorial_interfaces/tutorial_interfaces/srv/detail/add_three_ints__type_support.c
[14.915s] -- Installing: /home/zhang/rosprc_ws/install/tutorial_interfaces/include/tutorial_interfaces/tutorial_interfaces/srv/detail/add_three_ints__rosidl_typesupport_introspection_c.h
[14.915s] -- Installing: /home/zhang/rosprc_ws/install/tutorial_interfaces/lib/libtutorial_interfaces__rosidl_typesupport_introspection_c.so
[14.915s] -- Set non-toolchain portion of runtime path of "/home/zhang/rosprc_ws/install/tutorial_interfaces/lib/libtutorial_interfaces__rosidl_typesupport_introspection_c.so" to ""
[14.916s] -- Installing: /home/zhang/rosprc_ws/install/tutorial_interfaces/lib/libtutorial_interfaces__rosidl_typesupport_c.so
[14.916s] -- Set non-toolchain portion of runtime path of "/home/zhang/rosprc_ws/install/tutorial_interfaces/lib/libtutorial_interfaces__rosidl_typesupport_c.so" to ""
[14.916s] -- Up-to-date: /home/zhang/rosprc_ws/install/tutorial_interfaces/include/tutorial_interfaces/tutorial_interfaces
[14.917s] -- Up-to-date: /home/zhang/rosprc_ws/install/tutorial_interfaces/include/tutorial_interfaces/tutorial_interfaces/msg
[14.917s] -- Up-to-date: /home/zhang/rosprc_ws/install/tutorial_interfaces/include/tutorial_interfaces/tutorial_interfaces/msg/detail
[14.917s] -- Installing: /home/zhang/rosprc_ws/install/tutorial_interfaces/include/tutorial_interfaces/tutorial_interfaces/msg/detail/num__type_support.cpp
[14.917s] -- Installing: /home/zhang/rosprc_ws/install/tutorial_interfaces/include/tutorial_interfaces/tutorial_interfaces/msg/detail/sphere__type_support.cpp
[14.918s] -- Installing: /home/zhang/rosprc_ws/install/tutorial_interfaces/include/tutorial_interfaces/tutorial_interfaces/msg/detail/num__rosidl_typesupport_introspection_cpp.hpp
[14.918s] -- Installing: /home/zhang/rosprc_ws/install/tutorial_interfaces/include/tutorial_interfaces/tutorial_interfaces/msg/detail/sphere__rosidl_typesupport_introspection_cpp.hpp
[14.918s] -- Up-to-date: /home/zhang/rosprc_ws/install/tutorial_interfaces/include/tutorial_interfaces/tutorial_interfaces/srv
[14.918s] -- Up-to-date: /home/zhang/rosprc_ws/install/tutorial_interfaces/include/tutorial_interfaces/tutorial_interfaces/srv/detail
[14.918s] -- Installing: /home/zhang/rosprc_ws/install/tutorial_interfaces/include/tutorial_interfaces/tutorial_interfaces/srv/detail/add_three_ints__rosidl_typesupport_introspection_cpp.hpp
[14.919s] -- Installing: /home/zhang/rosprc_ws/install/tutorial_interfaces/include/tutorial_interfaces/tutorial_interfaces/srv/detail/add_three_ints__type_support.cpp
[14.919s] -- Installing: /home/zhang/rosprc_ws/install/tutorial_interfaces/lib/libtutorial_interfaces__rosidl_typesupport_introspection_cpp.so
[14.919s] -- Set non-toolchain portion of runtime path of "/home/zhang/rosprc_ws/install/tutorial_interfaces/lib/libtutorial_interfaces__rosidl_typesupport_introspection_cpp.so" to ""
[14.919s] -- Installing: /home/zhang/rosprc_ws/install/tutorial_interfaces/lib/libtutorial_interfaces__rosidl_typesupport_cpp.so
[14.919s] -- Set non-toolchain portion of runtime path of "/home/zhang/rosprc_ws/install/tutorial_interfaces/lib/libtutorial_interfaces__rosidl_typesupport_cpp.so" to ""
[14.919s] -- Installing: /home/zhang/rosprc_ws/install/tutorial_interfaces/share/tutorial_interfaces/environment/pythonpath.sh
[14.919s] -- Installing: /home/zhang/rosprc_ws/install/tutorial_interfaces/share/tutorial_interfaces/environment/pythonpath.dsv
[14.919s] -- Installing: /home/zhang/rosprc_ws/install/tutorial_interfaces/lib/python3.12/site-packages/tutorial_interfaces-0.0.0-py3.12.egg-info
[14.919s] -- Installing: /home/zhang/rosprc_ws/install/tutorial_interfaces/lib/python3.12/site-packages/tutorial_interfaces-0.0.0-py3.12.egg-info/PKG-INFO
[14.919s] -- Installing: /home/zhang/rosprc_ws/install/tutorial_interfaces/lib/python3.12/site-packages/tutorial_interfaces-0.0.0-py3.12.egg-info/top_level.txt
[14.919s] -- Installing: /home/zhang/rosprc_ws/install/tutorial_interfaces/lib/python3.12/site-packages/tutorial_interfaces-0.0.0-py3.12.egg-info/dependency_links.txt
[14.919s] -- Installing: /home/zhang/rosprc_ws/install/tutorial_interfaces/lib/python3.12/site-packages/tutorial_interfaces-0.0.0-py3.12.egg-info/SOURCES.txt
[14.920s] -- Installing: /home/zhang/rosprc_ws/install/tutorial_interfaces/lib/python3.12/site-packages/tutorial_interfaces
[14.920s] -- Installing: /home/zhang/rosprc_ws/install/tutorial_interfaces/lib/python3.12/site-packages/tutorial_interfaces/msg
[14.920s] -- Installing: /home/zhang/rosprc_ws/install/tutorial_interfaces/lib/python3.12/site-packages/tutorial_interfaces/msg/_num_s.c
[14.920s] -- Installing: /home/zhang/rosprc_ws/install/tutorial_interfaces/lib/python3.12/site-packages/tutorial_interfaces/msg/__init__.py
[14.920s] -- Installing: /home/zhang/rosprc_ws/install/tutorial_interfaces/lib/python3.12/site-packages/tutorial_interfaces/msg/_sphere.py
[14.920s] -- Installing: /home/zhang/rosprc_ws/install/tutorial_interfaces/lib/python3.12/site-packages/tutorial_interfaces/msg/_sphere_s.c
[14.920s] -- Installing: /home/zhang/rosprc_ws/install/tutorial_interfaces/lib/python3.12/site-packages/tutorial_interfaces/msg/_num.py
[14.920s] -- Installing: /home/zhang/rosprc_ws/install/tutorial_interfaces/lib/python3.12/site-packages/tutorial_interfaces/_tutorial_interfaces_s.ep.rosidl_typesupport_fastrtps_c.c
[14.920s] -- Installing: /home/zhang/rosprc_ws/install/tutorial_interfaces/lib/python3.12/site-packages/tutorial_interfaces/tutorial_interfaces_s__rosidl_typesupport_fastrtps_c.so
[14.921s] -- Installing: /home/zhang/rosprc_ws/install/tutorial_interfaces/lib/python3.12/site-packages/tutorial_interfaces/_tutorial_interfaces_s.ep.rosidl_typesupport_introspection_c.c
[14.921s] -- Installing: /home/zhang/rosprc_ws/install/tutorial_interfaces/lib/python3.12/site-packages/tutorial_interfaces/tutorial_interfaces_s__rosidl_typesupport_introspection_c.so
[14.921s] -- Installing: /home/zhang/rosprc_ws/install/tutorial_interfaces/lib/python3.12/site-packages/tutorial_interfaces/srv
[14.921s] -- Installing: /home/zhang/rosprc_ws/install/tutorial_interfaces/lib/python3.12/site-packages/tutorial_interfaces/srv/_add_three_ints_s.c
[14.921s] -- Installing: /home/zhang/rosprc_ws/install/tutorial_interfaces/lib/python3.12/site-packages/tutorial_interfaces/srv/__init__.py
[14.921s] -- Installing: /home/zhang/rosprc_ws/install/tutorial_interfaces/lib/python3.12/site-packages/tutorial_interfaces/srv/_add_three_ints.py
[14.921s] -- Installing: /home/zhang/rosprc_ws/install/tutorial_interfaces/lib/python3.12/site-packages/tutorial_interfaces/__init__.py
[14.921s] -- Installing: /home/zhang/rosprc_ws/install/tutorial_interfaces/lib/python3.12/site-packages/tutorial_interfaces/_tutorial_interfaces_s.ep.rosidl_typesupport_c.c
[14.921s] -- Installing: /home/zhang/rosprc_ws/install/tutorial_interfaces/lib/python3.12/site-packages/tutorial_interfaces/tutorial_interfaces_s__rosidl_typesupport_c.so
[14.988s] Listing '/home/zhang/rosprc_ws/install/tutorial_interfaces/lib/python3.12/site-packages/tutorial_interfaces'...
[14.988s] Compiling '/home/zhang/rosprc_ws/install/tutorial_interfaces/lib/python3.12/site-packages/tutorial_interfaces/__init__.py'...
[14.988s] Listing '/home/zhang/rosprc_ws/install/tutorial_interfaces/lib/python3.12/site-packages/tutorial_interfaces/msg'...
[14.988s] Compiling '/home/zhang/rosprc_ws/install/tutorial_interfaces/lib/python3.12/site-packages/tutorial_interfaces/msg/__init__.py'...
[14.988s] Compiling '/home/zhang/rosprc_ws/install/tutorial_interfaces/lib/python3.12/site-packages/tutorial_interfaces/msg/_num.py'...
[14.988s] Compiling '/home/zhang/rosprc_ws/install/tutorial_interfaces/lib/python3.12/site-packages/tutorial_interfaces/msg/_sphere.py'...
[14.988s] Listing '/home/zhang/rosprc_ws/install/tutorial_interfaces/lib/python3.12/site-packages/tutorial_interfaces/srv'...
[14.989s] Compiling '/home/zhang/rosprc_ws/install/tutorial_interfaces/lib/python3.12/site-packages/tutorial_interfaces/srv/__init__.py'...
[14.989s] Compiling '/home/zhang/rosprc_ws/install/tutorial_interfaces/lib/python3.12/site-packages/tutorial_interfaces/srv/_add_three_ints.py'...
[14.998s] -- Installing: /home/zhang/rosprc_ws/install/tutorial_interfaces/lib/python3.12/site-packages/tutorial_interfaces/tutorial_interfaces_s__rosidl_typesupport_fastrtps_c.so
[14.998s] -- Set non-toolchain portion of runtime path of "/home/zhang/rosprc_ws/install/tutorial_interfaces/lib/python3.12/site-packages/tutorial_interfaces/tutorial_interfaces_s__rosidl_typesupport_fastrtps_c.so" to ""
[14.999s] -- Installing: /home/zhang/rosprc_ws/install/tutorial_interfaces/lib/python3.12/site-packages/tutorial_interfaces/tutorial_interfaces_s__rosidl_typesupport_introspection_c.so
[14.999s] -- Set non-toolchain portion of runtime path of "/home/zhang/rosprc_ws/install/tutorial_interfaces/lib/python3.12/site-packages/tutorial_interfaces/tutorial_interfaces_s__rosidl_typesupport_introspection_c.so" to ""
[14.999s] -- Installing: /home/zhang/rosprc_ws/install/tutorial_interfaces/lib/python3.12/site-packages/tutorial_interfaces/tutorial_interfaces_s__rosidl_typesupport_c.so
[15.000s] -- Set non-toolchain portion of runtime path of "/home/zhang/rosprc_ws/install/tutorial_interfaces/lib/python3.12/site-packages/tutorial_interfaces/tutorial_interfaces_s__rosidl_typesupport_c.so" to ""
[15.000s] -- Installing: /home/zhang/rosprc_ws/install/tutorial_interfaces/lib/libtutorial_interfaces__rosidl_generator_py.so
[15.000s] -- Set non-toolchain portion of runtime path of "/home/zhang/rosprc_ws/install/tutorial_interfaces/lib/libtutorial_interfaces__rosidl_generator_py.so" to ""
[15.000s] -- Installing: /home/zhang/rosprc_ws/install/tutorial_interfaces/share/ament_index/resource_index/rust_packages/tutorial_interfaces
[15.000s] -- Installing: /home/zhang/rosprc_ws/install/tutorial_interfaces/share/tutorial_interfaces/rust
[15.001s] -- Installing: /home/zhang/rosprc_ws/install/tutorial_interfaces/share/tutorial_interfaces/rust/Cargo.toml
[15.001s] -- Installing: /home/zhang/rosprc_ws/install/tutorial_interfaces/share/tutorial_interfaces/rust/src
[15.002s] -- Installing: /home/zhang/rosprc_ws/install/tutorial_interfaces/share/tutorial_interfaces/rust/src/srv.rs
[15.003s] -- Installing: /home/zhang/rosprc_ws/install/tutorial_interfaces/share/tutorial_interfaces/rust/src/msg
[15.003s] -- Installing: /home/zhang/rosprc_ws/install/tutorial_interfaces/share/tutorial_interfaces/rust/src/msg/rmw.rs
[15.003s] -- Installing: /home/zhang/rosprc_ws/install/tutorial_interfaces/share/tutorial_interfaces/rust/src/lib.rs
[15.003s] -- Installing: /home/zhang/rosprc_ws/install/tutorial_interfaces/share/tutorial_interfaces/rust/src/msg.rs
[15.004s] -- Installing: /home/zhang/rosprc_ws/install/tutorial_interfaces/share/tutorial_interfaces/rust/src/srv
[15.004s] -- Installing: /home/zhang/rosprc_ws/install/tutorial_interfaces/share/tutorial_interfaces/rust/src/srv/rmw.rs
[15.005s] -- Installing: /home/zhang/rosprc_ws/install/tutorial_interfaces/share/tutorial_interfaces/rust/build.rs
[15.005s] -- Installing: /home/zhang/rosprc_ws/install/tutorial_interfaces/share/tutorial_interfaces/msg/Num.idl
[15.005s] -- Installing: /home/zhang/rosprc_ws/install/tutorial_interfaces/share/tutorial_interfaces/msg/Sphere.idl
[15.005s] -- Installing: /home/zhang/rosprc_ws/install/tutorial_interfaces/share/tutorial_interfaces/srv/AddThreeInts.idl
[15.005s] -- Installing: /home/zhang/rosprc_ws/install/tutorial_interfaces/share/tutorial_interfaces/msg/Num.msg
[15.005s] -- Installing: /home/zhang/rosprc_ws/install/tutorial_interfaces/share/tutorial_interfaces/msg/Sphere.msg
[15.006s] -- Installing: /home/zhang/rosprc_ws/install/tutorial_interfaces/share/tutorial_interfaces/srv/AddThreeInts.srv
[15.006s] -- Installing: /home/zhang/rosprc_ws/install/tutorial_interfaces/share/ament_index/resource_index/package_run_dependencies/tutorial_interfaces
[15.006s] -- Installing: /home/zhang/rosprc_ws/install/tutorial_interfaces/share/ament_index/resource_index/parent_prefix_path/tutorial_interfaces
[15.007s] -- Installing: /home/zhang/rosprc_ws/install/tutorial_interfaces/share/tutorial_interfaces/environment/ament_prefix_path.sh
[15.007s] -- Installing: /home/zhang/rosprc_ws/install/tutorial_interfaces/share/tutorial_interfaces/environment/ament_prefix_path.dsv
[15.007s] -- Installing: /home/zhang/rosprc_ws/install/tutorial_interfaces/share/tutorial_interfaces/environment/path.sh
[15.008s] -- Installing: /home/zhang/rosprc_ws/install/tutorial_interfaces/share/tutorial_interfaces/environment/path.dsv
[15.008s] -- Installing: /home/zhang/rosprc_ws/install/tutorial_interfaces/share/tutorial_interfaces/local_setup.bash
[15.009s] -- Installing: /home/zhang/rosprc_ws/install/tutorial_interfaces/share/tutorial_interfaces/local_setup.sh
[15.009s] -- Installing: /home/zhang/rosprc_ws/install/tutorial_interfaces/share/tutorial_interfaces/local_setup.zsh
[15.009s] -- Installing: /home/zhang/rosprc_ws/install/tutorial_interfaces/share/tutorial_interfaces/local_setup.dsv
[15.011s] -- Installing: /home/zhang/rosprc_ws/install/tutorial_interfaces/share/tutorial_interfaces/package.dsv
[15.011s] -- Installing: /home/zhang/rosprc_ws/install/tutorial_interfaces/share/ament_index/resource_index/packages/tutorial_interfaces
[15.011s] -- Installing: /home/zhang/rosprc_ws/install/tutorial_interfaces/share/tutorial_interfaces/cmake/export_tutorial_interfaces__rosidl_generator_cExport.cmake
[15.012s] -- Installing: /home/zhang/rosprc_ws/install/tutorial_interfaces/share/tutorial_interfaces/cmake/export_tutorial_interfaces__rosidl_generator_cExport-noconfig.cmake
[15.012s] -- Installing: /home/zhang/rosprc_ws/install/tutorial_interfaces/share/tutorial_interfaces/cmake/export_tutorial_interfaces__rosidl_typesupport_fastrtps_cExport.cmake
[15.012s] -- Installing: /home/zhang/rosprc_ws/install/tutorial_interfaces/share/tutorial_interfaces/cmake/export_tutorial_interfaces__rosidl_typesupport_fastrtps_cExport-noconfig.cmake
[15.013s] -- Installing: /home/zhang/rosprc_ws/install/tutorial_interfaces/share/tutorial_interfaces/cmake/export_tutorial_interfaces__rosidl_generator_cppExport.cmake
[15.013s] -- Installing: /home/zhang/rosprc_ws/install/tutorial_interfaces/share/tutorial_interfaces/cmake/export_tutorial_interfaces__rosidl_typesupport_fastrtps_cppExport.cmake
[15.013s] -- Installing: /home/zhang/rosprc_ws/install/tutorial_interfaces/share/tutorial_interfaces/cmake/export_tutorial_interfaces__rosidl_typesupport_fastrtps_cppExport-noconfig.cmake
[15.013s] -- Installing: /home/zhang/rosprc_ws/install/tutorial_interfaces/share/tutorial_interfaces/cmake/tutorial_interfaces__rosidl_typesupport_introspection_cExport.cmake
[15.014s] -- Installing: /home/zhang/rosprc_ws/install/tutorial_interfaces/share/tutorial_interfaces/cmake/tutorial_interfaces__rosidl_typesupport_introspection_cExport-noconfig.cmake
[15.014s] -- Installing: /home/zhang/rosprc_ws/install/tutorial_interfaces/share/tutorial_interfaces/cmake/tutorial_interfaces__rosidl_typesupport_cExport.cmake
[15.015s] -- Installing: /home/zhang/rosprc_ws/install/tutorial_interfaces/share/tutorial_interfaces/cmake/tutorial_interfaces__rosidl_typesupport_cExport-noconfig.cmake
[15.015s] -- Installing: /home/zhang/rosprc_ws/install/tutorial_interfaces/share/tutorial_interfaces/cmake/tutorial_interfaces__rosidl_typesupport_introspection_cppExport.cmake
[15.016s] -- Installing: /home/zhang/rosprc_ws/install/tutorial_interfaces/share/tutorial_interfaces/cmake/tutorial_interfaces__rosidl_typesupport_introspection_cppExport-noconfig.cmake
[15.016s] -- Installing: /home/zhang/rosprc_ws/install/tutorial_interfaces/share/tutorial_interfaces/cmake/tutorial_interfaces__rosidl_typesupport_cppExport.cmake
[15.017s] -- Installing: /home/zhang/rosprc_ws/install/tutorial_interfaces/share/tutorial_interfaces/cmake/tutorial_interfaces__rosidl_typesupport_cppExport-noconfig.cmake
[15.017s] -- Installing: /home/zhang/rosprc_ws/install/tutorial_interfaces/share/tutorial_interfaces/cmake/export_tutorial_interfaces__rosidl_generator_pyExport.cmake
[15.017s] -- Installing: /home/zhang/rosprc_ws/install/tutorial_interfaces/share/tutorial_interfaces/cmake/export_tutorial_interfaces__rosidl_generator_pyExport-noconfig.cmake
[15.017s] -- Installing: /home/zhang/rosprc_ws/install/tutorial_interfaces/share/tutorial_interfaces/cmake/rosidl_cmake-extras.cmake
[15.017s] -- Installing: /home/zhang/rosprc_ws/install/tutorial_interfaces/share/tutorial_interfaces/cmake/ament_cmake_export_dependencies-extras.cmake
[15.017s] -- Installing: /home/zhang/rosprc_ws/install/tutorial_interfaces/share/tutorial_interfaces/cmake/ament_cmake_export_include_directories-extras.cmake
[15.017s] -- Installing: /home/zhang/rosprc_ws/install/tutorial_interfaces/share/tutorial_interfaces/cmake/ament_cmake_export_libraries-extras.cmake
[15.018s] -- Installing: /home/zhang/rosprc_ws/install/tutorial_interfaces/share/tutorial_interfaces/cmake/ament_cmake_export_targets-extras.cmake
[15.018s] -- Installing: /home/zhang/rosprc_ws/install/tutorial_interfaces/share/tutorial_interfaces/cmake/rosidl_cmake_export_typesupport_targets-extras.cmake
[15.018s] -- Installing: /home/zhang/rosprc_ws/install/tutorial_interfaces/share/tutorial_interfaces/cmake/rosidl_cmake_export_typesupport_libraries-extras.cmake
[15.018s] -- Installing: /home/zhang/rosprc_ws/install/tutorial_interfaces/share/tutorial_interfaces/cmake/rosidl_cmake_aggregate_target-extras.cmake
[15.018s] -- Installing: /home/zhang/rosprc_ws/install/tutorial_interfaces/share/tutorial_interfaces/cmake/tutorial_interfacesConfig.cmake
[15.018s] -- Installing: /home/zhang/rosprc_ws/install/tutorial_interfaces/share/tutorial_interfaces/cmake/tutorial_interfacesConfig-version.cmake
[15.018s] -- Installing: /home/zhang/rosprc_ws/install/tutorial_interfaces/share/tutorial_interfaces/package.xml
[15.022s] Invoked command in '/home/zhang/rosprc_ws/build/tutorial_interfaces' returned '0': CMAKE_PREFIX_PATH=${CMAKE_PREFIX_PATH}:/home/zhang/rosprc_ws/install/py_srvcli:/home/zhang/rosprc_ws/install/py_pubsub:/home/zhang/rosprc_ws/install/launch_testing_examples:/home/zhang/rosprc_ws/install/examples_rclpy_pointcloud_publisher:/home/zhang/rosprc_ws/install/examples_rclpy_minimal_subscriber:/home/zhang/rosprc_ws/install/examples_rclpy_minimal_service:/home/zhang/rosprc_ws/install/examples_rclpy_minimal_publisher:/home/zhang/rosprc_ws/install/examples_rclpy_minimal_client:/home/zhang/rosprc_ws/install/examples_rclpy_minimal_action_server:/home/zhang/rosprc_ws/install/examples_rclpy_minimal_action_client:/home/zhang/rosprc_ws/install/examples_rclpy_guard_conditions:/home/zhang/rosprc_ws/install/examples_rclpy_executors:/opt/ros/jazzy /usr/bin/cmake --install /home/zhang/rosprc_ws/build/tutorial_interfaces
