[6.341s] Invoking command in '/home/zhang/rosprc_ws/src/examples/rclpy/executors': PYTHONPATH=/home/zhang/rosprc_ws/build/examples_rclpy_executors/prefix_override:/usr/lib/python3/dist-packages/colcon_core/task/python/colcon_distutils_commands:/home/zhang/rosprc_ws/install/examples_rclpy_executors/lib/python3.12/site-packages:${PYTHONPATH} /usr/bin/python3 -W ignore:setup.py install is deprecated -W ignore:easy_install command is deprecated setup.py egg_info --egg-base ../../../../build/examples_rclpy_executors build --build-base /home/zhang/rosprc_ws/build/examples_rclpy_executors/build install --record /home/zhang/rosprc_ws/build/examples_rclpy_executors/install.log --install-scripts $base/lib/examples_rclpy_executors --single-version-externally-managed install_data
[7.027s] running egg_info
[7.069s] writing ../../../../build/examples_rclpy_executors/examples_rclpy_executors.egg-info/PKG-INFO
[7.070s] writing dependency_links to ../../../../build/examples_rclpy_executors/examples_rclpy_executors.egg-info/dependency_links.txt
[7.071s] writing entry points to ../../../../build/examples_rclpy_executors/examples_rclpy_executors.egg-info/entry_points.txt
[7.071s] writing requirements to ../../../../build/examples_rclpy_executors/examples_rclpy_executors.egg-info/requires.txt
[7.073s] writing top-level names to ../../../../build/examples_rclpy_executors/examples_rclpy_executors.egg-info/top_level.txt
[7.163s] reading manifest file '../../../../build/examples_rclpy_executors/examples_rclpy_executors.egg-info/SOURCES.txt'
[7.165s] writing manifest file '../../../../build/examples_rclpy_executors/examples_rclpy_executors.egg-info/SOURCES.txt'
[7.166s] running build
[7.166s] running build_py
[7.168s] running install
[7.183s] running install_lib
[7.235s] running install_data
[7.235s] running install_egg_info
[7.296s] removing '/home/zhang/rosprc_ws/install/examples_rclpy_executors/lib/python3.12/site-packages/examples_rclpy_executors-0.19.7-py3.12.egg-info' (and everything under it)
[7.301s] Copying ../../../../build/examples_rclpy_executors/examples_rclpy_executors.egg-info to /home/zhang/rosprc_ws/install/examples_rclpy_executors/lib/python3.12/site-packages/examples_rclpy_executors-0.19.7-py3.12.egg-info
[7.302s] running install_scripts
[7.641s] Installing callback_group script to /home/zhang/rosprc_ws/install/examples_rclpy_executors/lib/examples_rclpy_executors
[7.641s] Installing composed script to /home/zhang/rosprc_ws/install/examples_rclpy_executors/lib/examples_rclpy_executors
[7.641s] Installing custom_callback_group script to /home/zhang/rosprc_ws/install/examples_rclpy_executors/lib/examples_rclpy_executors
[7.641s] Installing custom_executor script to /home/zhang/rosprc_ws/install/examples_rclpy_executors/lib/examples_rclpy_executors
[7.641s] Installing listener script to /home/zhang/rosprc_ws/install/examples_rclpy_executors/lib/examples_rclpy_executors
[7.642s] Installing talker script to /home/zhang/rosprc_ws/install/examples_rclpy_executors/lib/examples_rclpy_executors
[7.642s] writing list of installed files to '/home/zhang/rosprc_ws/build/examples_rclpy_executors/install.log'
