[1.549s] Invoking command in '/home/zhang/rosprc_ws/build/more_interfaces': CMAKE_PREFIX_PATH=${CMAKE_PREFIX_PATH}:/opt/ros/jazzy /usr/bin/cmake --build /home/zhang/rosprc_ws/build/more_interfaces -- -j20 -l20
[2.518s] [  2%] Built target more_interfaces__rosidl_generator_type_description
[2.519s] [  5%] Built target more_interfaces__rs
[2.520s] [  5%] Built target ament_cmake_python_copy_more_interfaces
[2.521s] [  8%] Built target more_interfaces__cpp
[2.522s] [ 21%] Built target more_interfaces__rosidl_generator_c
[2.522s] [ 29%] Built target more_interfaces__rosidl_typesupport_introspection_cpp
[2.522s] [ 37%] Built target more_interfaces__rosidl_typesupport_introspection_c
[2.522s] [ 45%] Built target more_interfaces__rosidl_typesupport_c
[2.523s] [ 54%] Built target more_interfaces__rosidl_typesupport_cpp
[2.523s] [ 62%] Built target more_interfaces__rosidl_typesupport_fastrtps_cpp
[2.524s] [ 70%] Built target more_interfaces__rosidl_typesupport_fastrtps_c
[2.524s] [ 70%] Built target more_interfaces
[2.525s] [ 75%] Built target publish_address_book
[2.525s] [ 78%] Built target more_interfaces__py
[2.526s] [ 83%] Built target more_interfaces__rosidl_generator_py
[2.527s] [ 89%] Built target more_interfaces_s__rosidl_typesupport_c
[2.527s] [ 94%] Built target more_interfaces_s__rosidl_typesupport_fastrtps_c
[2.527s] [100%] Built target more_interfaces_s__rosidl_typesupport_introspection_c
[2.528s] running egg_info
[2.528s] writing more_interfaces.egg-info/PKG-INFO
[2.530s] writing dependency_links to more_interfaces.egg-info/dependency_links.txt
[2.531s] writing top-level names to more_interfaces.egg-info/top_level.txt
[2.531s] reading manifest file 'more_interfaces.egg-info/SOURCES.txt'
[2.532s] writing manifest file 'more_interfaces.egg-info/SOURCES.txt'
[2.532s] [100%] Built target ament_cmake_python_build_more_interfaces_egg
[2.575s] Invoked command in '/home/zhang/rosprc_ws/build/more_interfaces' returned '0': CMAKE_PREFIX_PATH=${CMAKE_PREFIX_PATH}:/opt/ros/jazzy /usr/bin/cmake --build /home/zhang/rosprc_ws/build/more_interfaces -- -j20 -l20
[2.581s] Invoking command in '/home/zhang/rosprc_ws/build/more_interfaces': CMAKE_PREFIX_PATH=${CMAKE_PREFIX_PATH}:/opt/ros/jazzy /usr/bin/cmake --install /home/zhang/rosprc_ws/build/more_interfaces
[2.614s] -- Install configuration: ""
[2.614s] -- Up-to-date: /home/zhang/rosprc_ws/install/more_interfaces/share/ament_index/resource_index/rosidl_interfaces/more_interfaces
[2.614s] -- Up-to-date: /home/zhang/rosprc_ws/install/more_interfaces/share/more_interfaces/msg/AddressBook.json
[2.615s] -- Up-to-date: /home/zhang/rosprc_ws/install/more_interfaces/include/more_interfaces/more_interfaces
[2.616s] -- Up-to-date: /home/zhang/rosprc_ws/install/more_interfaces/include/more_interfaces/more_interfaces/msg
[2.617s] -- Up-to-date: /home/zhang/rosprc_ws/install/more_interfaces/include/more_interfaces/more_interfaces/msg/detail
[2.617s] -- Up-to-date: /home/zhang/rosprc_ws/install/more_interfaces/include/more_interfaces/more_interfaces/msg/detail/address_book__type_support.h
[2.617s] -- Up-to-date: /home/zhang/rosprc_ws/install/more_interfaces/include/more_interfaces/more_interfaces/msg/detail/address_book__functions.c
[2.617s] -- Up-to-date: /home/zhang/rosprc_ws/install/more_interfaces/include/more_interfaces/more_interfaces/msg/detail/address_book__struct.h
[2.618s] -- Up-to-date: /home/zhang/rosprc_ws/install/more_interfaces/include/more_interfaces/more_interfaces/msg/detail/address_book__description.c
[2.618s] -- Up-to-date: /home/zhang/rosprc_ws/install/more_interfaces/include/more_interfaces/more_interfaces/msg/detail/address_book__type_support.c
[2.618s] -- Up-to-date: /home/zhang/rosprc_ws/install/more_interfaces/include/more_interfaces/more_interfaces/msg/detail/address_book__functions.h
[2.619s] -- Up-to-date: /home/zhang/rosprc_ws/install/more_interfaces/include/more_interfaces/more_interfaces/msg/rosidl_generator_c__visibility_control.h
[2.620s] -- Up-to-date: /home/zhang/rosprc_ws/install/more_interfaces/include/more_interfaces/more_interfaces/msg/address_book.h
[2.620s] -- Up-to-date: /home/zhang/rosprc_ws/install/more_interfaces/share/more_interfaces/environment/library_path.sh
[2.622s] -- Up-to-date: /home/zhang/rosprc_ws/install/more_interfaces/share/more_interfaces/environment/library_path.dsv
[2.622s] -- Up-to-date: /home/zhang/rosprc_ws/install/more_interfaces/lib/libmore_interfaces__rosidl_generator_c.so
[2.622s] -- Up-to-date: /home/zhang/rosprc_ws/install/more_interfaces/include/more_interfaces/more_interfaces
[2.626s] -- Up-to-date: /home/zhang/rosprc_ws/install/more_interfaces/include/more_interfaces/more_interfaces/msg
[2.627s] -- Up-to-date: /home/zhang/rosprc_ws/install/more_interfaces/include/more_interfaces/more_interfaces/msg/rosidl_typesupport_fastrtps_c__visibility_control.h
[2.627s] -- Up-to-date: /home/zhang/rosprc_ws/install/more_interfaces/include/more_interfaces/more_interfaces/msg/detail
[2.627s] -- Up-to-date: /home/zhang/rosprc_ws/install/more_interfaces/include/more_interfaces/more_interfaces/msg/detail/address_book__rosidl_typesupport_fastrtps_c.h
[2.627s] -- Up-to-date: /home/zhang/rosprc_ws/install/more_interfaces/lib/libmore_interfaces__rosidl_typesupport_fastrtps_c.so
[2.627s] -- Up-to-date: /home/zhang/rosprc_ws/install/more_interfaces/include/more_interfaces/more_interfaces
[2.628s] -- Up-to-date: /home/zhang/rosprc_ws/install/more_interfaces/include/more_interfaces/more_interfaces/msg
[2.629s] -- Up-to-date: /home/zhang/rosprc_ws/install/more_interfaces/include/more_interfaces/more_interfaces/msg/detail
[2.632s] -- Up-to-date: /home/zhang/rosprc_ws/install/more_interfaces/include/more_interfaces/more_interfaces/msg/detail/address_book__builder.hpp
[2.632s] -- Up-to-date: /home/zhang/rosprc_ws/install/more_interfaces/include/more_interfaces/more_interfaces/msg/detail/address_book__struct.hpp
[2.634s] -- Up-to-date: /home/zhang/rosprc_ws/install/more_interfaces/include/more_interfaces/more_interfaces/msg/detail/address_book__type_support.hpp
[2.634s] -- Up-to-date: /home/zhang/rosprc_ws/install/more_interfaces/include/more_interfaces/more_interfaces/msg/detail/address_book__traits.hpp
[2.634s] -- Up-to-date: /home/zhang/rosprc_ws/install/more_interfaces/include/more_interfaces/more_interfaces/msg/rosidl_generator_cpp__visibility_control.hpp
[2.634s] -- Up-to-date: /home/zhang/rosprc_ws/install/more_interfaces/include/more_interfaces/more_interfaces/msg/address_book.hpp
[2.634s] -- Up-to-date: /home/zhang/rosprc_ws/install/more_interfaces/include/more_interfaces/more_interfaces
[2.634s] -- Up-to-date: /home/zhang/rosprc_ws/install/more_interfaces/include/more_interfaces/more_interfaces/msg
[2.634s] -- Up-to-date: /home/zhang/rosprc_ws/install/more_interfaces/include/more_interfaces/more_interfaces/msg/detail
[2.635s] -- Up-to-date: /home/zhang/rosprc_ws/install/more_interfaces/include/more_interfaces/more_interfaces/msg/detail/address_book__rosidl_typesupport_fastrtps_cpp.hpp
[2.635s] -- Up-to-date: /home/zhang/rosprc_ws/install/more_interfaces/include/more_interfaces/more_interfaces/msg/detail/dds_fastrtps
[2.635s] -- Up-to-date: /home/zhang/rosprc_ws/install/more_interfaces/include/more_interfaces/more_interfaces/msg/rosidl_typesupport_fastrtps_cpp__visibility_control.h
[2.635s] -- Up-to-date: /home/zhang/rosprc_ws/install/more_interfaces/lib/libmore_interfaces__rosidl_typesupport_fastrtps_cpp.so
[2.635s] -- Up-to-date: /home/zhang/rosprc_ws/install/more_interfaces/include/more_interfaces/more_interfaces
[2.636s] -- Up-to-date: /home/zhang/rosprc_ws/install/more_interfaces/include/more_interfaces/more_interfaces/msg
[2.637s] -- Up-to-date: /home/zhang/rosprc_ws/install/more_interfaces/include/more_interfaces/more_interfaces/msg/detail
[2.637s] -- Up-to-date: /home/zhang/rosprc_ws/install/more_interfaces/include/more_interfaces/more_interfaces/msg/detail/address_book__rosidl_typesupport_introspection_c.h
[2.637s] -- Up-to-date: /home/zhang/rosprc_ws/install/more_interfaces/include/more_interfaces/more_interfaces/msg/detail/address_book__type_support.c
[2.637s] -- Up-to-date: /home/zhang/rosprc_ws/install/more_interfaces/include/more_interfaces/more_interfaces/msg/rosidl_typesupport_introspection_c__visibility_control.h
[2.639s] -- Up-to-date: /home/zhang/rosprc_ws/install/more_interfaces/lib/libmore_interfaces__rosidl_typesupport_introspection_c.so
[2.639s] -- Up-to-date: /home/zhang/rosprc_ws/install/more_interfaces/lib/libmore_interfaces__rosidl_typesupport_c.so
[2.642s] -- Up-to-date: /home/zhang/rosprc_ws/install/more_interfaces/include/more_interfaces/more_interfaces
[2.644s] -- Up-to-date: /home/zhang/rosprc_ws/install/more_interfaces/include/more_interfaces/more_interfaces/msg
[2.644s] -- Up-to-date: /home/zhang/rosprc_ws/install/more_interfaces/include/more_interfaces/more_interfaces/msg/detail
[2.644s] -- Up-to-date: /home/zhang/rosprc_ws/install/more_interfaces/include/more_interfaces/more_interfaces/msg/detail/address_book__type_support.cpp
[2.645s] -- Up-to-date: /home/zhang/rosprc_ws/install/more_interfaces/include/more_interfaces/more_interfaces/msg/detail/address_book__rosidl_typesupport_introspection_cpp.hpp
[2.645s] -- Up-to-date: /home/zhang/rosprc_ws/install/more_interfaces/lib/libmore_interfaces__rosidl_typesupport_introspection_cpp.so
[2.645s] -- Up-to-date: /home/zhang/rosprc_ws/install/more_interfaces/lib/libmore_interfaces__rosidl_typesupport_cpp.so
[2.645s] -- Up-to-date: /home/zhang/rosprc_ws/install/more_interfaces/share/more_interfaces/environment/pythonpath.sh
[2.645s] -- Up-to-date: /home/zhang/rosprc_ws/install/more_interfaces/share/more_interfaces/environment/pythonpath.dsv
[2.645s] -- Up-to-date: /home/zhang/rosprc_ws/install/more_interfaces/lib/python3.12/site-packages/more_interfaces-0.0.0-py3.12.egg-info
[2.645s] -- Installing: /home/zhang/rosprc_ws/install/more_interfaces/lib/python3.12/site-packages/more_interfaces-0.0.0-py3.12.egg-info/PKG-INFO
[2.646s] -- Installing: /home/zhang/rosprc_ws/install/more_interfaces/lib/python3.12/site-packages/more_interfaces-0.0.0-py3.12.egg-info/top_level.txt
[2.647s] -- Installing: /home/zhang/rosprc_ws/install/more_interfaces/lib/python3.12/site-packages/more_interfaces-0.0.0-py3.12.egg-info/dependency_links.txt
[2.647s] -- Installing: /home/zhang/rosprc_ws/install/more_interfaces/lib/python3.12/site-packages/more_interfaces-0.0.0-py3.12.egg-info/SOURCES.txt
[2.647s] -- Up-to-date: /home/zhang/rosprc_ws/install/more_interfaces/lib/python3.12/site-packages/more_interfaces
[2.647s] -- Up-to-date: /home/zhang/rosprc_ws/install/more_interfaces/lib/python3.12/site-packages/more_interfaces/msg
[2.648s] -- Up-to-date: /home/zhang/rosprc_ws/install/more_interfaces/lib/python3.12/site-packages/more_interfaces/msg/_address_book_s.c
[2.648s] -- Up-to-date: /home/zhang/rosprc_ws/install/more_interfaces/lib/python3.12/site-packages/more_interfaces/msg/__init__.py
[2.648s] -- Up-to-date: /home/zhang/rosprc_ws/install/more_interfaces/lib/python3.12/site-packages/more_interfaces/msg/_address_book.py
[2.648s] -- Up-to-date: /home/zhang/rosprc_ws/install/more_interfaces/lib/python3.12/site-packages/more_interfaces/_more_interfaces_s.ep.rosidl_typesupport_fastrtps_c.c
[2.648s] -- Up-to-date: /home/zhang/rosprc_ws/install/more_interfaces/lib/python3.12/site-packages/more_interfaces/more_interfaces_s__rosidl_typesupport_fastrtps_c.so
[2.648s] -- Up-to-date: /home/zhang/rosprc_ws/install/more_interfaces/lib/python3.12/site-packages/more_interfaces/more_interfaces_s__rosidl_typesupport_c.so
[2.648s] -- Up-to-date: /home/zhang/rosprc_ws/install/more_interfaces/lib/python3.12/site-packages/more_interfaces/_more_interfaces_s.ep.rosidl_typesupport_introspection_c.c
[2.649s] -- Up-to-date: /home/zhang/rosprc_ws/install/more_interfaces/lib/python3.12/site-packages/more_interfaces/_more_interfaces_s.ep.rosidl_typesupport_c.c
[2.652s] -- Up-to-date: /home/zhang/rosprc_ws/install/more_interfaces/lib/python3.12/site-packages/more_interfaces/__init__.py
[2.652s] -- Up-to-date: /home/zhang/rosprc_ws/install/more_interfaces/lib/python3.12/site-packages/more_interfaces/more_interfaces_s__rosidl_typesupport_introspection_c.so
[2.745s] Listing '/home/zhang/rosprc_ws/install/more_interfaces/lib/python3.12/site-packages/more_interfaces'...
[2.746s] Listing '/home/zhang/rosprc_ws/install/more_interfaces/lib/python3.12/site-packages/more_interfaces/msg'...
[2.773s] -- Up-to-date: /home/zhang/rosprc_ws/install/more_interfaces/lib/python3.12/site-packages/more_interfaces/more_interfaces_s__rosidl_typesupport_fastrtps_c.so
[2.773s] -- Up-to-date: /home/zhang/rosprc_ws/install/more_interfaces/lib/python3.12/site-packages/more_interfaces/more_interfaces_s__rosidl_typesupport_introspection_c.so
[2.774s] -- Up-to-date: /home/zhang/rosprc_ws/install/more_interfaces/lib/python3.12/site-packages/more_interfaces/more_interfaces_s__rosidl_typesupport_c.so
[2.774s] -- Up-to-date: /home/zhang/rosprc_ws/install/more_interfaces/lib/libmore_interfaces__rosidl_generator_py.so
[2.774s] -- Up-to-date: /home/zhang/rosprc_ws/install/more_interfaces/share/ament_index/resource_index/rust_packages/more_interfaces
[2.774s] -- Up-to-date: /home/zhang/rosprc_ws/install/more_interfaces/share/more_interfaces/rust
[2.776s] -- Up-to-date: /home/zhang/rosprc_ws/install/more_interfaces/share/more_interfaces/rust/Cargo.toml
[2.776s] -- Up-to-date: /home/zhang/rosprc_ws/install/more_interfaces/share/more_interfaces/rust/src
[2.777s] -- Up-to-date: /home/zhang/rosprc_ws/install/more_interfaces/share/more_interfaces/rust/src/msg
[2.777s] -- Up-to-date: /home/zhang/rosprc_ws/install/more_interfaces/share/more_interfaces/rust/src/msg/rmw.rs
[2.777s] -- Up-to-date: /home/zhang/rosprc_ws/install/more_interfaces/share/more_interfaces/rust/src/lib.rs
[2.778s] -- Up-to-date: /home/zhang/rosprc_ws/install/more_interfaces/share/more_interfaces/rust/src/msg.rs
[2.778s] -- Up-to-date: /home/zhang/rosprc_ws/install/more_interfaces/share/more_interfaces/rust/build.rs
[2.778s] -- Up-to-date: /home/zhang/rosprc_ws/install/more_interfaces/share/more_interfaces/msg/AddressBook.idl
[2.778s] -- Up-to-date: /home/zhang/rosprc_ws/install/more_interfaces/share/more_interfaces/msg/AddressBook.msg
[2.781s] -- Up-to-date: /home/zhang/rosprc_ws/install/more_interfaces/lib/more_interfaces/publish_address_book
[2.786s] -- Up-to-date: /home/zhang/rosprc_ws/install/more_interfaces/share/ament_index/resource_index/package_run_dependencies/more_interfaces
[2.786s] -- Up-to-date: /home/zhang/rosprc_ws/install/more_interfaces/share/ament_index/resource_index/parent_prefix_path/more_interfaces
[2.786s] -- Up-to-date: /home/zhang/rosprc_ws/install/more_interfaces/share/more_interfaces/environment/ament_prefix_path.sh
[2.786s] -- Up-to-date: /home/zhang/rosprc_ws/install/more_interfaces/share/more_interfaces/environment/ament_prefix_path.dsv
[2.786s] -- Up-to-date: /home/zhang/rosprc_ws/install/more_interfaces/share/more_interfaces/environment/path.sh
[2.786s] -- Up-to-date: /home/zhang/rosprc_ws/install/more_interfaces/share/more_interfaces/environment/path.dsv
[2.787s] -- Up-to-date: /home/zhang/rosprc_ws/install/more_interfaces/share/more_interfaces/local_setup.bash
[2.787s] -- Up-to-date: /home/zhang/rosprc_ws/install/more_interfaces/share/more_interfaces/local_setup.sh
[2.787s] -- Up-to-date: /home/zhang/rosprc_ws/install/more_interfaces/share/more_interfaces/local_setup.zsh
[2.787s] -- Up-to-date: /home/zhang/rosprc_ws/install/more_interfaces/share/more_interfaces/local_setup.dsv
[2.787s] -- Installing: /home/zhang/rosprc_ws/install/more_interfaces/share/more_interfaces/package.dsv
[2.788s] -- Up-to-date: /home/zhang/rosprc_ws/install/more_interfaces/share/ament_index/resource_index/packages/more_interfaces
[2.791s] -- Up-to-date: /home/zhang/rosprc_ws/install/more_interfaces/share/more_interfaces/cmake/export_more_interfaces__rosidl_generator_cExport.cmake
[2.791s] -- Up-to-date: /home/zhang/rosprc_ws/install/more_interfaces/share/more_interfaces/cmake/export_more_interfaces__rosidl_generator_cExport-noconfig.cmake
[2.794s] -- Up-to-date: /home/zhang/rosprc_ws/install/more_interfaces/share/more_interfaces/cmake/export_more_interfaces__rosidl_typesupport_fastrtps_cExport.cmake
[2.794s] -- Up-to-date: /home/zhang/rosprc_ws/install/more_interfaces/share/more_interfaces/cmake/export_more_interfaces__rosidl_typesupport_fastrtps_cExport-noconfig.cmake
[2.798s] -- Up-to-date: /home/zhang/rosprc_ws/install/more_interfaces/share/more_interfaces/cmake/export_more_interfaces__rosidl_generator_cppExport.cmake
[2.798s] -- Up-to-date: /home/zhang/rosprc_ws/install/more_interfaces/share/more_interfaces/cmake/export_more_interfaces__rosidl_typesupport_fastrtps_cppExport.cmake
[2.799s] -- Up-to-date: /home/zhang/rosprc_ws/install/more_interfaces/share/more_interfaces/cmake/export_more_interfaces__rosidl_typesupport_fastrtps_cppExport-noconfig.cmake
[2.804s] -- Up-to-date: /home/zhang/rosprc_ws/install/more_interfaces/share/more_interfaces/cmake/more_interfaces__rosidl_typesupport_introspection_cExport.cmake
[2.806s] -- Up-to-date: /home/zhang/rosprc_ws/install/more_interfaces/share/more_interfaces/cmake/more_interfaces__rosidl_typesupport_introspection_cExport-noconfig.cmake
[2.806s] -- Up-to-date: /home/zhang/rosprc_ws/install/more_interfaces/share/more_interfaces/cmake/more_interfaces__rosidl_typesupport_cExport.cmake
[2.806s] -- Up-to-date: /home/zhang/rosprc_ws/install/more_interfaces/share/more_interfaces/cmake/more_interfaces__rosidl_typesupport_cExport-noconfig.cmake
[2.807s] -- Up-to-date: /home/zhang/rosprc_ws/install/more_interfaces/share/more_interfaces/cmake/more_interfaces__rosidl_typesupport_introspection_cppExport.cmake
[2.809s] -- Up-to-date: /home/zhang/rosprc_ws/install/more_interfaces/share/more_interfaces/cmake/more_interfaces__rosidl_typesupport_introspection_cppExport-noconfig.cmake
[2.813s] -- Up-to-date: /home/zhang/rosprc_ws/install/more_interfaces/share/more_interfaces/cmake/more_interfaces__rosidl_typesupport_cppExport.cmake
[2.814s] -- Up-to-date: /home/zhang/rosprc_ws/install/more_interfaces/share/more_interfaces/cmake/more_interfaces__rosidl_typesupport_cppExport-noconfig.cmake
[2.828s] -- Up-to-date: /home/zhang/rosprc_ws/install/more_interfaces/share/more_interfaces/cmake/export_more_interfaces__rosidl_generator_pyExport.cmake
[2.828s] -- Up-to-date: /home/zhang/rosprc_ws/install/more_interfaces/share/more_interfaces/cmake/export_more_interfaces__rosidl_generator_pyExport-noconfig.cmake
[2.829s] -- Up-to-date: /home/zhang/rosprc_ws/install/more_interfaces/share/more_interfaces/cmake/rosidl_cmake-extras.cmake
[2.829s] -- Up-to-date: /home/zhang/rosprc_ws/install/more_interfaces/share/more_interfaces/cmake/ament_cmake_export_include_directories-extras.cmake
[2.829s] -- Up-to-date: /home/zhang/rosprc_ws/install/more_interfaces/share/more_interfaces/cmake/ament_cmake_export_libraries-extras.cmake
[2.829s] -- Up-to-date: /home/zhang/rosprc_ws/install/more_interfaces/share/more_interfaces/cmake/ament_cmake_export_targets-extras.cmake
[2.829s] -- Up-to-date: /home/zhang/rosprc_ws/install/more_interfaces/share/more_interfaces/cmake/rosidl_cmake_export_typesupport_targets-extras.cmake
[2.829s] -- Up-to-date: /home/zhang/rosprc_ws/install/more_interfaces/share/more_interfaces/cmake/ament_cmake_export_dependencies-extras.cmake
[2.829s] -- Up-to-date: /home/zhang/rosprc_ws/install/more_interfaces/share/more_interfaces/cmake/rosidl_cmake_export_typesupport_libraries-extras.cmake
[2.829s] -- Up-to-date: /home/zhang/rosprc_ws/install/more_interfaces/share/more_interfaces/cmake/rosidl_cmake_aggregate_target-extras.cmake
[2.829s] -- Up-to-date: /home/zhang/rosprc_ws/install/more_interfaces/share/more_interfaces/cmake/more_interfacesConfig.cmake
[2.829s] -- Up-to-date: /home/zhang/rosprc_ws/install/more_interfaces/share/more_interfaces/cmake/more_interfacesConfig-version.cmake
[2.830s] -- Up-to-date: /home/zhang/rosprc_ws/install/more_interfaces/share/more_interfaces/package.xml
[2.841s] Invoked command in '/home/zhang/rosprc_ws/build/more_interfaces' returned '0': CMAKE_PREFIX_PATH=${CMAKE_PREFIX_PATH}:/opt/ros/jazzy /usr/bin/cmake --install /home/zhang/rosprc_ws/build/more_interfaces
