[0.161s] Invoking command in '/home/zhang/rosprc_ws/build/examples_rclcpp_minimal_client': CMAKE_PREFIX_PATH=${CMAKE_PREFIX_PATH}:/opt/ros/jazzy /usr/bin/cmake /home/zhang/rosprc_ws/src/examples/rclcpp/services/minimal_client -DCMAKE_INSTALL_PREFIX=/home/zhang/rosprc_ws/install/examples_rclcpp_minimal_client
[2.381s] -- Found ament_cmake: 2.5.6 (/opt/ros/jazzy/share/ament_cmake/cmake)
[2.382s] -- Override CMake install command with custom implementation using symlinks instead of copying resources
[2.383s] -- Found example_interfaces: 0.12.1 (/opt/ros/jazzy/share/example_interfaces/cmake)
[3.185s] -- Found rosidl_generator_c: 4.6.9 (/opt/ros/jazzy/share/rosidl_generator_c/cmake)
[3.204s] -- Found rosidl_generator_cpp: 4.6.9 (/opt/ros/jazzy/share/rosidl_generator_cpp/cmake)
[3.229s] -- Using all available rosidl_typesupport_c: rosidl_typesupport_fastrtps_c;rosidl_typesupport_introspection_c
[3.262s] -- Using all available rosidl_typesupport_cpp: rosidl_typesupport_fastrtps_cpp;rosidl_typesupport_introspection_cpp
[3.482s] -- Found rclcpp: 28.1.21 (/opt/ros/jazzy/share/rclcpp/cmake)
[3.543s] -- Found rmw_implementation_cmake: 7.3.3 (/opt/ros/jazzy/share/rmw_implementation_cmake/cmake)
[3.545s] -- Found rmw_fastrtps_cpp: 8.4.4 (/opt/ros/jazzy/share/rmw_fastrtps_cpp/cmake)
[3.941s] -- Using RMW implementation 'rmw_fastrtps_cpp' as default
[4.284s] -- Found ament_lint_auto: 0.17.5 (/opt/ros/jazzy/share/ament_lint_auto/cmake)
[4.519s] -- Added test 'copyright' to check source files copyright and LICENSE
[4.520s] -- Added test 'cppcheck' to perform static code analysis on C / C++ code
[4.521s] -- Configured cppcheck include dirs: 
[4.521s] -- Configured cppcheck exclude dirs and/or files: 
[4.525s] -- Added test 'cpplint' to check C / C++ code against the Google style
[4.525s] -- Configured cpplint exclude dirs and/or files: 
[4.531s] -- Added test 'lint_cmake' to check CMake code style
[4.532s] -- Added test 'uncrustify' to check C / C++ code style
[4.540s] -- Configured uncrustify additional arguments: 
[4.540s] -- Added test 'xmllint' to check XML markup files
[4.541s] -- Configuring done (4.3s)
[4.624s] -- Generating done (0.1s)
[4.635s] -- Build files have been written to: /home/zhang/rosprc_ws/build/examples_rclcpp_minimal_client
[4.670s] Invoked command in '/home/zhang/rosprc_ws/build/examples_rclcpp_minimal_client' returned '0': CMAKE_PREFIX_PATH=${CMAKE_PREFIX_PATH}:/opt/ros/jazzy /usr/bin/cmake /home/zhang/rosprc_ws/src/examples/rclcpp/services/minimal_client -DCMAKE_INSTALL_PREFIX=/home/zhang/rosprc_ws/install/examples_rclcpp_minimal_client
[4.673s] Invoking command in '/home/zhang/rosprc_ws/build/examples_rclcpp_minimal_client': CMAKE_PREFIX_PATH=${CMAKE_PREFIX_PATH}:/opt/ros/jazzy /usr/bin/cmake --build /home/zhang/rosprc_ws/build/examples_rclcpp_minimal_client -- -j20 -l20
[4.885s] [100%] Built target client_main
[4.952s] Invoked command in '/home/zhang/rosprc_ws/build/examples_rclcpp_minimal_client' returned '0': CMAKE_PREFIX_PATH=${CMAKE_PREFIX_PATH}:/opt/ros/jazzy /usr/bin/cmake --build /home/zhang/rosprc_ws/build/examples_rclcpp_minimal_client -- -j20 -l20
[4.961s] Invoking command in '/home/zhang/rosprc_ws/build/examples_rclcpp_minimal_client': CMAKE_PREFIX_PATH=${CMAKE_PREFIX_PATH}:/opt/ros/jazzy /usr/bin/cmake --install /home/zhang/rosprc_ws/build/examples_rclcpp_minimal_client
[5.000s] -- Install configuration: ""
[5.000s] -- Execute custom install script
[5.000s] -- Up-to-date symlink: /home/zhang/rosprc_ws/install/examples_rclcpp_minimal_client/lib/examples_rclcpp_minimal_client/client_main
[5.000s] -- Up-to-date symlink: /home/zhang/rosprc_ws/install/examples_rclcpp_minimal_client/share/ament_index/resource_index/package_run_dependencies/examples_rclcpp_minimal_client
[5.001s] -- Up-to-date symlink: /home/zhang/rosprc_ws/install/examples_rclcpp_minimal_client/share/ament_index/resource_index/parent_prefix_path/examples_rclcpp_minimal_client
[5.001s] -- Up-to-date symlink: /home/zhang/rosprc_ws/install/examples_rclcpp_minimal_client/share/examples_rclcpp_minimal_client/environment/ament_prefix_path.sh
[5.001s] -- Up-to-date symlink: /home/zhang/rosprc_ws/install/examples_rclcpp_minimal_client/share/examples_rclcpp_minimal_client/environment/ament_prefix_path.dsv
[5.001s] -- Up-to-date symlink: /home/zhang/rosprc_ws/install/examples_rclcpp_minimal_client/share/examples_rclcpp_minimal_client/environment/path.sh
[5.001s] -- Up-to-date symlink: /home/zhang/rosprc_ws/install/examples_rclcpp_minimal_client/share/examples_rclcpp_minimal_client/environment/path.dsv
[5.001s] -- Up-to-date symlink: /home/zhang/rosprc_ws/install/examples_rclcpp_minimal_client/share/examples_rclcpp_minimal_client/local_setup.bash
[5.005s] -- Up-to-date symlink: /home/zhang/rosprc_ws/install/examples_rclcpp_minimal_client/share/examples_rclcpp_minimal_client/local_setup.sh
[5.006s] -- Up-to-date symlink: /home/zhang/rosprc_ws/install/examples_rclcpp_minimal_client/share/examples_rclcpp_minimal_client/local_setup.zsh
[5.014s] -- Up-to-date symlink: /home/zhang/rosprc_ws/install/examples_rclcpp_minimal_client/share/examples_rclcpp_minimal_client/local_setup.dsv
[5.014s] -- Symlinking: /home/zhang/rosprc_ws/install/examples_rclcpp_minimal_client/share/examples_rclcpp_minimal_client/package.dsv
[5.064s] -- Up-to-date symlink: /home/zhang/rosprc_ws/install/examples_rclcpp_minimal_client/share/ament_index/resource_index/packages/examples_rclcpp_minimal_client
[5.064s] -- Up-to-date symlink: /home/zhang/rosprc_ws/install/examples_rclcpp_minimal_client/share/examples_rclcpp_minimal_client/cmake/examples_rclcpp_minimal_clientConfig.cmake
[5.064s] -- Up-to-date symlink: /home/zhang/rosprc_ws/install/examples_rclcpp_minimal_client/share/examples_rclcpp_minimal_client/cmake/examples_rclcpp_minimal_clientConfig-version.cmake
[5.093s] -- Up-to-date symlink: /home/zhang/rosprc_ws/install/examples_rclcpp_minimal_client/share/examples_rclcpp_minimal_client/package.xml
[5.172s] Invoked command in '/home/zhang/rosprc_ws/build/examples_rclcpp_minimal_client' returned '0': CMAKE_PREFIX_PATH=${CMAKE_PREFIX_PATH}:/opt/ros/jazzy /usr/bin/cmake --install /home/zhang/rosprc_ws/build/examples_rclcpp_minimal_client
