[1.018s] Invoking command in '/home/zhang/rosprc_ws/src/python_parameters': PYTHONPATH=/home/zhang/rosprc_ws/build/python_parameters/prefix_override:/usr/lib/python3/dist-packages/colcon_core/task/python/colcon_distutils_commands:/home/zhang/rosprc_ws/install/python_parameters/lib/python3.12/site-packages:${PYTHONPATH} /usr/bin/python3 -W ignore:setup.py install is deprecated -W ignore:easy_install command is deprecated setup.py egg_info --egg-base ../../build/python_parameters build --build-base /home/zhang/rosprc_ws/build/python_parameters/build install --record /home/zhang/rosprc_ws/build/python_parameters/install.log --install-scripts $base/lib/python_parameters --single-version-externally-managed install_data
[1.352s] running egg_info
[1.376s] writing ../../build/python_parameters/python_parameters.egg-info/PKG-INFO
[1.377s] writing dependency_links to ../../build/python_parameters/python_parameters.egg-info/dependency_links.txt
[1.377s] writing requirements to ../../build/python_parameters/python_parameters.egg-info/requires.txt
[1.377s] writing top-level names to ../../build/python_parameters/python_parameters.egg-info/top_level.txt
[1.428s] reading manifest file '../../build/python_parameters/python_parameters.egg-info/SOURCES.txt'
[1.429s] adding license file 'LICENSE'
[1.430s] writing manifest file '../../build/python_parameters/python_parameters.egg-info/SOURCES.txt'
[1.430s] running build
[1.430s] running build_py
[1.431s] running install
[1.439s] running install_lib
[1.461s] running install_data
[1.461s] running install_egg_info
[1.483s] removing '/home/zhang/rosprc_ws/install/python_parameters/lib/python3.12/site-packages/python_parameters-0.0.0-py3.12.egg-info' (and everything under it)
[1.484s] Copying ../../build/python_parameters/python_parameters.egg-info to /home/zhang/rosprc_ws/install/python_parameters/lib/python3.12/site-packages/python_parameters-0.0.0-py3.12.egg-info
[1.484s] running install_scripts
[1.651s] writing list of installed files to '/home/zhang/rosprc_ws/build/python_parameters/install.log'
[1.688s] Invoked command in '/home/zhang/rosprc_ws/src/python_parameters' returned '0': PYTHONPATH=/home/zhang/rosprc_ws/build/python_parameters/prefix_override:/usr/lib/python3/dist-packages/colcon_core/task/python/colcon_distutils_commands:/home/zhang/rosprc_ws/install/python_parameters/lib/python3.12/site-packages:${PYTHONPATH} /usr/bin/python3 -W ignore:setup.py install is deprecated -W ignore:easy_install command is deprecated setup.py egg_info --egg-base ../../build/python_parameters build --build-base /home/zhang/rosprc_ws/build/python_parameters/build install --record /home/zhang/rosprc_ws/build/python_parameters/install.log --install-scripts $base/lib/python_parameters --single-version-externally-managed install_data
