[0.308s] Invoking command in '/home/zhang/rosprc_ws/build/examples_rclcpp_wait_set': CMAKE_PREFIX_PATH=${CMAKE_PREFIX_PATH}:/opt/ros/jazzy /usr/bin/cmake /home/zhang/rosprc_ws/src/examples/rclcpp/wait_set -DAMENT_CMAKE_SYMLINK_INSTALL=1 -DCMAKE_INSTALL_PREFIX=/home/zhang/rosprc_ws/install/examples_rclcpp_wait_set
[3.418s] -- The C compiler identification is GNU 13.3.0
[3.420s] -- The CXX compiler identification is GNU 13.3.0
[3.457s] -- Detecting C compiler ABI info
[4.288s] -- Detecting C compiler ABI info - done
[4.317s] -- Check for working C compiler: /usr/bin/cc - skipped
[4.317s] -- Detecting C compile features
[4.319s] -- Detecting C compile features - done
[4.510s] -- Detecting CXX compiler ABI info
[5.302s] -- Detecting CXX compiler ABI info - done
[5.361s] -- Check for working CXX compiler: /usr/bin/c++ - skipped
[5.365s] -- Detecting CXX compile features
[5.369s] -- Detecting CXX compile features - done
[5.386s] -- Found ament_cmake: 2.5.6 (/opt/ros/jazzy/share/ament_cmake/cmake)
[6.077s] -- Found Python3: /usr/bin/python3 (found version "3.12.3") found components: Interpreter 
[6.408s] -- Override CMake install command with custom implementation using symlinks instead of copying resources
[6.608s] -- Found example_interfaces: 0.12.1 (/opt/ros/jazzy/share/example_interfaces/cmake)
[11.363s] -- Found rosidl_generator_c: 4.6.9 (/opt/ros/jazzy/share/rosidl_generator_c/cmake)
[11.403s] -- Found rosidl_generator_cpp: 4.6.9 (/opt/ros/jazzy/share/rosidl_generator_cpp/cmake)
[11.454s] -- Using all available rosidl_typesupport_c: rosidl_typesupport_fastrtps_c;rosidl_typesupport_introspection_c
[11.500s] -- Using all available rosidl_typesupport_cpp: rosidl_typesupport_fastrtps_cpp;rosidl_typesupport_introspection_cpp
[11.820s] -- Found rclcpp: 28.1.21 (/opt/ros/jazzy/share/rclcpp/cmake)
[11.996s] -- Found rmw_implementation_cmake: 7.3.3 (/opt/ros/jazzy/share/rmw_implementation_cmake/cmake)
[12.018s] -- Found rmw_fastrtps_cpp: 8.4.4 (/opt/ros/jazzy/share/rmw_fastrtps_cpp/cmake)
[12.279s] -- Found OpenSSL: /usr/lib/x86_64-linux-gnu/libcrypto.so (found version "3.0.13")  
[12.642s] -- Found FastRTPS: /opt/ros/jazzy/include (Required is at least version "2.13") 
[12.902s] -- Using RMW implementation 'rmw_fastrtps_cpp' as default
[13.391s] -- Found rclcpp_components: 28.1.21 (/opt/ros/jazzy/share/rclcpp_components/cmake)
[13.544s] -- Found std_msgs: 5.3.8 (/opt/ros/jazzy/share/std_msgs/cmake)
[13.634s] -- Found ament_lint_auto: 0.17.5 (/opt/ros/jazzy/share/ament_lint_auto/cmake)
[14.032s] -- Added test 'copyright' to check source files copyright and LICENSE
[14.038s] -- Added test 'cppcheck' to perform static code analysis on C / C++ code
[14.040s] -- Configured cppcheck include dirs: /home/zhang/rosprc_ws/src/examples/rclcpp/wait_set/include
[14.040s] -- Configured cppcheck exclude dirs and/or files: 
[14.041s] -- Added test 'cpplint' to check C / C++ code against the Google style
[14.041s] -- Configured cpplint exclude dirs and/or files: 
[14.044s] -- Added test 'lint_cmake' to check CMake code style
[14.049s] -- Added test 'uncrustify' to check C / C++ code style
[14.050s] -- Configured uncrustify additional arguments: 
[14.051s] -- Added test 'xmllint' to check XML markup files
[14.059s] -- Configuring done (13.7s)
[14.193s] -- Generating done (0.1s)
[14.237s] -- Build files have been written to: /home/zhang/rosprc_ws/build/examples_rclcpp_wait_set
[17.658s] Invoked command in '/home/zhang/rosprc_ws/build/examples_rclcpp_wait_set' returned '0': CMAKE_PREFIX_PATH=${CMAKE_PREFIX_PATH}:/opt/ros/jazzy /usr/bin/cmake /home/zhang/rosprc_ws/src/examples/rclcpp/wait_set -DAMENT_CMAKE_SYMLINK_INSTALL=1 -DCMAKE_INSTALL_PREFIX=/home/zhang/rosprc_ws/install/examples_rclcpp_wait_set
[17.658s] Invoking command in '/home/zhang/rosprc_ws/build/examples_rclcpp_wait_set': CMAKE_PREFIX_PATH=${CMAKE_PREFIX_PATH}:/opt/ros/jazzy /usr/bin/cmake --build /home/zhang/rosprc_ws/build/examples_rclcpp_wait_set -- -j20 -l20
[24.337s] [  4%] [32mBuilding CXX object CMakeFiles/listener.dir/src/listener.cpp.o[0m
[24.402s] [  8%] [32mBuilding CXX object CMakeFiles/wait_set_topics_and_timer.dir/src/wait_set_topics_and_timer.cpp.o[0m
[24.404s] [ 12%] [32mBuilding CXX object CMakeFiles/talker.dir/src/talker.cpp.o[0m
[24.404s] [ 16%] [32mBuilding CXX object CMakeFiles/wait_set_random_order.dir/src/wait_set_random_order.cpp.o[0m
[24.484s] [ 20%] [32mBuilding CXX object CMakeFiles/wait_set.dir/src/wait_set.cpp.o[0m
[24.484s] [ 25%] [32mBuilding CXX object CMakeFiles/wait_set_talker.dir/rclcpp_components/node_main_wait_set_talker.cpp.o[0m
[24.484s] [ 29%] [32mBuilding CXX object CMakeFiles/wait_set_listener.dir/rclcpp_components/node_main_wait_set_listener.cpp.o[0m
[24.485s] [ 33%] [32mBuilding CXX object CMakeFiles/thread_safe_wait_set.dir/src/thread_safe_wait_set.cpp.o[0m
[24.485s] [ 37%] [32mBuilding CXX object CMakeFiles/wait_set_topics_with_different_rates.dir/src/wait_set_topics_with_different_rates.cpp.o[0m
[24.485s] [ 41%] [32mBuilding CXX object CMakeFiles/executor_random_order.dir/src/executor_random_order.cpp.o[0m
[24.485s] [ 45%] [32mBuilding CXX object CMakeFiles/static_wait_set.dir/src/static_wait_set.cpp.o[0m
