[1.384s] Invoking command in '/home/zhang/rosprc_ws/src/python_parameters': PYTHONPATH=/home/zhang/rosprc_ws/build/python_parameters/prefix_override:/usr/lib/python3/dist-packages/colcon_core/task/python/colcon_distutils_commands:/home/zhang/rosprc_ws/install/python_parameters/lib/python3.12/site-packages:${PYTHONPATH} /usr/bin/python3 -W ignore:setup.py install is deprecated -W ignore:easy_install command is deprecated setup.py egg_info --egg-base ../../build/python_parameters build --build-base /home/zhang/rosprc_ws/build/python_parameters/build install --record /home/zhang/rosprc_ws/build/python_parameters/install.log --install-scripts $base/lib/python_parameters --single-version-externally-managed install_data
[1.777s] running egg_info
[1.778s] creating ../../build/python_parameters/python_parameters.egg-info
[1.803s] writing ../../build/python_parameters/python_parameters.egg-info/PKG-INFO
[1.804s] writing dependency_links to ../../build/python_parameters/python_parameters.egg-info/dependency_links.txt
[1.804s] writing entry points to ../../build/python_parameters/python_parameters.egg-info/entry_points.txt
[1.804s] writing requirements to ../../build/python_parameters/python_parameters.egg-info/requires.txt
[1.804s] writing top-level names to ../../build/python_parameters/python_parameters.egg-info/top_level.txt
[1.804s] writing manifest file '../../build/python_parameters/python_parameters.egg-info/SOURCES.txt'
[1.855s] reading manifest file '../../build/python_parameters/python_parameters.egg-info/SOURCES.txt'
[1.855s] adding license file 'LICENSE'
[1.856s] writing manifest file '../../build/python_parameters/python_parameters.egg-info/SOURCES.txt'
[1.857s] running build
[1.857s] running build_py
[1.857s] creating /home/zhang/rosprc_ws/build/python_parameters/build
[1.858s] creating /home/zhang/rosprc_ws/build/python_parameters/build/lib
[1.858s] creating /home/zhang/rosprc_ws/build/python_parameters/build/lib/python_parameters
[1.858s] copying python_parameters/python_parameters_node.py -> /home/zhang/rosprc_ws/build/python_parameters/build/lib/python_parameters
[1.858s] copying python_parameters/__init__.py -> /home/zhang/rosprc_ws/build/python_parameters/build/lib/python_parameters
[1.859s] running install
[1.867s] running install_lib
[1.893s] creating /home/zhang/rosprc_ws/install/python_parameters/lib/python3.12/site-packages/python_parameters
[1.894s] copying /home/zhang/rosprc_ws/build/python_parameters/build/lib/python_parameters/python_parameters_node.py -> /home/zhang/rosprc_ws/install/python_parameters/lib/python3.12/site-packages/python_parameters
[1.894s] copying /home/zhang/rosprc_ws/build/python_parameters/build/lib/python_parameters/__init__.py -> /home/zhang/rosprc_ws/install/python_parameters/lib/python3.12/site-packages/python_parameters
[1.894s] byte-compiling /home/zhang/rosprc_ws/install/python_parameters/lib/python3.12/site-packages/python_parameters/python_parameters_node.py to python_parameters_node.cpython-312.pyc
[1.896s] byte-compiling /home/zhang/rosprc_ws/install/python_parameters/lib/python3.12/site-packages/python_parameters/__init__.py to __init__.cpython-312.pyc
[1.896s] running install_data
[1.897s] creating /home/zhang/rosprc_ws/install/python_parameters/share/ament_index
[1.897s] creating /home/zhang/rosprc_ws/install/python_parameters/share/ament_index/resource_index
[1.897s] creating /home/zhang/rosprc_ws/install/python_parameters/share/ament_index/resource_index/packages
[1.898s] copying resource/python_parameters -> /home/zhang/rosprc_ws/install/python_parameters/share/ament_index/resource_index/packages
[1.898s] copying package.xml -> /home/zhang/rosprc_ws/install/python_parameters/share/python_parameters
[1.898s] running install_egg_info
[1.923s] Copying ../../build/python_parameters/python_parameters.egg-info to /home/zhang/rosprc_ws/install/python_parameters/lib/python3.12/site-packages/python_parameters-0.0.0-py3.12.egg-info
[1.925s] running install_scripts
[2.189s] Installing minimal_param_node script to /home/zhang/rosprc_ws/install/python_parameters/lib/python_parameters
[2.190s] writing list of installed files to '/home/zhang/rosprc_ws/build/python_parameters/install.log'
[2.282s] Invoked command in '/home/zhang/rosprc_ws/src/python_parameters' returned '0': PYTHONPATH=/home/zhang/rosprc_ws/build/python_parameters/prefix_override:/usr/lib/python3/dist-packages/colcon_core/task/python/colcon_distutils_commands:/home/zhang/rosprc_ws/install/python_parameters/lib/python3.12/site-packages:${PYTHONPATH} /usr/bin/python3 -W ignore:setup.py install is deprecated -W ignore:easy_install command is deprecated setup.py egg_info --egg-base ../../build/python_parameters build --build-base /home/zhang/rosprc_ws/build/python_parameters/build install --record /home/zhang/rosprc_ws/build/python_parameters/install.log --install-scripts $base/lib/python_parameters --single-version-externally-managed install_data
