[0.406s] Invoking command in '/home/zhang/rosprc_ws/build/examples_rclcpp_minimal_action_client': CMAKE_PREFIX_PATH=${CMAKE_PREFIX_PATH}:/opt/ros/jazzy /usr/bin/cmake /home/zhang/rosprc_ws/src/examples/rclcpp/actions/minimal_action_client -DAMENT_CMAKE_SYMLINK_INSTALL=1 -DCMAKE_INSTALL_PREFIX=/home/zhang/rosprc_ws/install/examples_rclcpp_minimal_action_client
[3.553s] -- The C compiler identification is GNU 13.3.0
[3.554s] -- The CXX compiler identification is GNU 13.3.0
[3.709s] -- Detecting C compiler ABI info
[4.560s] -- Detecting C compiler ABI info - done
[4.585s] -- Check for working C compiler: /usr/bin/cc - skipped
[4.586s] -- Detecting C compile features
[4.586s] -- Detecting C compile features - done
[4.849s] -- Detecting CXX compiler ABI info
[6.320s] -- Detecting CXX compiler ABI info - done
[6.366s] -- Check for working CXX compiler: /usr/bin/c++ - skipped
[6.367s] -- Detecting CXX compile features
[6.367s] -- Detecting CXX compile features - done
[6.380s] -- Found ament_cmake: 2.5.6 (/opt/ros/jazzy/share/ament_cmake/cmake)
[7.012s] -- Found Python3: /usr/bin/python3 (found version "3.12.3") found components: Interpreter 
[7.250s] -- Override CMake install command with custom implementation using symlinks instead of copying resources
[7.408s] -- Found example_interfaces: 0.12.1 (/opt/ros/jazzy/share/example_interfaces/cmake)
[11.612s] -- Found rosidl_generator_c: 4.6.9 (/opt/ros/jazzy/share/rosidl_generator_c/cmake)
[11.640s] -- Found rosidl_generator_cpp: 4.6.9 (/opt/ros/jazzy/share/rosidl_generator_cpp/cmake)
[11.674s] -- Using all available rosidl_typesupport_c: rosidl_typesupport_fastrtps_c;rosidl_typesupport_introspection_c
[11.713s] -- Using all available rosidl_typesupport_cpp: rosidl_typesupport_fastrtps_cpp;rosidl_typesupport_introspection_cpp
[11.985s] -- Found rclcpp: 28.1.21 (/opt/ros/jazzy/share/rclcpp/cmake)
[12.162s] -- Found rmw_implementation_cmake: 7.3.3 (/opt/ros/jazzy/share/rmw_implementation_cmake/cmake)
[12.178s] -- Found rmw_fastrtps_cpp: 8.4.4 (/opt/ros/jazzy/share/rmw_fastrtps_cpp/cmake)
[12.437s] -- Found OpenSSL: /usr/lib/x86_64-linux-gnu/libcrypto.so (found version "3.0.13")  
[12.798s] -- Found FastRTPS: /opt/ros/jazzy/include (Required is at least version "2.13") 
[13.005s] -- Using RMW implementation 'rmw_fastrtps_cpp' as default
[13.521s] -- Found rclcpp_action: 28.1.21 (/opt/ros/jazzy/share/rclcpp_action/cmake)
[13.594s] -- Found ament_lint_auto: 0.17.5 (/opt/ros/jazzy/share/ament_lint_auto/cmake)
[14.125s] -- Added test 'copyright' to check source files copyright and LICENSE
[14.126s] -- Added test 'cppcheck' to perform static code analysis on C / C++ code
[14.126s] -- Configured cppcheck include dirs: 
[14.127s] -- Configured cppcheck exclude dirs and/or files: 
[14.130s] -- Added test 'cpplint' to check C / C++ code against the Google style
[14.131s] -- Configured cpplint exclude dirs and/or files: 
[14.154s] -- Added test 'lint_cmake' to check CMake code style
[14.158s] -- Added test 'uncrustify' to check C / C++ code style
[14.159s] -- Configured uncrustify additional arguments: 
[14.160s] -- Added test 'xmllint' to check XML markup files
[14.165s] -- Configuring done (13.6s)
[14.168s] -- Generating done (0.0s)
[14.169s] -- Build files have been written to: /home/zhang/rosprc_ws/build/examples_rclcpp_minimal_action_client
[14.434s] Invoked command in '/home/zhang/rosprc_ws/build/examples_rclcpp_minimal_action_client' returned '0': CMAKE_PREFIX_PATH=${CMAKE_PREFIX_PATH}:/opt/ros/jazzy /usr/bin/cmake /home/zhang/rosprc_ws/src/examples/rclcpp/actions/minimal_action_client -DAMENT_CMAKE_SYMLINK_INSTALL=1 -DCMAKE_INSTALL_PREFIX=/home/zhang/rosprc_ws/install/examples_rclcpp_minimal_action_client
[14.438s] Invoking command in '/home/zhang/rosprc_ws/build/examples_rclcpp_minimal_action_client': CMAKE_PREFIX_PATH=${CMAKE_PREFIX_PATH}:/opt/ros/jazzy /usr/bin/cmake --build /home/zhang/rosprc_ws/build/examples_rclcpp_minimal_action_client -- -j20 -l20
[15.024s] [ 12%] [32mBuilding CXX object CMakeFiles/action_client_not_composable_with_cancel.dir/not_composable_with_cancel.cpp.o[0m
[15.168s] [ 25%] [32mBuilding CXX object CMakeFiles/action_client_not_composable_with_feedback.dir/not_composable_with_feedback.cpp.o[0m
[15.169s] [ 37%] [32mBuilding CXX object CMakeFiles/action_client_not_composable.dir/not_composable.cpp.o[0m
[15.422s] [ 50%] [32mBuilding CXX object CMakeFiles/action_client_member_functions.dir/member_functions.cpp.o[0m
