[4.153s] Invoking command in '/home/zhang/rosprc_ws/src/examples/rclpy/services/minimal_service': PYTHONPATH=/home/zhang/rosprc_ws/build/examples_rclpy_minimal_service/prefix_override:/usr/lib/python3/dist-packages/colcon_core/task/python/colcon_distutils_commands:/home/zhang/rosprc_ws/install/examples_rclpy_minimal_service/lib/python3.12/site-packages:${PYTHONPATH} /usr/bin/python3 -W ignore:setup.py install is deprecated -W ignore:easy_install command is deprecated setup.py egg_info --egg-base ../../../../../build/examples_rclpy_minimal_service build --build-base /home/zhang/rosprc_ws/build/examples_rclpy_minimal_service/build install --record /home/zhang/rosprc_ws/build/examples_rclpy_minimal_service/install.log --install-scripts $base/lib/examples_rclpy_minimal_service --single-version-externally-managed install_data
[4.843s] running egg_info
[4.889s] writing ../../../../../build/examples_rclpy_minimal_service/examples_rclpy_minimal_service.egg-info/PKG-INFO
[4.890s] writing dependency_links to ../../../../../build/examples_rclpy_minimal_service/examples_rclpy_minimal_service.egg-info/dependency_links.txt
[4.892s] writing entry points to ../../../../../build/examples_rclpy_minimal_service/examples_rclpy_minimal_service.egg-info/entry_points.txt
[4.893s] writing requirements to ../../../../../build/examples_rclpy_minimal_service/examples_rclpy_minimal_service.egg-info/requires.txt
[4.894s] writing top-level names to ../../../../../build/examples_rclpy_minimal_service/examples_rclpy_minimal_service.egg-info/top_level.txt
[4.980s] reading manifest file '../../../../../build/examples_rclpy_minimal_service/examples_rclpy_minimal_service.egg-info/SOURCES.txt'
[4.984s] writing manifest file '../../../../../build/examples_rclpy_minimal_service/examples_rclpy_minimal_service.egg-info/SOURCES.txt'
[4.985s] running build
[4.985s] running build_py
[4.986s] running install
[5.004s] running install_lib
[5.064s] running install_data
[5.064s] running install_egg_info
[5.126s] removing '/home/zhang/rosprc_ws/install/examples_rclpy_minimal_service/lib/python3.12/site-packages/examples_rclpy_minimal_service-0.19.7-py3.12.egg-info' (and everything under it)
[5.127s] Copying ../../../../../build/examples_rclpy_minimal_service/examples_rclpy_minimal_service.egg-info to /home/zhang/rosprc_ws/install/examples_rclpy_minimal_service/lib/python3.12/site-packages/examples_rclpy_minimal_service-0.19.7-py3.12.egg-info
[5.133s] running install_scripts
[5.487s] Installing service script to /home/zhang/rosprc_ws/install/examples_rclpy_minimal_service/lib/examples_rclpy_minimal_service
[5.488s] Installing service_member_function script to /home/zhang/rosprc_ws/install/examples_rclpy_minimal_service/lib/examples_rclpy_minimal_service
[5.498s] writing list of installed files to '/home/zhang/rosprc_ws/build/examples_rclpy_minimal_service/install.log'
[5.607s] Invoked command in '/home/zhang/rosprc_ws/src/examples/rclpy/services/minimal_service' returned '0': PYTHONPATH=/home/zhang/rosprc_ws/build/examples_rclpy_minimal_service/prefix_override:/usr/lib/python3/dist-packages/colcon_core/task/python/colcon_distutils_commands:/home/zhang/rosprc_ws/install/examples_rclpy_minimal_service/lib/python3.12/site-packages:${PYTHONPATH} /usr/bin/python3 -W ignore:setup.py install is deprecated -W ignore:easy_install command is deprecated setup.py egg_info --egg-base ../../../../../build/examples_rclpy_minimal_service build --build-base /home/zhang/rosprc_ws/build/examples_rclpy_minimal_service/build install --record /home/zhang/rosprc_ws/build/examples_rclpy_minimal_service/install.log --install-scripts $base/lib/examples_rclpy_minimal_service --single-version-externally-managed install_data
