[3.350s] Invoking command in '/home/zhang/rosprc_ws/src/examples/rclpy/topics/minimal_subscriber': PYTHONPATH=/home/zhang/rosprc_ws/build/examples_rclpy_minimal_subscriber/prefix_override:/usr/lib/python3/dist-packages/colcon_core/task/python/colcon_distutils_commands:/home/zhang/rosprc_ws/install/examples_rclpy_minimal_subscriber/lib/python3.12/site-packages:${PYTHONPATH} /usr/bin/python3 -W ignore:setup.py install is deprecated -W ignore:easy_install command is deprecated setup.py egg_info --egg-base ../../../../../build/examples_rclpy_minimal_subscriber build --build-base /home/zhang/rosprc_ws/build/examples_rclpy_minimal_subscriber/build install --record /home/zhang/rosprc_ws/build/examples_rclpy_minimal_subscriber/install.log --install-scripts $base/lib/examples_rclpy_minimal_subscriber --single-version-externally-managed install_data
[4.749s] running egg_info
[4.749s] writing ../../../../../build/examples_rclpy_minimal_subscriber/examples_rclpy_minimal_subscriber.egg-info/PKG-INFO
[4.750s] writing dependency_links to ../../../../../build/examples_rclpy_minimal_subscriber/examples_rclpy_minimal_subscriber.egg-info/dependency_links.txt
[4.750s] writing entry points to ../../../../../build/examples_rclpy_minimal_subscriber/examples_rclpy_minimal_subscriber.egg-info/entry_points.txt
[4.750s] writing requirements to ../../../../../build/examples_rclpy_minimal_subscriber/examples_rclpy_minimal_subscriber.egg-info/requires.txt
[4.750s] writing top-level names to ../../../../../build/examples_rclpy_minimal_subscriber/examples_rclpy_minimal_subscriber.egg-info/top_level.txt
[4.751s] reading manifest file '../../../../../build/examples_rclpy_minimal_subscriber/examples_rclpy_minimal_subscriber.egg-info/SOURCES.txt'
[4.751s] writing manifest file '../../../../../build/examples_rclpy_minimal_subscriber/examples_rclpy_minimal_subscriber.egg-info/SOURCES.txt'
[4.751s] running build
[4.752s] running build_py
[4.752s] running install
[4.752s] running install_lib
[4.753s] running install_data
[4.753s] running install_egg_info
[4.754s] removing '/home/zhang/rosprc_ws/install/examples_rclpy_minimal_subscriber/lib/python3.12/site-packages/examples_rclpy_minimal_subscriber-0.19.7-py3.12.egg-info' (and everything under it)
[4.754s] Copying ../../../../../build/examples_rclpy_minimal_subscriber/examples_rclpy_minimal_subscriber.egg-info to /home/zhang/rosprc_ws/install/examples_rclpy_minimal_subscriber/lib/python3.12/site-packages/examples_rclpy_minimal_subscriber-0.19.7-py3.12.egg-info
[4.755s] running install_scripts
[4.755s] Installing subscriber_lambda script to /home/zhang/rosprc_ws/install/examples_rclpy_minimal_subscriber/lib/examples_rclpy_minimal_subscriber
[4.756s] Installing subscriber_member_function script to /home/zhang/rosprc_ws/install/examples_rclpy_minimal_subscriber/lib/examples_rclpy_minimal_subscriber
[4.756s] Installing subscriber_old_school script to /home/zhang/rosprc_ws/install/examples_rclpy_minimal_subscriber/lib/examples_rclpy_minimal_subscriber
[4.756s] writing list of installed files to '/home/zhang/rosprc_ws/build/examples_rclpy_minimal_subscriber/install.log'
[4.868s] Invoked command in '/home/zhang/rosprc_ws/src/examples/rclpy/topics/minimal_subscriber' returned '0': PYTHONPATH=/home/zhang/rosprc_ws/build/examples_rclpy_minimal_subscriber/prefix_override:/usr/lib/python3/dist-packages/colcon_core/task/python/colcon_distutils_commands:/home/zhang/rosprc_ws/install/examples_rclpy_minimal_subscriber/lib/python3.12/site-packages:${PYTHONPATH} /usr/bin/python3 -W ignore:setup.py install is deprecated -W ignore:easy_install command is deprecated setup.py egg_info --egg-base ../../../../../build/examples_rclpy_minimal_subscriber build --build-base /home/zhang/rosprc_ws/build/examples_rclpy_minimal_subscriber/build install --record /home/zhang/rosprc_ws/build/examples_rclpy_minimal_subscriber/install.log --install-scripts $base/lib/examples_rclpy_minimal_subscriber --single-version-externally-managed install_data
