[0.000000] (-) TimerEvent: {}
[0.000487] (-) JobUnselected: {'identifier': 'cpp_pubsub'}
[0.000540] (-) JobUnselected: {'identifier': 'examples_rclcpp_async_client'}
[0.000807] (-) JobUnselected: {'identifier': 'examples_rclcpp_cbg_executor'}
[0.000856] (-) JobUnselected: {'identifier': 'examples_rclcpp_minimal_action_client'}
[0.000871] (-) JobUnselected: {'identifier': 'examples_rclcpp_minimal_action_server'}
[0.000892] (-) JobUnselected: {'identifier': 'examples_rclcpp_minimal_client'}
[0.000924] (-) JobUnselected: {'identifier': 'examples_rclcpp_minimal_composition'}
[0.000939] (-) JobUnselected: {'identifier': 'examples_rclcpp_minimal_publisher'}
[0.001267] (-) JobUnselected: {'identifier': 'examples_rclcpp_minimal_service'}
[0.001330] (-) JobUnselected: {'identifier': 'examples_rclcpp_minimal_subscriber'}
[0.001348] (-) JobUnselected: {'identifier': 'examples_rclcpp_minimal_timer'}
[0.001384] (-) JobUnselected: {'identifier': 'examples_rclcpp_multithreaded_executor'}
[0.001403] (-) JobUnselected: {'identifier': 'examples_rclcpp_wait_set'}
[0.001510] (-) JobUnselected: {'identifier': 'examples_rclpy_executors'}
[0.001881] (-) JobUnselected: {'identifier': 'examples_rclpy_guard_conditions'}
[0.002168] (-) JobUnselected: {'identifier': 'examples_rclpy_minimal_action_client'}
[0.002223] (-) JobUnselected: {'identifier': 'examples_rclpy_minimal_action_server'}
[0.002237] (-) JobUnselected: {'identifier': 'examples_rclpy_minimal_client'}
[0.002247] (-) JobUnselected: {'identifier': 'examples_rclpy_minimal_publisher'}
[0.002694] (-) JobUnselected: {'identifier': 'examples_rclpy_minimal_service'}
[0.002745] (-) JobUnselected: {'identifier': 'examples_rclpy_minimal_subscriber'}
[0.002756] (-) JobUnselected: {'identifier': 'examples_rclpy_pointcloud_publisher'}
[0.002764] (-) JobUnselected: {'identifier': 'launch_testing_examples'}
[0.002774] (-) JobUnselected: {'identifier': 'my_package'}
[0.002782] (-) JobUnselected: {'identifier': 'turtlesim'}
[0.002814] (py_pubsub) JobQueued: {'identifier': 'py_pubsub', 'dependencies': OrderedDict()}
[0.002858] (py_pubsub) JobStarted: {'identifier': 'py_pubsub'}
[0.099594] (-) TimerEvent: {}
[0.200029] (-) TimerEvent: {}
[0.300332] (-) TimerEvent: {}
[0.332235] (py_pubsub) StderrLine: {'line': b'Traceback (most recent call last):\n  File "/usr/lib/python3/dist-packages/colcon_core/executor/__init__.py", line 91, in __call__\n    rc = await self.task(*args, **kwargs)\n         ^^^^^^^^^^^^^^^^^^^^^^^^^^^^^^^^\n  File "/usr/lib/python3/dist-packages/colcon_core/task/__init__.py", line 120, in __call__\n    return await task_method(*args, **kwargs)\n           ^^^^^^^^^^^^^^^^^^^^^^^^^^^^^^^^^^\n  File "/usr/lib/python3/dist-packages/colcon_ros/task/ament_python/build.py", line 51, in build\n    setup_py_data = get_setup_data(self.context.pkg, env)\n                    ^^^^^^^^^^^^^^^^^^^^^^^^^^^^^^^^^^^^^\n  File "/usr/lib/python3/dist-packages/colcon_core/task/python/__init__.py", line 20, in get_setup_data\n    return dict(pkg.metadata[key](env))\n                ^^^^^^^^^^^^^^^^^^^^^^\n  File "/usr/lib/python3/dist-packages/colcon_ros/package_augmentation/ros_ament_python.py", line 57, in getter\n    return get_setup_information(\n           ^^^^^^^^^^^^^^^^^^^^^^\n  File "/usr/lib/python3/dist-packages/colcon_python_setup_py/package_identification/python_setup_py.py", line 249, in get_setup_information\n    _setup_information_cache[hashable_env] = _get_setup_information(\n                                             ^^^^^^^^^^^^^^^^^^^^^^^\n  File "/usr/lib/python3/dist-packages/colcon_python_setup_py/package_identification/python_setup_py.py", line 296, in _get_setup_information\n    result = subprocess.run(\n             ^^^^^^^^^^^^^^^\n  File "/usr/lib/python3.12/subprocess.py", line 571, in run\n    raise CalledProcessError(retcode, process.args,\nsubprocess.CalledProcessError: Command \'[\'/usr/bin/python3\', \'-c\', \'import sys;from contextlib import suppress;exec("with suppress(ImportError):    from setuptools.extern.packaging.specifiers    import SpecifierSet");exec("with suppress(ImportError):    from packaging.specifiers import SpecifierSet");from distutils.core import run_setup;dist = run_setup(    \\\'setup.py\\\', script_args=(\\\'--dry-run\\\',), stop_after=\\\'config\\\');skip_keys = (\\\'cmdclass\\\', \\\'distclass\\\', \\\'ext_modules\\\', \\\'metadata\\\');data = {    key: value for key, value in dist.__dict__.items()     if (        not key.startswith(\\\'_\\\') and         not callable(value) and         key not in skip_keys and         key not in dist.display_option_names    )};data[\\\'metadata\\\'] = {    k: v for k, v in dist.metadata.__dict__.items()     if k not in (\\\'license_files\\\', \\\'provides_extras\\\')};sys.stdout.buffer.write(repr(data).encode(\\\'utf-8\\\'))\']\' returned non-zero exit status 1.\n'}
[0.333738] (py_pubsub) JobEnded: {'identifier': 'py_pubsub', 'rc': 1}
[0.343625] (-) EventReactorShutdown: {}
