[0.373s] Invoking command in '/home/zhang/rosprc_ws/build/examples_rclcpp_minimal_composition': CMAKE_PREFIX_PATH=${CMAKE_PREFIX_PATH}:/opt/ros/jazzy /usr/bin/cmake /home/zhang/rosprc_ws/src/examples/rclcpp/composition/minimal_composition -DAMENT_CMAKE_SYMLINK_INSTALL=1 -DCMAKE_INSTALL_PREFIX=/home/zhang/rosprc_ws/install/examples_rclcpp_minimal_composition
[3.509s] -- The C compiler identification is GNU 13.3.0
[3.509s] -- The CXX compiler identification is GNU 13.3.0
[3.509s] -- Detecting C compiler ABI info
[4.216s] -- Detecting C compiler ABI info - done
[4.252s] -- Check for working C compiler: /usr/bin/cc - skipped
[4.253s] -- Detecting C compile features
[4.259s] -- Detecting C compile features - done
[4.499s] -- Detecting CXX compiler ABI info
[5.239s] -- Detecting CXX compiler ABI info - done
[5.278s] -- Check for working CXX compiler: /usr/bin/c++ - skipped
[5.280s] -- Detecting CXX compile features
[5.283s] -- Detecting CXX compile features - done
[5.296s] -- Found ament_cmake: 2.5.6 (/opt/ros/jazzy/share/ament_cmake/cmake)
[5.953s] -- Found Python3: /usr/bin/python3 (found version "3.12.3") found components: Interpreter 
[6.295s] -- Override CMake install command with custom implementation using symlinks instead of copying resources
[6.593s] -- Found rclcpp: 28.1.21 (/opt/ros/jazzy/share/rclcpp/cmake)
[11.466s] -- Found rosidl_generator_c: 4.6.9 (/opt/ros/jazzy/share/rosidl_generator_c/cmake)
[11.506s] -- Found rosidl_generator_cpp: 4.6.9 (/opt/ros/jazzy/share/rosidl_generator_cpp/cmake)
[11.556s] -- Using all available rosidl_typesupport_c: rosidl_typesupport_fastrtps_c;rosidl_typesupport_introspection_c
[11.603s] -- Using all available rosidl_typesupport_cpp: rosidl_typesupport_fastrtps_cpp;rosidl_typesupport_introspection_cpp
[11.855s] -- Found rmw_implementation_cmake: 7.3.3 (/opt/ros/jazzy/share/rmw_implementation_cmake/cmake)
[11.874s] -- Found rmw_fastrtps_cpp: 8.4.4 (/opt/ros/jazzy/share/rmw_fastrtps_cpp/cmake)
[12.237s] -- Found OpenSSL: /usr/lib/x86_64-linux-gnu/libcrypto.so (found version "3.0.13")  
[12.621s] -- Found FastRTPS: /opt/ros/jazzy/include (Required is at least version "2.13") 
[12.883s] -- Using RMW implementation 'rmw_fastrtps_cpp' as default
[13.401s] -- Found rclcpp_components: 28.1.21 (/opt/ros/jazzy/share/rclcpp_components/cmake)
[13.502s] -- Found std_msgs: 5.3.8 (/opt/ros/jazzy/share/std_msgs/cmake)
[13.570s] -- Found ament_lint_auto: 0.17.5 (/opt/ros/jazzy/share/ament_lint_auto/cmake)
[14.058s] -- Added test 'copyright' to check source files copyright and LICENSE
[14.071s] -- Added test 'cppcheck' to perform static code analysis on C / C++ code
[14.078s] -- Configured cppcheck include dirs: /home/zhang/rosprc_ws/src/examples/rclcpp/composition/minimal_composition/include
[14.078s] -- Configured cppcheck exclude dirs and/or files: 
[14.081s] -- Added test 'cpplint' to check C / C++ code against the Google style
[14.081s] -- Configured cpplint exclude dirs and/or files: 
[14.106s] -- Added test 'lint_cmake' to check CMake code style
[14.108s] -- Added test 'uncrustify' to check C / C++ code style
[14.110s] -- Configured uncrustify additional arguments: 
[14.111s] -- Added test 'xmllint' to check XML markup files
[14.113s] -- Configuring done (13.6s)
[14.114s] -- Generating done (0.1s)
[14.116s] -- Build files have been written to: /home/zhang/rosprc_ws/build/examples_rclcpp_minimal_composition
[14.386s] Invoked command in '/home/zhang/rosprc_ws/build/examples_rclcpp_minimal_composition' returned '0': CMAKE_PREFIX_PATH=${CMAKE_PREFIX_PATH}:/opt/ros/jazzy /usr/bin/cmake /home/zhang/rosprc_ws/src/examples/rclcpp/composition/minimal_composition -DAMENT_CMAKE_SYMLINK_INSTALL=1 -DCMAKE_INSTALL_PREFIX=/home/zhang/rosprc_ws/install/examples_rclcpp_minimal_composition
[14.390s] Invoking command in '/home/zhang/rosprc_ws/build/examples_rclcpp_minimal_composition': CMAKE_PREFIX_PATH=${CMAKE_PREFIX_PATH}:/opt/ros/jazzy /usr/bin/cmake --build /home/zhang/rosprc_ws/build/examples_rclcpp_minimal_composition -- -j20 -l20
[14.736s] [ 11%] [32mBuilding CXX object CMakeFiles/composition_nodes.dir/src/publisher_node.cpp.o[0m
[14.795s] [ 22%] [32mBuilding CXX object CMakeFiles/composition_nodes.dir/src/subscriber_node.cpp.o[0m
