[0.119s] Invoking command in '/home/zhang/rosprc_ws/build/custom_action_interfaces': CMAKE_PREFIX_PATH=${CMAKE_PREFIX_PATH}:/opt/ros/jazzy /usr/bin/cmake /home/zhang/rosprc_ws/src/custom_action_interfaces -DCMAKE_INSTALL_PREFIX=/home/zhang/rosprc_ws/install/custom_action_interfaces
[1.705s] -- The C compiler identification is GNU 13.3.0
[1.705s] -- The CXX compiler identification is GNU 13.3.0
[2.055s] -- Detecting C compiler ABI info
[2.256s] -- Detecting C compiler ABI info - done
[2.265s] -- Check for working C compiler: /usr/bin/cc - skipped
[2.266s] -- Detecting C compile features
[2.267s] -- Detecting C compile features - done
[2.345s] -- Detecting CXX compiler ABI info
[2.601s] -- Detecting CXX compiler ABI info - done
[2.610s] -- Check for working CXX compiler: /usr/bin/c++ - skipped
[2.610s] -- Detecting CXX compile features
[2.611s] -- Detecting CXX compile features - done
[2.683s] -- Found ament_cmake: 2.5.6 (/opt/ros/jazzy/share/ament_cmake/cmake)
[2.918s] -- Found Python3: /usr/bin/python3 (found version "3.12.3") found components: Interpreter 
[3.166s] -- Found ament_lint_auto: 0.17.5 (/opt/ros/jazzy/share/ament_lint_auto/cmake)
[3.332s] -- Added test 'lint_cmake' to check CMake code style
[3.336s] -- Added test 'xmllint' to check XML markup files
[3.342s] -- Configuring done (3.1s)
[3.351s] -- Generating done (0.0s)
[3.356s] -- Build files have been written to: /home/zhang/rosprc_ws/build/custom_action_interfaces
[4.667s] Invoked command in '/home/zhang/rosprc_ws/build/custom_action_interfaces' returned '0': CMAKE_PREFIX_PATH=${CMAKE_PREFIX_PATH}:/opt/ros/jazzy /usr/bin/cmake /home/zhang/rosprc_ws/src/custom_action_interfaces -DCMAKE_INSTALL_PREFIX=/home/zhang/rosprc_ws/install/custom_action_interfaces
[4.670s] Invoking command in '/home/zhang/rosprc_ws/build/custom_action_interfaces': CMAKE_PREFIX_PATH=${CMAKE_PREFIX_PATH}:/opt/ros/jazzy /usr/bin/cmake --build /home/zhang/rosprc_ws/build/custom_action_interfaces -- -j20 -l20
[4.853s] Invoked command in '/home/zhang/rosprc_ws/build/custom_action_interfaces' returned '0': CMAKE_PREFIX_PATH=${CMAKE_PREFIX_PATH}:/opt/ros/jazzy /usr/bin/cmake --build /home/zhang/rosprc_ws/build/custom_action_interfaces -- -j20 -l20
[4.854s] Invoking command in '/home/zhang/rosprc_ws/build/custom_action_interfaces': CMAKE_PREFIX_PATH=${CMAKE_PREFIX_PATH}:/opt/ros/jazzy /usr/bin/cmake --install /home/zhang/rosprc_ws/build/custom_action_interfaces
[4.884s] -- Install configuration: ""
[4.892s] -- Installing: /home/zhang/rosprc_ws/install/custom_action_interfaces/share/ament_index/resource_index/package_run_dependencies/custom_action_interfaces
[4.893s] -- Installing: /home/zhang/rosprc_ws/install/custom_action_interfaces/share/ament_index/resource_index/parent_prefix_path/custom_action_interfaces
[4.894s] -- Installing: /home/zhang/rosprc_ws/install/custom_action_interfaces/share/custom_action_interfaces/environment/ament_prefix_path.sh
[4.895s] -- Installing: /home/zhang/rosprc_ws/install/custom_action_interfaces/share/custom_action_interfaces/environment/ament_prefix_path.dsv
[4.902s] -- Installing: /home/zhang/rosprc_ws/install/custom_action_interfaces/share/custom_action_interfaces/environment/path.sh
[4.902s] -- Installing: /home/zhang/rosprc_ws/install/custom_action_interfaces/share/custom_action_interfaces/environment/path.dsv
[4.902s] -- Installing: /home/zhang/rosprc_ws/install/custom_action_interfaces/share/custom_action_interfaces/local_setup.bash
[4.903s] -- Installing: /home/zhang/rosprc_ws/install/custom_action_interfaces/share/custom_action_interfaces/local_setup.sh
[4.903s] -- Installing: /home/zhang/rosprc_ws/install/custom_action_interfaces/share/custom_action_interfaces/local_setup.zsh
[4.903s] -- Installing: /home/zhang/rosprc_ws/install/custom_action_interfaces/share/custom_action_interfaces/local_setup.dsv
[4.904s] -- Installing: /home/zhang/rosprc_ws/install/custom_action_interfaces/share/custom_action_interfaces/package.dsv
[4.904s] -- Installing: /home/zhang/rosprc_ws/install/custom_action_interfaces/share/ament_index/resource_index/packages/custom_action_interfaces
[4.904s] -- Installing: /home/zhang/rosprc_ws/install/custom_action_interfaces/share/custom_action_interfaces/cmake/custom_action_interfacesConfig.cmake
[4.924s] -- Installing: /home/zhang/rosprc_ws/install/custom_action_interfaces/share/custom_action_interfaces/cmake/custom_action_interfacesConfig-version.cmake
[4.924s] -- Installing: /home/zhang/rosprc_ws/install/custom_action_interfaces/share/custom_action_interfaces/package.xml
[4.939s] Invoked command in '/home/zhang/rosprc_ws/build/custom_action_interfaces' returned '0': CMAKE_PREFIX_PATH=${CMAKE_PREFIX_PATH}:/opt/ros/jazzy /usr/bin/cmake --install /home/zhang/rosprc_ws/build/custom_action_interfaces
