[1.624s] Invoking command in '/home/zhang/rosprc_ws/build/examples_rclpy_pointcloud_publisher': PYTHONPATH=/home/zhang/rosprc_ws/build/examples_rclpy_pointcloud_publisher/prefix_override:/usr/lib/python3/dist-packages/colcon_core/task/python/colcon_distutils_commands:/home/zhang/rosprc_ws/install/examples_rclpy_pointcloud_publisher/lib/python3.12/site-packages:${PYTHONPATH} /usr/bin/python3 -W ignore:setup.py install is deprecated -W ignore:easy_install command is deprecated setup.py develop --uninstall --editable --build-directory /home/zhang/rosprc_ws/build/examples_rclpy_pointcloud_publisher/build
[1.901s] running develop
[2.064s] Removing /home/zhang/rosprc_ws/install/examples_rclpy_pointcloud_publisher/lib/python3.12/site-packages/examples-rclpy-pointcloud-publisher.egg-link (link to .)
[2.091s] Invoked command in '/home/zhang/rosprc_ws/build/examples_rclpy_pointcloud_publisher' returned '0': PYTHONPATH=/home/zhang/rosprc_ws/build/examples_rclpy_pointcloud_publisher/prefix_override:/usr/lib/python3/dist-packages/colcon_core/task/python/colcon_distutils_commands:/home/zhang/rosprc_ws/install/examples_rclpy_pointcloud_publisher/lib/python3.12/site-packages:${PYTHONPATH} /usr/bin/python3 -W ignore:setup.py install is deprecated -W ignore:easy_install command is deprecated setup.py develop --uninstall --editable --build-directory /home/zhang/rosprc_ws/build/examples_rclpy_pointcloud_publisher/build
[2.093s] Invoking command in '/home/zhang/rosprc_ws/src/examples/rclpy/topics/pointcloud_publisher': PYTHONPATH=/home/zhang/rosprc_ws/build/examples_rclpy_pointcloud_publisher/prefix_override:/usr/lib/python3/dist-packages/colcon_core/task/python/colcon_distutils_commands:/home/zhang/rosprc_ws/install/examples_rclpy_pointcloud_publisher/lib/python3.12/site-packages:${PYTHONPATH} /usr/bin/python3 -W ignore:setup.py install is deprecated -W ignore:easy_install command is deprecated setup.py egg_info --egg-base ../../../../../build/examples_rclpy_pointcloud_publisher build --build-base /home/zhang/rosprc_ws/build/examples_rclpy_pointcloud_publisher/build install --record /home/zhang/rosprc_ws/build/examples_rclpy_pointcloud_publisher/install.log --install-scripts $base/lib/examples_rclpy_pointcloud_publisher --single-version-externally-managed install_data --force
[2.316s] running egg_info
[2.333s] writing ../../../../../build/examples_rclpy_pointcloud_publisher/examples_rclpy_pointcloud_publisher.egg-info/PKG-INFO
[2.333s] writing dependency_links to ../../../../../build/examples_rclpy_pointcloud_publisher/examples_rclpy_pointcloud_publisher.egg-info/dependency_links.txt
[2.333s] writing entry points to ../../../../../build/examples_rclpy_pointcloud_publisher/examples_rclpy_pointcloud_publisher.egg-info/entry_points.txt
[2.334s] writing requirements to ../../../../../build/examples_rclpy_pointcloud_publisher/examples_rclpy_pointcloud_publisher.egg-info/requires.txt
[2.334s] writing top-level names to ../../../../../build/examples_rclpy_pointcloud_publisher/examples_rclpy_pointcloud_publisher.egg-info/top_level.txt
[2.367s] reading manifest file '../../../../../build/examples_rclpy_pointcloud_publisher/examples_rclpy_pointcloud_publisher.egg-info/SOURCES.txt'
[2.368s] writing manifest file '../../../../../build/examples_rclpy_pointcloud_publisher/examples_rclpy_pointcloud_publisher.egg-info/SOURCES.txt'
[2.368s] running build
[2.368s] running build_py
[2.368s] creating /home/zhang/rosprc_ws/build/examples_rclpy_pointcloud_publisher/build
[2.368s] creating /home/zhang/rosprc_ws/build/examples_rclpy_pointcloud_publisher/build/lib
[2.369s] creating /home/zhang/rosprc_ws/build/examples_rclpy_pointcloud_publisher/build/lib/examples_rclpy_pointcloud_publisher
[2.369s] copying examples_rclpy_pointcloud_publisher/pointcloud_publisher.py -> /home/zhang/rosprc_ws/build/examples_rclpy_pointcloud_publisher/build/lib/examples_rclpy_pointcloud_publisher
[2.369s] copying examples_rclpy_pointcloud_publisher/__init__.py -> /home/zhang/rosprc_ws/build/examples_rclpy_pointcloud_publisher/build/lib/examples_rclpy_pointcloud_publisher
[2.369s] running install
[2.375s] running install_lib
[2.391s] creating /home/zhang/rosprc_ws/install/examples_rclpy_pointcloud_publisher/lib/python3.12/site-packages/examples_rclpy_pointcloud_publisher
[2.391s] copying /home/zhang/rosprc_ws/build/examples_rclpy_pointcloud_publisher/build/lib/examples_rclpy_pointcloud_publisher/pointcloud_publisher.py -> /home/zhang/rosprc_ws/install/examples_rclpy_pointcloud_publisher/lib/python3.12/site-packages/examples_rclpy_pointcloud_publisher
[2.391s] copying /home/zhang/rosprc_ws/build/examples_rclpy_pointcloud_publisher/build/lib/examples_rclpy_pointcloud_publisher/__init__.py -> /home/zhang/rosprc_ws/install/examples_rclpy_pointcloud_publisher/lib/python3.12/site-packages/examples_rclpy_pointcloud_publisher
[2.392s] byte-compiling /home/zhang/rosprc_ws/install/examples_rclpy_pointcloud_publisher/lib/python3.12/site-packages/examples_rclpy_pointcloud_publisher/pointcloud_publisher.py to pointcloud_publisher.cpython-312.pyc
[2.393s] byte-compiling /home/zhang/rosprc_ws/install/examples_rclpy_pointcloud_publisher/lib/python3.12/site-packages/examples_rclpy_pointcloud_publisher/__init__.py to __init__.cpython-312.pyc
[2.394s] running install_data
[2.394s] copying resource/examples_rclpy_pointcloud_publisher -> /home/zhang/rosprc_ws/install/examples_rclpy_pointcloud_publisher/share/ament_index/resource_index/packages
[2.395s] copying package.xml -> /home/zhang/rosprc_ws/install/examples_rclpy_pointcloud_publisher/share/examples_rclpy_pointcloud_publisher
[2.396s] running install_egg_info
[2.412s] Copying ../../../../../build/examples_rclpy_pointcloud_publisher/examples_rclpy_pointcloud_publisher.egg-info to /home/zhang/rosprc_ws/install/examples_rclpy_pointcloud_publisher/lib/python3.12/site-packages/examples_rclpy_pointcloud_publisher-0.19.7-py3.12.egg-info
[2.414s] running install_scripts
[2.523s] Installing pointcloud_publisher script to /home/zhang/rosprc_ws/install/examples_rclpy_pointcloud_publisher/lib/examples_rclpy_pointcloud_publisher
[2.524s] writing list of installed files to '/home/zhang/rosprc_ws/build/examples_rclpy_pointcloud_publisher/install.log'
[2.549s] Invoked command in '/home/zhang/rosprc_ws/src/examples/rclpy/topics/pointcloud_publisher' returned '0': PYTHONPATH=/home/zhang/rosprc_ws/build/examples_rclpy_pointcloud_publisher/prefix_override:/usr/lib/python3/dist-packages/colcon_core/task/python/colcon_distutils_commands:/home/zhang/rosprc_ws/install/examples_rclpy_pointcloud_publisher/lib/python3.12/site-packages:${PYTHONPATH} /usr/bin/python3 -W ignore:setup.py install is deprecated -W ignore:easy_install command is deprecated setup.py egg_info --egg-base ../../../../../build/examples_rclpy_pointcloud_publisher build --build-base /home/zhang/rosprc_ws/build/examples_rclpy_pointcloud_publisher/build install --record /home/zhang/rosprc_ws/build/examples_rclpy_pointcloud_publisher/install.log --install-scripts $base/lib/examples_rclpy_pointcloud_publisher --single-version-externally-managed install_data --force
