[0.400s] Invoking command in '/home/zhang/rosprc_ws/build/examples_rclcpp_minimal_action_server': CMAKE_PREFIX_PATH=${CMAKE_PREFIX_PATH}:/opt/ros/jazzy /usr/bin/cmake /home/zhang/rosprc_ws/src/examples/rclcpp/actions/minimal_action_server -DAMENT_CMAKE_SYMLINK_INSTALL=1 -DCMAKE_INSTALL_PREFIX=/home/zhang/rosprc_ws/install/examples_rclcpp_minimal_action_server
[3.544s] -- The C compiler identification is GNU 13.3.0
[3.545s] -- The CXX compiler identification is GNU 13.3.0
[3.545s] -- Detecting C compiler ABI info
[4.286s] -- Detecting C compiler ABI info - done
[4.325s] -- Check for working C compiler: /usr/bin/cc - skipped
[4.327s] -- Detecting C compile features
[4.328s] -- Detecting C compile features - done
[4.543s] -- Detecting CXX compiler ABI info
[5.285s] -- Detecting CXX compiler ABI info - done
[5.328s] -- Check for working CXX compiler: /usr/bin/c++ - skipped
[5.328s] -- Detecting CXX compile features
[5.328s] -- Detecting CXX compile features - done
[5.348s] -- Found ament_cmake: 2.5.6 (/opt/ros/jazzy/share/ament_cmake/cmake)
[6.055s] -- Found Python3: /usr/bin/python3 (found version "3.12.3") found components: Interpreter 
[6.360s] -- Override CMake install command with custom implementation using symlinks instead of copying resources
[6.617s] -- Found example_interfaces: 0.12.1 (/opt/ros/jazzy/share/example_interfaces/cmake)
[11.504s] -- Found rosidl_generator_c: 4.6.9 (/opt/ros/jazzy/share/rosidl_generator_c/cmake)
[11.543s] -- Found rosidl_generator_cpp: 4.6.9 (/opt/ros/jazzy/share/rosidl_generator_cpp/cmake)
[11.594s] -- Using all available rosidl_typesupport_c: rosidl_typesupport_fastrtps_c;rosidl_typesupport_introspection_c
[11.643s] -- Using all available rosidl_typesupport_cpp: rosidl_typesupport_fastrtps_cpp;rosidl_typesupport_introspection_cpp
[11.960s] -- Found rclcpp: 28.1.21 (/opt/ros/jazzy/share/rclcpp/cmake)
[12.139s] -- Found rmw_implementation_cmake: 7.3.3 (/opt/ros/jazzy/share/rmw_implementation_cmake/cmake)
[12.151s] -- Found rmw_fastrtps_cpp: 8.4.4 (/opt/ros/jazzy/share/rmw_fastrtps_cpp/cmake)
[12.420s] -- Found OpenSSL: /usr/lib/x86_64-linux-gnu/libcrypto.so (found version "3.0.13")  
[12.826s] -- Found FastRTPS: /opt/ros/jazzy/include (Required is at least version "2.13") 
[13.051s] -- Using RMW implementation 'rmw_fastrtps_cpp' as default
[13.506s] -- Found rclcpp_action: 28.1.21 (/opt/ros/jazzy/share/rclcpp_action/cmake)
[13.585s] -- Found ament_lint_auto: 0.17.5 (/opt/ros/jazzy/share/ament_lint_auto/cmake)
[14.059s] -- Added test 'copyright' to check source files copyright and LICENSE
[14.092s] -- Added test 'cppcheck' to perform static code analysis on C / C++ code
[14.094s] -- Configured cppcheck include dirs: 
[14.094s] -- Configured cppcheck exclude dirs and/or files: 
[14.095s] -- Added test 'cpplint' to check C / C++ code against the Google style
[14.095s] -- Configured cpplint exclude dirs and/or files: 
[14.095s] -- Added test 'lint_cmake' to check CMake code style
[14.113s] -- Added test 'uncrustify' to check C / C++ code style
[14.113s] -- Configured uncrustify additional arguments: 
[14.115s] -- Added test 'xmllint' to check XML markup files
[14.143s] -- Configuring done (13.6s)
[14.151s] -- Generating done (0.0s)
[14.152s] -- Build files have been written to: /home/zhang/rosprc_ws/build/examples_rclcpp_minimal_action_server
[14.413s] Invoked command in '/home/zhang/rosprc_ws/build/examples_rclcpp_minimal_action_server' returned '0': CMAKE_PREFIX_PATH=${CMAKE_PREFIX_PATH}:/opt/ros/jazzy /usr/bin/cmake /home/zhang/rosprc_ws/src/examples/rclcpp/actions/minimal_action_server -DAMENT_CMAKE_SYMLINK_INSTALL=1 -DCMAKE_INSTALL_PREFIX=/home/zhang/rosprc_ws/install/examples_rclcpp_minimal_action_server
[14.418s] Invoking command in '/home/zhang/rosprc_ws/build/examples_rclcpp_minimal_action_server': CMAKE_PREFIX_PATH=${CMAKE_PREFIX_PATH}:/opt/ros/jazzy /usr/bin/cmake --build /home/zhang/rosprc_ws/build/examples_rclcpp_minimal_action_server -- -j20 -l20
[14.680s] [ 25%] [32mBuilding CXX object CMakeFiles/action_server_member_functions.dir/member_functions.cpp.o[0m
[14.889s] [ 50%] [32mBuilding CXX object CMakeFiles/action_server_not_composable.dir/not_composable.cpp.o[0m
