[7.556s] Invoking command in '/home/zhang/rosprc_ws/build/examples_rclpy_minimal_subscriber': PYTHONPATH=/home/zhang/rosprc_ws/build/examples_rclpy_minimal_subscriber/prefix_override:/usr/lib/python3/dist-packages/colcon_core/task/python/colcon_distutils_commands:/home/zhang/rosprc_ws/install/examples_rclpy_minimal_subscriber/lib/python3.12/site-packages:${PYTHONPATH} /usr/bin/python3 -W ignore:setup.py install is deprecated -W ignore:easy_install command is deprecated setup.py develop --editable --build-directory /home/zhang/rosprc_ws/build/examples_rclpy_minimal_subscriber/build --no-deps symlink_data
[13.646s] running develop
[13.647s] running egg_info
[13.647s] creating examples_rclpy_minimal_subscriber.egg-info
[13.649s] writing examples_rclpy_minimal_subscriber.egg-info/PKG-INFO
[13.650s] writing dependency_links to examples_rclpy_minimal_subscriber.egg-info/dependency_links.txt
[13.650s] writing entry points to examples_rclpy_minimal_subscriber.egg-info/entry_points.txt
[13.651s] writing requirements to examples_rclpy_minimal_subscriber.egg-info/requires.txt
[13.651s] writing top-level names to examples_rclpy_minimal_subscriber.egg-info/top_level.txt
[13.652s] writing manifest file 'examples_rclpy_minimal_subscriber.egg-info/SOURCES.txt'
[13.652s] reading manifest file 'examples_rclpy_minimal_subscriber.egg-info/SOURCES.txt'
[13.653s] writing manifest file 'examples_rclpy_minimal_subscriber.egg-info/SOURCES.txt'
[13.653s] running build_ext
[13.657s] Creating /home/zhang/rosprc_ws/install/examples_rclpy_minimal_subscriber/lib/python3.12/site-packages/examples-rclpy-minimal-subscriber.egg-link (link to .)
[13.659s] Installing subscriber_lambda script to /home/zhang/rosprc_ws/install/examples_rclpy_minimal_subscriber/lib/examples_rclpy_minimal_subscriber
[13.662s] Installing subscriber_member_function script to /home/zhang/rosprc_ws/install/examples_rclpy_minimal_subscriber/lib/examples_rclpy_minimal_subscriber
[13.662s] Installing subscriber_old_school script to /home/zhang/rosprc_ws/install/examples_rclpy_minimal_subscriber/lib/examples_rclpy_minimal_subscriber
[13.665s] 
[13.666s] Installed /home/zhang/rosprc_ws/build/examples_rclpy_minimal_subscriber
[13.666s] running symlink_data
[13.667s] creating /home/zhang/rosprc_ws/install/examples_rclpy_minimal_subscriber/share/ament_index
[13.668s] creating /home/zhang/rosprc_ws/install/examples_rclpy_minimal_subscriber/share/ament_index/resource_index
[13.669s] creating /home/zhang/rosprc_ws/install/examples_rclpy_minimal_subscriber/share/ament_index/resource_index/packages
[13.669s] symbolically linking /home/zhang/rosprc_ws/build/examples_rclpy_minimal_subscriber/resource/examples_rclpy_minimal_subscriber -> /home/zhang/rosprc_ws/install/examples_rclpy_minimal_subscriber/share/ament_index/resource_index/packages
[13.670s] symbolically linking /home/zhang/rosprc_ws/build/examples_rclpy_minimal_subscriber/package.xml -> /home/zhang/rosprc_ws/install/examples_rclpy_minimal_subscriber/share/examples_rclpy_minimal_subscriber
[13.842s] Invoked command in '/home/zhang/rosprc_ws/build/examples_rclpy_minimal_subscriber' returned '0': PYTHONPATH=/home/zhang/rosprc_ws/build/examples_rclpy_minimal_subscriber/prefix_override:/usr/lib/python3/dist-packages/colcon_core/task/python/colcon_distutils_commands:/home/zhang/rosprc_ws/install/examples_rclpy_minimal_subscriber/lib/python3.12/site-packages:${PYTHONPATH} /usr/bin/python3 -W ignore:setup.py install is deprecated -W ignore:easy_install command is deprecated setup.py develop --editable --build-directory /home/zhang/rosprc_ws/build/examples_rclpy_minimal_subscriber/build --no-deps symlink_data
