[0.341s] Invoking command in '/home/zhang/rosprc_ws/build/examples_rclcpp_cbg_executor': CMAKE_PREFIX_PATH=${CMAKE_PREFIX_PATH}:/opt/ros/jazzy /usr/bin/cmake --build /home/zhang/rosprc_ws/build/examples_rclcpp_cbg_executor -- -j20 -l20
[3.077s] [ 30%] Built target ping
[3.077s] [ 60%] Built target pong
[3.077s] [100%] Built target ping_pong
[3.105s] Invoked command in '/home/zhang/rosprc_ws/build/examples_rclcpp_cbg_executor' returned '0': CMAKE_PREFIX_PATH=${CMAKE_PREFIX_PATH}:/opt/ros/jazzy /usr/bin/cmake --build /home/zhang/rosprc_ws/build/examples_rclcpp_cbg_executor -- -j20 -l20
[3.109s] Invoking command in '/home/zhang/rosprc_ws/build/examples_rclcpp_cbg_executor': CMAKE_PREFIX_PATH=${CMAKE_PREFIX_PATH}:/opt/ros/jazzy /usr/bin/cmake --install /home/zhang/rosprc_ws/build/examples_rclcpp_cbg_executor
[3.291s] -- Install configuration: ""
[3.291s] -- Execute custom install script
[3.292s] -- Up-to-date symlink: /home/zhang/rosprc_ws/install/examples_rclcpp_cbg_executor/lib/examples_rclcpp_cbg_executor/ping
[3.292s] -- Up-to-date symlink: /home/zhang/rosprc_ws/install/examples_rclcpp_cbg_executor/lib/examples_rclcpp_cbg_executor/pong
[3.293s] -- Up-to-date symlink: /home/zhang/rosprc_ws/install/examples_rclcpp_cbg_executor/lib/examples_rclcpp_cbg_executor/ping_pong
[3.294s] -- Up-to-date symlink: /home/zhang/rosprc_ws/install/examples_rclcpp_cbg_executor/include/examples_rclcpp_cbg_executor/ping_node.hpp
[3.295s] -- Up-to-date symlink: /home/zhang/rosprc_ws/install/examples_rclcpp_cbg_executor/include/examples_rclcpp_cbg_executor/pong_node.hpp
[3.299s] -- Up-to-date symlink: /home/zhang/rosprc_ws/install/examples_rclcpp_cbg_executor/share/ament_index/resource_index/package_run_dependencies/examples_rclcpp_cbg_executor
[3.300s] -- Up-to-date symlink: /home/zhang/rosprc_ws/install/examples_rclcpp_cbg_executor/share/ament_index/resource_index/parent_prefix_path/examples_rclcpp_cbg_executor
[3.301s] -- Up-to-date symlink: /home/zhang/rosprc_ws/install/examples_rclcpp_cbg_executor/share/examples_rclcpp_cbg_executor/environment/ament_prefix_path.sh
[3.302s] -- Up-to-date symlink: /home/zhang/rosprc_ws/install/examples_rclcpp_cbg_executor/share/examples_rclcpp_cbg_executor/environment/ament_prefix_path.dsv
[3.302s] -- Up-to-date symlink: /home/zhang/rosprc_ws/install/examples_rclcpp_cbg_executor/share/examples_rclcpp_cbg_executor/environment/path.sh
[3.302s] -- Up-to-date symlink: /home/zhang/rosprc_ws/install/examples_rclcpp_cbg_executor/share/examples_rclcpp_cbg_executor/environment/path.dsv
[3.303s] -- Up-to-date symlink: /home/zhang/rosprc_ws/install/examples_rclcpp_cbg_executor/share/examples_rclcpp_cbg_executor/local_setup.bash
[3.305s] -- Up-to-date symlink: /home/zhang/rosprc_ws/install/examples_rclcpp_cbg_executor/share/examples_rclcpp_cbg_executor/local_setup.sh
[3.306s] -- Up-to-date symlink: /home/zhang/rosprc_ws/install/examples_rclcpp_cbg_executor/share/examples_rclcpp_cbg_executor/local_setup.zsh
[3.306s] -- Up-to-date symlink: /home/zhang/rosprc_ws/install/examples_rclcpp_cbg_executor/share/examples_rclcpp_cbg_executor/local_setup.dsv
[3.307s] -- Symlinking: /home/zhang/rosprc_ws/install/examples_rclcpp_cbg_executor/share/examples_rclcpp_cbg_executor/package.dsv
[3.307s] -- Up-to-date symlink: /home/zhang/rosprc_ws/install/examples_rclcpp_cbg_executor/share/ament_index/resource_index/packages/examples_rclcpp_cbg_executor
[3.307s] -- Up-to-date symlink: /home/zhang/rosprc_ws/install/examples_rclcpp_cbg_executor/share/examples_rclcpp_cbg_executor/cmake/ament_cmake_export_dependencies-extras.cmake
[3.308s] -- Up-to-date symlink: /home/zhang/rosprc_ws/install/examples_rclcpp_cbg_executor/share/examples_rclcpp_cbg_executor/cmake/examples_rclcpp_cbg_executorConfig.cmake
[3.308s] -- Up-to-date symlink: /home/zhang/rosprc_ws/install/examples_rclcpp_cbg_executor/share/examples_rclcpp_cbg_executor/cmake/examples_rclcpp_cbg_executorConfig-version.cmake
[3.308s] -- Up-to-date symlink: /home/zhang/rosprc_ws/install/examples_rclcpp_cbg_executor/share/examples_rclcpp_cbg_executor/package.xml
[3.539s] Invoked command in '/home/zhang/rosprc_ws/build/examples_rclcpp_cbg_executor' returned '0': CMAKE_PREFIX_PATH=${CMAKE_PREFIX_PATH}:/opt/ros/jazzy /usr/bin/cmake --install /home/zhang/rosprc_ws/build/examples_rclcpp_cbg_executor
