[3.774s] Invoking command in '/home/zhang/rosprc_ws/build/examples_rclpy_minimal_service': PYTHONPATH=/home/zhang/rosprc_ws/build/examples_rclpy_minimal_service/prefix_override:/usr/lib/python3/dist-packages/colcon_core/task/python/colcon_distutils_commands:/home/zhang/rosprc_ws/install/examples_rclpy_minimal_service/lib/python3.12/site-packages:${PYTHONPATH} /usr/bin/python3 -W ignore:setup.py install is deprecated -W ignore:easy_install command is deprecated setup.py develop --uninstall --editable --build-directory /home/zhang/rosprc_ws/build/examples_rclpy_minimal_service/build
[4.702s] running develop
[4.702s] Removing /home/zhang/rosprc_ws/install/examples_rclpy_minimal_service/lib/python3.12/site-packages/examples-rclpy-minimal-service.egg-link (link to .)
[4.781s] Invoked command in '/home/zhang/rosprc_ws/build/examples_rclpy_minimal_service' returned '0': PYTHONPATH=/home/zhang/rosprc_ws/build/examples_rclpy_minimal_service/prefix_override:/usr/lib/python3/dist-packages/colcon_core/task/python/colcon_distutils_commands:/home/zhang/rosprc_ws/install/examples_rclpy_minimal_service/lib/python3.12/site-packages:${PYTHONPATH} /usr/bin/python3 -W ignore:setup.py install is deprecated -W ignore:easy_install command is deprecated setup.py develop --uninstall --editable --build-directory /home/zhang/rosprc_ws/build/examples_rclpy_minimal_service/build
[4.790s] Invoking command in '/home/zhang/rosprc_ws/src/examples/rclpy/services/minimal_service': PYTHONPATH=/home/zhang/rosprc_ws/build/examples_rclpy_minimal_service/prefix_override:/usr/lib/python3/dist-packages/colcon_core/task/python/colcon_distutils_commands:/home/zhang/rosprc_ws/install/examples_rclpy_minimal_service/lib/python3.12/site-packages:${PYTHONPATH} /usr/bin/python3 -W ignore:setup.py install is deprecated -W ignore:easy_install command is deprecated setup.py egg_info --egg-base ../../../../../build/examples_rclpy_minimal_service build --build-base /home/zhang/rosprc_ws/build/examples_rclpy_minimal_service/build install --record /home/zhang/rosprc_ws/build/examples_rclpy_minimal_service/install.log --install-scripts $base/lib/examples_rclpy_minimal_service --single-version-externally-managed install_data --force
[5.263s] running egg_info
[5.289s] writing ../../../../../build/examples_rclpy_minimal_service/examples_rclpy_minimal_service.egg-info/PKG-INFO
[5.289s] writing dependency_links to ../../../../../build/examples_rclpy_minimal_service/examples_rclpy_minimal_service.egg-info/dependency_links.txt
[5.289s] writing entry points to ../../../../../build/examples_rclpy_minimal_service/examples_rclpy_minimal_service.egg-info/entry_points.txt
[5.289s] writing requirements to ../../../../../build/examples_rclpy_minimal_service/examples_rclpy_minimal_service.egg-info/requires.txt
[5.289s] writing top-level names to ../../../../../build/examples_rclpy_minimal_service/examples_rclpy_minimal_service.egg-info/top_level.txt
[5.362s] reading manifest file '../../../../../build/examples_rclpy_minimal_service/examples_rclpy_minimal_service.egg-info/SOURCES.txt'
[5.365s] writing manifest file '../../../../../build/examples_rclpy_minimal_service/examples_rclpy_minimal_service.egg-info/SOURCES.txt'
[5.365s] running build
[5.365s] running build_py
[5.366s] creating /home/zhang/rosprc_ws/build/examples_rclpy_minimal_service/build
[5.366s] creating /home/zhang/rosprc_ws/build/examples_rclpy_minimal_service/build/lib
[5.366s] creating /home/zhang/rosprc_ws/build/examples_rclpy_minimal_service/build/lib/examples_rclpy_minimal_service
[5.367s] copying examples_rclpy_minimal_service/service_member_function.py -> /home/zhang/rosprc_ws/build/examples_rclpy_minimal_service/build/lib/examples_rclpy_minimal_service
[5.368s] copying examples_rclpy_minimal_service/__init__.py -> /home/zhang/rosprc_ws/build/examples_rclpy_minimal_service/build/lib/examples_rclpy_minimal_service
[5.370s] copying examples_rclpy_minimal_service/service.py -> /home/zhang/rosprc_ws/build/examples_rclpy_minimal_service/build/lib/examples_rclpy_minimal_service
[5.370s] running install
[5.374s] running install_lib
[5.396s] creating /home/zhang/rosprc_ws/install/examples_rclpy_minimal_service/lib/python3.12/site-packages/examples_rclpy_minimal_service
[5.396s] copying /home/zhang/rosprc_ws/build/examples_rclpy_minimal_service/build/lib/examples_rclpy_minimal_service/service_member_function.py -> /home/zhang/rosprc_ws/install/examples_rclpy_minimal_service/lib/python3.12/site-packages/examples_rclpy_minimal_service
[5.397s] copying /home/zhang/rosprc_ws/build/examples_rclpy_minimal_service/build/lib/examples_rclpy_minimal_service/__init__.py -> /home/zhang/rosprc_ws/install/examples_rclpy_minimal_service/lib/python3.12/site-packages/examples_rclpy_minimal_service
[5.398s] copying /home/zhang/rosprc_ws/build/examples_rclpy_minimal_service/build/lib/examples_rclpy_minimal_service/service.py -> /home/zhang/rosprc_ws/install/examples_rclpy_minimal_service/lib/python3.12/site-packages/examples_rclpy_minimal_service
[5.399s] byte-compiling /home/zhang/rosprc_ws/install/examples_rclpy_minimal_service/lib/python3.12/site-packages/examples_rclpy_minimal_service/service_member_function.py to service_member_function.cpython-312.pyc
[5.399s] byte-compiling /home/zhang/rosprc_ws/install/examples_rclpy_minimal_service/lib/python3.12/site-packages/examples_rclpy_minimal_service/__init__.py to __init__.cpython-312.pyc
[5.400s] byte-compiling /home/zhang/rosprc_ws/install/examples_rclpy_minimal_service/lib/python3.12/site-packages/examples_rclpy_minimal_service/service.py to service.cpython-312.pyc
[5.400s] running install_data
[5.400s] copying resource/examples_rclpy_minimal_service -> /home/zhang/rosprc_ws/install/examples_rclpy_minimal_service/share/ament_index/resource_index/packages
[5.402s] copying package.xml -> /home/zhang/rosprc_ws/install/examples_rclpy_minimal_service/share/examples_rclpy_minimal_service
[5.403s] running install_egg_info
[5.433s] Copying ../../../../../build/examples_rclpy_minimal_service/examples_rclpy_minimal_service.egg-info to /home/zhang/rosprc_ws/install/examples_rclpy_minimal_service/lib/python3.12/site-packages/examples_rclpy_minimal_service-0.19.7-py3.12.egg-info
[5.436s] running install_scripts
[5.592s] Installing service script to /home/zhang/rosprc_ws/install/examples_rclpy_minimal_service/lib/examples_rclpy_minimal_service
[5.592s] Installing service_member_function script to /home/zhang/rosprc_ws/install/examples_rclpy_minimal_service/lib/examples_rclpy_minimal_service
[5.593s] writing list of installed files to '/home/zhang/rosprc_ws/build/examples_rclpy_minimal_service/install.log'
[5.874s] Invoked command in '/home/zhang/rosprc_ws/src/examples/rclpy/services/minimal_service' returned '0': PYTHONPATH=/home/zhang/rosprc_ws/build/examples_rclpy_minimal_service/prefix_override:/usr/lib/python3/dist-packages/colcon_core/task/python/colcon_distutils_commands:/home/zhang/rosprc_ws/install/examples_rclpy_minimal_service/lib/python3.12/site-packages:${PYTHONPATH} /usr/bin/python3 -W ignore:setup.py install is deprecated -W ignore:easy_install command is deprecated setup.py egg_info --egg-base ../../../../../build/examples_rclpy_minimal_service build --build-base /home/zhang/rosprc_ws/build/examples_rclpy_minimal_service/build install --record /home/zhang/rosprc_ws/build/examples_rclpy_minimal_service/install.log --install-scripts $base/lib/examples_rclpy_minimal_service --single-version-externally-managed install_data --force
