[0.353s] Invoking command in '/home/zhang/rosprc_ws/build/examples_rclcpp_minimal_service': CMAKE_PREFIX_PATH=${CMAKE_PREFIX_PATH}:/opt/ros/jazzy /usr/bin/cmake /home/zhang/rosprc_ws/src/examples/rclcpp/services/minimal_service -DAMENT_CMAKE_SYMLINK_INSTALL=1 -DCMAKE_INSTALL_PREFIX=/home/zhang/rosprc_ws/install/examples_rclcpp_minimal_service
[3.478s] -- The C compiler identification is GNU 13.3.0
[3.479s] -- The CXX compiler identification is GNU 13.3.0
[3.479s] -- Detecting C compiler ABI info
[4.052s] -- Detecting C compiler ABI info - done
[4.099s] -- Check for working C compiler: /usr/bin/cc - skipped
[4.100s] -- Detecting C compile features
[4.101s] -- Detecting C compile features - done
[4.367s] -- Detecting CXX compiler ABI info
[4.994s] -- Detecting CXX compiler ABI info - done
[5.026s] -- Check for working CXX compiler: /usr/bin/c++ - skipped
[5.027s] -- Detecting CXX compile features
[5.029s] -- Detecting CXX compile features - done
[5.071s] -- Found ament_cmake: 2.5.6 (/opt/ros/jazzy/share/ament_cmake/cmake)
[5.827s] -- Found Python3: /usr/bin/python3 (found version "3.12.3") found components: Interpreter 
[6.260s] -- Override CMake install command with custom implementation using symlinks instead of copying resources
[6.544s] -- Found example_interfaces: 0.12.1 (/opt/ros/jazzy/share/example_interfaces/cmake)
[11.430s] -- Found rosidl_generator_c: 4.6.9 (/opt/ros/jazzy/share/rosidl_generator_c/cmake)
[11.471s] -- Found rosidl_generator_cpp: 4.6.9 (/opt/ros/jazzy/share/rosidl_generator_cpp/cmake)
[11.521s] -- Using all available rosidl_typesupport_c: rosidl_typesupport_fastrtps_c;rosidl_typesupport_introspection_c
[11.569s] -- Using all available rosidl_typesupport_cpp: rosidl_typesupport_fastrtps_cpp;rosidl_typesupport_introspection_cpp
[11.889s] -- Found rclcpp: 28.1.21 (/opt/ros/jazzy/share/rclcpp/cmake)
[12.067s] -- Found rmw_implementation_cmake: 7.3.3 (/opt/ros/jazzy/share/rmw_implementation_cmake/cmake)
[12.089s] -- Found rmw_fastrtps_cpp: 8.4.4 (/opt/ros/jazzy/share/rmw_fastrtps_cpp/cmake)
[12.348s] -- Found OpenSSL: /usr/lib/x86_64-linux-gnu/libcrypto.so (found version "3.0.13")  
[12.709s] -- Found FastRTPS: /opt/ros/jazzy/include (Required is at least version "2.13") 
[12.930s] -- Using RMW implementation 'rmw_fastrtps_cpp' as default
[13.390s] -- Found ament_lint_auto: 0.17.5 (/opt/ros/jazzy/share/ament_lint_auto/cmake)
[13.751s] -- Added test 'copyright' to check source files copyright and LICENSE
[13.761s] -- Added test 'cppcheck' to perform static code analysis on C / C++ code
[13.762s] -- Configured cppcheck include dirs: 
[13.764s] -- Configured cppcheck exclude dirs and/or files: 
[13.777s] -- Added test 'cpplint' to check C / C++ code against the Google style
[13.777s] -- Configured cpplint exclude dirs and/or files: 
[13.785s] -- Added test 'lint_cmake' to check CMake code style
[13.790s] -- Added test 'uncrustify' to check C / C++ code style
[13.790s] -- Configured uncrustify additional arguments: 
[13.793s] -- Added test 'xmllint' to check XML markup files
[13.795s] -- Configuring done (13.4s)
[13.837s] -- Generating done (0.0s)
[13.850s] -- Build files have been written to: /home/zhang/rosprc_ws/build/examples_rclcpp_minimal_service
[13.955s] Invoked command in '/home/zhang/rosprc_ws/build/examples_rclcpp_minimal_service' returned '0': CMAKE_PREFIX_PATH=${CMAKE_PREFIX_PATH}:/opt/ros/jazzy /usr/bin/cmake /home/zhang/rosprc_ws/src/examples/rclcpp/services/minimal_service -DAMENT_CMAKE_SYMLINK_INSTALL=1 -DCMAKE_INSTALL_PREFIX=/home/zhang/rosprc_ws/install/examples_rclcpp_minimal_service
[14.066s] Invoking command in '/home/zhang/rosprc_ws/build/examples_rclcpp_minimal_service': CMAKE_PREFIX_PATH=${CMAKE_PREFIX_PATH}:/opt/ros/jazzy /usr/bin/cmake --build /home/zhang/rosprc_ws/build/examples_rclcpp_minimal_service -- -j20 -l20
[14.133s] [ 50%] [32mBuilding CXX object CMakeFiles/service_main.dir/main.cpp.o[0m
