[1.929s] Invoking command in '/home/zhang/rosprc_ws/build/examples_rclpy_minimal_action_server': PYTHONPATH=/home/zhang/rosprc_ws/build/examples_rclpy_minimal_action_server/prefix_override:/usr/lib/python3/dist-packages/colcon_core/task/python/colcon_distutils_commands:/home/zhang/rosprc_ws/install/examples_rclpy_minimal_action_server/lib/python3.12/site-packages:${PYTHONPATH} /usr/bin/python3 -W ignore:setup.py install is deprecated -W ignore:easy_install command is deprecated setup.py develop --editable --build-directory /home/zhang/rosprc_ws/build/examples_rclpy_minimal_action_server/build --no-deps symlink_data
[2.529s] running develop
[2.748s] running egg_info
[2.768s] writing examples_rclpy_minimal_action_server.egg-info/PKG-INFO
[2.769s] writing dependency_links to examples_rclpy_minimal_action_server.egg-info/dependency_links.txt
[2.769s] writing entry points to examples_rclpy_minimal_action_server.egg-info/entry_points.txt
[2.770s] writing requirements to examples_rclpy_minimal_action_server.egg-info/requires.txt
[2.770s] writing top-level names to examples_rclpy_minimal_action_server.egg-info/top_level.txt
[2.811s] reading manifest file 'examples_rclpy_minimal_action_server.egg-info/SOURCES.txt'
[2.812s] writing manifest file 'examples_rclpy_minimal_action_server.egg-info/SOURCES.txt'
[2.836s] running build_ext
[2.836s] Creating /home/zhang/rosprc_ws/install/examples_rclpy_minimal_action_server/lib/python3.12/site-packages/examples-rclpy-minimal-action-server.egg-link (link to .)
[2.837s] Installing server script to /home/zhang/rosprc_ws/install/examples_rclpy_minimal_action_server/lib/examples_rclpy_minimal_action_server
[2.838s] Installing server_defer script to /home/zhang/rosprc_ws/install/examples_rclpy_minimal_action_server/lib/examples_rclpy_minimal_action_server
[2.838s] Installing server_not_composable script to /home/zhang/rosprc_ws/install/examples_rclpy_minimal_action_server/lib/examples_rclpy_minimal_action_server
[2.839s] Installing server_queue_goals script to /home/zhang/rosprc_ws/install/examples_rclpy_minimal_action_server/lib/examples_rclpy_minimal_action_server
[2.839s] Installing server_single_goal script to /home/zhang/rosprc_ws/install/examples_rclpy_minimal_action_server/lib/examples_rclpy_minimal_action_server
[2.839s] 
[2.840s] Installed /home/zhang/rosprc_ws/build/examples_rclpy_minimal_action_server
[2.840s] running symlink_data
[2.895s] Invoked command in '/home/zhang/rosprc_ws/build/examples_rclpy_minimal_action_server' returned '0': PYTHONPATH=/home/zhang/rosprc_ws/build/examples_rclpy_minimal_action_server/prefix_override:/usr/lib/python3/dist-packages/colcon_core/task/python/colcon_distutils_commands:/home/zhang/rosprc_ws/install/examples_rclpy_minimal_action_server/lib/python3.12/site-packages:${PYTHONPATH} /usr/bin/python3 -W ignore:setup.py install is deprecated -W ignore:easy_install command is deprecated setup.py develop --editable --build-directory /home/zhang/rosprc_ws/build/examples_rclpy_minimal_action_server/build --no-deps symlink_data
