[0.325s] Invoking command in '/home/zhang/rosprc_ws/build/cpp_pubsub': CMAKE_PREFIX_PATH=${CMAKE_PREFIX_PATH}:/opt/ros/jazzy /usr/bin/cmake --build /home/zhang/rosprc_ws/build/cpp_pubsub -- -j20 -l20
[3.096s] [ 50%] Built target talker
[3.096s] [100%] Built target listener
[3.116s] Invoked command in '/home/zhang/rosprc_ws/build/cpp_pubsub' returned '0': CMAKE_PREFIX_PATH=${CMAKE_PREFIX_PATH}:/opt/ros/jazzy /usr/bin/cmake --build /home/zhang/rosprc_ws/build/cpp_pubsub -- -j20 -l20
[3.119s] Invoking command in '/home/zhang/rosprc_ws/build/cpp_pubsub': CMAKE_PREFIX_PATH=${CMAKE_PREFIX_PATH}:/opt/ros/jazzy /usr/bin/cmake --install /home/zhang/rosprc_ws/build/cpp_pubsub
[3.182s] -- Install configuration: ""
[3.185s] -- Up-to-date: /home/zhang/rosprc_ws/install/cpp_pubsub/lib/cpp_pubsub/talker
[3.192s] -- Up-to-date: /home/zhang/rosprc_ws/install/cpp_pubsub/lib/cpp_pubsub/listener
[3.194s] -- Up-to-date: /home/zhang/rosprc_ws/install/cpp_pubsub/share/ament_index/resource_index/package_run_dependencies/cpp_pubsub
[3.195s] -- Up-to-date: /home/zhang/rosprc_ws/install/cpp_pubsub/share/ament_index/resource_index/parent_prefix_path/cpp_pubsub
[3.197s] -- Up-to-date: /home/zhang/rosprc_ws/install/cpp_pubsub/share/cpp_pubsub/environment/ament_prefix_path.sh
[3.200s] -- Up-to-date: /home/zhang/rosprc_ws/install/cpp_pubsub/share/cpp_pubsub/environment/ament_prefix_path.dsv
[3.203s] -- Up-to-date: /home/zhang/rosprc_ws/install/cpp_pubsub/share/cpp_pubsub/environment/path.sh
[3.203s] -- Up-to-date: /home/zhang/rosprc_ws/install/cpp_pubsub/share/cpp_pubsub/environment/path.dsv
[3.206s] -- Up-to-date: /home/zhang/rosprc_ws/install/cpp_pubsub/share/cpp_pubsub/local_setup.bash
[3.207s] -- Up-to-date: /home/zhang/rosprc_ws/install/cpp_pubsub/share/cpp_pubsub/local_setup.sh
[3.207s] -- Up-to-date: /home/zhang/rosprc_ws/install/cpp_pubsub/share/cpp_pubsub/local_setup.zsh
[3.209s] -- Up-to-date: /home/zhang/rosprc_ws/install/cpp_pubsub/share/cpp_pubsub/local_setup.dsv
[3.213s] -- Installing: /home/zhang/rosprc_ws/install/cpp_pubsub/share/cpp_pubsub/package.dsv
[3.214s] -- Up-to-date: /home/zhang/rosprc_ws/install/cpp_pubsub/share/ament_index/resource_index/packages/cpp_pubsub
[3.214s] -- Up-to-date: /home/zhang/rosprc_ws/install/cpp_pubsub/share/cpp_pubsub/cmake/cpp_pubsubConfig.cmake
[3.214s] -- Up-to-date: /home/zhang/rosprc_ws/install/cpp_pubsub/share/cpp_pubsub/cmake/cpp_pubsubConfig-version.cmake
[3.215s] -- Up-to-date: /home/zhang/rosprc_ws/install/cpp_pubsub/share/cpp_pubsub/package.xml
[3.449s] Invoked command in '/home/zhang/rosprc_ws/build/cpp_pubsub' returned '0': CMAKE_PREFIX_PATH=${CMAKE_PREFIX_PATH}:/opt/ros/jazzy /usr/bin/cmake --install /home/zhang/rosprc_ws/build/cpp_pubsub
