[3.791s] Invoking command in '/home/zhang/rosprc_ws/build/examples_rclpy_guard_conditions': PYTHONPATH=/home/zhang/rosprc_ws/build/examples_rclpy_guard_conditions/prefix_override:/usr/lib/python3/dist-packages/colcon_core/task/python/colcon_distutils_commands:/home/zhang/rosprc_ws/install/examples_rclpy_guard_conditions/lib/python3.12/site-packages:${PYTHONPATH} /usr/bin/python3 -W ignore:setup.py install is deprecated -W ignore:easy_install command is deprecated setup.py develop --uninstall --editable --build-directory /home/zhang/rosprc_ws/build/examples_rclpy_guard_conditions/build
[4.605s] running develop
[4.754s] Removing /home/zhang/rosprc_ws/install/examples_rclpy_guard_conditions/lib/python3.12/site-packages/examples-rclpy-guard-conditions.egg-link (link to .)
[4.900s] Invoked command in '/home/zhang/rosprc_ws/build/examples_rclpy_guard_conditions' returned '0': PYTHONPATH=/home/zhang/rosprc_ws/build/examples_rclpy_guard_conditions/prefix_override:/usr/lib/python3/dist-packages/colcon_core/task/python/colcon_distutils_commands:/home/zhang/rosprc_ws/install/examples_rclpy_guard_conditions/lib/python3.12/site-packages:${PYTHONPATH} /usr/bin/python3 -W ignore:setup.py install is deprecated -W ignore:easy_install command is deprecated setup.py develop --uninstall --editable --build-directory /home/zhang/rosprc_ws/build/examples_rclpy_guard_conditions/build
[4.901s] Invoking command in '/home/zhang/rosprc_ws/src/examples/rclpy/guard_conditions': PYTHONPATH=/home/zhang/rosprc_ws/build/examples_rclpy_guard_conditions/prefix_override:/usr/lib/python3/dist-packages/colcon_core/task/python/colcon_distutils_commands:/home/zhang/rosprc_ws/install/examples_rclpy_guard_conditions/lib/python3.12/site-packages:${PYTHONPATH} /usr/bin/python3 -W ignore:setup.py install is deprecated -W ignore:easy_install command is deprecated setup.py egg_info --egg-base ../../../../build/examples_rclpy_guard_conditions build --build-base /home/zhang/rosprc_ws/build/examples_rclpy_guard_conditions/build install --record /home/zhang/rosprc_ws/build/examples_rclpy_guard_conditions/install.log --install-scripts $base/lib/examples_rclpy_guard_conditions --single-version-externally-managed install_data --force
[5.393s] running egg_info
[5.421s] writing ../../../../build/examples_rclpy_guard_conditions/examples_rclpy_guard_conditions.egg-info/PKG-INFO
[5.422s] writing dependency_links to ../../../../build/examples_rclpy_guard_conditions/examples_rclpy_guard_conditions.egg-info/dependency_links.txt
[5.423s] writing entry points to ../../../../build/examples_rclpy_guard_conditions/examples_rclpy_guard_conditions.egg-info/entry_points.txt
[5.423s] writing requirements to ../../../../build/examples_rclpy_guard_conditions/examples_rclpy_guard_conditions.egg-info/requires.txt
[5.423s] writing top-level names to ../../../../build/examples_rclpy_guard_conditions/examples_rclpy_guard_conditions.egg-info/top_level.txt
[5.485s] reading manifest file '../../../../build/examples_rclpy_guard_conditions/examples_rclpy_guard_conditions.egg-info/SOURCES.txt'
[5.486s] writing manifest file '../../../../build/examples_rclpy_guard_conditions/examples_rclpy_guard_conditions.egg-info/SOURCES.txt'
[5.487s] running build
[5.488s] running build_py
[5.488s] creating /home/zhang/rosprc_ws/build/examples_rclpy_guard_conditions/build
[5.488s] creating /home/zhang/rosprc_ws/build/examples_rclpy_guard_conditions/build/lib
[5.489s] creating /home/zhang/rosprc_ws/build/examples_rclpy_guard_conditions/build/lib/examples_rclpy_guard_conditions
[5.489s] copying examples_rclpy_guard_conditions/trigger_guard_condition.py -> /home/zhang/rosprc_ws/build/examples_rclpy_guard_conditions/build/lib/examples_rclpy_guard_conditions
[5.490s] copying examples_rclpy_guard_conditions/__init__.py -> /home/zhang/rosprc_ws/build/examples_rclpy_guard_conditions/build/lib/examples_rclpy_guard_conditions
[5.490s] running install
[5.500s] running install_lib
[5.525s] creating /home/zhang/rosprc_ws/install/examples_rclpy_guard_conditions/lib/python3.12/site-packages/examples_rclpy_guard_conditions
[5.525s] copying /home/zhang/rosprc_ws/build/examples_rclpy_guard_conditions/build/lib/examples_rclpy_guard_conditions/trigger_guard_condition.py -> /home/zhang/rosprc_ws/install/examples_rclpy_guard_conditions/lib/python3.12/site-packages/examples_rclpy_guard_conditions
[5.526s] copying /home/zhang/rosprc_ws/build/examples_rclpy_guard_conditions/build/lib/examples_rclpy_guard_conditions/__init__.py -> /home/zhang/rosprc_ws/install/examples_rclpy_guard_conditions/lib/python3.12/site-packages/examples_rclpy_guard_conditions
[5.527s] byte-compiling /home/zhang/rosprc_ws/install/examples_rclpy_guard_conditions/lib/python3.12/site-packages/examples_rclpy_guard_conditions/trigger_guard_condition.py to trigger_guard_condition.cpython-312.pyc
[5.528s] byte-compiling /home/zhang/rosprc_ws/install/examples_rclpy_guard_conditions/lib/python3.12/site-packages/examples_rclpy_guard_conditions/__init__.py to __init__.cpython-312.pyc
[5.528s] running install_data
[5.528s] copying resource/examples_rclpy_guard_conditions -> /home/zhang/rosprc_ws/install/examples_rclpy_guard_conditions/share/ament_index/resource_index/packages
[5.529s] copying package.xml -> /home/zhang/rosprc_ws/install/examples_rclpy_guard_conditions/share/examples_rclpy_guard_conditions
[5.530s] running install_egg_info
[5.558s] Copying ../../../../build/examples_rclpy_guard_conditions/examples_rclpy_guard_conditions.egg-info to /home/zhang/rosprc_ws/install/examples_rclpy_guard_conditions/lib/python3.12/site-packages/examples_rclpy_guard_conditions-0.19.7-py3.12.egg-info
[5.561s] running install_scripts
[5.721s] Installing trigger_guard_condition script to /home/zhang/rosprc_ws/install/examples_rclpy_guard_conditions/lib/examples_rclpy_guard_conditions
[5.722s] writing list of installed files to '/home/zhang/rosprc_ws/build/examples_rclpy_guard_conditions/install.log'
[5.979s] Invoked command in '/home/zhang/rosprc_ws/src/examples/rclpy/guard_conditions' returned '0': PYTHONPATH=/home/zhang/rosprc_ws/build/examples_rclpy_guard_conditions/prefix_override:/usr/lib/python3/dist-packages/colcon_core/task/python/colcon_distutils_commands:/home/zhang/rosprc_ws/install/examples_rclpy_guard_conditions/lib/python3.12/site-packages:${PYTHONPATH} /usr/bin/python3 -W ignore:setup.py install is deprecated -W ignore:easy_install command is deprecated setup.py egg_info --egg-base ../../../../build/examples_rclpy_guard_conditions build --build-base /home/zhang/rosprc_ws/build/examples_rclpy_guard_conditions/build install --record /home/zhang/rosprc_ws/build/examples_rclpy_guard_conditions/install.log --install-scripts $base/lib/examples_rclpy_guard_conditions --single-version-externally-managed install_data --force
