[7.642s] Invoking command in '/home/zhang/rosprc_ws/build/examples_rclpy_minimal_action_server': PYTHONPATH=/home/zhang/rosprc_ws/build/examples_rclpy_minimal_action_server/prefix_override:/usr/lib/python3/dist-packages/colcon_core/task/python/colcon_distutils_commands:/home/zhang/rosprc_ws/install/examples_rclpy_minimal_action_server/lib/python3.12/site-packages:${PYTHONPATH} /usr/bin/python3 -W ignore:setup.py install is deprecated -W ignore:easy_install command is deprecated setup.py develop --editable --build-directory /home/zhang/rosprc_ws/build/examples_rclpy_minimal_action_server/build --no-deps symlink_data
[13.749s] running develop
[13.750s] running egg_info
[13.757s] creating examples_rclpy_minimal_action_server.egg-info
[13.757s] writing examples_rclpy_minimal_action_server.egg-info/PKG-INFO
[13.758s] writing dependency_links to examples_rclpy_minimal_action_server.egg-info/dependency_links.txt
[13.761s] writing entry points to examples_rclpy_minimal_action_server.egg-info/entry_points.txt
[13.766s] writing requirements to examples_rclpy_minimal_action_server.egg-info/requires.txt
[13.767s] writing top-level names to examples_rclpy_minimal_action_server.egg-info/top_level.txt
[13.767s] writing manifest file 'examples_rclpy_minimal_action_server.egg-info/SOURCES.txt'
[13.768s] reading manifest file 'examples_rclpy_minimal_action_server.egg-info/SOURCES.txt'
[13.769s] writing manifest file 'examples_rclpy_minimal_action_server.egg-info/SOURCES.txt'
[13.770s] running build_ext
[13.771s] Creating /home/zhang/rosprc_ws/install/examples_rclpy_minimal_action_server/lib/python3.12/site-packages/examples-rclpy-minimal-action-server.egg-link (link to .)
[13.771s] Installing server script to /home/zhang/rosprc_ws/install/examples_rclpy_minimal_action_server/lib/examples_rclpy_minimal_action_server
[13.772s] Installing server_defer script to /home/zhang/rosprc_ws/install/examples_rclpy_minimal_action_server/lib/examples_rclpy_minimal_action_server
[13.777s] Installing server_not_composable script to /home/zhang/rosprc_ws/install/examples_rclpy_minimal_action_server/lib/examples_rclpy_minimal_action_server
[13.779s] Installing server_queue_goals script to /home/zhang/rosprc_ws/install/examples_rclpy_minimal_action_server/lib/examples_rclpy_minimal_action_server
[13.780s] Installing server_single_goal script to /home/zhang/rosprc_ws/install/examples_rclpy_minimal_action_server/lib/examples_rclpy_minimal_action_server
[13.781s] 
[13.782s] Installed /home/zhang/rosprc_ws/build/examples_rclpy_minimal_action_server
[13.782s] running symlink_data
[13.783s] creating /home/zhang/rosprc_ws/install/examples_rclpy_minimal_action_server/share/ament_index
[13.784s] creating /home/zhang/rosprc_ws/install/examples_rclpy_minimal_action_server/share/ament_index/resource_index
[13.785s] creating /home/zhang/rosprc_ws/install/examples_rclpy_minimal_action_server/share/ament_index/resource_index/packages
[13.785s] symbolically linking /home/zhang/rosprc_ws/build/examples_rclpy_minimal_action_server/resource/examples_rclpy_minimal_action_server -> /home/zhang/rosprc_ws/install/examples_rclpy_minimal_action_server/share/ament_index/resource_index/packages
[13.786s] symbolically linking /home/zhang/rosprc_ws/build/examples_rclpy_minimal_action_server/package.xml -> /home/zhang/rosprc_ws/install/examples_rclpy_minimal_action_server/share/examples_rclpy_minimal_action_server
[13.970s] Invoked command in '/home/zhang/rosprc_ws/build/examples_rclpy_minimal_action_server' returned '0': PYTHONPATH=/home/zhang/rosprc_ws/build/examples_rclpy_minimal_action_server/prefix_override:/usr/lib/python3/dist-packages/colcon_core/task/python/colcon_distutils_commands:/home/zhang/rosprc_ws/install/examples_rclpy_minimal_action_server/lib/python3.12/site-packages:${PYTHONPATH} /usr/bin/python3 -W ignore:setup.py install is deprecated -W ignore:easy_install command is deprecated setup.py develop --editable --build-directory /home/zhang/rosprc_ws/build/examples_rclpy_minimal_action_server/build --no-deps symlink_data
