[0.026s] Invoking command in '/home/zhang/rosprc_ws/build/examples_rclcpp_wait_set': CMAKE_PREFIX_PATH=${CMAKE_PREFIX_PATH}:/opt/ros/jazzy /usr/bin/cmake --build /home/zhang/rosprc_ws/build/examples_rclcpp_wait_set -- -j20 -l20
[0.181s] [  4%] [32mBuilding CXX object CMakeFiles/wait_set_random_order.dir/src/wait_set_random_order.cpp.o[0m
[0.182s] [  8%] [32mBuilding CXX object CMakeFiles/wait_set_talker.dir/rclcpp_components/node_main_wait_set_talker.cpp.o[0m
[0.183s] [ 16%] [32mBuilding CXX object CMakeFiles/talker.dir/src/talker.cpp.o[0m
[0.183s] [ 16%] [32mBuilding CXX object CMakeFiles/wait_set_topics_and_timer.dir/src/wait_set_topics_and_timer.cpp.o[0m
[0.184s] [ 20%] [32mBuilding CXX object CMakeFiles/thread_safe_wait_set.dir/src/thread_safe_wait_set.cpp.o[0m
[0.184s] [ 25%] [32mBuilding CXX object CMakeFiles/wait_set.dir/src/wait_set.cpp.o[0m
[0.184s] [ 29%] [32mBuilding CXX object CMakeFiles/wait_set_listener.dir/rclcpp_components/node_main_wait_set_listener.cpp.o[0m
[0.185s] [ 33%] [32mBuilding CXX object CMakeFiles/static_wait_set.dir/src/static_wait_set.cpp.o[0m
[0.185s] [ 37%] [32mBuilding CXX object CMakeFiles/wait_set_topics_with_different_rates.dir/src/wait_set_topics_with_different_rates.cpp.o[0m
[0.186s] [ 41%] [32mBuilding CXX object CMakeFiles/listener.dir/src/listener.cpp.o[0m
[0.188s] [ 45%] [32mBuilding CXX object CMakeFiles/executor_random_order.dir/src/executor_random_order.cpp.o[0m
[20.929s] [ 54%] [32m[1mLinking CXX executable wait_set_listener[0m
[20.944s] [ 54%] [32m[1mLinking CXX executable wait_set_talker[0m
[23.263s] [ 54%] Built target wait_set_talker
[23.361s] [ 54%] Built target wait_set_listener
[27.480s] [ 58%] [32m[1mLinking CXX shared library libtalker.so[0m
[28.523s] [ 58%] Built target talker
[41.436s] [ 62%] [32m[1mLinking CXX executable static_wait_set[0m
[42.242s] [ 66%] [32m[1mLinking CXX executable executor_random_order[0m
[42.825s] [ 66%] Built target static_wait_set
[43.468s] [ 66%] Built target executor_random_order
[44.503s] [ 70%] [32m[1mLinking CXX executable wait_set_topics_and_timer[0m
[44.742s] [ 75%] [32m[1mLinking CXX executable wait_set_topics_with_different_rates[0m
[44.900s] [ 79%] [32m[1mLinking CXX executable wait_set_random_order[0m
[45.100s] [ 83%] [32m[1mLinking CXX shared library liblistener.so[0m
[45.731s] [ 83%] Built target wait_set_topics_and_timer
[45.871s] [ 87%] [32m[1mLinking CXX executable thread_safe_wait_set[0m
[45.912s] [ 87%] Built target wait_set_topics_with_different_rates
[46.073s] [ 87%] Built target wait_set_random_order
[46.266s] [ 87%] Built target listener
[46.399s] [ 91%] [32mBuilding CXX object CMakeFiles/wait_set_composed.dir/src/wait_set_composed.cpp.o[0m
[47.090s] [ 91%] Built target thread_safe_wait_set
[47.457s] [ 95%] [32m[1mLinking CXX executable wait_set[0m
[48.560s] [ 95%] Built target wait_set
[55.372s] [100%] [32m[1mLinking CXX executable wait_set_composed[0m
[56.484s] [100%] Built target wait_set_composed
[56.589s] Invoked command in '/home/zhang/rosprc_ws/build/examples_rclcpp_wait_set' returned '0': CMAKE_PREFIX_PATH=${CMAKE_PREFIX_PATH}:/opt/ros/jazzy /usr/bin/cmake --build /home/zhang/rosprc_ws/build/examples_rclcpp_wait_set -- -j20 -l20
[56.622s] Invoking command in '/home/zhang/rosprc_ws/build/examples_rclcpp_wait_set': CMAKE_PREFIX_PATH=${CMAKE_PREFIX_PATH}:/opt/ros/jazzy /usr/bin/cmake --install /home/zhang/rosprc_ws/build/examples_rclcpp_wait_set
[56.671s] -- Install configuration: ""
[56.680s] -- Execute custom install script
[56.692s] -- Symlinking: /home/zhang/rosprc_ws/install/examples_rclcpp_wait_set/lib/examples_rclcpp_wait_set/wait_set_talker
[56.731s] -- Symlinking: /home/zhang/rosprc_ws/install/examples_rclcpp_wait_set/lib/examples_rclcpp_wait_set/wait_set_listener
[56.773s] -- Symlinking: /home/zhang/rosprc_ws/install/examples_rclcpp_wait_set/lib/libtalker.so
[56.787s] -- Symlinking: /home/zhang/rosprc_ws/install/examples_rclcpp_wait_set/lib/liblistener.so
[56.826s] -- Symlinking: /home/zhang/rosprc_ws/install/examples_rclcpp_wait_set/lib/examples_rclcpp_wait_set/wait_set
[56.860s] -- Symlinking: /home/zhang/rosprc_ws/install/examples_rclcpp_wait_set/lib/examples_rclcpp_wait_set/static_wait_set
[56.891s] -- Symlinking: /home/zhang/rosprc_ws/install/examples_rclcpp_wait_set/lib/examples_rclcpp_wait_set/thread_safe_wait_set
[56.933s] -- Symlinking: /home/zhang/rosprc_ws/install/examples_rclcpp_wait_set/lib/examples_rclcpp_wait_set/wait_set_topics_and_timer
[56.971s] -- Symlinking: /home/zhang/rosprc_ws/install/examples_rclcpp_wait_set/lib/examples_rclcpp_wait_set/wait_set_random_order
[56.998s] -- Symlinking: /home/zhang/rosprc_ws/install/examples_rclcpp_wait_set/lib/examples_rclcpp_wait_set/executor_random_order
[57.032s] -- Symlinking: /home/zhang/rosprc_ws/install/examples_rclcpp_wait_set/lib/examples_rclcpp_wait_set/wait_set_topics_with_different_rates
[57.064s] -- Symlinking: /home/zhang/rosprc_ws/install/examples_rclcpp_wait_set/lib/examples_rclcpp_wait_set/wait_set_composed
[57.081s] -- Symlinking: /home/zhang/rosprc_ws/install/examples_rclcpp_wait_set/share/ament_index/resource_index/package_run_dependencies/examples_rclcpp_wait_set
[57.093s] -- Symlinking: /home/zhang/rosprc_ws/install/examples_rclcpp_wait_set/share/ament_index/resource_index/parent_prefix_path/examples_rclcpp_wait_set
[57.111s] -- Symlinking: /home/zhang/rosprc_ws/install/examples_rclcpp_wait_set/share/examples_rclcpp_wait_set/environment/ament_prefix_path.sh
[57.135s] -- Symlinking: /home/zhang/rosprc_ws/install/examples_rclcpp_wait_set/share/examples_rclcpp_wait_set/environment/ament_prefix_path.dsv
[57.165s] -- Symlinking: /home/zhang/rosprc_ws/install/examples_rclcpp_wait_set/share/examples_rclcpp_wait_set/environment/path.sh
[57.189s] -- Symlinking: /home/zhang/rosprc_ws/install/examples_rclcpp_wait_set/share/examples_rclcpp_wait_set/environment/path.dsv
[57.205s] -- Symlinking: /home/zhang/rosprc_ws/install/examples_rclcpp_wait_set/share/examples_rclcpp_wait_set/local_setup.bash
[57.227s] -- Symlinking: /home/zhang/rosprc_ws/install/examples_rclcpp_wait_set/share/examples_rclcpp_wait_set/local_setup.sh
[57.258s] -- Symlinking: /home/zhang/rosprc_ws/install/examples_rclcpp_wait_set/share/examples_rclcpp_wait_set/local_setup.zsh
[57.278s] -- Symlinking: /home/zhang/rosprc_ws/install/examples_rclcpp_wait_set/share/examples_rclcpp_wait_set/local_setup.dsv
[57.305s] -- Symlinking: /home/zhang/rosprc_ws/install/examples_rclcpp_wait_set/share/examples_rclcpp_wait_set/package.dsv
[57.325s] -- Symlinking: /home/zhang/rosprc_ws/install/examples_rclcpp_wait_set/share/ament_index/resource_index/packages/examples_rclcpp_wait_set
[57.345s] -- Symlinking: /home/zhang/rosprc_ws/install/examples_rclcpp_wait_set/share/ament_index/resource_index/rclcpp_components/examples_rclcpp_wait_set
[57.375s] -- Symlinking: /home/zhang/rosprc_ws/install/examples_rclcpp_wait_set/share/examples_rclcpp_wait_set/cmake/examples_rclcpp_wait_setConfig.cmake
[57.403s] -- Symlinking: /home/zhang/rosprc_ws/install/examples_rclcpp_wait_set/share/examples_rclcpp_wait_set/cmake/examples_rclcpp_wait_setConfig-version.cmake
[57.429s] -- Symlinking: /home/zhang/rosprc_ws/install/examples_rclcpp_wait_set/share/examples_rclcpp_wait_set/package.xml
[57.477s] Invoked command in '/home/zhang/rosprc_ws/build/examples_rclcpp_wait_set' returned '0': CMAKE_PREFIX_PATH=${CMAKE_PREFIX_PATH}:/opt/ros/jazzy /usr/bin/cmake --install /home/zhang/rosprc_ws/build/examples_rclcpp_wait_set
