[0.123s] Invoking command in '/home/zhang/rosprc_ws/build/examples_rclcpp_async_client': CMAKE_PREFIX_PATH=${CMAKE_PREFIX_PATH}:/opt/ros/jazzy /usr/bin/cmake --build /home/zhang/rosprc_ws/build/examples_rclcpp_async_client -- -j20 -l20
[1.702s] [100%] Built target client_main
[1.727s] Invoked command in '/home/zhang/rosprc_ws/build/examples_rclcpp_async_client' returned '0': CMAKE_PREFIX_PATH=${CMAKE_PREFIX_PATH}:/opt/ros/jazzy /usr/bin/cmake --build /home/zhang/rosprc_ws/build/examples_rclcpp_async_client -- -j20 -l20
[1.731s] Invoking command in '/home/zhang/rosprc_ws/build/examples_rclcpp_async_client': CMAKE_PREFIX_PATH=${CMAKE_PREFIX_PATH}:/opt/ros/jazzy /usr/bin/cmake --install /home/zhang/rosprc_ws/build/examples_rclcpp_async_client
[1.920s] -- Install configuration: ""
[1.920s] -- Execute custom install script
[1.920s] -- Up-to-date symlink: /home/zhang/rosprc_ws/install/examples_rclcpp_async_client/lib/examples_rclcpp_async_client/client_main
[1.921s] -- Up-to-date symlink: /home/zhang/rosprc_ws/install/examples_rclcpp_async_client/share/ament_index/resource_index/package_run_dependencies/examples_rclcpp_async_client
[1.921s] -- Up-to-date symlink: /home/zhang/rosprc_ws/install/examples_rclcpp_async_client/share/ament_index/resource_index/parent_prefix_path/examples_rclcpp_async_client
[1.921s] -- Up-to-date symlink: /home/zhang/rosprc_ws/install/examples_rclcpp_async_client/share/examples_rclcpp_async_client/environment/ament_prefix_path.sh
[1.921s] -- Up-to-date symlink: /home/zhang/rosprc_ws/install/examples_rclcpp_async_client/share/examples_rclcpp_async_client/environment/ament_prefix_path.dsv
[1.921s] -- Up-to-date symlink: /home/zhang/rosprc_ws/install/examples_rclcpp_async_client/share/examples_rclcpp_async_client/environment/path.sh
[1.921s] -- Up-to-date symlink: /home/zhang/rosprc_ws/install/examples_rclcpp_async_client/share/examples_rclcpp_async_client/environment/path.dsv
[1.922s] -- Up-to-date symlink: /home/zhang/rosprc_ws/install/examples_rclcpp_async_client/share/examples_rclcpp_async_client/local_setup.bash
[1.922s] -- Up-to-date symlink: /home/zhang/rosprc_ws/install/examples_rclcpp_async_client/share/examples_rclcpp_async_client/local_setup.sh
[1.923s] -- Up-to-date symlink: /home/zhang/rosprc_ws/install/examples_rclcpp_async_client/share/examples_rclcpp_async_client/local_setup.zsh
[1.923s] -- Up-to-date symlink: /home/zhang/rosprc_ws/install/examples_rclcpp_async_client/share/examples_rclcpp_async_client/local_setup.dsv
[1.923s] -- Symlinking: /home/zhang/rosprc_ws/install/examples_rclcpp_async_client/share/examples_rclcpp_async_client/package.dsv
[1.924s] -- Up-to-date symlink: /home/zhang/rosprc_ws/install/examples_rclcpp_async_client/share/ament_index/resource_index/packages/examples_rclcpp_async_client
[1.924s] -- Up-to-date symlink: /home/zhang/rosprc_ws/install/examples_rclcpp_async_client/share/examples_rclcpp_async_client/cmake/examples_rclcpp_async_clientConfig.cmake
[1.926s] -- Up-to-date symlink: /home/zhang/rosprc_ws/install/examples_rclcpp_async_client/share/examples_rclcpp_async_client/cmake/examples_rclcpp_async_clientConfig-version.cmake
[1.927s] -- Up-to-date symlink: /home/zhang/rosprc_ws/install/examples_rclcpp_async_client/share/examples_rclcpp_async_client/package.xml
[2.077s] Invoked command in '/home/zhang/rosprc_ws/build/examples_rclcpp_async_client' returned '0': CMAKE_PREFIX_PATH=${CMAKE_PREFIX_PATH}:/opt/ros/jazzy /usr/bin/cmake --install /home/zhang/rosprc_ws/build/examples_rclcpp_async_client
