[0.224s] Invoking command in '/home/zhang/rosprc_ws/build/examples_rclcpp_async_client': CMAKE_PREFIX_PATH=${CMAKE_PREFIX_PATH}:/opt/ros/jazzy /usr/bin/cmake --build /home/zhang/rosprc_ws/build/examples_rclcpp_async_client -- -j20 -l20
[3.722s] [100%] Built target client_main
[3.760s] Invoked command in '/home/zhang/rosprc_ws/build/examples_rclcpp_async_client' returned '0': CMAKE_PREFIX_PATH=${CMAKE_PREFIX_PATH}:/opt/ros/jazzy /usr/bin/cmake --build /home/zhang/rosprc_ws/build/examples_rclcpp_async_client -- -j20 -l20
[3.771s] Invoking command in '/home/zhang/rosprc_ws/build/examples_rclcpp_async_client': CMAKE_PREFIX_PATH=${CMAKE_PREFIX_PATH}:/opt/ros/jazzy /usr/bin/cmake --install /home/zhang/rosprc_ws/build/examples_rclcpp_async_client
[3.834s] -- Install configuration: ""
[3.836s] -- Execute custom install script
[3.840s] -- Up-to-date symlink: /home/zhang/rosprc_ws/install/examples_rclcpp_async_client/lib/examples_rclcpp_async_client/client_main
[3.843s] -- Up-to-date symlink: /home/zhang/rosprc_ws/install/examples_rclcpp_async_client/share/ament_index/resource_index/package_run_dependencies/examples_rclcpp_async_client
[3.846s] -- Up-to-date symlink: /home/zhang/rosprc_ws/install/examples_rclcpp_async_client/share/ament_index/resource_index/parent_prefix_path/examples_rclcpp_async_client
[3.846s] -- Up-to-date symlink: /home/zhang/rosprc_ws/install/examples_rclcpp_async_client/share/examples_rclcpp_async_client/environment/ament_prefix_path.sh
[3.847s] -- Up-to-date symlink: /home/zhang/rosprc_ws/install/examples_rclcpp_async_client/share/examples_rclcpp_async_client/environment/ament_prefix_path.dsv
[3.848s] -- Up-to-date symlink: /home/zhang/rosprc_ws/install/examples_rclcpp_async_client/share/examples_rclcpp_async_client/environment/path.sh
[3.850s] -- Up-to-date symlink: /home/zhang/rosprc_ws/install/examples_rclcpp_async_client/share/examples_rclcpp_async_client/environment/path.dsv
[3.850s] -- Up-to-date symlink: /home/zhang/rosprc_ws/install/examples_rclcpp_async_client/share/examples_rclcpp_async_client/local_setup.bash
[3.850s] -- Up-to-date symlink: /home/zhang/rosprc_ws/install/examples_rclcpp_async_client/share/examples_rclcpp_async_client/local_setup.sh
[3.851s] -- Up-to-date symlink: /home/zhang/rosprc_ws/install/examples_rclcpp_async_client/share/examples_rclcpp_async_client/local_setup.zsh
[3.851s] -- Up-to-date symlink: /home/zhang/rosprc_ws/install/examples_rclcpp_async_client/share/examples_rclcpp_async_client/local_setup.dsv
[3.852s] -- Symlinking: /home/zhang/rosprc_ws/install/examples_rclcpp_async_client/share/examples_rclcpp_async_client/package.dsv
[3.852s] -- Up-to-date symlink: /home/zhang/rosprc_ws/install/examples_rclcpp_async_client/share/ament_index/resource_index/packages/examples_rclcpp_async_client
[3.853s] -- Up-to-date symlink: /home/zhang/rosprc_ws/install/examples_rclcpp_async_client/share/examples_rclcpp_async_client/cmake/examples_rclcpp_async_clientConfig.cmake
[3.854s] -- Up-to-date symlink: /home/zhang/rosprc_ws/install/examples_rclcpp_async_client/share/examples_rclcpp_async_client/cmake/examples_rclcpp_async_clientConfig-version.cmake
[3.854s] -- Up-to-date symlink: /home/zhang/rosprc_ws/install/examples_rclcpp_async_client/share/examples_rclcpp_async_client/package.xml
[4.063s] Invoked command in '/home/zhang/rosprc_ws/build/examples_rclcpp_async_client' returned '0': CMAKE_PREFIX_PATH=${CMAKE_PREFIX_PATH}:/opt/ros/jazzy /usr/bin/cmake --install /home/zhang/rosprc_ws/build/examples_rclcpp_async_client
