[7.667s] Invoking command in '/home/zhang/rosprc_ws/build/examples_rclpy_minimal_service': PYTHONPATH=/home/zhang/rosprc_ws/build/examples_rclpy_minimal_service/prefix_override:/usr/lib/python3/dist-packages/colcon_core/task/python/colcon_distutils_commands:/home/zhang/rosprc_ws/install/examples_rclpy_minimal_service/lib/python3.12/site-packages:${PYTHONPATH} /usr/bin/python3 -W ignore:setup.py install is deprecated -W ignore:easy_install command is deprecated setup.py develop --editable --build-directory /home/zhang/rosprc_ws/build/examples_rclpy_minimal_service/build --no-deps symlink_data
[13.732s] running develop
[13.733s] running egg_info
[13.733s] creating examples_rclpy_minimal_service.egg-info
[13.733s] writing examples_rclpy_minimal_service.egg-info/PKG-INFO
[13.734s] writing dependency_links to examples_rclpy_minimal_service.egg-info/dependency_links.txt
[13.734s] writing entry points to examples_rclpy_minimal_service.egg-info/entry_points.txt
[13.734s] writing requirements to examples_rclpy_minimal_service.egg-info/requires.txt
[13.735s] writing top-level names to examples_rclpy_minimal_service.egg-info/top_level.txt
[13.735s] writing manifest file 'examples_rclpy_minimal_service.egg-info/SOURCES.txt'
[13.735s] reading manifest file 'examples_rclpy_minimal_service.egg-info/SOURCES.txt'
[13.735s] writing manifest file 'examples_rclpy_minimal_service.egg-info/SOURCES.txt'
[13.736s] running build_ext
[13.736s] Creating /home/zhang/rosprc_ws/install/examples_rclpy_minimal_service/lib/python3.12/site-packages/examples-rclpy-minimal-service.egg-link (link to .)
[13.737s] Installing service script to /home/zhang/rosprc_ws/install/examples_rclpy_minimal_service/lib/examples_rclpy_minimal_service
[13.737s] Installing service_member_function script to /home/zhang/rosprc_ws/install/examples_rclpy_minimal_service/lib/examples_rclpy_minimal_service
[13.737s] 
[13.738s] Installed /home/zhang/rosprc_ws/build/examples_rclpy_minimal_service
[13.738s] running symlink_data
[13.739s] creating /home/zhang/rosprc_ws/install/examples_rclpy_minimal_service/share/ament_index
[13.739s] creating /home/zhang/rosprc_ws/install/examples_rclpy_minimal_service/share/ament_index/resource_index
[13.739s] creating /home/zhang/rosprc_ws/install/examples_rclpy_minimal_service/share/ament_index/resource_index/packages
[13.739s] symbolically linking /home/zhang/rosprc_ws/build/examples_rclpy_minimal_service/resource/examples_rclpy_minimal_service -> /home/zhang/rosprc_ws/install/examples_rclpy_minimal_service/share/ament_index/resource_index/packages
[13.740s] symbolically linking /home/zhang/rosprc_ws/build/examples_rclpy_minimal_service/package.xml -> /home/zhang/rosprc_ws/install/examples_rclpy_minimal_service/share/examples_rclpy_minimal_service
[13.937s] Invoked command in '/home/zhang/rosprc_ws/build/examples_rclpy_minimal_service' returned '0': PYTHONPATH=/home/zhang/rosprc_ws/build/examples_rclpy_minimal_service/prefix_override:/usr/lib/python3/dist-packages/colcon_core/task/python/colcon_distutils_commands:/home/zhang/rosprc_ws/install/examples_rclpy_minimal_service/lib/python3.12/site-packages:${PYTHONPATH} /usr/bin/python3 -W ignore:setup.py install is deprecated -W ignore:easy_install command is deprecated setup.py develop --editable --build-directory /home/zhang/rosprc_ws/build/examples_rclpy_minimal_service/build --no-deps symlink_data
