[0.017s] Invoking command in '/home/zhang/rosprc_ws/build/cpp_srvcli': CMAKE_PREFIX_PATH=${CMAKE_PREFIX_PATH}:/opt/ros/jazzy /usr/bin/cmake /home/zhang/rosprc_ws/src/cpp_srvcli -DCMAKE_EXPORT_COMPILE_COMMANDS=ON -DCMAKE_INSTALL_PREFIX=/home/zhang/rosprc_ws/install/cpp_srvcli
[0.099s] -- Found ament_cmake: 2.5.6 (/opt/ros/jazzy/share/ament_cmake/cmake)
[0.370s] -- Found rclcpp: 28.1.21 (/opt/ros/jazzy/share/rclcpp/cmake)
[0.955s] -- Found rosidl_generator_c: 4.6.9 (/opt/ros/jazzy/share/rosidl_generator_c/cmake)
[0.968s] -- Found rosidl_generator_cpp: 4.6.9 (/opt/ros/jazzy/share/rosidl_generator_cpp/cmake)
[0.987s] -- Using all available rosidl_typesupport_c: rosidl_typesupport_fastrtps_c;rosidl_typesupport_introspection_c
[1.007s] -- Using all available rosidl_typesupport_cpp: rosidl_typesupport_fastrtps_cpp;rosidl_typesupport_introspection_cpp
[1.097s] -- Found rmw_implementation_cmake: 7.3.3 (/opt/ros/jazzy/share/rmw_implementation_cmake/cmake)
[1.100s] -- Found rmw_fastrtps_cpp: 8.4.4 (/opt/ros/jazzy/share/rmw_fastrtps_cpp/cmake)
[1.235s] -- Using RMW implementation 'rmw_fastrtps_cpp' as default
[1.367s] -- Found example_interfaces: 0.12.1 (/opt/ros/jazzy/share/example_interfaces/cmake)
[1.444s] -- Found ament_lint_auto: 0.17.5 (/opt/ros/jazzy/share/ament_lint_auto/cmake)
[1.544s] -- Added test 'cppcheck' to perform static code analysis on C / C++ code
[1.544s] -- Configured cppcheck include dirs: 
[1.544s] -- Configured cppcheck exclude dirs and/or files: 
[1.544s] -- Added test 'lint_cmake' to check CMake code style
[1.545s] -- Added test 'uncrustify' to check C / C++ code style
[1.545s] -- Configured uncrustify additional arguments: 
[1.545s] -- Added test 'xmllint' to check XML markup files
[1.547s] -- Configuring done (1.5s)
[1.564s] -- Generating done (0.0s)
[1.568s] -- Build files have been written to: /home/zhang/rosprc_ws/build/cpp_srvcli
[1.575s] Invoked command in '/home/zhang/rosprc_ws/build/cpp_srvcli' returned '0': CMAKE_PREFIX_PATH=${CMAKE_PREFIX_PATH}:/opt/ros/jazzy /usr/bin/cmake /home/zhang/rosprc_ws/src/cpp_srvcli -DCMAKE_EXPORT_COMPILE_COMMANDS=ON -DCMAKE_INSTALL_PREFIX=/home/zhang/rosprc_ws/install/cpp_srvcli
[1.576s] Invoking command in '/home/zhang/rosprc_ws/build/cpp_srvcli': CMAKE_PREFIX_PATH=${CMAKE_PREFIX_PATH}:/opt/ros/jazzy /usr/bin/cmake --build /home/zhang/rosprc_ws/build/cpp_srvcli -- -j20 -l20
[1.645s] [100%] Built target server
[1.645s] Invoked command in '/home/zhang/rosprc_ws/build/cpp_srvcli' returned '0': CMAKE_PREFIX_PATH=${CMAKE_PREFIX_PATH}:/opt/ros/jazzy /usr/bin/cmake --build /home/zhang/rosprc_ws/build/cpp_srvcli -- -j20 -l20
[1.646s] Invoking command in '/home/zhang/rosprc_ws/build/cpp_srvcli': CMAKE_PREFIX_PATH=${CMAKE_PREFIX_PATH}:/opt/ros/jazzy /usr/bin/cmake --install /home/zhang/rosprc_ws/build/cpp_srvcli
[1.652s] -- Install configuration: ""
[1.653s] -- Up-to-date: /home/zhang/rosprc_ws/install/cpp_srvcli/lib/cpp_srvcli/server
[1.654s] -- Up-to-date: /home/zhang/rosprc_ws/install/cpp_srvcli/share/ament_index/resource_index/package_run_dependencies/cpp_srvcli
[1.654s] -- Up-to-date: /home/zhang/rosprc_ws/install/cpp_srvcli/share/ament_index/resource_index/parent_prefix_path/cpp_srvcli
[1.654s] -- Up-to-date: /home/zhang/rosprc_ws/install/cpp_srvcli/share/cpp_srvcli/environment/ament_prefix_path.sh
[1.654s] -- Up-to-date: /home/zhang/rosprc_ws/install/cpp_srvcli/share/cpp_srvcli/environment/ament_prefix_path.dsv
[1.654s] -- Up-to-date: /home/zhang/rosprc_ws/install/cpp_srvcli/share/cpp_srvcli/environment/path.sh
[1.654s] -- Up-to-date: /home/zhang/rosprc_ws/install/cpp_srvcli/share/cpp_srvcli/environment/path.dsv
[1.655s] -- Up-to-date: /home/zhang/rosprc_ws/install/cpp_srvcli/share/cpp_srvcli/local_setup.bash
[1.655s] -- Up-to-date: /home/zhang/rosprc_ws/install/cpp_srvcli/share/cpp_srvcli/local_setup.sh
[1.655s] -- Up-to-date: /home/zhang/rosprc_ws/install/cpp_srvcli/share/cpp_srvcli/local_setup.zsh
[1.655s] -- Up-to-date: /home/zhang/rosprc_ws/install/cpp_srvcli/share/cpp_srvcli/local_setup.dsv
[1.655s] -- Installing: /home/zhang/rosprc_ws/install/cpp_srvcli/share/cpp_srvcli/package.dsv
[1.655s] -- Up-to-date: /home/zhang/rosprc_ws/install/cpp_srvcli/share/ament_index/resource_index/packages/cpp_srvcli
[1.655s] -- Up-to-date: /home/zhang/rosprc_ws/install/cpp_srvcli/share/cpp_srvcli/cmake/cpp_srvcliConfig.cmake
[1.655s] -- Up-to-date: /home/zhang/rosprc_ws/install/cpp_srvcli/share/cpp_srvcli/cmake/cpp_srvcliConfig-version.cmake
[1.655s] -- Up-to-date: /home/zhang/rosprc_ws/install/cpp_srvcli/share/cpp_srvcli/package.xml
[1.656s] Invoked command in '/home/zhang/rosprc_ws/build/cpp_srvcli' returned '0': CMAKE_PREFIX_PATH=${CMAKE_PREFIX_PATH}:/opt/ros/jazzy /usr/bin/cmake --install /home/zhang/rosprc_ws/build/cpp_srvcli
