[0.149s] Invoking command in '/home/zhang/rosprc_ws/build/examples_rclcpp_minimal_subscriber': CMAKE_PREFIX_PATH=${CMAKE_PREFIX_PATH}:/opt/ros/jazzy /usr/bin/cmake /home/zhang/rosprc_ws/src/examples/rclcpp/topics/minimal_subscriber -DCMAKE_INSTALL_PREFIX=/home/zhang/rosprc_ws/install/examples_rclcpp_minimal_subscriber
[2.358s] -- Found ament_cmake: 2.5.6 (/opt/ros/jazzy/share/ament_cmake/cmake)
[2.359s] -- Override CMake install command with custom implementation using symlinks instead of copying resources
[2.359s] -- Found rclcpp: 28.1.21 (/opt/ros/jazzy/share/rclcpp/cmake)
[3.145s] -- Found rosidl_generator_c: 4.6.9 (/opt/ros/jazzy/share/rosidl_generator_c/cmake)
[3.161s] -- Found rosidl_generator_cpp: 4.6.9 (/opt/ros/jazzy/share/rosidl_generator_cpp/cmake)
[3.194s] -- Using all available rosidl_typesupport_c: rosidl_typesupport_fastrtps_c;rosidl_typesupport_introspection_c
[3.229s] -- Using all available rosidl_typesupport_cpp: rosidl_typesupport_fastrtps_cpp;rosidl_typesupport_introspection_cpp
[3.401s] -- Found rmw_implementation_cmake: 7.3.3 (/opt/ros/jazzy/share/rmw_implementation_cmake/cmake)
[3.404s] -- Found rmw_fastrtps_cpp: 8.4.4 (/opt/ros/jazzy/share/rmw_fastrtps_cpp/cmake)
[3.866s] -- Using RMW implementation 'rmw_fastrtps_cpp' as default
[4.249s] -- Found rclcpp_components: 28.1.21 (/opt/ros/jazzy/share/rclcpp_components/cmake)
[4.358s] -- Found std_msgs: 5.3.8 (/opt/ros/jazzy/share/std_msgs/cmake)
[4.437s] -- Found ament_lint_auto: 0.17.5 (/opt/ros/jazzy/share/ament_lint_auto/cmake)
[4.638s] -- Added test 'copyright' to check source files copyright and LICENSE
[4.641s] -- Added test 'cppcheck' to perform static code analysis on C / C++ code
[4.641s] -- Configured cppcheck include dirs: 
[4.641s] -- Configured cppcheck exclude dirs and/or files: 
[4.650s] -- Added test 'cpplint' to check C / C++ code against the Google style
[4.650s] -- Configured cpplint exclude dirs and/or files: 
[4.654s] -- Added test 'lint_cmake' to check CMake code style
[4.660s] -- Added test 'uncrustify' to check C / C++ code style
[4.660s] -- Configured uncrustify additional arguments: 
[4.660s] -- Added test 'xmllint' to check XML markup files
[4.679s] -- Configuring done (4.4s)
[4.997s] -- Generating done (0.3s)
[5.052s] -- Build files have been written to: /home/zhang/rosprc_ws/build/examples_rclcpp_minimal_subscriber
[5.198s] Invoked command in '/home/zhang/rosprc_ws/build/examples_rclcpp_minimal_subscriber' returned '0': CMAKE_PREFIX_PATH=${CMAKE_PREFIX_PATH}:/opt/ros/jazzy /usr/bin/cmake /home/zhang/rosprc_ws/src/examples/rclcpp/topics/minimal_subscriber -DCMAKE_INSTALL_PREFIX=/home/zhang/rosprc_ws/install/examples_rclcpp_minimal_subscriber
[5.199s] Invoking command in '/home/zhang/rosprc_ws/build/examples_rclcpp_minimal_subscriber': CMAKE_PREFIX_PATH=${CMAKE_PREFIX_PATH}:/opt/ros/jazzy /usr/bin/cmake --build /home/zhang/rosprc_ws/build/examples_rclcpp_minimal_subscriber -- -j20 -l20
[5.324s] [  8%] Built target subscriber_member_function
[5.341s] [ 16%] Built target subscriber_not_composable
[5.341s] [ 25%] Built target subscriber_member_function_with_unique_network_flow_endpoints
[5.342s] [ 33%] Built target subscriber_member_function_with_topic_statistics
[5.346s] [ 41%] Built target subscriber_lambda
[5.350s] [ 50%] Built target wait_set_subscriber
[5.352s] [ 58%] Built target time_triggered_wait_set_subscriber
[5.357s] [ 75%] Built target subscriber_content_filtering
[5.357s] [ 83%] Built target subscriber_member_function_with_type_adapter
[5.357s] [ 83%] Built target static_wait_set_subscriber
[5.365s] [100%] Built target wait_set_subscriber_library
[5.902s] Invoked command in '/home/zhang/rosprc_ws/build/examples_rclcpp_minimal_subscriber' returned '0': CMAKE_PREFIX_PATH=${CMAKE_PREFIX_PATH}:/opt/ros/jazzy /usr/bin/cmake --build /home/zhang/rosprc_ws/build/examples_rclcpp_minimal_subscriber -- -j20 -l20
[5.904s] Invoking command in '/home/zhang/rosprc_ws/build/examples_rclcpp_minimal_subscriber': CMAKE_PREFIX_PATH=${CMAKE_PREFIX_PATH}:/opt/ros/jazzy /usr/bin/cmake --install /home/zhang/rosprc_ws/build/examples_rclcpp_minimal_subscriber
[6.056s] -- Install configuration: ""
[6.057s] -- Execute custom install script
[6.057s] -- Up-to-date symlink: /home/zhang/rosprc_ws/install/examples_rclcpp_minimal_subscriber/lib/examples_rclcpp_minimal_subscriber/wait_set_subscriber
[6.058s] -- Up-to-date symlink: /home/zhang/rosprc_ws/install/examples_rclcpp_minimal_subscriber/lib/examples_rclcpp_minimal_subscriber/static_wait_set_subscriber
[6.058s] -- Up-to-date symlink: /home/zhang/rosprc_ws/install/examples_rclcpp_minimal_subscriber/lib/examples_rclcpp_minimal_subscriber/time_triggered_wait_set_subscriber
[6.059s] -- Up-to-date symlink: /home/zhang/rosprc_ws/install/examples_rclcpp_minimal_subscriber/lib/libwait_set_subscriber_library.so
[6.061s] -- Up-to-date symlink: /home/zhang/rosprc_ws/install/examples_rclcpp_minimal_subscriber/lib/examples_rclcpp_minimal_subscriber/subscriber_lambda
[6.062s] -- Up-to-date symlink: /home/zhang/rosprc_ws/install/examples_rclcpp_minimal_subscriber/lib/examples_rclcpp_minimal_subscriber/subscriber_member_function
[6.063s] -- Up-to-date symlink: /home/zhang/rosprc_ws/install/examples_rclcpp_minimal_subscriber/lib/examples_rclcpp_minimal_subscriber/subscriber_member_function_with_topic_statistics
[6.063s] -- Up-to-date symlink: /home/zhang/rosprc_ws/install/examples_rclcpp_minimal_subscriber/lib/examples_rclcpp_minimal_subscriber/subscriber_member_function_with_type_adapter
[6.063s] -- Up-to-date symlink: /home/zhang/rosprc_ws/install/examples_rclcpp_minimal_subscriber/lib/examples_rclcpp_minimal_subscriber/subscriber_member_function_with_unique_network_flow_endpoints
[6.065s] -- Up-to-date symlink: /home/zhang/rosprc_ws/install/examples_rclcpp_minimal_subscriber/lib/examples_rclcpp_minimal_subscriber/subscriber_not_composable
[6.065s] -- Up-to-date symlink: /home/zhang/rosprc_ws/install/examples_rclcpp_minimal_subscriber/lib/examples_rclcpp_minimal_subscriber/subscriber_content_filtering
[6.066s] -- Up-to-date symlink: /home/zhang/rosprc_ws/install/examples_rclcpp_minimal_subscriber/share/ament_index/resource_index/package_run_dependencies/examples_rclcpp_minimal_subscriber
[6.067s] -- Up-to-date symlink: /home/zhang/rosprc_ws/install/examples_rclcpp_minimal_subscriber/share/ament_index/resource_index/parent_prefix_path/examples_rclcpp_minimal_subscriber
[6.069s] -- Up-to-date symlink: /home/zhang/rosprc_ws/install/examples_rclcpp_minimal_subscriber/share/examples_rclcpp_minimal_subscriber/environment/ament_prefix_path.sh
[6.069s] -- Up-to-date symlink: /home/zhang/rosprc_ws/install/examples_rclcpp_minimal_subscriber/share/examples_rclcpp_minimal_subscriber/environment/ament_prefix_path.dsv
[6.070s] -- Up-to-date symlink: /home/zhang/rosprc_ws/install/examples_rclcpp_minimal_subscriber/share/examples_rclcpp_minimal_subscriber/environment/path.sh
[6.070s] -- Up-to-date symlink: /home/zhang/rosprc_ws/install/examples_rclcpp_minimal_subscriber/share/examples_rclcpp_minimal_subscriber/environment/path.dsv
[6.070s] -- Up-to-date symlink: /home/zhang/rosprc_ws/install/examples_rclcpp_minimal_subscriber/share/examples_rclcpp_minimal_subscriber/local_setup.bash
[6.070s] -- Up-to-date symlink: /home/zhang/rosprc_ws/install/examples_rclcpp_minimal_subscriber/share/examples_rclcpp_minimal_subscriber/local_setup.sh
[6.071s] -- Up-to-date symlink: /home/zhang/rosprc_ws/install/examples_rclcpp_minimal_subscriber/share/examples_rclcpp_minimal_subscriber/local_setup.zsh
[6.071s] -- Up-to-date symlink: /home/zhang/rosprc_ws/install/examples_rclcpp_minimal_subscriber/share/examples_rclcpp_minimal_subscriber/local_setup.dsv
[6.072s] -- Symlinking: /home/zhang/rosprc_ws/install/examples_rclcpp_minimal_subscriber/share/examples_rclcpp_minimal_subscriber/package.dsv
[6.073s] -- Up-to-date symlink: /home/zhang/rosprc_ws/install/examples_rclcpp_minimal_subscriber/share/ament_index/resource_index/packages/examples_rclcpp_minimal_subscriber
[6.073s] -- Up-to-date symlink: /home/zhang/rosprc_ws/install/examples_rclcpp_minimal_subscriber/share/ament_index/resource_index/rclcpp_components/examples_rclcpp_minimal_subscriber
[6.073s] -- Up-to-date symlink: /home/zhang/rosprc_ws/install/examples_rclcpp_minimal_subscriber/share/examples_rclcpp_minimal_subscriber/cmake/examples_rclcpp_minimal_subscriberConfig.cmake
[6.073s] -- Up-to-date symlink: /home/zhang/rosprc_ws/install/examples_rclcpp_minimal_subscriber/share/examples_rclcpp_minimal_subscriber/cmake/examples_rclcpp_minimal_subscriberConfig-version.cmake
[6.074s] -- Up-to-date symlink: /home/zhang/rosprc_ws/install/examples_rclcpp_minimal_subscriber/share/examples_rclcpp_minimal_subscriber/package.xml
[6.074s] Invoked command in '/home/zhang/rosprc_ws/build/examples_rclcpp_minimal_subscriber' returned '0': CMAKE_PREFIX_PATH=${CMAKE_PREFIX_PATH}:/opt/ros/jazzy /usr/bin/cmake --install /home/zhang/rosprc_ws/build/examples_rclcpp_minimal_subscriber
