[3.333s] Invoking command in '/home/zhang/rosprc_ws/src/examples/rclpy/guard_conditions': PYTHONPATH=/home/zhang/rosprc_ws/build/examples_rclpy_guard_conditions/prefix_override:/usr/lib/python3/dist-packages/colcon_core/task/python/colcon_distutils_commands:/home/zhang/rosprc_ws/install/examples_rclpy_guard_conditions/lib/python3.12/site-packages:${PYTHONPATH} /usr/bin/python3 -W ignore:setup.py install is deprecated -W ignore:easy_install command is deprecated setup.py egg_info --egg-base ../../../../build/examples_rclpy_guard_conditions build --build-base /home/zhang/rosprc_ws/build/examples_rclpy_guard_conditions/build install --record /home/zhang/rosprc_ws/build/examples_rclpy_guard_conditions/install.log --install-scripts $base/lib/examples_rclpy_guard_conditions --single-version-externally-managed install_data
[4.702s] running egg_info
[4.703s] writing ../../../../build/examples_rclpy_guard_conditions/examples_rclpy_guard_conditions.egg-info/PKG-INFO
[4.705s] writing dependency_links to ../../../../build/examples_rclpy_guard_conditions/examples_rclpy_guard_conditions.egg-info/dependency_links.txt
[4.705s] writing entry points to ../../../../build/examples_rclpy_guard_conditions/examples_rclpy_guard_conditions.egg-info/entry_points.txt
[4.706s] writing requirements to ../../../../build/examples_rclpy_guard_conditions/examples_rclpy_guard_conditions.egg-info/requires.txt
[4.707s] writing top-level names to ../../../../build/examples_rclpy_guard_conditions/examples_rclpy_guard_conditions.egg-info/top_level.txt
[4.710s] reading manifest file '../../../../build/examples_rclpy_guard_conditions/examples_rclpy_guard_conditions.egg-info/SOURCES.txt'
[4.713s] writing manifest file '../../../../build/examples_rclpy_guard_conditions/examples_rclpy_guard_conditions.egg-info/SOURCES.txt'
[4.721s] running build
[4.723s] running build_py
[4.725s] running install
[4.726s] running install_lib
[4.727s] running install_data
[4.732s] running install_egg_info
[4.733s] removing '/home/zhang/rosprc_ws/install/examples_rclpy_guard_conditions/lib/python3.12/site-packages/examples_rclpy_guard_conditions-0.19.7-py3.12.egg-info' (and everything under it)
[4.733s] Copying ../../../../build/examples_rclpy_guard_conditions/examples_rclpy_guard_conditions.egg-info to /home/zhang/rosprc_ws/install/examples_rclpy_guard_conditions/lib/python3.12/site-packages/examples_rclpy_guard_conditions-0.19.7-py3.12.egg-info
[4.736s] running install_scripts
[4.736s] Installing trigger_guard_condition script to /home/zhang/rosprc_ws/install/examples_rclpy_guard_conditions/lib/examples_rclpy_guard_conditions
[4.736s] writing list of installed files to '/home/zhang/rosprc_ws/build/examples_rclpy_guard_conditions/install.log'
[4.782s] Invoked command in '/home/zhang/rosprc_ws/src/examples/rclpy/guard_conditions' returned '0': PYTHONPATH=/home/zhang/rosprc_ws/build/examples_rclpy_guard_conditions/prefix_override:/usr/lib/python3/dist-packages/colcon_core/task/python/colcon_distutils_commands:/home/zhang/rosprc_ws/install/examples_rclpy_guard_conditions/lib/python3.12/site-packages:${PYTHONPATH} /usr/bin/python3 -W ignore:setup.py install is deprecated -W ignore:easy_install command is deprecated setup.py egg_info --egg-base ../../../../build/examples_rclpy_guard_conditions build --build-base /home/zhang/rosprc_ws/build/examples_rclpy_guard_conditions/build install --record /home/zhang/rosprc_ws/build/examples_rclpy_guard_conditions/install.log --install-scripts $base/lib/examples_rclpy_guard_conditions --single-version-externally-managed install_data
