[2.092s] Invoking command in '/home/zhang/rosprc_ws/src/py_srvcli': PYTHONPATH=/home/zhang/rosprc_ws/build/py_srvcli/prefix_override:/usr/lib/python3/dist-packages/colcon_core/task/python/colcon_distutils_commands:/home/zhang/rosprc_ws/install/py_srvcli/lib/python3.12/site-packages:${PYTHONPATH} /usr/bin/python3 -W ignore:setup.py install is deprecated -W ignore:easy_install command is deprecated setup.py egg_info --egg-base ../../build/py_srvcli build --build-base /home/zhang/rosprc_ws/build/py_srvcli/build install --record /home/zhang/rosprc_ws/build/py_srvcli/install.log --install-scripts $base/lib/py_srvcli --single-version-externally-managed install_data
[2.476s] running egg_info
[2.477s] creating ../../build/py_srvcli/py_srvcli.egg-info
[2.499s] writing ../../build/py_srvcli/py_srvcli.egg-info/PKG-INFO
[2.499s] writing dependency_links to ../../build/py_srvcli/py_srvcli.egg-info/dependency_links.txt
[2.500s] writing entry points to ../../build/py_srvcli/py_srvcli.egg-info/entry_points.txt
[2.500s] writing requirements to ../../build/py_srvcli/py_srvcli.egg-info/requires.txt
[2.500s] writing top-level names to ../../build/py_srvcli/py_srvcli.egg-info/top_level.txt
[2.506s] writing manifest file '../../build/py_srvcli/py_srvcli.egg-info/SOURCES.txt'
[2.565s] reading manifest file '../../build/py_srvcli/py_srvcli.egg-info/SOURCES.txt'
[2.566s] adding license file 'LICENSE'
[2.566s] writing manifest file '../../build/py_srvcli/py_srvcli.egg-info/SOURCES.txt'
[2.567s] running build
[2.568s] running build_py
[2.568s] creating /home/zhang/rosprc_ws/build/py_srvcli/build
[2.569s] creating /home/zhang/rosprc_ws/build/py_srvcli/build/lib
[2.569s] creating /home/zhang/rosprc_ws/build/py_srvcli/build/lib/py_srvcli
[2.569s] copying py_srvcli/service_member_function.py -> /home/zhang/rosprc_ws/build/py_srvcli/build/lib/py_srvcli
[2.570s] copying py_srvcli/client_member_function.py -> /home/zhang/rosprc_ws/build/py_srvcli/build/lib/py_srvcli
[2.571s] copying py_srvcli/__init__.py -> /home/zhang/rosprc_ws/build/py_srvcli/build/lib/py_srvcli
[2.572s] running install
[2.581s] running install_lib
[2.608s] creating /home/zhang/rosprc_ws/install/py_srvcli/lib/python3.12/site-packages/py_srvcli
[2.608s] copying /home/zhang/rosprc_ws/build/py_srvcli/build/lib/py_srvcli/service_member_function.py -> /home/zhang/rosprc_ws/install/py_srvcli/lib/python3.12/site-packages/py_srvcli
[2.609s] copying /home/zhang/rosprc_ws/build/py_srvcli/build/lib/py_srvcli/client_member_function.py -> /home/zhang/rosprc_ws/install/py_srvcli/lib/python3.12/site-packages/py_srvcli
[2.610s] copying /home/zhang/rosprc_ws/build/py_srvcli/build/lib/py_srvcli/__init__.py -> /home/zhang/rosprc_ws/install/py_srvcli/lib/python3.12/site-packages/py_srvcli
[2.611s] byte-compiling /home/zhang/rosprc_ws/install/py_srvcli/lib/python3.12/site-packages/py_srvcli/service_member_function.py to service_member_function.cpython-312.pyc
[2.612s] byte-compiling /home/zhang/rosprc_ws/install/py_srvcli/lib/python3.12/site-packages/py_srvcli/client_member_function.py to client_member_function.cpython-312.pyc
[2.613s] byte-compiling /home/zhang/rosprc_ws/install/py_srvcli/lib/python3.12/site-packages/py_srvcli/__init__.py to __init__.cpython-312.pyc
[2.614s] running install_data
[2.614s] creating /home/zhang/rosprc_ws/install/py_srvcli/share/ament_index
[2.615s] creating /home/zhang/rosprc_ws/install/py_srvcli/share/ament_index/resource_index
[2.615s] creating /home/zhang/rosprc_ws/install/py_srvcli/share/ament_index/resource_index/packages
[2.616s] copying resource/py_srvcli -> /home/zhang/rosprc_ws/install/py_srvcli/share/ament_index/resource_index/packages
[2.617s] copying package.xml -> /home/zhang/rosprc_ws/install/py_srvcli/share/py_srvcli
[2.618s] running install_egg_info
[2.653s] Copying ../../build/py_srvcli/py_srvcli.egg-info to /home/zhang/rosprc_ws/install/py_srvcli/lib/python3.12/site-packages/py_srvcli-0.0.0-py3.12.egg-info
[2.657s] running install_scripts
[2.855s] Installing client script to /home/zhang/rosprc_ws/install/py_srvcli/lib/py_srvcli
[2.856s] Installing service script to /home/zhang/rosprc_ws/install/py_srvcli/lib/py_srvcli
[2.857s] writing list of installed files to '/home/zhang/rosprc_ws/build/py_srvcli/install.log'
[2.896s] Invoked command in '/home/zhang/rosprc_ws/src/py_srvcli' returned '0': PYTHONPATH=/home/zhang/rosprc_ws/build/py_srvcli/prefix_override:/usr/lib/python3/dist-packages/colcon_core/task/python/colcon_distutils_commands:/home/zhang/rosprc_ws/install/py_srvcli/lib/python3.12/site-packages:${PYTHONPATH} /usr/bin/python3 -W ignore:setup.py install is deprecated -W ignore:easy_install command is deprecated setup.py egg_info --egg-base ../../build/py_srvcli build --build-base /home/zhang/rosprc_ws/build/py_srvcli/build install --record /home/zhang/rosprc_ws/build/py_srvcli/install.log --install-scripts $base/lib/py_srvcli --single-version-externally-managed install_data
