[  1%] Built target turtlesim__rs
[  2%] Built target turtlesim__rosidl_generator_type_description
[  2%] Built target ament_cmake_python_copy_turtlesim
[  2%] Built target turtlesim__cpp
[ 25%] Built target turtlesim__rosidl_generator_c
[ 34%] Built target turtlesim__rosidl_typesupport_introspection_c
[ 43%] Built target turtlesim__rosidl_typesupport_fastrtps_c
[ 51%] Built target turtlesim__rosidl_typesupport_cpp
[ 60%] Built target turtlesim__rosidl_typesupport_c
[ 68%] Built target turtlesim__rosidl_typesupport_fastrtps_cpp
[ 76%] Built target turtlesim__rosidl_typesupport_introspection_cpp
[ 78%] Built target mimic
[ 80%] Built target draw_square
[ 81%] Built target turtle_teleop_key
[ 81%] Built target turtlesim
[ 86%] Built target turtlesim_node
[ 87%] Built target turtlesim__py
[ 94%] Built target turtlesim__rosidl_generator_py
[ 96%] Built target turtlesim_s__rosidl_typesupport_introspection_c
[ 98%] Built target turtlesim_s__rosidl_typesupport_fastrtps_c
[100%] Built target turtlesim_s__rosidl_typesupport_c
running egg_info
writing turtlesim.egg-info/PKG-INFO
writing dependency_links to turtlesim.egg-info/dependency_links.txt
writing top-level names to turtlesim.egg-info/top_level.txt
reading manifest file 'turtlesim.egg-info/SOURCES.txt'
writing manifest file 'turtlesim.egg-info/SOURCES.txt'
[100%] Built target ament_cmake_python_build_turtlesim_egg
