[2.467s] Invoking command in '/home/zhang/rosprc_ws/build/turtlesim': CMAKE_PREFIX_PATH=${CMAKE_PREFIX_PATH}:/opt/ros/jazzy /usr/bin/cmake --build /home/zhang/rosprc_ws/build/turtlesim -- -j20 -l20
[2.601s] [  1%] Built target turtlesim__rs
[2.631s] [  2%] Built target turtlesim__rosidl_generator_type_description
[2.685s] [  2%] Built target ament_cmake_python_copy_turtlesim
[2.696s] [  2%] Built target turtlesim__cpp
[2.742s] [ 25%] Built target turtlesim__rosidl_generator_c
[2.843s] [ 34%] Built target turtlesim__rosidl_typesupport_introspection_c
[2.850s] [ 43%] Built target turtlesim__rosidl_typesupport_fastrtps_c
[2.859s] [ 51%] Built target turtlesim__rosidl_typesupport_cpp
[2.860s] [ 60%] Built target turtlesim__rosidl_typesupport_c
[2.875s] [ 68%] Built target turtlesim__rosidl_typesupport_fastrtps_cpp
[2.875s] [ 76%] Built target turtlesim__rosidl_typesupport_introspection_cpp
[2.939s] [ 78%] Built target mimic
[2.944s] [ 80%] Built target draw_square
[2.946s] [ 81%] Built target turtle_teleop_key
[2.954s] [ 81%] Built target turtlesim
[2.959s] [ 86%] Built target turtlesim_node
[3.003s] [ 87%] Built target turtlesim__py
[3.057s] [ 94%] Built target turtlesim__rosidl_generator_py
[3.112s] [ 96%] Built target turtlesim_s__rosidl_typesupport_introspection_c
[3.114s] [ 98%] Built target turtlesim_s__rosidl_typesupport_fastrtps_c
[3.124s] [100%] Built target turtlesim_s__rosidl_typesupport_c
[3.271s] running egg_info
[3.316s] writing turtlesim.egg-info/PKG-INFO
[3.317s] writing dependency_links to turtlesim.egg-info/dependency_links.txt
[3.317s] writing top-level names to turtlesim.egg-info/top_level.txt
[3.471s] reading manifest file 'turtlesim.egg-info/SOURCES.txt'
[3.472s] writing manifest file 'turtlesim.egg-info/SOURCES.txt'
[3.551s] [100%] Built target ament_cmake_python_build_turtlesim_egg
