[4.615s] Invoking command in '/home/zhang/rosprc_ws/src/examples/rclpy/actions/minimal_action_client': PYTHONPATH=/home/zhang/rosprc_ws/build/examples_rclpy_minimal_action_client/prefix_override:/usr/lib/python3/dist-packages/colcon_core/task/python/colcon_distutils_commands:/home/zhang/rosprc_ws/install/examples_rclpy_minimal_action_client/lib/python3.12/site-packages:${PYTHONPATH} /usr/bin/python3 -W ignore:setup.py install is deprecated -W ignore:easy_install command is deprecated setup.py egg_info --egg-base ../../../../../build/examples_rclpy_minimal_action_client build --build-base /home/zhang/rosprc_ws/build/examples_rclpy_minimal_action_client/build install --record /home/zhang/rosprc_ws/build/examples_rclpy_minimal_action_client/install.log --install-scripts $base/lib/examples_rclpy_minimal_action_client --single-version-externally-managed install_data
[5.201s] running egg_info
[5.246s] writing ../../../../../build/examples_rclpy_minimal_action_client/examples_rclpy_minimal_action_client.egg-info/PKG-INFO
[5.246s] writing dependency_links to ../../../../../build/examples_rclpy_minimal_action_client/examples_rclpy_minimal_action_client.egg-info/dependency_links.txt
[5.246s] writing entry points to ../../../../../build/examples_rclpy_minimal_action_client/examples_rclpy_minimal_action_client.egg-info/entry_points.txt
[5.246s] writing requirements to ../../../../../build/examples_rclpy_minimal_action_client/examples_rclpy_minimal_action_client.egg-info/requires.txt
[5.248s] writing top-level names to ../../../../../build/examples_rclpy_minimal_action_client/examples_rclpy_minimal_action_client.egg-info/top_level.txt
[5.325s] reading manifest file '../../../../../build/examples_rclpy_minimal_action_client/examples_rclpy_minimal_action_client.egg-info/SOURCES.txt'
[5.327s] writing manifest file '../../../../../build/examples_rclpy_minimal_action_client/examples_rclpy_minimal_action_client.egg-info/SOURCES.txt'
[5.327s] running build
[5.327s] running build_py
[5.328s] running install
[5.338s] running install_lib
[5.377s] running install_data
[5.377s] running install_egg_info
[5.414s] removing '/home/zhang/rosprc_ws/install/examples_rclpy_minimal_action_client/lib/python3.12/site-packages/examples_rclpy_minimal_action_client-0.19.7-py3.12.egg-info' (and everything under it)
[5.417s] Copying ../../../../../build/examples_rclpy_minimal_action_client/examples_rclpy_minimal_action_client.egg-info to /home/zhang/rosprc_ws/install/examples_rclpy_minimal_action_client/lib/python3.12/site-packages/examples_rclpy_minimal_action_client-0.19.7-py3.12.egg-info
[5.421s] running install_scripts
[5.675s] Installing client script to /home/zhang/rosprc_ws/install/examples_rclpy_minimal_action_client/lib/examples_rclpy_minimal_action_client
[5.675s] Installing client_asyncio script to /home/zhang/rosprc_ws/install/examples_rclpy_minimal_action_client/lib/examples_rclpy_minimal_action_client
[5.676s] Installing client_cancel script to /home/zhang/rosprc_ws/install/examples_rclpy_minimal_action_client/lib/examples_rclpy_minimal_action_client
[5.677s] Installing client_not_composable script to /home/zhang/rosprc_ws/install/examples_rclpy_minimal_action_client/lib/examples_rclpy_minimal_action_client
[5.680s] writing list of installed files to '/home/zhang/rosprc_ws/build/examples_rclpy_minimal_action_client/install.log'
[5.797s] Invoked command in '/home/zhang/rosprc_ws/src/examples/rclpy/actions/minimal_action_client' returned '0': PYTHONPATH=/home/zhang/rosprc_ws/build/examples_rclpy_minimal_action_client/prefix_override:/usr/lib/python3/dist-packages/colcon_core/task/python/colcon_distutils_commands:/home/zhang/rosprc_ws/install/examples_rclpy_minimal_action_client/lib/python3.12/site-packages:${PYTHONPATH} /usr/bin/python3 -W ignore:setup.py install is deprecated -W ignore:easy_install command is deprecated setup.py egg_info --egg-base ../../../../../build/examples_rclpy_minimal_action_client build --build-base /home/zhang/rosprc_ws/build/examples_rclpy_minimal_action_client/build install --record /home/zhang/rosprc_ws/build/examples_rclpy_minimal_action_client/install.log --install-scripts $base/lib/examples_rclpy_minimal_action_client --single-version-externally-managed install_data
